Archive member included to satisfy reference by file (symbol)

/opt/ti/ccs1020/ccs/tools/compiler/gcc-arm-none-eabi-7-2017-q4-major/bin/../lib/gcc/arm-none-eabi/7.2.1/../../../../arm-none-eabi/lib/thumb/v7e-m/fpv4-sp/hard/libm.a(lib_a-s_sin.o)
                              ./main.o (sin)
/opt/ti/ccs1020/ccs/tools/compiler/gcc-arm-none-eabi-7-2017-q4-major/bin/../lib/gcc/arm-none-eabi/7.2.1/../../../../arm-none-eabi/lib/thumb/v7e-m/fpv4-sp/hard/libm.a(lib_a-e_rem_pio2.o)
                              /opt/ti/ccs1020/ccs/tools/compiler/gcc-arm-none-eabi-7-2017-q4-major/bin/../lib/gcc/arm-none-eabi/7.2.1/../../../../arm-none-eabi/lib/thumb/v7e-m/fpv4-sp/hard/libm.a(lib_a-s_sin.o) (__ieee754_rem_pio2)
/opt/ti/ccs1020/ccs/tools/compiler/gcc-arm-none-eabi-7-2017-q4-major/bin/../lib/gcc/arm-none-eabi/7.2.1/../../../../arm-none-eabi/lib/thumb/v7e-m/fpv4-sp/hard/libm.a(lib_a-k_cos.o)
                              /opt/ti/ccs1020/ccs/tools/compiler/gcc-arm-none-eabi-7-2017-q4-major/bin/../lib/gcc/arm-none-eabi/7.2.1/../../../../arm-none-eabi/lib/thumb/v7e-m/fpv4-sp/hard/libm.a(lib_a-s_sin.o) (__kernel_cos)
/opt/ti/ccs1020/ccs/tools/compiler/gcc-arm-none-eabi-7-2017-q4-major/bin/../lib/gcc/arm-none-eabi/7.2.1/../../../../arm-none-eabi/lib/thumb/v7e-m/fpv4-sp/hard/libm.a(lib_a-k_rem_pio2.o)
                              /opt/ti/ccs1020/ccs/tools/compiler/gcc-arm-none-eabi-7-2017-q4-major/bin/../lib/gcc/arm-none-eabi/7.2.1/../../../../arm-none-eabi/lib/thumb/v7e-m/fpv4-sp/hard/libm.a(lib_a-e_rem_pio2.o) (__kernel_rem_pio2)
/opt/ti/ccs1020/ccs/tools/compiler/gcc-arm-none-eabi-7-2017-q4-major/bin/../lib/gcc/arm-none-eabi/7.2.1/../../../../arm-none-eabi/lib/thumb/v7e-m/fpv4-sp/hard/libm.a(lib_a-k_sin.o)
                              /opt/ti/ccs1020/ccs/tools/compiler/gcc-arm-none-eabi-7-2017-q4-major/bin/../lib/gcc/arm-none-eabi/7.2.1/../../../../arm-none-eabi/lib/thumb/v7e-m/fpv4-sp/hard/libm.a(lib_a-s_sin.o) (__kernel_sin)
/opt/ti/ccs1020/ccs/tools/compiler/gcc-arm-none-eabi-7-2017-q4-major/bin/../lib/gcc/arm-none-eabi/7.2.1/../../../../arm-none-eabi/lib/thumb/v7e-m/fpv4-sp/hard/libm.a(lib_a-s_fabs.o)
                              /opt/ti/ccs1020/ccs/tools/compiler/gcc-arm-none-eabi-7-2017-q4-major/bin/../lib/gcc/arm-none-eabi/7.2.1/../../../../arm-none-eabi/lib/thumb/v7e-m/fpv4-sp/hard/libm.a(lib_a-e_rem_pio2.o) (fabs)
/opt/ti/ccs1020/ccs/tools/compiler/gcc-arm-none-eabi-7-2017-q4-major/bin/../lib/gcc/arm-none-eabi/7.2.1/../../../../arm-none-eabi/lib/thumb/v7e-m/fpv4-sp/hard/libm.a(lib_a-s_floor.o)
                              /opt/ti/ccs1020/ccs/tools/compiler/gcc-arm-none-eabi-7-2017-q4-major/bin/../lib/gcc/arm-none-eabi/7.2.1/../../../../arm-none-eabi/lib/thumb/v7e-m/fpv4-sp/hard/libm.a(lib_a-k_rem_pio2.o) (floor)
/opt/ti/ccs1020/ccs/tools/compiler/gcc-arm-none-eabi-7-2017-q4-major/bin/../lib/gcc/arm-none-eabi/7.2.1/../../../../arm-none-eabi/lib/thumb/v7e-m/fpv4-sp/hard/libm.a(lib_a-s_scalbn.o)
                              /opt/ti/ccs1020/ccs/tools/compiler/gcc-arm-none-eabi-7-2017-q4-major/bin/../lib/gcc/arm-none-eabi/7.2.1/../../../../arm-none-eabi/lib/thumb/v7e-m/fpv4-sp/hard/libm.a(lib_a-k_rem_pio2.o) (scalbn)
/opt/ti/ccs1020/ccs/tools/compiler/gcc-arm-none-eabi-7-2017-q4-major/bin/../lib/gcc/arm-none-eabi/7.2.1/../../../../arm-none-eabi/lib/thumb/v7e-m/fpv4-sp/hard/libm.a(lib_a-s_copysign.o)
                              /opt/ti/ccs1020/ccs/tools/compiler/gcc-arm-none-eabi-7-2017-q4-major/bin/../lib/gcc/arm-none-eabi/7.2.1/../../../../arm-none-eabi/lib/thumb/v7e-m/fpv4-sp/hard/libm.a(lib_a-s_scalbn.o) (copysign)
/home/student/git/YAHAL/libYAHAL_msp432.a(spi_msp432.cpp.o)
                              ./audio_output.o (spi_msp432::~spi_msp432())
/home/student/git/YAHAL/libYAHAL_msp432.a(task_msp432.cpp.o)
                              ./main.o (task::start_scheduler())
/home/student/git/YAHAL/libYAHAL_msp432.a(gpio_msp432.cpp.o)
                              /home/student/git/YAHAL/libYAHAL_msp432.a(spi_msp432.cpp.o) (gpio_msp432::setSEL(unsigned short, unsigned char))
/home/student/git/YAHAL/libYAHAL_msp432.a(dma_msp432.cpp.o)
                              ./audio_output.o (dma_msp432::inst())
/home/student/git/YAHAL/libYAHAL_msp432.a(timer_msp432.cpp.o)
                              ./audio_output.o (timer_msp432::~timer_msp432())
/home/student/git/YAHAL/libYAHAL_msp432.a(irq_dispatcher.cpp.o)
                              /home/student/git/YAHAL/libYAHAL_msp432.a(spi_msp432.cpp.o) (irq_dispatcher::link_in())
/home/student/git/YAHAL/libYAHAL_msp432.a(uart_msp432.cpp.o)
                              ./main.o (uart_msp432::~uart_msp432())
/home/student/git/YAHAL/libYAHAL_msp432.a(task.cpp.o)
                              ./main.o (task::~task())
/home/student/git/YAHAL/libYAHAL_msp432.a(posix_io.cpp.o)
                              ./main.o (posix_io::register_stdout(uart_interface&, bool))
/home/student/git/YAHAL/libYAHAL_msp432.a(cpp_support.cpp.o)
[...]
Memory Configuration

Name             Origin             Length             Attributes
MAIN_FLASH       0x0000000000000000 0x0000000000040000 xr
INFO_FLASH       0x0000000000200000 0x0000000000004000 xr
SRAM_CODE        0x0000000001000000 0x0000000000010000 xrw
SRAM_DATA        0x0000000020000000 0x0000000000010000 rw
*default*        0x0000000000000000 0xffffffffffffffff

Linker script and memory map

LOAD /opt/ti/ccs1020/ccs/tools/compiler/gcc-arm-none-eabi-7-2017-q4-major/bin/../lib/gcc/arm-none-eabi/7.2.1/thumb/v7e-m/fpv4-sp/hard/crti.o
LOAD /opt/ti/ccs1020/ccs/tools/compiler/gcc-arm-none-eabi-7-2017-q4-major/bin/../lib/gcc/arm-none-eabi/7.2.1/thumb/v7e-m/fpv4-sp/hard/crtbegin.o
LOAD /opt/ti/ccs1020/ccs/tools/compiler/gcc-arm-none-eabi-7-2017-q4-major/bin/../lib/gcc/arm-none-eabi/7.2.1/../../../../arm-none-eabi/lib/thumb/v7e-m/fpv4-sp/hard/crt0.o
LOAD ./audio_output.o
LOAD ./main.o
LOAD ./startup_msp432p401r_gcc.o
LOAD ./system_msp432p401r.o
                0x0000000000000000                PROVIDE (_intvecs_base_address, DEFINED (_intvecs_base_address)?_intvecs_base_address:0x0)

.intvecs        0x0000000000000000       0xe4
 *(.intvecs)
 .intvecs       0x0000000000000000       0xe4 ./startup_msp432p401r_gcc.o
                0x0000000000000000                interruptVectors
                0x0000000000200000                PROVIDE (_mailbox_base_address, 0x200000)

.flashMailbox
 *(.flashMailbox)
                0x0000000000201000                PROVIDE (_tlv_base_address, 0x201000)

.tlvTable
 *(.tlvTable)
                0x0000000000202000                PROVIDE (_bsl_base_address, 0x202000)

.bslArea
 *(.bslArea)
                0x0000000020000000                PROVIDE (_vtable_base_address, DEFINED (_vtable_base_address)?_vtable_base_address:0x20000000)

.vtable
 *(.vtable)

.text           0x00000000000000f0     0x9158
 CREATE_OBJECT_SYMBOLS
 *(.text)
 .text          0x00000000000000f0        0x0 /opt/ti/ccs1020/ccs/tools/compiler/gcc-arm-none-eabi-7-2017-q4-major/bin/../lib/gcc/arm-none-eabi/7.2.1/thumb/v7e-m/fpv4-sp/hard/crti.o
 .text          0x00000000000000f0       0x40 /opt/ti/ccs1020/ccs/tools/compiler/gcc-arm-none-eabi-7-2017-q4-major/bin/../lib/gcc/arm-none-eabi/7.2.1/thumb/v7e-m/fpv4-sp/hard/crtbegin.o
 .text          0x0000000000000130       0x74 /opt/ti/ccs1020/ccs/tools/compiler/gcc-arm-none-eabi-7-2017-q4-major/bin/../lib/gcc/arm-none-eabi/7.2.1/../../../../arm-none-eabi/lib/thumb/v7e-m/fpv4-sp/hard/crt0.o
                0x0000000000000130                _mainCRTStartup
                0x0000000000000130                _start
 .text          0x00000000000001a4      0x304 ./audio_output.o
                0x000000000000023c                audio_output::audio_output()
                0x000000000000023c                audio_output::audio_output()
 .text          0x00000000000004a8      0x160 ./main.o
                0x00000000000004aa                main
 .text          0x0000000000000608       0x30 ./startup_msp432p401r_gcc.o
                0x0000000000000608                CS_IRQHandler
                0x0000000000000608                DebugMon_Handler
                0x0000000000000608                AES256_IRQHandler
                0x0000000000000608                HardFault_Handler
                0x0000000000000608                NMI_Handler
                0x0000000000000608                RTC_C_IRQHandler
                0x0000000000000608                FPU_IRQHandler
                0x0000000000000608                TA3_0_IRQHandler
                0x0000000000000608                UsageFault_Handler
                0x0000000000000608                DMA_INT3_IRQHandler
                0x0000000000000608                TA2_0_IRQHandler
                0x0000000000000608                DMA_INT1_IRQHandler
                0x0000000000000608                WDT_A_IRQHandler
                0x0000000000000608                TA2_N_IRQHandler
                0x0000000000000608                TA1_0_IRQHandler
                0x0000000000000608                PSS_IRQHandler
                0x0000000000000608                DMA_INT2_IRQHandler
                0x0000000000000608                DMA_INT0_IRQHandler
                0x0000000000000608                Default_Handler
                0x0000000000000608                T32_INTC_IRQHandler
                0x0000000000000608                TA3_N_IRQHandler
                0x0000000000000608                TA0_0_IRQHandler
                0x0000000000000608                MemManage_Handler
                0x0000000000000608                TA1_N_IRQHandler
                0x0000000000000608                COMP_E1_IRQHandler
                0x0000000000000608                FLCTL_IRQHandler
                0x0000000000000608                ADC14_IRQHandler
                0x0000000000000608                DMA_ERR_IRQHandler
                0x0000000000000608                BusFault_Handler
                0x0000000000000608                PCM_IRQHandler
                0x0000000000000608                TA0_N_IRQHandler
                0x0000000000000608                COMP_E0_IRQHandler
                0x000000000000060a                Reset_Handler
 .text          0x0000000000000638      0x2b8 ./system_msp432p401r.o
                0x0000000000000638                SystemCoreClockUpdate
                0x0000000000000854                SystemInit
 .text          0x00000000000008f0        0x0 /opt/ti/ccs1020/ccs/tools/compiler/gcc-arm-none-eabi-7-2017-q4-major/bin/../lib/gcc/arm-none-eabi/7.2.1/../../../../arm-none-eabi/lib/thumb/v7e-m/fpv4-sp/hard/libm.a(lib_a-s_sin.o)
 .text          0x00000000000008f0        0x0 /opt/ti/ccs1020/ccs/tools/compiler/gcc-arm-none-eabi-7-2017-q4-major/bin/../lib/gcc/arm-none-eabi/7.2.1/../../../../arm-none-eabi/lib/thumb/v7e-m/fpv4-sp/hard/libm.a(lib_a-e_rem_pio2.o)
 .text          0x00000000000008f0        0x0 /opt/ti/ccs1020/ccs/tools/compiler/gcc-arm-none-eabi-7-2017-q4-major/bin/../lib/gcc/arm-none-eabi/7.2.1/../../../../arm-none-eabi/lib/thumb/v7e-m/fpv4-sp/hard/libm.a(lib_a-k_cos.o)
 .text          0x00000000000008f0        0x0 /opt/ti/ccs1020/ccs/tools/compiler/gcc-arm-none-eabi-7-2017-q4-major/bin/../lib/gcc/arm-none-eabi/7.2.1/../../../../arm-none-eabi/lib/thumb/v7e-m/fpv4-sp/hard/libm.a(lib_a-k_rem_pio2.o)
 .text          0x00000000000008f0        0x0 /opt/ti/ccs1020/ccs/tools/compiler/gcc-arm-none-eabi-7-2017-q4-major/bin/../lib/gcc/arm-none-eabi/7.2.1/../../../../arm-none-eabi/lib/thumb/v7e-m/fpv4-sp/hard/libm.a(lib_a-k_sin.o)
 .text          0x00000000000008f0        0x0 /opt/ti/ccs1020/ccs/tools/compiler/gcc-arm-none-eabi-7-2017-q4-major/bin/../lib/gcc/arm-none-eabi/7.2.1/../../../../arm-none-eabi/lib/thumb/v7e-m/fpv4-sp/hard/libm.a(lib_a-s_fabs.o)
 .text          0x00000000000008f0        0x0 /opt/ti/ccs1020/ccs/tools/compiler/gcc-arm-none-eabi-7-2017-q4-major/bin/../lib/gcc/arm-none-eabi/7.2.1/../../../../arm-none-eabi/lib/thumb/v7e-m/fpv4-sp/hard/libm.a(lib_a-s_floor.o)
 .text          0x00000000000008f0        0x0 /opt/ti/ccs1020/ccs/tools/compiler/gcc-arm-none-eabi-7-2017-q4-major/bin/../lib/gcc/arm-none-eabi/7.2.1/../../../../arm-none-eabi/lib/thumb/v7e-m/fpv4-sp/hard/libm.a(lib_a-s_scalbn.o)
 .text          0x00000000000008f0        0x0 /opt/ti/ccs1020/ccs/tools/compiler/gcc-arm-none-eabi-7-2017-q4-major/bin/../lib/gcc/arm-none-eabi/7.2.1/../../../../arm-none-eabi/lib/thumb/v7e-m/fpv4-sp/hard/libm.a(lib_a-s_copysign.o)
 .text          0x00000000000008f0        0x0 /home/student/git/YAHAL/libYAHAL_msp432.a(spi_msp432.cpp.o)
 .text          0x00000000000008f0        0x0 /home/student/git/YAHAL/libYAHAL_msp432.a(task_msp432.cpp.o)
 .text          0x00000000000008f0        0x0 /home/student/git/YAHAL/libYAHAL_msp432.a(gpio_msp432.cpp.o)
 .text          0x00000000000008f0        0x0 /home/student/git/YAHAL/libYAHAL_msp432.a(dma_msp432.cpp.o)
 .text          0x00000000000008f0        0x0 /home/student/git/YAHAL/libYAHAL_msp432.a(timer_msp432.cpp.o)
 .text          0x00000000000008f0        0x0 /home/student/git/YAHAL/libYAHAL_msp432.a(irq_dispatcher.cpp.o)
 .text          0x00000000000008f0        0x0 /home/student/git/YAHAL/libYAHAL_msp432.a(uart_msp432.cpp.o)
 .text          0x00000000000008f0        0x0 /home/student/git/YAHAL/libYAHAL_msp432.a(task.cpp.o)
 .text          0x00000000000008f0        0x0 /home/student/git/YAHAL/libYAHAL_msp432.a(posix_io.cpp.o)
 .text          0x00000000000008f0        0x0 /home/student/git/YAHAL/libYAHAL_msp432.a(cpp_support.cpp.o)
 .text          0x00000000000008f0      0x378 /opt/ti/ccs1020/ccs/tools/compiler/gcc-arm-none-eabi-7-2017-q4-major/bin/../lib/gcc/arm-none-eabi/7.2.1/thumb/v7e-m/fpv4-sp/hard/libgcc.a(_arm_addsubdf3.o)
                0x00000000000008f0                __aeabi_drsub
                0x00000000000008f8                __aeabi_dsub
                0x00000000000008f8                __subdf3
                0x00000000000008fc                __adddf3
                0x00000000000008fc                __aeabi_dadd
                0x0000000000000b74                __aeabi_ui2d
                0x0000000000000b74                __floatunsidf
                0x0000000000000b94                __floatsidf
                0x0000000000000b94                __aeabi_i2d
                0x0000000000000bb8                __extendsfdf2
                0x0000000000000bb8                __aeabi_f2d
                0x0000000000000bfc                __aeabi_ul2d
                0x0000000000000bfc                __floatundidf
                0x0000000000000c0c                __floatdidf
                0x0000000000000c0c                __aeabi_l2d
 .text          0x0000000000000c68      0x424 /opt/ti/ccs1020/ccs/tools/compiler/gcc-arm-none-eabi-7-2017-q4-major/bin/../lib/gcc/arm-none-eabi/7.2.1/thumb/v7e-m/fpv4-sp/hard/libgcc.a(_arm_muldivdf3.o)
                0x0000000000000c68                __aeabi_dmul
                0x0000000000000c68                __muldf3
                0x0000000000000ebc                __aeabi_ddiv
                0x0000000000000ebc                __divdf3
 .text          0x000000000000108c      0x110 /opt/ti/ccs1020/ccs/tools/compiler/gcc-arm-none-eabi-7-2017-q4-major/bin/../lib/gcc/arm-none-eabi/7.2.1/thumb/v7e-m/fpv4-sp/hard/libgcc.a(_arm_cmpdf2.o)
                0x000000000000108c                __gtdf2
                0x000000000000108c                __gedf2
                0x0000000000001094                __ltdf2
                0x0000000000001094                __ledf2
                0x000000000000109c                __cmpdf2
                0x000000000000109c                __eqdf2
                0x000000000000109c                __nedf2
                0x0000000000001118                __aeabi_cdrcmple
                0x0000000000001128                __aeabi_cdcmple
                0x0000000000001128                __aeabi_cdcmpeq
                0x0000000000001138                __aeabi_dcmpeq
                0x000000000000114c                __aeabi_dcmplt
                0x0000000000001160                __aeabi_dcmple
                0x0000000000001174                __aeabi_dcmpge
                0x0000000000001188                __aeabi_dcmpgt
 .text          0x000000000000119c       0x50 /opt/ti/ccs1020/ccs/tools/compiler/gcc-arm-none-eabi-7-2017-q4-major/bin/../lib/gcc/arm-none-eabi/7.2.1/thumb/v7e-m/fpv4-sp/hard/libgcc.a(_arm_fixdfsi.o)
                0x000000000000119c                __fixdfsi
                0x000000000000119c                __aeabi_d2iz
 .text          0x00000000000011ec       0x40 /opt/ti/ccs1020/ccs/tools/compiler/gcc-arm-none-eabi-7-2017-q4-major/bin/../lib/gcc/arm-none-eabi/7.2.1/thumb/v7e-m/fpv4-sp/hard/libgcc.a(_arm_fixunsdfsi.o)
                0x00000000000011ec                __fixunsdfsi
                0x00000000000011ec                __aeabi_d2uiz
 .text          0x000000000000122c       0x30 /opt/ti/ccs1020/ccs/tools/compiler/gcc-arm-none-eabi-7-2017-q4-major/bin/../lib/gcc/arm-none-eabi/7.2.1/thumb/v7e-m/fpv4-sp/hard/libgcc.a(_aeabi_uldivmod.o)
                0x000000000000122c                __aeabi_uldivmod
 .text          0x000000000000125c      0x2cc /opt/ti/ccs1020/ccs/tools/compiler/gcc-arm-none-eabi-7-2017-q4-major/bin/../lib/gcc/arm-none-eabi/7.2.1/thumb/v7e-m/fpv4-sp/hard/libgcc.a(_udivmoddi4.o)
                0x000000000000125c                __udivmoddi4
 .text          0x0000000000001528      0x9ec /opt/ti/ccs1020/ccs/tools/compiler/gcc-arm-none-eabi-7-2017-q4-major/bin/../lib/gcc/arm-none-eabi/7.2.1/thumb/v7e-m/fpv4-sp/hard/libgcc.a(unwind-arm.o)
                0x00000000000017dc                _Unwind_GetCFA
                0x00000000000017e0                __gnu_Unwind_RaiseException
                0x0000000000001840                __gnu_Unwind_ForcedUnwind
                0x0000000000001854                __gnu_Unwind_Resume
                0x0000000000001898                __gnu_Unwind_Resume_or_Rethrow
                0x00000000000018a8                _Unwind_Complete
                0x00000000000018ac                _Unwind_DeleteException
                0x00000000000018b8                _Unwind_VRS_Get
                0x00000000000018fc                _Unwind_VRS_Set
                0x0000000000001944                __gnu_Unwind_Backtrace
                0x0000000000001c88                __aeabi_unwind_cpp_pr0
                0x0000000000001c8c                __aeabi_unwind_cpp_pr1
                0x0000000000001c90                __aeabi_unwind_cpp_pr2
                0x0000000000001c94                _Unwind_VRS_Pop
 .text          0x0000000000001f14      0x1ac /opt/ti/ccs1020/ccs/tools/compiler/gcc-arm-none-eabi-7-2017-q4-major/bin/../lib/gcc/arm-none-eabi/7.2.1/thumb/v7e-m/fpv4-sp/hard/libgcc.a(libunwind.o)
                0x0000000000001f14                __restore_core_regs
                0x0000000000001f14                restore_core_regs
                0x0000000000001f2c                __gnu_Unwind_Restore_VFP
                0x0000000000001f34                __gnu_Unwind_Save_VFP
                0x0000000000001f3c                __gnu_Unwind_Restore_VFP_D
                0x0000000000001f44                __gnu_Unwind_Save_VFP_D
                0x0000000000001f4c                __gnu_Unwind_Restore_VFP_D_16_to_31
                0x0000000000001f54                __gnu_Unwind_Save_VFP_D_16_to_31
                0x0000000000001f5c                __gnu_Unwind_Restore_WMMXD
                0x0000000000001fa0                __gnu_Unwind_Save_WMMXD
                0x0000000000001fe4                __gnu_Unwind_Restore_WMMXC
                0x0000000000001ff8                __gnu_Unwind_Save_WMMXC
                0x000000000000200c                ___Unwind_RaiseException
                0x000000000000200c                _Unwind_RaiseException
                0x0000000000002030                ___Unwind_Resume
                0x0000000000002030                _Unwind_Resume
                0x0000000000002054                _Unwind_Resume_or_Rethrow
                0x0000000000002054                ___Unwind_Resume_or_Rethrow
                0x0000000000002078                ___Unwind_ForcedUnwind
                0x0000000000002078                _Unwind_ForcedUnwind
                0x000000000000209c                _Unwind_Backtrace
                0x000000000000209c                ___Unwind_Backtrace
 .text          0x00000000000020c0      0x374 /opt/ti/ccs1020/ccs/tools/compiler/gcc-arm-none-eabi-7-2017-q4-major/bin/../lib/gcc/arm-none-eabi/7.2.1/thumb/v7e-m/fpv4-sp/hard/libgcc.a(pr-support.o)
                0x0000000000002118                __gnu_unwind_execute
                0x00000000000023dc                __gnu_unwind_frame
                0x0000000000002404                _Unwind_GetRegionStart
                0x0000000000002410                _Unwind_GetLanguageSpecificData
                0x0000000000002424                _Unwind_GetDataRelBase
                0x000000000000242c                _Unwind_GetTextRelBase
 .text          0x0000000000002434        0x4 /opt/ti/ccs1020/ccs/tools/compiler/gcc-arm-none-eabi-7-2017-q4-major/bin/../lib/gcc/arm-none-eabi/7.2.1/thumb/v7e-m/fpv4-sp/hard/libgcc.a(_dvmd_tls.o)
                0x0000000000002434                __aeabi_ldiv0
                0x0000000000002434                __aeabi_idiv0
 .text          0x0000000000002438        0x0 /opt/ti/ccs1020/ccs/tools/compiler/gcc-arm-none-eabi-7-2017-q4-major/bin/../lib/gcc/arm-none-eabi/7.2.1/../../../../arm-none-eabi/lib/thumb/v7e-m/fpv4-sp/hard/libc_nano.a(lib_a-abort.o)
 .text          0x0000000000002438        0x0 /opt/ti/ccs1020/ccs/tools/compiler/gcc-arm-none-eabi-7-2017-q4-major/bin/../lib/gcc/arm-none-eabi/7.2.1/../../../../arm-none-eabi/lib/thumb/v7e-m/fpv4-sp/hard/libc_nano.a(lib_a-aeabi_atexit.o)
 .text          0x0000000000002438        0x0 /opt/ti/ccs1020/ccs/tools/compiler/gcc-arm-none-eabi-7-2017-q4-major/bin/../lib/gcc/arm-none-eabi/7.2.1/../../../../arm-none-eabi/lib/thumb/v7e-m/fpv4-sp/hard/libc_nano.a(lib_a-cxa_atexit.o)
 .text          0x0000000000002438        0x0 /opt/ti/ccs1020/ccs/tools/compiler/gcc-arm-none-eabi-7-2017-q4-major/bin/../lib/gcc/arm-none-eabi/7.2.1/../../../../arm-none-eabi/lib/thumb/v7e-m/fpv4-sp/hard/libc_nano.a(lib_a-errno.o)
 .text          0x0000000000002438        0x0 /opt/ti/ccs1020/ccs/tools/compiler/gcc-arm-none-eabi-7-2017-q4-major/bin/../lib/gcc/arm-none-eabi/7.2.1/../../../../arm-none-eabi/lib/thumb/v7e-m/fpv4-sp/hard/libc_nano.a(lib_a-exit.o)
 .text          0x0000000000002438        0x0 /opt/ti/ccs1020/ccs/tools/compiler/gcc-arm-none-eabi-7-2017-q4-major/bin/../lib/gcc/arm-none-eabi/7.2.1/../../../../arm-none-eabi/lib/thumb/v7e-m/fpv4-sp/hard/libc_nano.a(lib_a-fflush.o)
 .text          0x0000000000002438        0x0 /opt/ti/ccs1020/ccs/tools/compiler/gcc-arm-none-eabi-7-2017-q4-major/bin/../lib/gcc/arm-none-eabi/7.2.1/../../../../arm-none-eabi/lib/thumb/v7e-m/fpv4-sp/hard/libc_nano.a(lib_a-findfp.o)
 .text          0x0000000000002438        0x0 /opt/ti/ccs1020/ccs/tools/compiler/gcc-arm-none-eabi-7-2017-q4-major/bin/../lib/gcc/arm-none-eabi/7.2.1/../../../../arm-none-eabi/lib/thumb/v7e-m/fpv4-sp/hard/libc_nano.a(lib_a-fwalk.o)
 .text          0x0000000000002438        0x0 /opt/ti/ccs1020/ccs/tools/compiler/gcc-arm-none-eabi-7-2017-q4-major/bin/../lib/gcc/arm-none-eabi/7.2.1/../../../../arm-none-eabi/lib/thumb/v7e-m/fpv4-sp/hard/libc_nano.a(lib_a-impure.o)
 .text          0x0000000000002438        0x0 /opt/ti/ccs1020/ccs/tools/compiler/gcc-arm-none-eabi-7-2017-q4-major/bin/../lib/gcc/arm-none-eabi/7.2.1/../../../../arm-none-eabi/lib/thumb/v7e-m/fpv4-sp/hard/libc_nano.a(lib_a-init.o)
 .text          0x0000000000002438        0x0 /opt/ti/ccs1020/ccs/tools/compiler/gcc-arm-none-eabi-7-2017-q4-major/bin/../lib/gcc/arm-none-eabi/7.2.1/../../../../arm-none-eabi/lib/thumb/v7e-m/fpv4-sp/hard/libc_nano.a(lib_a-memcpy-stub.o)
 .text          0x0000000000002438        0x0 /opt/ti/ccs1020/ccs/tools/compiler/gcc-arm-none-eabi-7-2017-q4-major/bin/../lib/gcc/arm-none-eabi/7.2.1/../../../../arm-none-eabi/lib/thumb/v7e-m/fpv4-sp/hard/libc_nano.a(lib_a-memset.o)
 .text          0x0000000000002438        0x0 /opt/ti/ccs1020/ccs/tools/compiler/gcc-arm-none-eabi-7-2017-q4-major/bin/../lib/gcc/arm-none-eabi/7.2.1/../../../../arm-none-eabi/lib/thumb/v7e-m/fpv4-sp/hard/libc_nano.a(lib_a-mstats.o)
 .text          0x0000000000002438        0x0 /opt/ti/ccs1020/ccs/tools/compiler/gcc-arm-none-eabi-7-2017-q4-major/bin/../lib/gcc/arm-none-eabi/7.2.1/../../../../arm-none-eabi/lib/thumb/v7e-m/fpv4-sp/hard/libc_nano.a(lib_a-nano-freer.o)
 .text          0x0000000000002438        0x0 /opt/ti/ccs1020/ccs/tools/compiler/gcc-arm-none-eabi-7-2017-q4-major/bin/../lib/gcc/arm-none-eabi/7.2.1/../../../../arm-none-eabi/lib/thumb/v7e-m/fpv4-sp/hard/libc_nano.a(lib_a-nano-mallinfor.o)
 .text          0x0000000000002438        0x0 /opt/ti/ccs1020/ccs/tools/compiler/gcc-arm-none-eabi-7-2017-q4-major/bin/../lib/gcc/arm-none-eabi/7.2.1/../../../../arm-none-eabi/lib/thumb/v7e-m/fpv4-sp/hard/libc_nano.a(lib_a-nano-mallocr.o)
 .text          0x0000000000002438        0x0 /opt/ti/ccs1020/ccs/tools/compiler/gcc-arm-none-eabi-7-2017-q4-major/bin/../lib/gcc/arm-none-eabi/7.2.1/../../../../arm-none-eabi/lib/thumb/v7e-m/fpv4-sp/hard/libc_nano.a(lib_a-nano-malloptr.o)
 .text          0x0000000000002438        0x0 /opt/ti/ccs1020/ccs/tools/compiler/gcc-arm-none-eabi-7-2017-q4-major/bin/../lib/gcc/arm-none-eabi/7.2.1/../../../../arm-none-eabi/lib/thumb/v7e-m/fpv4-sp/hard/libc_nano.a(lib_a-nano-mallstatsr.o)
 .text          0x0000000000002438        0x0 /opt/ti/ccs1020/ccs/tools/compiler/gcc-arm-none-eabi-7-2017-q4-major/bin/../lib/gcc/arm-none-eabi/7.2.1/../../../../arm-none-eabi/lib/thumb/v7e-m/fpv4-sp/hard/libc_nano.a(lib_a-on_exit_args.o)
 .text          0x0000000000002438        0x0 /opt/ti/ccs1020/ccs/tools/compiler/gcc-arm-none-eabi-7-2017-q4-major/bin/../lib/gcc/arm-none-eabi/7.2.1/../../../../arm-none-eabi/lib/thumb/v7e-m/fpv4-sp/hard/libc_nano.a(lib_a-printf.o)
 .text          0x0000000000002438        0x0 /opt/ti/ccs1020/ccs/tools/compiler/gcc-arm-none-eabi-7-2017-q4-major/bin/../lib/gcc/arm-none-eabi/7.2.1/../../../../arm-none-eabi/lib/thumb/v7e-m/fpv4-sp/hard/libc_nano.a(lib_a-puts.o)
 .text          0x0000000000002438        0x0 /opt/ti/ccs1020/ccs/tools/compiler/gcc-arm-none-eabi-7-2017-q4-major/bin/../lib/gcc/arm-none-eabi/7.2.1/../../../../arm-none-eabi/lib/thumb/v7e-m/fpv4-sp/hard/libc_nano.a(lib_a-sbrkr.o)
 .text          0x0000000000002438        0x0 /opt/ti/ccs1020/ccs/tools/compiler/gcc-arm-none-eabi-7-2017-q4-major/bin/../lib/gcc/arm-none-eabi/7.2.1/../../../../arm-none-eabi/lib/thumb/v7e-m/fpv4-sp/hard/libc_nano.a(lib_a-setvbuf.o)
 .text          0x0000000000002438        0x0 /opt/ti/ccs1020/ccs/tools/compiler/gcc-arm-none-eabi-7-2017-q4-major/bin/../lib/gcc/arm-none-eabi/7.2.1/../../../../arm-none-eabi/lib/thumb/v7e-m/fpv4-sp/hard/libc_nano.a(lib_a-signal.o)
 .text          0x0000000000002438        0x0 /opt/ti/ccs1020/ccs/tools/compiler/gcc-arm-none-eabi-7-2017-q4-major/bin/../lib/gcc/arm-none-eabi/7.2.1/../../../../arm-none-eabi/lib/thumb/v7e-m/fpv4-sp/hard/libc_nano.a(lib_a-signalr.o)
 .text          0x0000000000002438        0x0 /opt/ti/ccs1020/ccs/tools/compiler/gcc-arm-none-eabi-7-2017-q4-major/bin/../lib/gcc/arm-none-eabi/7.2.1/../../../../arm-none-eabi/lib/thumb/v7e-m/fpv4-sp/hard/libc_nano.a(lib_a-stdio.o)
 .text          0x0000000000002438       0x10 /opt/ti/ccs1020/ccs/tools/compiler/gcc-arm-none-eabi-7-2017-q4-major/bin/../lib/gcc/arm-none-eabi/7.2.1/../../../../arm-none-eabi/lib/thumb/v7e-m/fpv4-sp/hard/libc_nano.a(lib_a-strlen.o)
                0x0000000000002438                strlen
 .text          0x0000000000002448        0x0 /opt/ti/ccs1020/ccs/tools/compiler/gcc-arm-none-eabi-7-2017-q4-major/bin/../lib/gcc/arm-none-eabi/7.2.1/../../../../arm-none-eabi/lib/thumb/v7e-m/fpv4-sp/hard/libc_nano.a(lib_a-strncpy.o)
 .text          0x0000000000002448        0x0 /opt/ti/ccs1020/ccs/tools/compiler/gcc-arm-none-eabi-7-2017-q4-major/bin/../lib/gcc/arm-none-eabi/7.2.1/../../../../arm-none-eabi/lib/thumb/v7e-m/fpv4-sp/hard/libc_nano.a(lib_a-wbuf.o)
 .text          0x0000000000002448        0x0 /opt/ti/ccs1020/ccs/tools/compiler/gcc-arm-none-eabi-7-2017-q4-major/bin/../lib/gcc/arm-none-eabi/7.2.1/../../../../arm-none-eabi/lib/thumb/v7e-m/fpv4-sp/hard/libc_nano.a(lib_a-writer.o)
 .text          0x0000000000002448        0x0 /opt/ti/ccs1020/ccs/tools/compiler/gcc-arm-none-eabi-7-2017-q4-major/bin/../lib/gcc/arm-none-eabi/7.2.1/../../../../arm-none-eabi/lib/thumb/v7e-m/fpv4-sp/hard/libc_nano.a(lib_a-wsetup.o)
 .text          0x0000000000002448        0x0 /opt/ti/ccs1020/ccs/tools/compiler/gcc-arm-none-eabi-7-2017-q4-major/bin/../lib/gcc/arm-none-eabi/7.2.1/../../../../arm-none-eabi/lib/thumb/v7e-m/fpv4-sp/hard/libc_nano.a(lib_a-closer.o)
 .text          0x0000000000002448        0x0 /opt/ti/ccs1020/ccs/tools/compiler/gcc-arm-none-eabi-7-2017-q4-major/bin/../lib/gcc/arm-none-eabi/7.2.1/../../../../arm-none-eabi/lib/thumb/v7e-m/fpv4-sp/hard/libc_nano.a(lib_a-fprintf.o)
 .text          0x0000000000002448        0x0 /opt/ti/ccs1020/ccs/tools/compiler/gcc-arm-none-eabi-7-2017-q4-major/bin/../lib/gcc/arm-none-eabi/7.2.1/../../../../arm-none-eabi/lib/thumb/v7e-m/fpv4-sp/hard/libc_nano.a(lib_a-lseekr.o)
 .text          0x0000000000002448        0x0 /opt/ti/ccs1020/ccs/tools/compiler/gcc-arm-none-eabi-7-2017-q4-major/bin/../lib/gcc/arm-none-eabi/7.2.1/../../../../arm-none-eabi/lib/thumb/v7e-m/fpv4-sp/hard/libc_nano.a(lib_a-makebuf.o)
 .text          0x0000000000002448        0x0 /opt/ti/ccs1020/ccs/tools/compiler/gcc-arm-none-eabi-7-2017-q4-major/bin/../lib/gcc/arm-none-eabi/7.2.1/../../../../arm-none-eabi/lib/thumb/v7e-m/fpv4-sp/hard/libc_nano.a(lib_a-malloc.o)
 .text          0x0000000000002448        0x0 /opt/ti/ccs1020/ccs/tools/compiler/gcc-arm-none-eabi-7-2017-q4-major/bin/../lib/gcc/arm-none-eabi/7.2.1/../../../../arm-none-eabi/lib/thumb/v7e-m/fpv4-sp/hard/libc_nano.a(lib_a-mlock.o)
 .text          0x0000000000002448        0x0 /opt/ti/ccs1020/ccs/tools/compiler/gcc-arm-none-eabi-7-2017-q4-major/bin/../lib/gcc/arm-none-eabi/7.2.1/../../../../arm-none-eabi/lib/thumb/v7e-m/fpv4-sp/hard/libc_nano.a(lib_a-nano-vfprintf.o)
 .text          0x0000000000002448        0x0 /opt/ti/ccs1020/ccs/tools/compiler/gcc-arm-none-eabi-7-2017-q4-major/bin/../lib/gcc/arm-none-eabi/7.2.1/../../../../arm-none-eabi/lib/thumb/v7e-m/fpv4-sp/hard/libc_nano.a(lib_a-nano-vfprintf_i.o)
 .text          0x0000000000002448        0x0 /opt/ti/ccs1020/ccs/tools/compiler/gcc-arm-none-eabi-7-2017-q4-major/bin/../lib/gcc/arm-none-eabi/7.2.1/../../../../arm-none-eabi/lib/thumb/v7e-m/fpv4-sp/hard/libc_nano.a(lib_a-readr.o)
 .text          0x0000000000002448        0x0 /opt/ti/ccs1020/ccs/tools/compiler/gcc-arm-none-eabi-7-2017-q4-major/bin/../lib/gcc/arm-none-eabi/7.2.1/../../../../arm-none-eabi/lib/thumb/v7e-m/fpv4-sp/hard/libc_nano.a(lib_a-reent.o)
 .text          0x0000000000002448        0x0 /opt/ti/ccs1020/ccs/tools/compiler/gcc-arm-none-eabi-7-2017-q4-major/bin/../lib/gcc/arm-none-eabi/7.2.1/../../../../arm-none-eabi/lib/thumb/v7e-m/fpv4-sp/hard/libc_nano.a(lib_a-fstatr.o)
 .text          0x0000000000002448        0x0 /opt/ti/ccs1020/ccs/tools/compiler/gcc-arm-none-eabi-7-2017-q4-major/bin/../lib/gcc/arm-none-eabi/7.2.1/../../../../arm-none-eabi/lib/thumb/v7e-m/fpv4-sp/hard/libc_nano.a(lib_a-fvwrite.o)
 .text          0x0000000000002448        0x0 /opt/ti/ccs1020/ccs/tools/compiler/gcc-arm-none-eabi-7-2017-q4-major/bin/../lib/gcc/arm-none-eabi/7.2.1/../../../../arm-none-eabi/lib/thumb/v7e-m/fpv4-sp/hard/libc_nano.a(lib_a-isattyr.o)
 *fill*         0x0000000000002448        0x8 
 .text          0x0000000000002450       0xa0 /opt/ti/ccs1020/ccs/tools/compiler/gcc-arm-none-eabi-7-2017-q4-major/bin/../lib/gcc/arm-none-eabi/7.2.1/../../../../arm-none-eabi/lib/thumb/v7e-m/fpv4-sp/hard/libc_nano.a(lib_a-memchr.o)
                0x0000000000002450                memchr
 .text          0x00000000000024f0        0x0 /opt/ti/ccs1020/ccs/tools/compiler/gcc-arm-none-eabi-7-2017-q4-major/bin/../lib/gcc/arm-none-eabi/7.2.1/../../../../arm-none-eabi/lib/thumb/v7e-m/fpv4-sp/hard/libc_nano.a(lib_a-memmove.o)
 .text          0x00000000000024f0        0x0 /opt/ti/ccs1020/ccs/tools/compiler/gcc-arm-none-eabi-7-2017-q4-major/bin/../lib/gcc/arm-none-eabi/7.2.1/../../../../arm-none-eabi/lib/thumb/v7e-m/fpv4-sp/hard/libc_nano.a(lib_a-nano-reallocr.o)
 .text          0x00000000000024f0        0x0 /opt/ti/ccs1020/ccs/tools/compiler/gcc-arm-none-eabi-7-2017-q4-major/bin/../lib/gcc/arm-none-eabi/7.2.1/../../../../arm-none-eabi/lib/thumb/v7e-m/fpv4-sp/hard/libc_nano.a(lib_a-nano-msizer.o)
 .text          0x00000000000024f0        0x0 /opt/ti/ccs1020/ccs/tools/compiler/gcc-arm-none-eabi-7-2017-q4-major/bin/../lib/gcc/arm-none-eabi/7.2.1/../../../../arm-none-eabi/lib/thumb/v7e-m/fpv4-sp/hard/libsupc++_nano.a(class_type_info.o)
 .text          0x00000000000024f0        0x0 /opt/ti/ccs1020/ccs/tools/compiler/gcc-arm-none-eabi-7-2017-q4-major/bin/../lib/gcc/arm-none-eabi/7.2.1/../../../../arm-none-eabi/lib/thumb/v7e-m/fpv4-sp/hard/libsupc++_nano.a(del_ops.o)
 .text          0x00000000000024f0        0x0 /opt/ti/ccs1020/ccs/tools/compiler/gcc-arm-none-eabi-7-2017-q4-major/bin/../lib/gcc/arm-none-eabi/7.2.1/../../../../arm-none-eabi/lib/thumb/v7e-m/fpv4-sp/hard/libsupc++_nano.a(del_opv.o)
 .text          0x00000000000024f0        0x0 /opt/ti/ccs1020/ccs/tools/compiler/gcc-arm-none-eabi-7-2017-q4-major/bin/../lib/gcc/arm-none-eabi/7.2.1/../../../../arm-none-eabi/lib/thumb/v7e-m/fpv4-sp/hard/libsupc++_nano.a(eh_arm.o)
 .text          0x00000000000024f0        0x0 /opt/ti/ccs1020/ccs/tools/compiler/gcc-arm-none-eabi-7-2017-q4-major/bin/../lib/gcc/arm-none-eabi/7.2.1/../../../../arm-none-eabi/lib/thumb/v7e-m/fpv4-sp/hard/libsupc++_nano.a(eh_exception.o)
 .text          0x00000000000024f0        0x0 /opt/ti/ccs1020/ccs/tools/compiler/gcc-arm-none-eabi-7-2017-q4-major/bin/../lib/gcc/arm-none-eabi/7.2.1/../../../../arm-none-eabi/lib/thumb/v7e-m/fpv4-sp/hard/libsupc++_nano.a(eh_globals.o)
 .text          0x00000000000024f0        0x0 /opt/ti/ccs1020/ccs/tools/compiler/gcc-arm-none-eabi-7-2017-q4-major/bin/../lib/gcc/arm-none-eabi/7.2.1/../../../../arm-none-eabi/lib/thumb/v7e-m/fpv4-sp/hard/libsupc++_nano.a(eh_personality.o)
 .text          0x00000000000024f0        0x0 /opt/ti/ccs1020/ccs/tools/compiler/gcc-arm-none-eabi-7-2017-q4-major/bin/../lib/gcc/arm-none-eabi/7.2.1/../../../../arm-none-eabi/lib/thumb/v7e-m/fpv4-sp/hard/libsupc++_nano.a(eh_terminate.o)
 .text          0x00000000000024f0        0x0 /opt/ti/ccs1020/ccs/tools/compiler/gcc-arm-none-eabi-7-2017-q4-major/bin/../lib/gcc/arm-none-eabi/7.2.1/../../../../arm-none-eabi/lib/thumb/v7e-m/fpv4-sp/hard/libsupc++_nano.a(eh_unex_handler.o)
 .text          0x00000000000024f0        0x0 /opt/ti/ccs1020/ccs/tools/compiler/gcc-arm-none-eabi-7-2017-q4-major/bin/../lib/gcc/arm-none-eabi/7.2.1/../../../../arm-none-eabi/lib/thumb/v7e-m/fpv4-sp/hard/libsupc++_nano.a(new_op.o)
 .text          0x00000000000024f0        0x0 /opt/ti/ccs1020/ccs/tools/compiler/gcc-arm-none-eabi-7-2017-q4-major/bin/../lib/gcc/arm-none-eabi/7.2.1/../../../../arm-none-eabi/lib/thumb/v7e-m/fpv4-sp/hard/libsupc++_nano.a(new_opv.o)
 .text          0x00000000000024f0        0x0 /opt/ti/ccs1020/ccs/tools/compiler/gcc-arm-none-eabi-7-2017-q4-major/bin/../lib/gcc/arm-none-eabi/7.2.1/../../../../arm-none-eabi/lib/thumb/v7e-m/fpv4-sp/hard/libsupc++_nano.a(pure.o)
 .text          0x00000000000024f0        0x0 /opt/ti/ccs1020/ccs/tools/compiler/gcc-arm-none-eabi-7-2017-q4-major/bin/../lib/gcc/arm-none-eabi/7.2.1/../../../../arm-none-eabi/lib/thumb/v7e-m/fpv4-sp/hard/libsupc++_nano.a(si_class_type_info.o)
 .text          0x00000000000024f0        0x0 /opt/ti/ccs1020/ccs/tools/compiler/gcc-arm-none-eabi-7-2017-q4-major/bin/../lib/gcc/arm-none-eabi/7.2.1/../../../../arm-none-eabi/lib/thumb/v7e-m/fpv4-sp/hard/libsupc++_nano.a(tinfo.o)
 .text          0x00000000000024f0        0x0 /opt/ti/ccs1020/ccs/tools/compiler/gcc-arm-none-eabi-7-2017-q4-major/bin/../lib/gcc/arm-none-eabi/7.2.1/../../../../arm-none-eabi/lib/thumb/v7e-m/fpv4-sp/hard/libsupc++_nano.a(vmi_class_type_info.o)
 .text          0x00000000000024f0        0x0 /opt/ti/ccs1020/ccs/tools/compiler/gcc-arm-none-eabi-7-2017-q4-major/bin/../lib/gcc/arm-none-eabi/7.2.1/../../../../arm-none-eabi/lib/thumb/v7e-m/fpv4-sp/hard/libsupc++_nano.a(del_op.o)
 .text          0x00000000000024f0        0x0 /opt/ti/ccs1020/ccs/tools/compiler/gcc-arm-none-eabi-7-2017-q4-major/bin/../lib/gcc/arm-none-eabi/7.2.1/../../../../arm-none-eabi/lib/thumb/v7e-m/fpv4-sp/hard/libsupc++_nano.a(eh_call.o)
 .text          0x00000000000024f0        0x0 /opt/ti/ccs1020/ccs/tools/compiler/gcc-arm-none-eabi-7-2017-q4-major/bin/../lib/gcc/arm-none-eabi/7.2.1/../../../../arm-none-eabi/lib/thumb/v7e-m/fpv4-sp/hard/libsupc++_nano.a(eh_catch.o)
 .text          0x00000000000024f0        0x0 /opt/ti/ccs1020/ccs/tools/compiler/gcc-arm-none-eabi-7-2017-q4-major/bin/../lib/gcc/arm-none-eabi/7.2.1/../../../../arm-none-eabi/lib/thumb/v7e-m/fpv4-sp/hard/libsupc++_nano.a(eh_term_handler.o)
 .text          0x00000000000024f0        0x0 /opt/ti/ccs1020/ccs/tools/compiler/gcc-arm-none-eabi-7-2017-q4-major/bin/../lib/gcc/arm-none-eabi/7.2.1/../../../../arm-none-eabi/lib/thumb/v7e-m/fpv4-sp/hard/libsupc++_nano.a(new_handler.o)
 .text          0x00000000000024f0        0x0 /opt/ti/ccs1020/ccs/tools/compiler/gcc-arm-none-eabi-7-2017-q4-major/bin/../lib/gcc/arm-none-eabi/7.2.1/../../../../arm-none-eabi/lib/thumb/v7e-m/fpv4-sp/hard/libnosys.a(getpid.o)
 .text          0x00000000000024f0        0x0 /opt/ti/ccs1020/ccs/tools/compiler/gcc-arm-none-eabi-7-2017-q4-major/bin/../lib/gcc/arm-none-eabi/7.2.1/../../../../arm-none-eabi/lib/thumb/v7e-m/fpv4-sp/hard/libnosys.a(kill.o)
 .text          0x00000000000024f0        0x0 /opt/ti/ccs1020/ccs/tools/compiler/gcc-arm-none-eabi-7-2017-q4-major/bin/../lib/gcc/arm-none-eabi/7.2.1/../../../../arm-none-eabi/lib/thumb/v7e-m/fpv4-sp/hard/libnosys.a(sbrk.o)
 .text          0x00000000000024f0        0x0 /opt/ti/ccs1020/ccs/tools/compiler/gcc-arm-none-eabi-7-2017-q4-major/bin/../lib/gcc/arm-none-eabi/7.2.1/../../../../arm-none-eabi/lib/thumb/v7e-m/fpv4-sp/hard/libnosys.a(_exit.o)
 .text          0x00000000000024f0       0x14 /opt/ti/ccs1020/ccs/tools/compiler/gcc-arm-none-eabi-7-2017-q4-major/bin/../lib/gcc/arm-none-eabi/7.2.1/../../../../arm-none-eabi/lib/thumb/v7e-m/fpv4-sp/hard/libc_nano.a(lib_a-strcmp.o)
                0x00000000000024f0                strcmp
 .text          0x0000000000002504        0x0 /opt/ti/ccs1020/ccs/tools/compiler/gcc-arm-none-eabi-7-2017-q4-major/bin/../lib/gcc/arm-none-eabi/7.2.1/thumb/v7e-m/fpv4-sp/hard/crtend.o
 .text          0x0000000000002504        0x0 /opt/ti/ccs1020/ccs/tools/compiler/gcc-arm-none-eabi-7-2017-q4-major/bin/../lib/gcc/arm-none-eabi/7.2.1/thumb/v7e-m/fpv4-sp/hard/crtn.o
 *(.text.*)
 .text._ZN12audio_outputD2Ev
                0x0000000000002504       0x28 ./audio_output.o
                0x0000000000002504                audio_output::~audio_output()
                0x0000000000002504                audio_output::~audio_output()
 .text._ZN12audio_outputD0Ev
                0x000000000000252c       0x30 ./audio_output.o
                0x000000000000252c                audio_output::~audio_output()
 .text._ZN10task_timer9setPeriodEmN5TIMER10timer_modeE
                0x000000000000255c       0x64 ./main.o
                0x000000000000255c                task_timer::setPeriod(unsigned long, TIMER::timer_mode)
                0x000000000000258c                non-virtual thunk to task_timer::setPeriod(unsigned long, TIMER::timer_mode)
 .text._ZN10task_timer9getPeriodEv
                0x00000000000025c0       0x18 ./main.o
                0x00000000000025c0                task_timer::getPeriod()
                0x00000000000025cc                non-virtual thunk to task_timer::getPeriod()
 .text._ZN10task_timer9isRunningEv
                0x00000000000025d8        0xa ./main.o
                0x00000000000025d8                task_timer::isRunning()
                0x00000000000025de                non-virtual thunk to task_timer::isRunning()
 *fill*         0x00000000000025e2        0x2 
 .text._ZN10task_timer10getCounterEv
                0x00000000000025e4       0xb0 ./main.o
                0x00000000000025e4                task_timer::getCounter()
                0x0000000000002640                non-virtual thunk to task_timer::getCounter()
 .text._ZN10task_timer12resetCounterEv
                0x0000000000002694       0xb4 ./main.o
                0x0000000000002694                task_timer::resetCounter()
                0x00000000000026ec                non-virtual thunk to task_timer::resetCounter()
 .text._ZNSt14_Function_base13_Base_managerIZN12task_monitorC4EvEUlvE_E10_M_managerERSt9_Any_dataRKS4_St18_Manager_operation
                0x0000000000002748       0x28 ./main.o
                0x0000000000002748                std::_Function_base::_Base_manager<task_monitor::task_monitor()::{lambda()#1}>::_M_manager(std::_Any_data&, std::_Function_base::_Base_manager<task_monitor::task_monitor()::{lambda()#1}> const&, std::_Manager_operation)
 .text._ZN10task_timer5startEv
                0x0000000000002770       0x46 ./main.o
                0x0000000000002770                task_timer::start()
                0x0000000000002790                non-virtual thunk to task_timer::start()
 *fill*         0x00000000000027b6        0x2 
 .text._ZN9main_taskD2Ev
                0x00000000000027b8       0x14 ./main.o
                0x00000000000027b8                main_task::~main_task()
                0x00000000000027b8                main_task::~main_task()
 .text._ZN9main_taskD0Ev
                0x00000000000027cc       0x1c ./main.o
                0x00000000000027cc                main_task::~main_task()
 .text._ZN10task_timerD2Ev
                0x00000000000027e8       0x58 ./main.o
                0x00000000000027e8                task_timer::~task_timer()
                0x00000000000027e8                task_timer::~task_timer()
                0x0000000000002810                non-virtual thunk to task_timer::~task_timer()
 .text._ZN10task_timer4stopEv
                0x0000000000002840       0x1e ./main.o
                0x0000000000002840                task_timer::stop()
                0x000000000000284e                non-virtual thunk to task_timer::stop()
 *fill*         0x000000000000285e        0x2 
 .text._ZNSt17_Function_handlerIFvvEZN12task_monitorC4EvEUlvE_E9_M_invokeERKSt9_Any_data
                0x0000000000002860      0x1c8 ./main.o
                0x0000000000002860                std::_Function_handler<void (), task_monitor::task_monitor()::{lambda()#1}>::_M_invoke(std::_Any_data const&)
 .text._ZN12task_monitorD2Ev
                0x0000000000002a28       0x58 ./main.o
                0x0000000000002a28                non-virtual thunk to task_monitor::~task_monitor()
                0x0000000000002a58                task_monitor::~task_monitor()
                0x0000000000002a58                task_monitor::~task_monitor()
 .text._ZN10task_timerD0Ev
                0x0000000000002a80       0x68 ./main.o
                0x0000000000002a80                non-virtual thunk to task_timer::~task_timer()
                0x0000000000002ab8                task_timer::~task_timer()
 .text._ZN12task_monitorD0Ev
                0x0000000000002ae8       0x68 ./main.o
                0x0000000000002ae8                non-virtual thunk to task_monitor::~task_monitor()
                0x0000000000002b20                task_monitor::~task_monitor()
 .text._ZNSt8functionIFvvEEC2ERKS1_
                0x0000000000002b50       0x2e ./main.o
                0x0000000000002b50                std::function<void ()>::function(std::function<void ()> const&)
                0x0000000000002b50                std::function<void ()>::function(std::function<void ()> const&)
 .text._ZN10task_timer11setCallbackESt8functionIFvvEE
                0x0000000000002b7e       0xa2 ./main.o
                0x0000000000002b7e                non-virtual thunk to task_timer::setCallback(std::function<void ()>)
                0x0000000000002bd0                task_timer::setCallback(std::function<void ()>)
 .text._ZNKSt8functionIFvvEEclEv
                0x0000000000002c20       0x10 ./main.o
                0x0000000000002c20                std::function<void ()>::operator()() const
 .text._ZN10task_timer3runEv
                0x0000000000002c30       0x84 ./main.o
                0x0000000000002c30                task_timer::run()
 .text._ZNSt8functionIFvvEEC2IZN12task_monitorC4EvEUlvE_vvEET_
                0x0000000000002cb4       0x1c ./main.o
                0x0000000000002cb4                std::function<void ()>::function<task_monitor::task_monitor()::{lambda()#1}, void, void>(task_monitor::task_monitor()::{lambda()#1})
                0x0000000000002cb4                std::function<void ()>::function<task_monitor::task_monitor()::{lambda()#1}, void, void>(task_monitor::task_monitor()::{lambda()#1})
 .text._ZN9main_task3runEv
                0x0000000000002cd0       0xf0 ./main.o
                0x0000000000002cd0                main_task::run()
 .text.sin      0x0000000000002dc0       0xc0 /opt/ti/ccs1020/ccs/tools/compiler/gcc-arm-none-eabi-7-2017-q4-major/bin/../lib/gcc/arm-none-eabi/7.2.1/../../../../arm-none-eabi/lib/thumb/v7e-m/fpv4-sp/hard/libm.a(lib_a-s_sin.o)
                0x0000000000002dc0                sin
 .text.__ieee754_rem_pio2
                0x0000000000002e80      0x454 /opt/ti/ccs1020/ccs/tools/compiler/gcc-arm-none-eabi-7-2017-q4-major/bin/../lib/gcc/arm-none-eabi/7.2.1/../../../../arm-none-eabi/lib/thumb/v7e-m/fpv4-sp/hard/libm.a(lib_a-e_rem_pio2.o)
                0x0000000000002e80                __ieee754_rem_pio2
 *fill*         0x00000000000032d4        0x4 
 .text.__kernel_cos
                0x00000000000032d8      0x284 /opt/ti/ccs1020/ccs/tools/compiler/gcc-arm-none-eabi-7-2017-q4-major/bin/../lib/gcc/arm-none-eabi/7.2.1/../../../../arm-none-eabi/lib/thumb/v7e-m/fpv4-sp/hard/libm.a(lib_a-k_cos.o)
                0x00000000000032d8                __kernel_cos
 *fill*         0x000000000000355c        0x4 
 .text.__kernel_rem_pio2
                0x0000000000003560      0x818 /opt/ti/ccs1020/ccs/tools/compiler/gcc-arm-none-eabi-7-2017-q4-major/bin/../lib/gcc/arm-none-eabi/7.2.1/../../../../arm-none-eabi/lib/thumb/v7e-m/fpv4-sp/hard/libm.a(lib_a-k_rem_pio2.o)
                0x0000000000003560                __kernel_rem_pio2
 .text.__kernel_sin
                0x0000000000003d78      0x194 /opt/ti/ccs1020/ccs/tools/compiler/gcc-arm-none-eabi-7-2017-q4-major/bin/../lib/gcc/arm-none-eabi/7.2.1/../../../../arm-none-eabi/lib/thumb/v7e-m/fpv4-sp/hard/libm.a(lib_a-k_sin.o)
                0x0000000000003d78                __kernel_sin
 .text.fabs     0x0000000000003f0c       0x14 /opt/ti/ccs1020/ccs/tools/compiler/gcc-arm-none-eabi-7-2017-q4-major/bin/../lib/gcc/arm-none-eabi/7.2.1/../../../../arm-none-eabi/lib/thumb/v7e-m/fpv4-sp/hard/libm.a(lib_a-s_fabs.o)
                0x0000000000003f0c                fabs
 .text.floor    0x0000000000003f20      0x110 /opt/ti/ccs1020/ccs/tools/compiler/gcc-arm-none-eabi-7-2017-q4-major/bin/../lib/gcc/arm-none-eabi/7.2.1/../../../../arm-none-eabi/lib/thumb/v7e-m/fpv4-sp/hard/libm.a(lib_a-s_floor.o)
                0x0000000000003f20                floor
 .text.scalbn   0x0000000000004030      0x114 /opt/ti/ccs1020/ccs/tools/compiler/gcc-arm-none-eabi-7-2017-q4-major/bin/../lib/gcc/arm-none-eabi/7.2.1/../../../../arm-none-eabi/lib/thumb/v7e-m/fpv4-sp/hard/libm.a(lib_a-s_scalbn.o)
                0x0000000000004030                scalbn
 .text.copysign
                0x0000000000004144       0x1c /opt/ti/ccs1020/ccs/tools/compiler/gcc-arm-none-eabi-7-2017-q4-major/bin/../lib/gcc/arm-none-eabi/7.2.1/../../../../arm-none-eabi/lib/thumb/v7e-m/fpv4-sp/hard/libm.a(lib_a-s_copysign.o)
                0x0000000000004144                copysign
 .text._ZN10spi_msp432D2Ev
                0x0000000000004160       0x18 /home/student/git/YAHAL/libYAHAL_msp432.a(spi_msp432.cpp.o)
                0x0000000000004160                spi_msp432::~spi_msp432()
                0x0000000000004160                spi_msp432::~spi_msp432()
 .text._ZN10spi_msp43214spiAttachRxIrqESt8functionIFvhEE
                0x0000000000004178       0x88 /home/student/git/YAHAL/libYAHAL_msp432.a(spi_msp432.cpp.o)
                0x0000000000004178                spi_msp432::spiAttachRxIrq(std::function<void (unsigned char)>)
 .text.__tcf_0  0x0000000000004200       0x38 /home/student/git/YAHAL/libYAHAL_msp432.a(spi_msp432.cpp.o)
 .text._ZN10spi_msp432D0Ev
                0x0000000000004238       0x28 /home/student/git/YAHAL/libYAHAL_msp432.a(spi_msp432.cpp.o)
                0x0000000000004238                spi_msp432::~spi_msp432()
 .text._ZN10spi_msp432C2EP16EUSCI_A_SPI_TypeR8gpio_pinbt
                0x0000000000004260       0xfc /home/student/git/YAHAL/libYAHAL_msp432.a(spi_msp432.cpp.o)
                0x0000000000004260                spi_msp432::spi_msp432(EUSCI_A_SPI_Type*, gpio_pin&, bool, unsigned short)
                0x0000000000004260                spi_msp432::spi_msp432(EUSCI_A_SPI_Type*, gpio_pin&, bool, unsigned short)
 .text._ZN10spi_msp432C2EP16EUSCI_B_SPI_TypeR8gpio_pinbt
                0x000000000000435c       0xf4 /home/student/git/YAHAL/libYAHAL_msp432.a(spi_msp432.cpp.o)
                0x000000000000435c                spi_msp432::spi_msp432(EUSCI_B_SPI_Type*, gpio_pin&, bool, unsigned short)
                0x000000000000435c                spi_msp432::spi_msp432(EUSCI_B_SPI_Type*, gpio_pin&, bool, unsigned short)
 .text._ZN10spi_msp43210initializeEv
                0x0000000000004450       0xb8 /home/student/git/YAHAL/libYAHAL_msp432.a(spi_msp432.cpp.o)
                0x0000000000004450                spi_msp432::initialize()
 .text._ZN10spi_msp4327spiTxRxEPKhPht
                0x0000000000004508       0xb0 /home/student/git/YAHAL/libYAHAL_msp432.a(spi_msp432.cpp.o)
                0x0000000000004508                spi_msp432::spiTxRx(unsigned char const*, unsigned char*, unsigned short)
 .text._ZN10spi_msp4325spiTxEPKht
                0x00000000000045b8       0x90 /home/student/git/YAHAL/libYAHAL_msp432.a(spi_msp432.cpp.o)
                0x00000000000045b8                spi_msp432::spiTx(unsigned char const*, unsigned short)
 .text._ZN10spi_msp4325spiRxEhPht
                0x0000000000004648       0xac /home/student/git/YAHAL/libYAHAL_msp432.a(spi_msp432.cpp.o)
                0x0000000000004648                spi_msp432::spiRx(unsigned char, unsigned char*, unsigned short)
 .text._ZN10spi_msp4328setSpeedEm
                0x00000000000046f4       0x24 /home/student/git/YAHAL/libYAHAL_msp432.a(spi_msp432.cpp.o)
                0x00000000000046f4                spi_msp432::setSpeed(unsigned long)
 .text._ZN10spi_msp43210generateCSEb
                0x0000000000004718       0x18 /home/student/git/YAHAL/libYAHAL_msp432.a(spi_msp432.cpp.o)
                0x0000000000004718                spi_msp432::generateCS(bool)
 .text._ZN10spi_msp4325setCSEb
                0x0000000000004730       0x28 /home/student/git/YAHAL/libYAHAL_msp432.a(spi_msp432.cpp.o)
                0x0000000000004730                spi_msp432::setCS(bool)
 .text.EUSCIA0_SPI_IRQHandler
                0x0000000000004758       0x2c /home/student/git/YAHAL/libYAHAL_msp432.a(spi_msp432.cpp.o)
                0x0000000000004758                EUSCIA0_SPI_IRQHandler
 .text.EUSCIA1_SPI_IRQHandler
                0x0000000000004784       0x30 /home/student/git/YAHAL/libYAHAL_msp432.a(spi_msp432.cpp.o)
                0x0000000000004784                EUSCIA1_SPI_IRQHandler
 .text.EUSCIA2_SPI_IRQHandler
                0x00000000000047b4       0x30 /home/student/git/YAHAL/libYAHAL_msp432.a(spi_msp432.cpp.o)
                0x00000000000047b4                EUSCIA2_SPI_IRQHandler
 .text.EUSCIA3_SPI_IRQHandler
                0x00000000000047e4       0x30 /home/student/git/YAHAL/libYAHAL_msp432.a(spi_msp432.cpp.o)
                0x00000000000047e4                EUSCIA3_SPI_IRQHandler
 .text.EUSCIB0_SPI_IRQHandler
                0x0000000000004814       0x30 /home/student/git/YAHAL/libYAHAL_msp432.a(spi_msp432.cpp.o)
                0x0000000000004814                EUSCIB0_SPI_IRQHandler
 .text.EUSCIB1_SPI_IRQHandler
                0x0000000000004844       0x30 /home/student/git/YAHAL/libYAHAL_msp432.a(spi_msp432.cpp.o)
                0x0000000000004844                EUSCIB1_SPI_IRQHandler
 .text.EUSCIB2_SPI_IRQHandler
                0x0000000000004874       0x30 /home/student/git/YAHAL/libYAHAL_msp432.a(spi_msp432.cpp.o)
                0x0000000000004874                EUSCIB2_SPI_IRQHandler
 .text.EUSCIB3_SPI_IRQHandler
                0x00000000000048a4       0x30 /home/student/git/YAHAL/libYAHAL_msp432.a(spi_msp432.cpp.o)
                0x00000000000048a4                EUSCIB3_SPI_IRQHandler
 .text.startup._GLOBAL__sub_I_SPI_CLK
                0x00000000000048d4       0x40 /home/student/git/YAHAL/libYAHAL_msp432.a(spi_msp432.cpp.o)
 .text.PendSV_Handler
                0x0000000000004914       0x6c /home/student/git/YAHAL/libYAHAL_msp432.a(task_msp432.cpp.o)
                0x0000000000004914                PendSV_Handler
 .text.SVC_Handler
                0x0000000000004980       0x24 /home/student/git/YAHAL/libYAHAL_msp432.a(task_msp432.cpp.o)
                0x0000000000004980                SVC_Handler
 .text.SVC_Handler_C
                0x00000000000049a4       0xac /home/student/git/YAHAL/libYAHAL_msp432.a(task_msp432.cpp.o)
                0x00000000000049a4                SVC_Handler_C
 .text._ZN9task_idleD2Ev
                0x0000000000004a50       0x14 /home/student/git/YAHAL/libYAHAL_msp432.a(task_msp432.cpp.o)
                0x0000000000004a50                task_idle::~task_idle()
                0x0000000000004a50                task_idle::~task_idle()
 .text._ZN9task_idleD0Ev
                0x0000000000004a64       0x1c /home/student/git/YAHAL/libYAHAL_msp432.a(task_msp432.cpp.o)
                0x0000000000004a64                task_idle::~task_idle()
 .text._ZL17yahal_assert_funcv
                0x0000000000004a80        0x4 /home/student/git/YAHAL/libYAHAL_msp432.a(task_msp432.cpp.o)
 .text._ZN9task_idle3runEv
                0x0000000000004a84        0x4 /home/student/git/YAHAL/libYAHAL_msp432.a(task_msp432.cpp.o)
                0x0000000000004a84                task_idle::run()
 .text._ZN4task13_switchToNextEv
                0x0000000000004a88       0x14 /home/student/git/YAHAL/libYAHAL_msp432.a(task_msp432.cpp.o)
                0x0000000000004a88                task::_switchToNext()
 .text._ZN4task13_getStackBaseEv
                0x0000000000004a9c        0xc /home/student/git/YAHAL/libYAHAL_msp432.a(task_msp432.cpp.o)
                0x0000000000004a9c                task::_getStackBase()
 .text._ZN4task12_getStackPtrEv
                0x0000000000004aa8        0xc /home/student/git/YAHAL/libYAHAL_msp432.a(task_msp432.cpp.o)
                0x0000000000004aa8                task::_getStackPtr()
 .text._ZN4task12_setStackPtrEPh
                0x0000000000004ab4        0xc /home/student/git/YAHAL/libYAHAL_msp432.a(task_msp432.cpp.o)
                0x0000000000004ab4                task::_setStackPtr(unsigned char*)
 .text._ZN4task12_setup_stackEb
                0x0000000000004ac0       0x34 /home/student/git/YAHAL/libYAHAL_msp432.a(task_msp432.cpp.o)
                0x0000000000004ac0                task::_setup_stack(bool)
 .text._ZN4task15_context_switchEv
                0x0000000000004af4       0x10 /home/student/git/YAHAL/libYAHAL_msp432.a(task_msp432.cpp.o)
                0x0000000000004af4                task::_context_switch()
 .text._ZN4task12_nonOS_sleepEm
                0x0000000000004b04       0x44 /home/student/git/YAHAL/libYAHAL_msp432.a(task_msp432.cpp.o)
                0x0000000000004b04                task::_nonOS_sleep(unsigned long)
 .text._ZN4task15start_schedulerEv
                0x0000000000004b48        0x4 /home/student/git/YAHAL/libYAHAL_msp432.a(task_msp432.cpp.o)
                0x0000000000004b48                task::start_scheduler()
 .text._ZN4task5yieldEv
                0x0000000000004b4c        0x4 /home/student/git/YAHAL/libYAHAL_msp432.a(task_msp432.cpp.o)
                0x0000000000004b4c                task::yield()
 .text._ZN4task9cpu_sleepEv
                0x0000000000004b50        0x4 /home/student/git/YAHAL/libYAHAL_msp432.a(task_msp432.cpp.o)
                0x0000000000004b50                task::cpu_sleep()
 .text._ZN4task13enterCriticalEv
                0x0000000000004b54        0xc /home/student/git/YAHAL/libYAHAL_msp432.a(task_msp432.cpp.o)
                0x0000000000004b54                task::enterCritical()
 .text._ZN4task13leaveCriticalEv
                0x0000000000004b60        0x8 /home/student/git/YAHAL/libYAHAL_msp432.a(task_msp432.cpp.o)
                0x0000000000004b60                task::leaveCritical()
 .text._ZNK4task12isPrivilegedEv
                0x0000000000004b68       0x24 /home/student/git/YAHAL/libYAHAL_msp432.a(task_msp432.cpp.o)
                0x0000000000004b68                task::isPrivileged() const
 .text._ZNK4task12isUsingFloatEv
                0x0000000000004b8c       0x20 /home/student/git/YAHAL/libYAHAL_msp432.a(task_msp432.cpp.o)
                0x0000000000004b8c                task::isUsingFloat() const
 .text.SysTick_Handler
                0x0000000000004bac        0x4 /home/student/git/YAHAL/libYAHAL_msp432.a(task_msp432.cpp.o)
                0x0000000000004bac                SysTick_Handler
 .text._ZN11gpio_msp432D2Ev
                0x0000000000004bb0       0x34 /home/student/git/YAHAL/libYAHAL_msp432.a(gpio_msp432.cpp.o)
                0x0000000000004bb0                gpio_msp432::~gpio_msp432()
                0x0000000000004bb0                gpio_msp432::~gpio_msp432()
 .text._ZN11gpio_msp4328gpioReadEt
                0x0000000000004be4       0x28 /home/student/git/YAHAL/libYAHAL_msp432.a(gpio_msp432.cpp.o)
                0x0000000000004be4                gpio_msp432::gpioRead(unsigned short)
 .text._ZN11gpio_msp4329gpioWriteEtb
                0x0000000000004c0c       0xe0 /home/student/git/YAHAL/libYAHAL_msp432.a(gpio_msp432.cpp.o)
                0x0000000000004c0c                gpio_msp432::gpioWrite(unsigned short, bool)
 .text._ZN11gpio_msp43213gpioEnableIrqEt
                0x0000000000004cec       0x50 /home/student/git/YAHAL/libYAHAL_msp432.a(gpio_msp432.cpp.o)
                0x0000000000004cec                gpio_msp432::gpioEnableIrq(unsigned short)
 .text._ZN11gpio_msp43214gpioDisableIrqEt
                0x0000000000004d3c       0x28 /home/student/git/YAHAL/libYAHAL_msp432.a(gpio_msp432.cpp.o)
                0x0000000000004d3c                gpio_msp432::gpioDisableIrq(unsigned short)
 .text._ZN11gpio_msp432D0Ev
                0x0000000000004d64       0x48 /home/student/git/YAHAL/libYAHAL_msp432.a(gpio_msp432.cpp.o)
                0x0000000000004d64                gpio_msp432::~gpio_msp432()
 .text._ZN11gpio_msp43213gpioDetachIrqEt
                0x0000000000004dac       0x5c /home/student/git/YAHAL/libYAHAL_msp432.a(gpio_msp432.cpp.o)
                0x0000000000004dac                gpio_msp432::gpioDetachIrq(unsigned short)
 .text._ZN11gpio_msp43213gpioAttachIrqEttSt8functionIFvvEE
                0x0000000000004e08      0x174 /home/student/git/YAHAL/libYAHAL_msp432.a(gpio_msp432.cpp.o)
                0x0000000000004e08                gpio_msp432::gpioAttachIrq(unsigned short, unsigned short, std::function<void ()>)
 .text._ZN11gpio_msp4328gpioModeEtt
                0x0000000000004f7c      0x14c /home/student/git/YAHAL/libYAHAL_msp432.a(gpio_msp432.cpp.o)
                0x0000000000004f7c                gpio_msp432::gpioMode(unsigned short, unsigned short)
 .text._ZN11gpio_msp43210gpioToggleEt
                0x00000000000050c8       0xf4 /home/student/git/YAHAL/libYAHAL_msp432.a(gpio_msp432.cpp.o)
                0x00000000000050c8                gpio_msp432::gpioToggle(unsigned short)
 .text._ZN11gpio_msp4329handleIrqEhh
                0x00000000000051bc       0x54 /home/student/git/YAHAL/libYAHAL_msp432.a(gpio_msp432.cpp.o)
                0x00000000000051bc                gpio_msp432::handleIrq(unsigned char, unsigned char)
 .text._ZN11gpio_msp4326setSELEth
                0x0000000000005210       0x3c /home/student/git/YAHAL/libYAHAL_msp432.a(gpio_msp432.cpp.o)
                0x0000000000005210                gpio_msp432::setSEL(unsigned short, unsigned char)
 .text._ZN11gpio_msp4327setModeEtt
                0x000000000000524c      0x134 /home/student/git/YAHAL/libYAHAL_msp432.a(gpio_msp432.cpp.o)
                0x000000000000524c                gpio_msp432::setMode(unsigned short, unsigned short)
 .text.PORT1_IRQHandler
                0x0000000000005380       0x5c /home/student/git/YAHAL/libYAHAL_msp432.a(gpio_msp432.cpp.o)
                0x0000000000005380                PORT1_IRQHandler
 .text.PORT2_IRQHandler
                0x00000000000053dc       0x60 /home/student/git/YAHAL/libYAHAL_msp432.a(gpio_msp432.cpp.o)
                0x00000000000053dc                PORT2_IRQHandler
 .text.PORT3_IRQHandler
                0x000000000000543c       0x64 /home/student/git/YAHAL/libYAHAL_msp432.a(gpio_msp432.cpp.o)
                0x000000000000543c                PORT3_IRQHandler
 .text.PORT4_IRQHandler
                0x00000000000054a0       0x64 /home/student/git/YAHAL/libYAHAL_msp432.a(gpio_msp432.cpp.o)
                0x00000000000054a0                PORT4_IRQHandler
 .text.PORT5_IRQHandler
                0x0000000000005504       0x64 /home/student/git/YAHAL/libYAHAL_msp432.a(gpio_msp432.cpp.o)
                0x0000000000005504                PORT5_IRQHandler
 .text.PORT6_IRQHandler
                0x0000000000005568       0x64 /home/student/git/YAHAL/libYAHAL_msp432.a(gpio_msp432.cpp.o)
                0x0000000000005568                PORT6_IRQHandler
 .text.startup._GLOBAL__sub_I_port_base
                0x00000000000055cc       0xd0 /home/student/git/YAHAL/libYAHAL_msp432.a(gpio_msp432.cpp.o)
 .text._ZN10dma_msp432C2Ev
                0x000000000000569c       0x6c /home/student/git/YAHAL/libYAHAL_msp432.a(dma_msp432.cpp.o)
                0x000000000000569c                dma_msp432::dma_msp432()
                0x000000000000569c                dma_msp432::dma_msp432()
 .text._ZN10dma_msp4324instEv
                0x0000000000005708        0x8 /home/student/git/YAHAL/libYAHAL_msp432.a(dma_msp432.cpp.o)
                0x0000000000005708                dma_msp432::inst()
 .text.startup._GLOBAL__sub_I__ZN10dma_msp4325_instE
                0x0000000000005710       0x74 /home/student/git/YAHAL/libYAHAL_msp432.a(dma_msp432.cpp.o)
 .text._ZNSt8functionIFvvEED2Ev
                0x0000000000005784       0x14 /home/student/git/YAHAL/libYAHAL_msp432.a(timer_msp432.cpp.o)
                0x0000000000005784                std::function<void ()>::~function()
                0x0000000000005784                std::function<void ()>::~function()
 .text._ZN12timer_msp432D2Ev
                0x0000000000005798        0x8 /home/student/git/YAHAL/libYAHAL_msp432.a(timer_msp432.cpp.o)
                0x0000000000005798                timer_msp432::~timer_msp432()
                0x0000000000005798                timer_msp432::~timer_msp432()
 .text._ZN12timer_msp4329getPeriodEv
                0x00000000000057a0        0x4 /home/student/git/YAHAL/libYAHAL_msp432.a(timer_msp432.cpp.o)
                0x00000000000057a0                timer_msp432::getPeriod()
 .text._ZN12timer_msp4325startEv
                0x00000000000057a4        0xc /home/student/git/YAHAL/libYAHAL_msp432.a(timer_msp432.cpp.o)
                0x00000000000057a4                timer_msp432::start()
 .text._ZN12timer_msp4324stopEv
                0x00000000000057b0        0xc /home/student/git/YAHAL/libYAHAL_msp432.a(timer_msp432.cpp.o)
                0x00000000000057b0                timer_msp432::stop()
 .text._ZN12timer_msp4329isRunningEv
                0x00000000000057bc        0xc /home/student/git/YAHAL/libYAHAL_msp432.a(timer_msp432.cpp.o)
                0x00000000000057bc                timer_msp432::isRunning()
 .text._ZN12timer_msp43210getCounterEv
                0x00000000000057c8       0x10 /home/student/git/YAHAL/libYAHAL_msp432.a(timer_msp432.cpp.o)
                0x00000000000057c8                timer_msp432::getCounter()
 .text._ZN12timer_msp43212resetCounterEv
                0x00000000000057d8        0x8 /home/student/git/YAHAL/libYAHAL_msp432.a(timer_msp432.cpp.o)
                0x00000000000057d8                timer_msp432::resetCounter()
 .text._ZN12timer_msp432D0Ev
                0x00000000000057e0       0x14 /home/student/git/YAHAL/libYAHAL_msp432.a(timer_msp432.cpp.o)
                0x00000000000057e0                timer_msp432::~timer_msp432()
 .text._ZN12timer_msp4329setPeriodEmN5TIMER10timer_modeE
                0x00000000000057f4       0x34 /home/student/git/YAHAL/libYAHAL_msp432.a(timer_msp432.cpp.o)
                0x00000000000057f4                timer_msp432::setPeriod(unsigned long, TIMER::timer_mode)
 .text._ZN12timer_msp43211setCallbackESt8functionIFvvEE
                0x0000000000005828       0x84 /home/student/git/YAHAL/libYAHAL_msp432.a(timer_msp432.cpp.o)
                0x0000000000005828                timer_msp432::setCallback(std::function<void ()>)
 *fill*         0x00000000000058ac        0x4 
 .text._ZN12timer_msp432C2EP12Timer32_Type
                0x00000000000058b0       0x7c /home/student/git/YAHAL/libYAHAL_msp432.a(timer_msp432.cpp.o)
                0x00000000000058b0                timer_msp432::timer_msp432(Timer32_Type*)
                0x00000000000058b0                timer_msp432::timer_msp432(Timer32_Type*)
 .text._ZN12timer_msp43213setNanoPeriodEmN5TIMER10timer_modeE
                0x000000000000592c       0x3c /home/student/git/YAHAL/libYAHAL_msp432.a(timer_msp432.cpp.o)
                0x000000000000592c                timer_msp432::setNanoPeriod(unsigned long, TIMER::timer_mode)
 .text._ZN12timer_msp43213getNanoPeriodEv
                0x0000000000005968        0x4 /home/student/git/YAHAL/libYAHAL_msp432.a(timer_msp432.cpp.o)
                0x0000000000005968                timer_msp432::getNanoPeriod()
 .text.T32_INT1_IRQHandler
                0x000000000000596c       0x28 /home/student/git/YAHAL/libYAHAL_msp432.a(timer_msp432.cpp.o)
                0x000000000000596c                T32_INT1_IRQHandler
 .text.T32_INT2_IRQHandler
                0x0000000000005994       0x28 /home/student/git/YAHAL/libYAHAL_msp432.a(timer_msp432.cpp.o)
                0x0000000000005994                T32_INT2_IRQHandler
 .text.startup._GLOBAL__sub_I__ZN12timer_msp43212_intHandler1E
                0x00000000000059bc       0x30 /home/student/git/YAHAL/libYAHAL_msp432.a(timer_msp432.cpp.o)
 .text._ZN14irq_dispatcher7link_inEv
                0x00000000000059ec        0x4 /home/student/git/YAHAL/libYAHAL_msp432.a(irq_dispatcher.cpp.o)
                0x00000000000059ec                irq_dispatcher::link_in()
 .text.Default_EUSCI_Handler
                0x00000000000059f0        0x4 /home/student/git/YAHAL/libYAHAL_msp432.a(irq_dispatcher.cpp.o)
                0x00000000000059f0                EUSCIB0_I2C_IRQHandler
                0x00000000000059f0                EUSCIB2_I2C_IRQHandler
                0x00000000000059f0                Default_EUSCI_Handler
                0x00000000000059f0                EUSCIB1_I2C_IRQHandler
                0x00000000000059f0                EUSCIB3_I2C_IRQHandler
 .text.EUSCIA0_IRQHandler
                0x00000000000059f4       0x1c /home/student/git/YAHAL/libYAHAL_msp432.a(irq_dispatcher.cpp.o)
                0x00000000000059f4                EUSCIA0_IRQHandler
 .text.EUSCIA1_IRQHandler
                0x0000000000005a10       0x1c /home/student/git/YAHAL/libYAHAL_msp432.a(irq_dispatcher.cpp.o)
                0x0000000000005a10                EUSCIA1_IRQHandler
 .text.EUSCIA2_IRQHandler
                0x0000000000005a2c       0x1c /home/student/git/YAHAL/libYAHAL_msp432.a(irq_dispatcher.cpp.o)
                0x0000000000005a2c                EUSCIA2_IRQHandler
 .text.EUSCIA3_IRQHandler
                0x0000000000005a48       0x1c /home/student/git/YAHAL/libYAHAL_msp432.a(irq_dispatcher.cpp.o)
                0x0000000000005a48                EUSCIA3_IRQHandler
 .text.EUSCIB0_IRQHandler
                0x0000000000005a64       0x20 /home/student/git/YAHAL/libYAHAL_msp432.a(irq_dispatcher.cpp.o)
                0x0000000000005a64                EUSCIB0_IRQHandler
 .text.EUSCIB1_IRQHandler
                0x0000000000005a84       0x20 /home/student/git/YAHAL/libYAHAL_msp432.a(irq_dispatcher.cpp.o)
                0x0000000000005a84                EUSCIB1_IRQHandler
 .text.EUSCIB2_IRQHandler
                0x0000000000005aa4       0x20 /home/student/git/YAHAL/libYAHAL_msp432.a(irq_dispatcher.cpp.o)
                0x0000000000005aa4                EUSCIB2_IRQHandler
 .text.EUSCIB3_IRQHandler
                0x0000000000005ac4       0x20 /home/student/git/YAHAL/libYAHAL_msp432.a(irq_dispatcher.cpp.o)
                0x0000000000005ac4                EUSCIB3_IRQHandler
 .text._ZN11uart_msp4328uartModeEt
                0x0000000000005ae4       0xb4 /home/student/git/YAHAL/libYAHAL_msp432.a(uart_msp432.cpp.o)
                0x0000000000005ae4                uart_msp432::uartMode(unsigned short)
 .text._ZN11uart_msp43211setBaudrateEm
                0x0000000000005b98       0x18 /home/student/git/YAHAL/libYAHAL_msp432.a(uart_msp432.cpp.o)
                0x0000000000005b98                uart_msp432::setBaudrate(unsigned long)
 .text._ZN11uart_msp43213uartEnableIrqEv
                0x0000000000005bb0        0x8 /home/student/git/YAHAL/libYAHAL_msp432.a(uart_msp432.cpp.o)
                0x0000000000005bb0                uart_msp432::uartEnableIrq()
 .text._ZN11uart_msp43214uartDisableIrqEv
                0x0000000000005bb8        0x8 /home/student/git/YAHAL/libYAHAL_msp432.a(uart_msp432.cpp.o)
                0x0000000000005bb8                uart_msp432::uartDisableIrq()
 .text.__tcf_0  0x0000000000005bc0       0x28 /home/student/git/YAHAL/libYAHAL_msp432.a(uart_msp432.cpp.o)
 .text._ZN11uart_msp432D0Ev
                0x0000000000005be8       0x54 /home/student/git/YAHAL/libYAHAL_msp432.a(uart_msp432.cpp.o)
                0x0000000000005be8                uart_msp432::~uart_msp432()
 .text._ZN11uart_msp432D2Ev
                0x0000000000005c3c       0x48 /home/student/git/YAHAL/libYAHAL_msp432.a(uart_msp432.cpp.o)
                0x0000000000005c3c                uart_msp432::~uart_msp432()
                0x0000000000005c3c                uart_msp432::~uart_msp432()
 .text._ZN11uart_msp4329availableEv
                0x0000000000005c84      0x100 /home/student/git/YAHAL/libYAHAL_msp432.a(uart_msp432.cpp.o)
                0x0000000000005c84                uart_msp432::available()
 .text._ZN11uart_msp432C2EP12EUSCI_A_Typemt
                0x0000000000005d84       0x24 /home/student/git/YAHAL/libYAHAL_msp432.a(uart_msp432.cpp.o)
                0x0000000000005d84                uart_msp432::uart_msp432(EUSCI_A_Type*, unsigned long, unsigned short)
                0x0000000000005d84                uart_msp432::uart_msp432(EUSCI_A_Type*, unsigned long, unsigned short)
 .text._ZN11uart_msp4324initEv
                0x0000000000005da8       0xec /home/student/git/YAHAL/libYAHAL_msp432.a(uart_msp432.cpp.o)
                0x0000000000005da8                uart_msp432::init()
 .text._ZN11uart_msp4324getcEv
                0x0000000000005e94       0x1c /home/student/git/YAHAL/libYAHAL_msp432.a(uart_msp432.cpp.o)
                0x0000000000005e94                uart_msp432::getc()
 .text._ZN11uart_msp4324putcEc
                0x0000000000005eb0       0x20 /home/student/git/YAHAL/libYAHAL_msp432.a(uart_msp432.cpp.o)
                0x0000000000005eb0                uart_msp432::putc(char)
 .text._ZN11uart_msp43213uartDetachIrqEv
                0x0000000000005ed0       0x50 /home/student/git/YAHAL/libYAHAL_msp432.a(uart_msp432.cpp.o)
                0x0000000000005ed0                uart_msp432::uartDetachIrq()
 .text._ZN11uart_msp43213uartAttachIrqESt8functionIFvcEE
                0x0000000000005f20       0x90 /home/student/git/YAHAL/libYAHAL_msp432.a(uart_msp432.cpp.o)
                0x0000000000005f20                uart_msp432::uartAttachIrq(std::function<void (char)>)
 .text._ZN11uart_msp4324putsEPKc
                0x0000000000005fb0       0x58 /home/student/git/YAHAL/libYAHAL_msp432.a(uart_msp432.cpp.o)
                0x0000000000005fb0                uart_msp432::puts(char const*)
 .text._ZN11uart_msp4329handleIrqEP12EUSCI_A_Type
                0x0000000000006008       0x2c /home/student/git/YAHAL/libYAHAL_msp432.a(uart_msp432.cpp.o)
                0x0000000000006008                uart_msp432::handleIrq(EUSCI_A_Type*)
 .text.EUSCIA0_UART_IRQHandler
                0x0000000000006034       0x2c /home/student/git/YAHAL/libYAHAL_msp432.a(uart_msp432.cpp.o)
                0x0000000000006034                EUSCIA0_UART_IRQHandler
 .text.EUSCIA1_UART_IRQHandler
                0x0000000000006060       0x30 /home/student/git/YAHAL/libYAHAL_msp432.a(uart_msp432.cpp.o)
                0x0000000000006060                EUSCIA1_UART_IRQHandler
 .text.EUSCIA2_UART_IRQHandler
                0x0000000000006090       0x30 /home/student/git/YAHAL/libYAHAL_msp432.a(uart_msp432.cpp.o)
                0x0000000000006090                EUSCIA2_UART_IRQHandler
 .text.EUSCIA3_UART_IRQHandler
                0x00000000000060c0       0x30 /home/student/git/YAHAL/libYAHAL_msp432.a(uart_msp432.cpp.o)
                0x00000000000060c0                EUSCIA3_UART_IRQHandler
 .text.startup._GLOBAL__sub_I_UART_CLK
                0x00000000000060f0       0x38 /home/student/git/YAHAL/libYAHAL_msp432.a(uart_msp432.cpp.o)
 .text._ZN4task3runEv
                0x0000000000006128       0x10 /home/student/git/YAHAL/libYAHAL_msp432.a(task.cpp.o)
                0x0000000000006128                task::run()
 .text._ZN4taskD2Ev
                0x0000000000006138       0x7c /home/student/git/YAHAL/libYAHAL_msp432.a(task.cpp.o)
                0x0000000000006138                task::~task()
                0x0000000000006138                task::~task()
 .text._ZN4taskD0Ev
                0x00000000000061b4       0x84 /home/student/git/YAHAL/libYAHAL_msp432.a(task.cpp.o)
                0x00000000000061b4                task::~task()
 .text._ZN4taskC2ESt8functionIFvvEEPKct
                0x0000000000006238       0xa4 /home/student/git/YAHAL/libYAHAL_msp432.a(task.cpp.o)
                0x0000000000006238                task::task(std::function<void ()>, char const*, unsigned short)
                0x0000000000006238                task::task(std::function<void ()>, char const*, unsigned short)
 .text._ZN4taskC2EPKct
                0x00000000000062dc       0x48 /home/student/git/YAHAL/libYAHAL_msp432.a(task.cpp.o)
                0x00000000000062dc                task::task(char const*, unsigned short)
                0x00000000000062dc                task::task(char const*, unsigned short)
 .text._ZN4task5startEtb
                0x0000000000006324       0x7c /home/student/git/YAHAL/libYAHAL_msp432.a(task.cpp.o)
                0x0000000000006324                task::start(unsigned short, bool)
 .text._ZN4task4stopEv
                0x00000000000063a0       0x58 /home/student/git/YAHAL/libYAHAL_msp432.a(task.cpp.o)
                0x00000000000063a0                task::stop()
 .text._ZN4task5sleepEm
                0x00000000000063f8       0x44 /home/student/git/YAHAL/libYAHAL_msp432.a(task.cpp.o)
                0x00000000000063f8                task::sleep(unsigned long)
 .text._ZN4task7suspendEv
                0x000000000000643c        0x8 /home/student/git/YAHAL/libYAHAL_msp432.a(task.cpp.o)
                0x000000000000643c                task::suspend()
 .text._ZN4task6resumeEv
                0x0000000000006444        0x8 /home/student/git/YAHAL/libYAHAL_msp432.a(task.cpp.o)
                0x0000000000006444                task::resume()
 .text._ZN4task5blockEP19lock_base_interface
                0x000000000000644c        0x8 /home/student/git/YAHAL/libYAHAL_msp432.a(task.cpp.o)
                0x000000000000644c                task::block(lock_base_interface*)
 .text._ZN4task4joinEv
                0x0000000000006454       0x1c /home/student/git/YAHAL/libYAHAL_msp432.a(task.cpp.o)
                0x0000000000006454                task::join()
 .text._ZN4task12getUsedStackEv
                0x0000000000006470       0x38 /home/student/git/YAHAL/libYAHAL_msp432.a(task.cpp.o)
                0x0000000000006470                task::getUsedStack()
 .text._ZN4task13getDeltaTicksEv
                0x00000000000064a8        0xc /home/student/git/YAHAL/libYAHAL_msp432.a(task.cpp.o)
                0x00000000000064a8                task::getDeltaTicks()
 .text._ZN4task4_runEv
                0x00000000000064b4       0x78 /home/student/git/YAHAL/libYAHAL_msp432.a(task.cpp.o)
                0x00000000000064b4                task::_run()
 .text._ZN4task10_schedulerEv
                0x000000000000652c       0xa4 /home/student/git/YAHAL/libYAHAL_msp432.a(task.cpp.o)
                0x000000000000652c                task::_scheduler()
 .text._ZN4task13_tick_handlerEv
                0x00000000000065d0       0x2c /home/student/git/YAHAL/libYAHAL_msp432.a(task.cpp.o)
                0x00000000000065d0                task::_tick_handler()
 .text.startup._GLOBAL__sub_I__ZN4task9_up_ticksE
                0x00000000000065fc       0x14 /home/student/git/YAHAL/libYAHAL_msp432.a(task.cpp.o)
 .text._read    0x0000000000006610       0x90 /home/student/git/YAHAL/libYAHAL_msp432.a(posix_io.cpp.o)
                0x0000000000006610                _read
 .text._write   0x00000000000066a0       0xcc /home/student/git/YAHAL/libYAHAL_msp432.a(posix_io.cpp.o)
                0x00000000000066a0                _write
 .text._open    0x000000000000676c       0x30 /home/student/git/YAHAL/libYAHAL_msp432.a(posix_io.cpp.o)
                0x000000000000676c                _open
 .text._close   0x000000000000679c       0x24 /home/student/git/YAHAL/libYAHAL_msp432.a(posix_io.cpp.o)
                0x000000000000679c                _close
 .text._link    0x00000000000067c0       0x2c /home/student/git/YAHAL/libYAHAL_msp432.a(posix_io.cpp.o)
                0x00000000000067c0                _link
 .text._unlink  0x00000000000067ec       0x24 /home/student/git/YAHAL/libYAHAL_msp432.a(posix_io.cpp.o)
                0x00000000000067ec                _unlink
 .text._stat    0x0000000000006810       0x28 /home/student/git/YAHAL/libYAHAL_msp432.a(posix_io.cpp.o)
                0x0000000000006810                _stat
 .text._fstat   0x0000000000006838       0x28 /home/student/git/YAHAL/libYAHAL_msp432.a(posix_io.cpp.o)
                0x0000000000006838                _fstat
 .text._lseek   0x0000000000006860       0x24 /home/student/git/YAHAL/libYAHAL_msp432.a(posix_io.cpp.o)
                0x0000000000006860                _lseek
 .text._isatty  0x0000000000006884       0x2c /home/student/git/YAHAL/libYAHAL_msp432.a(posix_io.cpp.o)
                0x0000000000006884                _isatty
 .text._ZN8posix_io14register_stdinER14uart_interfaceb
                0x00000000000068b0       0x18 /home/student/git/YAHAL/libYAHAL_msp432.a(posix_io.cpp.o)
                0x00000000000068b0                posix_io::register_stdin(uart_interface&, bool)
 .text._ZN8posix_io15register_stdoutER14uart_interfaceb
                0x00000000000068c8       0x18 /home/student/git/YAHAL/libYAHAL_msp432.a(posix_io.cpp.o)
                0x00000000000068c8                posix_io::register_stdout(uart_interface&, bool)
 .text._ZN8posix_io15register_stderrER14uart_interfaceb
                0x00000000000068e0       0x18 /home/student/git/YAHAL/libYAHAL_msp432.a(posix_io.cpp.o)
                0x00000000000068e0                posix_io::register_stderr(uart_interface&, bool)
 .text._ZN8posix_io15register_fileioER18posix_io_interface
                0x00000000000068f8        0x4 /home/student/git/YAHAL/libYAHAL_msp432.a(posix_io.cpp.o)
                0x00000000000068f8                posix_io::register_fileio(posix_io_interface&)
 .text.startup._GLOBAL__sub_I__ZN8posix_io4instE
                0x00000000000068fc       0x18 /home/student/git/YAHAL/libYAHAL_msp432.a(posix_io.cpp.o)
 .text.__yahal_bad_function_call
                0x0000000000006914        0x4 /home/student/git/YAHAL/libYAHAL_msp432.a(cpp_support.cpp.o)
                0x0000000000006914                __yahal_bad_function_call
                0x0000000000006914                std::__throw_bad_function_call()
 .text.abort    0x0000000000006918        0xe /opt/ti/ccs1020/ccs/tools/compiler/gcc-arm-none-eabi-7-2017-q4-major/bin/../lib/gcc/arm-none-eabi/7.2.1/../../../../arm-none-eabi/lib/thumb/v7e-m/fpv4-sp/hard/libc_nano.a(lib_a-abort.o)
                0x0000000000006918                abort
 .text.__aeabi_atexit
                0x0000000000006926        0xa /opt/ti/ccs1020/ccs/tools/compiler/gcc-arm-none-eabi-7-2017-q4-major/bin/../lib/gcc/arm-none-eabi/7.2.1/../../../../arm-none-eabi/lib/thumb/v7e-m/fpv4-sp/hard/libc_nano.a(lib_a-aeabi_atexit.o)
                0x0000000000006926                __aeabi_atexit
 .text.__cxa_atexit
                0x0000000000006930       0x1c /opt/ti/ccs1020/ccs/tools/compiler/gcc-arm-none-eabi-7-2017-q4-major/bin/../lib/gcc/arm-none-eabi/7.2.1/../../../../arm-none-eabi/lib/thumb/v7e-m/fpv4-sp/hard/libc_nano.a(lib_a-cxa_atexit.o)
                0x0000000000006930                __cxa_atexit
 .text.__errno  0x000000000000694c        0xc /opt/ti/ccs1020/ccs/tools/compiler/gcc-arm-none-eabi-7-2017-q4-major/bin/../lib/gcc/arm-none-eabi/7.2.1/../../../../arm-none-eabi/lib/thumb/v7e-m/fpv4-sp/hard/libc_nano.a(lib_a-errno.o)
                0x000000000000694c                __errno
 .text.exit     0x0000000000006958       0x28 /opt/ti/ccs1020/ccs/tools/compiler/gcc-arm-none-eabi-7-2017-q4-major/bin/../lib/gcc/arm-none-eabi/7.2.1/../../../../arm-none-eabi/lib/thumb/v7e-m/fpv4-sp/hard/libc_nano.a(lib_a-exit.o)
                0x0000000000006958                exit
 .text.__sflush_r
                0x0000000000006980      0x10c /opt/ti/ccs1020/ccs/tools/compiler/gcc-arm-none-eabi-7-2017-q4-major/bin/../lib/gcc/arm-none-eabi/7.2.1/../../../../arm-none-eabi/lib/thumb/v7e-m/fpv4-sp/hard/libc_nano.a(lib_a-fflush.o)
                0x0000000000006980                __sflush_r
 .text._fflush_r
                0x0000000000006a8c       0x54 /opt/ti/ccs1020/ccs/tools/compiler/gcc-arm-none-eabi-7-2017-q4-major/bin/../lib/gcc/arm-none-eabi/7.2.1/../../../../arm-none-eabi/lib/thumb/v7e-m/fpv4-sp/hard/libc_nano.a(lib_a-fflush.o)
                0x0000000000006a8c                _fflush_r
 .text.fflush   0x0000000000006ae0       0x24 /opt/ti/ccs1020/ccs/tools/compiler/gcc-arm-none-eabi-7-2017-q4-major/bin/../lib/gcc/arm-none-eabi/7.2.1/../../../../arm-none-eabi/lib/thumb/v7e-m/fpv4-sp/hard/libc_nano.a(lib_a-fflush.o)
                0x0000000000006ae0                fflush
 .text.__fp_lock
                0x0000000000006b04        0x4 /opt/ti/ccs1020/ccs/tools/compiler/gcc-arm-none-eabi-7-2017-q4-major/bin/../lib/gcc/arm-none-eabi/7.2.1/../../../../arm-none-eabi/lib/thumb/v7e-m/fpv4-sp/hard/libc_nano.a(lib_a-findfp.o)
 .text.std      0x0000000000006b08       0x48 /opt/ti/ccs1020/ccs/tools/compiler/gcc-arm-none-eabi-7-2017-q4-major/bin/../lib/gcc/arm-none-eabi/7.2.1/../../../../arm-none-eabi/lib/thumb/v7e-m/fpv4-sp/hard/libc_nano.a(lib_a-findfp.o)
 .text._cleanup_r
                0x0000000000006b50        0xc /opt/ti/ccs1020/ccs/tools/compiler/gcc-arm-none-eabi-7-2017-q4-major/bin/../lib/gcc/arm-none-eabi/7.2.1/../../../../arm-none-eabi/lib/thumb/v7e-m/fpv4-sp/hard/libc_nano.a(lib_a-findfp.o)
                0x0000000000006b50                _cleanup_r
 .text.__fp_unlock
                0x0000000000006b5c        0x4 /opt/ti/ccs1020/ccs/tools/compiler/gcc-arm-none-eabi-7-2017-q4-major/bin/../lib/gcc/arm-none-eabi/7.2.1/../../../../arm-none-eabi/lib/thumb/v7e-m/fpv4-sp/hard/libc_nano.a(lib_a-findfp.o)
 .text.__sfmoreglue
                0x0000000000006b60       0x2c /opt/ti/ccs1020/ccs/tools/compiler/gcc-arm-none-eabi-7-2017-q4-major/bin/../lib/gcc/arm-none-eabi/7.2.1/../../../../arm-none-eabi/lib/thumb/v7e-m/fpv4-sp/hard/libc_nano.a(lib_a-findfp.o)
                0x0000000000006b60                __sfmoreglue
 .text._cleanup
                0x0000000000006b8c        0xc /opt/ti/ccs1020/ccs/tools/compiler/gcc-arm-none-eabi-7-2017-q4-major/bin/../lib/gcc/arm-none-eabi/7.2.1/../../../../arm-none-eabi/lib/thumb/v7e-m/fpv4-sp/hard/libc_nano.a(lib_a-findfp.o)
                0x0000000000006b8c                _cleanup
 .text.__sinit  0x0000000000006b98       0x60 /opt/ti/ccs1020/ccs/tools/compiler/gcc-arm-none-eabi-7-2017-q4-major/bin/../lib/gcc/arm-none-eabi/7.2.1/../../../../arm-none-eabi/lib/thumb/v7e-m/fpv4-sp/hard/libc_nano.a(lib_a-findfp.o)
                0x0000000000006b98                __sinit
 .text.__sfp    0x0000000000006bf8       0x78 /opt/ti/ccs1020/ccs/tools/compiler/gcc-arm-none-eabi-7-2017-q4-major/bin/../lib/gcc/arm-none-eabi/7.2.1/../../../../arm-none-eabi/lib/thumb/v7e-m/fpv4-sp/hard/libc_nano.a(lib_a-findfp.o)
                0x0000000000006bf8                __sfp
 .text.__sfp_lock_acquire
                0x0000000000006c70        0x2 /opt/ti/ccs1020/ccs/tools/compiler/gcc-arm-none-eabi-7-2017-q4-major/bin/../lib/gcc/arm-none-eabi/7.2.1/../../../../arm-none-eabi/lib/thumb/v7e-m/fpv4-sp/hard/libc_nano.a(lib_a-findfp.o)
                0x0000000000006c70                __sfp_lock_acquire
 .text.__sfp_lock_release
                0x0000000000006c72        0x2 /opt/ti/ccs1020/ccs/tools/compiler/gcc-arm-none-eabi-7-2017-q4-major/bin/../lib/gcc/arm-none-eabi/7.2.1/../../../../arm-none-eabi/lib/thumb/v7e-m/fpv4-sp/hard/libc_nano.a(lib_a-findfp.o)
                0x0000000000006c72                __sfp_lock_release
 .text.__sinit_lock_acquire
                0x0000000000006c74        0x2 /opt/ti/ccs1020/ccs/tools/compiler/gcc-arm-none-eabi-7-2017-q4-major/bin/../lib/gcc/arm-none-eabi/7.2.1/../../../../arm-none-eabi/lib/thumb/v7e-m/fpv4-sp/hard/libc_nano.a(lib_a-findfp.o)
                0x0000000000006c74                __sinit_lock_acquire
 .text.__sinit_lock_release
                0x0000000000006c76        0x2 /opt/ti/ccs1020/ccs/tools/compiler/gcc-arm-none-eabi-7-2017-q4-major/bin/../lib/gcc/arm-none-eabi/7.2.1/../../../../arm-none-eabi/lib/thumb/v7e-m/fpv4-sp/hard/libc_nano.a(lib_a-findfp.o)
                0x0000000000006c76                __sinit_lock_release
 .text.__fp_lock_all
                0x0000000000006c78       0x14 /opt/ti/ccs1020/ccs/tools/compiler/gcc-arm-none-eabi-7-2017-q4-major/bin/../lib/gcc/arm-none-eabi/7.2.1/../../../../arm-none-eabi/lib/thumb/v7e-m/fpv4-sp/hard/libc_nano.a(lib_a-findfp.o)
                0x0000000000006c78                __fp_lock_all
 .text.__fp_unlock_all
                0x0000000000006c8c       0x14 /opt/ti/ccs1020/ccs/tools/compiler/gcc-arm-none-eabi-7-2017-q4-major/bin/../lib/gcc/arm-none-eabi/7.2.1/../../../../arm-none-eabi/lib/thumb/v7e-m/fpv4-sp/hard/libc_nano.a(lib_a-findfp.o)
                0x0000000000006c8c                __fp_unlock_all
 .text._fwalk   0x0000000000006ca0       0x38 /opt/ti/ccs1020/ccs/tools/compiler/gcc-arm-none-eabi-7-2017-q4-major/bin/../lib/gcc/arm-none-eabi/7.2.1/../../../../arm-none-eabi/lib/thumb/v7e-m/fpv4-sp/hard/libc_nano.a(lib_a-fwalk.o)
                0x0000000000006ca0                _fwalk
 .text._fwalk_reent
                0x0000000000006cd8       0x3c /opt/ti/ccs1020/ccs/tools/compiler/gcc-arm-none-eabi-7-2017-q4-major/bin/../lib/gcc/arm-none-eabi/7.2.1/../../../../arm-none-eabi/lib/thumb/v7e-m/fpv4-sp/hard/libc_nano.a(lib_a-fwalk.o)
                0x0000000000006cd8                _fwalk_reent
 .text.__libc_init_array
                0x0000000000006d14       0x48 /opt/ti/ccs1020/ccs/tools/compiler/gcc-arm-none-eabi-7-2017-q4-major/bin/../lib/gcc/arm-none-eabi/7.2.1/../../../../arm-none-eabi/lib/thumb/v7e-m/fpv4-sp/hard/libc_nano.a(lib_a-init.o)
                0x0000000000006d14                __libc_init_array
 .text.memcpy   0x0000000000006d5c       0x16 /opt/ti/ccs1020/ccs/tools/compiler/gcc-arm-none-eabi-7-2017-q4-major/bin/../lib/gcc/arm-none-eabi/7.2.1/../../../../arm-none-eabi/lib/thumb/v7e-m/fpv4-sp/hard/libc_nano.a(lib_a-memcpy-stub.o)
                0x0000000000006d5c                memcpy
 .text.memset   0x0000000000006d72       0x10 /opt/ti/ccs1020/ccs/tools/compiler/gcc-arm-none-eabi-7-2017-q4-major/bin/../lib/gcc/arm-none-eabi/7.2.1/../../../../arm-none-eabi/lib/thumb/v7e-m/fpv4-sp/hard/libc_nano.a(lib_a-memset.o)
                0x0000000000006d72                memset
 *fill*         0x0000000000006d82        0x2 
 .text.mallinfo
                0x0000000000006d84       0x14 /opt/ti/ccs1020/ccs/tools/compiler/gcc-arm-none-eabi-7-2017-q4-major/bin/../lib/gcc/arm-none-eabi/7.2.1/../../../../arm-none-eabi/lib/thumb/v7e-m/fpv4-sp/hard/libc_nano.a(lib_a-mstats.o)
                0x0000000000006d84                mallinfo
 .text.malloc_stats
                0x0000000000006d98        0xc /opt/ti/ccs1020/ccs/tools/compiler/gcc-arm-none-eabi-7-2017-q4-major/bin/../lib/gcc/arm-none-eabi/7.2.1/../../../../arm-none-eabi/lib/thumb/v7e-m/fpv4-sp/hard/libc_nano.a(lib_a-mstats.o)
                0x0000000000006d98                malloc_stats
 .text.mallopt  0x0000000000006da4       0x10 /opt/ti/ccs1020/ccs/tools/compiler/gcc-arm-none-eabi-7-2017-q4-major/bin/../lib/gcc/arm-none-eabi/7.2.1/../../../../arm-none-eabi/lib/thumb/v7e-m/fpv4-sp/hard/libc_nano.a(lib_a-mstats.o)
                0x0000000000006da4                mallopt
 .text._mstats_r
                0x0000000000006db4       0x28 /opt/ti/ccs1020/ccs/tools/compiler/gcc-arm-none-eabi-7-2017-q4-major/bin/../lib/gcc/arm-none-eabi/7.2.1/../../../../arm-none-eabi/lib/thumb/v7e-m/fpv4-sp/hard/libc_nano.a(lib_a-mstats.o)
                0x0000000000006db4                _mstats_r
 .text.mstats   0x0000000000006ddc       0x10 /opt/ti/ccs1020/ccs/tools/compiler/gcc-arm-none-eabi-7-2017-q4-major/bin/../lib/gcc/arm-none-eabi/7.2.1/../../../../arm-none-eabi/lib/thumb/v7e-m/fpv4-sp/hard/libc_nano.a(lib_a-mstats.o)
                0x0000000000006ddc                mstats
 .text._free_r  0x0000000000006dec       0x9c /opt/ti/ccs1020/ccs/tools/compiler/gcc-arm-none-eabi-7-2017-q4-major/bin/../lib/gcc/arm-none-eabi/7.2.1/../../../../arm-none-eabi/lib/thumb/v7e-m/fpv4-sp/hard/libc_nano.a(lib_a-nano-freer.o)
                0x0000000000006dec                _free_r
 .text._mallinfo_r
                0x0000000000006e88       0x64 /opt/ti/ccs1020/ccs/tools/compiler/gcc-arm-none-eabi-7-2017-q4-major/bin/../lib/gcc/arm-none-eabi/7.2.1/../../../../arm-none-eabi/lib/thumb/v7e-m/fpv4-sp/hard/libc_nano.a(lib_a-nano-mallinfor.o)
                0x0000000000006e88                _mallinfo_r
 .text._malloc_r
                0x0000000000006eec       0xb4 /opt/ti/ccs1020/ccs/tools/compiler/gcc-arm-none-eabi-7-2017-q4-major/bin/../lib/gcc/arm-none-eabi/7.2.1/../../../../arm-none-eabi/lib/thumb/v7e-m/fpv4-sp/hard/libc_nano.a(lib_a-nano-mallocr.o)
                0x0000000000006eec                _malloc_r
 .text._mallopt_r
                0x0000000000006fa0        0x4 /opt/ti/ccs1020/ccs/tools/compiler/gcc-arm-none-eabi-7-2017-q4-major/bin/../lib/gcc/arm-none-eabi/7.2.1/../../../../arm-none-eabi/lib/thumb/v7e-m/fpv4-sp/hard/libc_nano.a(lib_a-nano-malloptr.o)
                0x0000000000006fa0                _mallopt_r
 .text._malloc_stats_r
                0x0000000000006fa4       0x50 /opt/ti/ccs1020/ccs/tools/compiler/gcc-arm-none-eabi-7-2017-q4-major/bin/../lib/gcc/arm-none-eabi/7.2.1/../../../../arm-none-eabi/lib/thumb/v7e-m/fpv4-sp/hard/libc_nano.a(lib_a-nano-mallstatsr.o)
                0x0000000000006fa4                _malloc_stats_r
 .text._printf_r
                0x0000000000006ff4       0x28 /opt/ti/ccs1020/ccs/tools/compiler/gcc-arm-none-eabi-7-2017-q4-major/bin/../lib/gcc/arm-none-eabi/7.2.1/../../../../arm-none-eabi/lib/thumb/v7e-m/fpv4-sp/hard/libc_nano.a(lib_a-printf.o)
                0x0000000000006ff4                _printf_r
                0x0000000000006ff4                _iprintf_r
 .text.printf   0x000000000000701c       0x30 /opt/ti/ccs1020/ccs/tools/compiler/gcc-arm-none-eabi-7-2017-q4-major/bin/../lib/gcc/arm-none-eabi/7.2.1/../../../../arm-none-eabi/lib/thumb/v7e-m/fpv4-sp/hard/libc_nano.a(lib_a-printf.o)
                0x000000000000701c                printf
                0x000000000000701c                iprintf
 .text._puts_r  0x000000000000704c       0xb8 /opt/ti/ccs1020/ccs/tools/compiler/gcc-arm-none-eabi-7-2017-q4-major/bin/../lib/gcc/arm-none-eabi/7.2.1/../../../../arm-none-eabi/lib/thumb/v7e-m/fpv4-sp/hard/libc_nano.a(lib_a-puts.o)
                0x000000000000704c                _puts_r
 .text.puts     0x0000000000007104       0x10 /opt/ti/ccs1020/ccs/tools/compiler/gcc-arm-none-eabi-7-2017-q4-major/bin/../lib/gcc/arm-none-eabi/7.2.1/../../../../arm-none-eabi/lib/thumb/v7e-m/fpv4-sp/hard/libc_nano.a(lib_a-puts.o)
                0x0000000000007104                puts
 .text._sbrk_r  0x0000000000007114       0x20 /opt/ti/ccs1020/ccs/tools/compiler/gcc-arm-none-eabi-7-2017-q4-major/bin/../lib/gcc/arm-none-eabi/7.2.1/../../../../arm-none-eabi/lib/thumb/v7e-m/fpv4-sp/hard/libc_nano.a(lib_a-sbrkr.o)
                0x0000000000007114                _sbrk_r
 .text.setvbuf  0x0000000000007134      0x15c /opt/ti/ccs1020/ccs/tools/compiler/gcc-arm-none-eabi-7-2017-q4-major/bin/../lib/gcc/arm-none-eabi/7.2.1/../../../../arm-none-eabi/lib/thumb/v7e-m/fpv4-sp/hard/libc_nano.a(lib_a-setvbuf.o)
                0x0000000000007134                setvbuf
 .text._init_signal_r
                0x0000000000007290       0x28 /opt/ti/ccs1020/ccs/tools/compiler/gcc-arm-none-eabi-7-2017-q4-major/bin/../lib/gcc/arm-none-eabi/7.2.1/../../../../arm-none-eabi/lib/thumb/v7e-m/fpv4-sp/hard/libc_nano.a(lib_a-signal.o)
                0x0000000000007290                _init_signal_r
 .text._signal_r
                0x00000000000072b8       0x30 /opt/ti/ccs1020/ccs/tools/compiler/gcc-arm-none-eabi-7-2017-q4-major/bin/../lib/gcc/arm-none-eabi/7.2.1/../../../../arm-none-eabi/lib/thumb/v7e-m/fpv4-sp/hard/libc_nano.a(lib_a-signal.o)
                0x00000000000072b8                _signal_r
 .text._raise_r
                0x00000000000072e8       0x50 /opt/ti/ccs1020/ccs/tools/compiler/gcc-arm-none-eabi-7-2017-q4-major/bin/../lib/gcc/arm-none-eabi/7.2.1/../../../../arm-none-eabi/lib/thumb/v7e-m/fpv4-sp/hard/libc_nano.a(lib_a-signal.o)
                0x00000000000072e8                _raise_r
 .text.__sigtramp_r
                0x0000000000007338       0x48 /opt/ti/ccs1020/ccs/tools/compiler/gcc-arm-none-eabi-7-2017-q4-major/bin/../lib/gcc/arm-none-eabi/7.2.1/../../../../arm-none-eabi/lib/thumb/v7e-m/fpv4-sp/hard/libc_nano.a(lib_a-signal.o)
                0x0000000000007338                __sigtramp_r
 .text.raise    0x0000000000007380       0x10 /opt/ti/ccs1020/ccs/tools/compiler/gcc-arm-none-eabi-7-2017-q4-major/bin/../lib/gcc/arm-none-eabi/7.2.1/../../../../arm-none-eabi/lib/thumb/v7e-m/fpv4-sp/hard/libc_nano.a(lib_a-signal.o)
                0x0000000000007380                raise
 .text.signal   0x0000000000007390       0x10 /opt/ti/ccs1020/ccs/tools/compiler/gcc-arm-none-eabi-7-2017-q4-major/bin/../lib/gcc/arm-none-eabi/7.2.1/../../../../arm-none-eabi/lib/thumb/v7e-m/fpv4-sp/hard/libc_nano.a(lib_a-signal.o)
                0x0000000000007390                signal
 .text._init_signal
                0x00000000000073a0        0xc /opt/ti/ccs1020/ccs/tools/compiler/gcc-arm-none-eabi-7-2017-q4-major/bin/../lib/gcc/arm-none-eabi/7.2.1/../../../../arm-none-eabi/lib/thumb/v7e-m/fpv4-sp/hard/libc_nano.a(lib_a-signal.o)
                0x00000000000073a0                _init_signal
 .text.__sigtramp
                0x00000000000073ac       0x10 /opt/ti/ccs1020/ccs/tools/compiler/gcc-arm-none-eabi-7-2017-q4-major/bin/../lib/gcc/arm-none-eabi/7.2.1/../../../../arm-none-eabi/lib/thumb/v7e-m/fpv4-sp/hard/libc_nano.a(lib_a-signal.o)
                0x00000000000073ac                __sigtramp
 .text._kill_r  0x00000000000073bc       0x24 /opt/ti/ccs1020/ccs/tools/compiler/gcc-arm-none-eabi-7-2017-q4-major/bin/../lib/gcc/arm-none-eabi/7.2.1/../../../../arm-none-eabi/lib/thumb/v7e-m/fpv4-sp/hard/libc_nano.a(lib_a-signalr.o)
                0x00000000000073bc                _kill_r
 .text._getpid_r
                0x00000000000073e0        0x4 /opt/ti/ccs1020/ccs/tools/compiler/gcc-arm-none-eabi-7-2017-q4-major/bin/../lib/gcc/arm-none-eabi/7.2.1/../../../../arm-none-eabi/lib/thumb/v7e-m/fpv4-sp/hard/libc_nano.a(lib_a-signalr.o)
                0x00000000000073e0                _getpid_r
 .text.__sread  0x00000000000073e4       0x22 /opt/ti/ccs1020/ccs/tools/compiler/gcc-arm-none-eabi-7-2017-q4-major/bin/../lib/gcc/arm-none-eabi/7.2.1/../../../../arm-none-eabi/lib/thumb/v7e-m/fpv4-sp/hard/libc_nano.a(lib_a-stdio.o)
                0x00000000000073e4                __sread
 .text.__seofread
                0x0000000000007406        0x4 /opt/ti/ccs1020/ccs/tools/compiler/gcc-arm-none-eabi-7-2017-q4-major/bin/../lib/gcc/arm-none-eabi/7.2.1/../../../../arm-none-eabi/lib/thumb/v7e-m/fpv4-sp/hard/libc_nano.a(lib_a-stdio.o)
                0x0000000000007406                __seofread
 .text.__swrite
                0x000000000000740a       0x38 /opt/ti/ccs1020/ccs/tools/compiler/gcc-arm-none-eabi-7-2017-q4-major/bin/../lib/gcc/arm-none-eabi/7.2.1/../../../../arm-none-eabi/lib/thumb/v7e-m/fpv4-sp/hard/libc_nano.a(lib_a-stdio.o)
                0x000000000000740a                __swrite
 .text.__sseek  0x0000000000007442       0x24 /opt/ti/ccs1020/ccs/tools/compiler/gcc-arm-none-eabi-7-2017-q4-major/bin/../lib/gcc/arm-none-eabi/7.2.1/../../../../arm-none-eabi/lib/thumb/v7e-m/fpv4-sp/hard/libc_nano.a(lib_a-stdio.o)
                0x0000000000007442                __sseek
 .text.__sclose
                0x0000000000007466        0x8 /opt/ti/ccs1020/ccs/tools/compiler/gcc-arm-none-eabi-7-2017-q4-major/bin/../lib/gcc/arm-none-eabi/7.2.1/../../../../arm-none-eabi/lib/thumb/v7e-m/fpv4-sp/hard/libc_nano.a(lib_a-stdio.o)
                0x0000000000007466                __sclose
 .text.strncpy  0x000000000000746e       0x2a /opt/ti/ccs1020/ccs/tools/compiler/gcc-arm-none-eabi-7-2017-q4-major/bin/../lib/gcc/arm-none-eabi/7.2.1/../../../../arm-none-eabi/lib/thumb/v7e-m/fpv4-sp/hard/libc_nano.a(lib_a-strncpy.o)
                0x000000000000746e                strncpy
 .text.__swbuf_r
                0x0000000000007498       0xa4 /opt/ti/ccs1020/ccs/tools/compiler/gcc-arm-none-eabi-7-2017-q4-major/bin/../lib/gcc/arm-none-eabi/7.2.1/../../../../arm-none-eabi/lib/thumb/v7e-m/fpv4-sp/hard/libc_nano.a(lib_a-wbuf.o)
                0x0000000000007498                __swbuf_r