Archive member included to satisfy reference by file (symbol)

/home/student/git/YAHAL/libYAHAL_msp432.a(uart_msp432.cpp.o)
                              ./main.o (uart_msp432::uart_msp432(EUSCI_A_Type*, unsigned long, unsigned short))
/home/student/git/YAHAL/libYAHAL_msp432.a(std_io.cpp.o)
                              ./main.o (std_io::inst)
/home/student/git/YAHAL/libYAHAL_msp432.a(gpio_msp432.cpp.o)
                              /home/student/git/YAHAL/libYAHAL_msp432.a(uart_msp432.cpp.o) (gpio_msp432::inst)
/home/student/git/YAHAL/libYAHAL_msp432.a(irq_dispatcher.cpp.o)
                              /home/student/git/YAHAL/libYAHAL_msp432.a(uart_msp432.cpp.o) (irq_dispatcher::link_in())
/opt/ti/ccs930/ccs/tools/compiler/gcc-arm-none-eabi-7-2017-q4-major/bin/../lib/gcc/arm-none-eabi/7.2.1/../../../../arm-none-eabi/lib/thumb/v7e-m/fpv4-sp/hard/libc_nano.a(lib_a-aeabi_atexit.o)
                              /home/student/git/YAHAL/libYAHAL_msp432.a(std_io.cpp.o) (__aeabi_atexit)
/opt/ti/ccs930/ccs/tools/compiler/gcc-arm-none-eabi-7-2017-q4-major/bin/../lib/gcc/arm-none-eabi/7.2.1/../../../../arm-none-eabi/lib/thumb/v7e-m/fpv4-sp/hard/libc_nano.a(lib_a-cxa_atexit.o)
                              /opt/ti/ccs930/ccs/tools/compiler/gcc-arm-none-eabi-7-2017-q4-major/bin/../lib/gcc/arm-none-eabi/7.2.1/../../../../arm-none-eabi/lib/thumb/v7e-m/fpv4-sp/hard/libc_nano.a(lib_a-aeabi_atexit.o) (__cxa_atexit)
/opt/ti/ccs930/ccs/tools/compiler/gcc-arm-none-eabi-7-2017-q4-major/bin/../lib/gcc/arm-none-eabi/7.2.1/../../../../arm-none-eabi/lib/thumb/v7e-m/fpv4-sp/hard/libc_nano.a(lib_a-exit.o)
                              /opt/ti/ccs930/ccs/tools/compiler/gcc-arm-none-eabi-7-2017-q4-major/bin/../lib/gcc/arm-none-eabi/7.2.1/../../../../arm-none-eabi/lib/thumb/v7e-m/fpv4-sp/hard/crt0.o (exit)
/opt/ti/ccs930/ccs/tools/compiler/gcc-arm-none-eabi-7-2017-q4-major/bin/../lib/gcc/arm-none-eabi/7.2.1/../../../../arm-none-eabi/lib/thumb/v7e-m/fpv4-sp/hard/libc_nano.a(lib_a-fflush.o)
                              /home/student/git/YAHAL/libYAHAL_msp432.a(std_io.cpp.o) (fflush)
/opt/ti/ccs930/ccs/tools/compiler/gcc-arm-none-eabi-7-2017-q4-major/bin/../lib/gcc/arm-none-eabi/7.2.1/../../../../arm-none-eabi/lib/thumb/v7e-m/fpv4-sp/hard/libc_nano.a(lib_a-findfp.o)
                              /opt/ti/ccs930/ccs/tools/compiler/gcc-arm-none-eabi-7-2017-q4-major/bin/../lib/gcc/arm-none-eabi/7.2.1/../../../../arm-none-eabi/lib/thumb/v7e-m/fpv4-sp/hard/libc_nano.a(lib_a-fflush.o) (__sinit)
/opt/ti/ccs930/ccs/tools/compiler/gcc-arm-none-eabi-7-2017-q4-major/bin/../lib/gcc/arm-none-eabi/7.2.1/../../../../arm-none-eabi/lib/thumb/v7e-m/fpv4-sp/hard/libc_nano.a(lib_a-fwalk.o)
                              /opt/ti/ccs930/ccs/tools/compiler/gcc-arm-none-eabi-7-2017-q4-major/bin/../lib/gcc/arm-none-eabi/7.2.1/../../../../arm-none-eabi/lib/thumb/v7e-m/fpv4-sp/hard/libc_nano.a(lib_a-findfp.o) (_fwalk)
/opt/ti/ccs930/ccs/tools/compiler/gcc-arm-none-eabi-7-2017-q4-major/bin/../lib/gcc/arm-none-eabi/7.2.1/../../../../arm-none-eabi/lib/thumb/v7e-m/fpv4-sp/hard/libc_nano.a(lib_a-impure.o)
                              /opt/ti/ccs930/ccs/tools/compiler/gcc-arm-none-eabi-7-2017-q4-major/bin/../lib/gcc/arm-none-eabi/7.2.1/../../../../arm-none-eabi/lib/thumb/v7e-m/fpv4-sp/hard/libc_nano.a(lib_a-exit.o) (_global_impure_ptr)
/opt/ti/ccs930/ccs/tools/compiler/gcc-arm-none-eabi-7-2017-q4-major/bin/../lib/gcc/arm-none-eabi/7.2.1/../../../../arm-none-eabi/lib/thumb/v7e-m/fpv4-sp/hard/libc_nano.a(lib_a-init.o)
                              /opt/ti/ccs930/ccs/tools/compiler/gcc-arm-none-eabi-7-2017-q4-major/bin/../lib/gcc/arm-none-eabi/7.2.1/../../../../arm-none-eabi/lib/thumb/v7e-m/fpv4-sp/hard/crt0.o (__libc_init_array)
/opt/ti/ccs930/ccs/tools/compiler/gcc-arm-none-eabi-7-2017-q4-major/bin/../lib/gcc/arm-none-eabi/7.2.1/../../../../arm-none-eabi/lib/thumb/v7e-m/fpv4-sp/hard/libc_nano.a(lib_a-memset.o)
                              /opt/ti/ccs930/ccs/tools/compiler/gcc-arm-none-eabi-7-2017-q4-major/bin/../lib/gcc/arm-none-eabi/7.2.1/../../../../arm-none-eabi/lib/thumb/v7e-m/fpv4-sp/hard/crt0.o (memset)
/opt/ti/ccs930/ccs/tools/compiler/gcc-arm-none-eabi-7-2017-q4-major/bin/../lib/gcc/arm-none-eabi/7.2.1/../../../../arm-none-eabi/lib/thumb/v7e-m/fpv4-sp/hard/libc_nano.a(lib_a-nano-freer.o)
                              /opt/ti/ccs930/ccs/tools/compiler/gcc-arm-none-eabi-7-2017-q4-major/bin/../lib/gcc/arm-none-eabi/7.2.1/../../../../arm-none-eabi/lib/thumb/v7e-m/fpv4-sp/hard/libc_nano.a(lib_a-fflush.o) (_free_r)
/opt/ti/ccs930/ccs/tools/compiler/gcc-arm-none-eabi-7-2017-q4-major/bin/../lib/gcc/arm-none-eabi/7.2.1/../../../../arm-none-eabi/lib/thumb/v7e-m/fpv4-sp/hard/libc_nano.a(lib_a-nano-mallocr.o)
                              /opt/ti/ccs930/ccs/tools/compiler/gcc-arm-none-eabi-7-2017-q4-major/bin/../lib/gcc/arm-none-eabi/7.2.1/../../../../arm-none-eabi/lib/thumb/v7e-m/fpv4-sp/hard/libc_nano.a(lib_a-findfp.o) (_malloc_r)
[...]
Memory Configuration

Name             Origin             Length             Attributes
MAIN_FLASH       0x0000000000000000 0x0000000000040000 xr
INFO_FLASH       0x0000000000200000 0x0000000000004000 xr
SRAM_CODE        0x0000000001000000 0x0000000000010000 xrw
SRAM_DATA        0x0000000020000000 0x0000000000010000 rw
*default*        0x0000000000000000 0xffffffffffffffff

Linker script and memory map

LOAD /opt/ti/ccs930/ccs/tools/compiler/gcc-arm-none-eabi-7-2017-q4-major/bin/../lib/gcc/arm-none-eabi/7.2.1/thumb/v7e-m/fpv4-sp/hard/crti.o
LOAD /opt/ti/ccs930/ccs/tools/compiler/gcc-arm-none-eabi-7-2017-q4-major/bin/../lib/gcc/arm-none-eabi/7.2.1/thumb/v7e-m/fpv4-sp/hard/crtbegin.o
LOAD /opt/ti/ccs930/ccs/tools/compiler/gcc-arm-none-eabi-7-2017-q4-major/bin/../lib/gcc/arm-none-eabi/7.2.1/../../../../arm-none-eabi/lib/thumb/v7e-m/fpv4-sp/hard/crt0.o
LOAD ./main.o
LOAD ./startup_msp432p401r_gcc.o
LOAD ./system_msp432p401r.o
                0x0000000000000000                PROVIDE (_intvecs_base_address, DEFINED (_intvecs_base_address)?_intvecs_base_address:0x0)

.intvecs        0x0000000000000000       0xe4
 *(.intvecs)
 .intvecs       0x0000000000000000       0xe4 ./startup_msp432p401r_gcc.o
                0x0000000000000000                interruptVectors
                0x0000000000200000                PROVIDE (_mailbox_base_address, 0x200000)

.flashMailbox
 *(.flashMailbox)
                0x0000000000201000                PROVIDE (_tlv_base_address, 0x201000)

.tlvTable
 *(.tlvTable)
                0x0000000000202000                PROVIDE (_bsl_base_address, 0x202000)

.bslArea
 *(.bslArea)
                0x0000000020000000                PROVIDE (_vtable_base_address, DEFINED (_vtable_base_address)?_vtable_base_address:0x20000000)

.vtable
 *(.vtable)

.text           0x00000000000000f0     0xc884
 CREATE_OBJECT_SYMBOLS
 *(.text)
 .text          0x00000000000000f0        0x0 /opt/ti/ccs930/ccs/tools/compiler/gcc-arm-none-eabi-7-2017-q4-major/bin/../lib/gcc/arm-none-eabi/7.2.1/thumb/v7e-m/fpv4-sp/hard/crti.o
 .text          0x00000000000000f0       0x40 /opt/ti/ccs930/ccs/tools/compiler/gcc-arm-none-eabi-7-2017-q4-major/bin/../lib/gcc/arm-none-eabi/7.2.1/thumb/v7e-m/fpv4-sp/hard/crtbegin.o
 .text          0x0000000000000130       0x74 /opt/ti/ccs930/ccs/tools/compiler/gcc-arm-none-eabi-7-2017-q4-major/bin/../lib/gcc/arm-none-eabi/7.2.1/../../../../arm-none-eabi/lib/thumb/v7e-m/fpv4-sp/hard/crt0.o
                0x0000000000000130                _mainCRTStartup
                0x0000000000000130                _start
 .text          0x00000000000001a4       0xa4 ./main.o
                0x00000000000001a4                add1(int, int)
                0x00000000000001a8                add2(int, int)
                0x00000000000001ae                add3(int, int)
                0x00000000000001b4                add4(int, int)
                0x00000000000001ba                main
 .text          0x0000000000000248       0x30 ./startup_msp432p401r_gcc.o
                0x0000000000000248                CS_IRQHandler
                0x0000000000000248                DebugMon_Handler
                0x0000000000000248                AES256_IRQHandler
                0x0000000000000248                HardFault_Handler
                0x0000000000000248                SysTick_Handler
                0x0000000000000248                PendSV_Handler
                0x0000000000000248                NMI_Handler
                0x0000000000000248                RTC_C_IRQHandler
                0x0000000000000248                FPU_IRQHandler
                0x0000000000000248                TA3_0_IRQHandler
                0x0000000000000248                UsageFault_Handler
                0x0000000000000248                DMA_INT3_IRQHandler
                0x0000000000000248                TA2_0_IRQHandler
                0x0000000000000248                DMA_INT1_IRQHandler
                0x0000000000000248                WDT_A_IRQHandler
                0x0000000000000248                TA2_N_IRQHandler
                0x0000000000000248                TA1_0_IRQHandler
                0x0000000000000248                PSS_IRQHandler
                0x0000000000000248                DMA_INT2_IRQHandler
                0x0000000000000248                DMA_INT0_IRQHandler
                0x0000000000000248                Default_Handler
                0x0000000000000248                T32_INTC_IRQHandler
                0x0000000000000248                TA3_N_IRQHandler
                0x0000000000000248                TA0_0_IRQHandler
                0x0000000000000248                MemManage_Handler
                0x0000000000000248                SVC_Handler
                0x0000000000000248                TA1_N_IRQHandler
                0x0000000000000248                COMP_E1_IRQHandler
                0x0000000000000248                FLCTL_IRQHandler
                0x0000000000000248                T32_INT1_IRQHandler
                0x0000000000000248                ADC14_IRQHandler
                0x0000000000000248                DMA_ERR_IRQHandler
                0x0000000000000248                BusFault_Handler
                0x0000000000000248                PCM_IRQHandler
                0x0000000000000248                TA0_N_IRQHandler
                0x0000000000000248                COMP_E0_IRQHandler
                0x0000000000000248                T32_INT2_IRQHandler
                0x000000000000024a                Reset_Handler
 .text          0x0000000000000278      0x280 ./system_msp432p401r.o
                0x0000000000000278                SystemCoreClockUpdate
                0x0000000000000494                SystemInit
 .text          0x00000000000004f8        0x0 /home/student/git/YAHAL/libYAHAL_msp432.a(uart_msp432.cpp.o)
 .text          0x00000000000004f8        0x0 /home/student/git/YAHAL/libYAHAL_msp432.a(std_io.cpp.o)
 .text          0x00000000000004f8        0x0 /home/student/git/YAHAL/libYAHAL_msp432.a(gpio_msp432.cpp.o)
 .text          0x00000000000004f8        0x0 /home/student/git/YAHAL/libYAHAL_msp432.a(irq_dispatcher.cpp.o)
 .text          0x00000000000004f8        0x0 /opt/ti/ccs930/ccs/tools/compiler/gcc-arm-none-eabi-7-2017-q4-major/bin/../lib/gcc/arm-none-eabi/7.2.1/../../../../arm-none-eabi/lib/thumb/v7e-m/fpv4-sp/hard/libc_nano.a(lib_a-aeabi_atexit.o)
 .text          0x00000000000004f8        0x0 /opt/ti/ccs930/ccs/tools/compiler/gcc-arm-none-eabi-7-2017-q4-major/bin/../lib/gcc/arm-none-eabi/7.2.1/../../../../arm-none-eabi/lib/thumb/v7e-m/fpv4-sp/hard/libc_nano.a(lib_a-cxa_atexit.o)
 .text          0x00000000000004f8        0x0 /opt/ti/ccs930/ccs/tools/compiler/gcc-arm-none-eabi-7-2017-q4-major/bin/../lib/gcc/arm-none-eabi/7.2.1/../../../../arm-none-eabi/lib/thumb/v7e-m/fpv4-sp/hard/libc_nano.a(lib_a-exit.o)
 .text          0x00000000000004f8        0x0 /opt/ti/ccs930/ccs/tools/compiler/gcc-arm-none-eabi-7-2017-q4-major/bin/../lib/gcc/arm-none-eabi/7.2.1/../../../../arm-none-eabi/lib/thumb/v7e-m/fpv4-sp/hard/libc_nano.a(lib_a-fflush.o)
 .text          0x00000000000004f8        0x0 /opt/ti/ccs930/ccs/tools/compiler/gcc-arm-none-eabi-7-2017-q4-major/bin/../lib/gcc/arm-none-eabi/7.2.1/../../../../arm-none-eabi/lib/thumb/v7e-m/fpv4-sp/hard/libc_nano.a(lib_a-findfp.o)
 .text          0x00000000000004f8        0x0 /opt/ti/ccs930/ccs/tools/compiler/gcc-arm-none-eabi-7-2017-q4-major/bin/../lib/gcc/arm-none-eabi/7.2.1/../../../../arm-none-eabi/lib/thumb/v7e-m/fpv4-sp/hard/libc_nano.a(lib_a-fwalk.o)
 .text          0x00000000000004f8        0x0 /opt/ti/ccs930/ccs/tools/compiler/gcc-arm-none-eabi-7-2017-q4-major/bin/../lib/gcc/arm-none-eabi/7.2.1/../../../../arm-none-eabi/lib/thumb/v7e-m/fpv4-sp/hard/libc_nano.a(lib_a-impure.o)
 .text          0x00000000000004f8        0x0 /opt/ti/ccs930/ccs/tools/compiler/gcc-arm-none-eabi-7-2017-q4-major/bin/../lib/gcc/arm-none-eabi/7.2.1/../../../../arm-none-eabi/lib/thumb/v7e-m/fpv4-sp/hard/libc_nano.a(lib_a-init.o)
 .text          0x00000000000004f8        0x0 /opt/ti/ccs930/ccs/tools/compiler/gcc-arm-none-eabi-7-2017-q4-major/bin/../lib/gcc/arm-none-eabi/7.2.1/../../../../arm-none-eabi/lib/thumb/v7e-m/fpv4-sp/hard/libc_nano.a(lib_a-memset.o)
 .text          0x00000000000004f8        0x0 /opt/ti/ccs930/ccs/tools/compiler/gcc-arm-none-eabi-7-2017-q4-major/bin/../lib/gcc/arm-none-eabi/7.2.1/../../../../arm-none-eabi/lib/thumb/v7e-m/fpv4-sp/hard/libc_nano.a(lib_a-nano-freer.o)
 .text          0x00000000000004f8        0x0 /opt/ti/ccs930/ccs/tools/compiler/gcc-arm-none-eabi-7-2017-q4-major/bin/../lib/gcc/arm-none-eabi/7.2.1/../../../../arm-none-eabi/lib/thumb/v7e-m/fpv4-sp/hard/libc_nano.a(lib_a-nano-mallocr.o)
 .text          0x00000000000004f8        0x0 /opt/ti/ccs930/ccs/tools/compiler/gcc-arm-none-eabi-7-2017-q4-major/bin/../lib/gcc/arm-none-eabi/7.2.1/../../../../arm-none-eabi/lib/thumb/v7e-m/fpv4-sp/hard/libc_nano.a(lib_a-on_exit_args.o)
 .text          0x00000000000004f8        0x0 /opt/ti/ccs930/ccs/tools/compiler/gcc-arm-none-eabi-7-2017-q4-major/bin/../lib/gcc/arm-none-eabi/7.2.1/../../../../arm-none-eabi/lib/thumb/v7e-m/fpv4-sp/hard/libc_nano.a(lib_a-printf.o)
 .text          0x00000000000004f8        0x0 /opt/ti/ccs930/ccs/tools/compiler/gcc-arm-none-eabi-7-2017-q4-major/bin/../lib/gcc/arm-none-eabi/7.2.1/../../../../arm-none-eabi/lib/thumb/v7e-m/fpv4-sp/hard/libc_nano.a(lib_a-sbrkr.o)
 .text          0x00000000000004f8        0x0 /opt/ti/ccs930/ccs/tools/compiler/gcc-arm-none-eabi-7-2017-q4-major/bin/../lib/gcc/arm-none-eabi/7.2.1/../../../../arm-none-eabi/lib/thumb/v7e-m/fpv4-sp/hard/libc_nano.a(lib_a-setvbuf.o)
 .text          0x00000000000004f8        0x0 /opt/ti/ccs930/ccs/tools/compiler/gcc-arm-none-eabi-7-2017-q4-major/bin/../lib/gcc/arm-none-eabi/7.2.1/../../../../arm-none-eabi/lib/thumb/v7e-m/fpv4-sp/hard/libc_nano.a(lib_a-stdio.o)
 .text          0x00000000000004f8       0x10 /opt/ti/ccs930/ccs/tools/compiler/gcc-arm-none-eabi-7-2017-q4-major/bin/../lib/gcc/arm-none-eabi/7.2.1/../../../../arm-none-eabi/lib/thumb/v7e-m/fpv4-sp/hard/libc_nano.a(lib_a-strlen.o)
                0x00000000000004f8                strlen
 .text          0x0000000000000508        0x0 /opt/ti/ccs930/ccs/tools/compiler/gcc-arm-none-eabi-7-2017-q4-major/bin/../lib/gcc/arm-none-eabi/7.2.1/../../../../arm-none-eabi/lib/thumb/v7e-m/fpv4-sp/hard/libc_nano.a(lib_a-writer.o)
 .text          0x0000000000000508        0x0 /opt/ti/ccs930/ccs/tools/compiler/gcc-arm-none-eabi-7-2017-q4-major/bin/../lib/gcc/arm-none-eabi/7.2.1/../../../../arm-none-eabi/lib/thumb/v7e-m/fpv4-sp/hard/libc_nano.a(lib_a-closer.o)
 .text          0x0000000000000508        0x0 /opt/ti/ccs930/ccs/tools/compiler/gcc-arm-none-eabi-7-2017-q4-major/bin/../lib/gcc/arm-none-eabi/7.2.1/../../../../arm-none-eabi/lib/thumb/v7e-m/fpv4-sp/hard/libc_nano.a(lib_a-lseekr.o)
 .text          0x0000000000000508        0x0 /opt/ti/ccs930/ccs/tools/compiler/gcc-arm-none-eabi-7-2017-q4-major/bin/../lib/gcc/arm-none-eabi/7.2.1/../../../../arm-none-eabi/lib/thumb/v7e-m/fpv4-sp/hard/libc_nano.a(lib_a-makebuf.o)
 .text          0x0000000000000508        0x0 /opt/ti/ccs930/ccs/tools/compiler/gcc-arm-none-eabi-7-2017-q4-major/bin/../lib/gcc/arm-none-eabi/7.2.1/../../../../arm-none-eabi/lib/thumb/v7e-m/fpv4-sp/hard/libc_nano.a(lib_a-malloc.o)
 .text          0x0000000000000508        0x0 /opt/ti/ccs930/ccs/tools/compiler/gcc-arm-none-eabi-7-2017-q4-major/bin/../lib/gcc/arm-none-eabi/7.2.1/../../../../arm-none-eabi/lib/thumb/v7e-m/fpv4-sp/hard/libc_nano.a(lib_a-mlock.o)
 .text          0x0000000000000508        0x0 /opt/ti/ccs930/ccs/tools/compiler/gcc-arm-none-eabi-7-2017-q4-major/bin/../lib/gcc/arm-none-eabi/7.2.1/../../../../arm-none-eabi/lib/thumb/v7e-m/fpv4-sp/hard/libc_nano.a(lib_a-nano-vfprintf.o)
 .text          0x0000000000000508        0x0 /opt/ti/ccs930/ccs/tools/compiler/gcc-arm-none-eabi-7-2017-q4-major/bin/../lib/gcc/arm-none-eabi/7.2.1/../../../../arm-none-eabi/lib/thumb/v7e-m/fpv4-sp/hard/libc_nano.a(lib_a-nano-vfprintf_i.o)
 .text          0x0000000000000508        0x0 /opt/ti/ccs930/ccs/tools/compiler/gcc-arm-none-eabi-7-2017-q4-major/bin/../lib/gcc/arm-none-eabi/7.2.1/../../../../arm-none-eabi/lib/thumb/v7e-m/fpv4-sp/hard/libc_nano.a(lib_a-readr.o)
 .text          0x0000000000000508        0x0 /opt/ti/ccs930/ccs/tools/compiler/gcc-arm-none-eabi-7-2017-q4-major/bin/../lib/gcc/arm-none-eabi/7.2.1/../../../../arm-none-eabi/lib/thumb/v7e-m/fpv4-sp/hard/libc_nano.a(lib_a-reent.o)
 .text          0x0000000000000508        0x0 /opt/ti/ccs930/ccs/tools/compiler/gcc-arm-none-eabi-7-2017-q4-major/bin/../lib/gcc/arm-none-eabi/7.2.1/../../../../arm-none-eabi/lib/thumb/v7e-m/fpv4-sp/hard/libc_nano.a(lib_a-wbuf.o)
 .text          0x0000000000000508        0x0 /opt/ti/ccs930/ccs/tools/compiler/gcc-arm-none-eabi-7-2017-q4-major/bin/../lib/gcc/arm-none-eabi/7.2.1/../../../../arm-none-eabi/lib/thumb/v7e-m/fpv4-sp/hard/libc_nano.a(lib_a-wsetup.o)
 .text          0x0000000000000508        0x0 /opt/ti/ccs930/ccs/tools/compiler/gcc-arm-none-eabi-7-2017-q4-major/bin/../lib/gcc/arm-none-eabi/7.2.1/../../../../arm-none-eabi/lib/thumb/v7e-m/fpv4-sp/hard/libc_nano.a(lib_a-fstatr.o)
 .text          0x0000000000000508        0x0 /opt/ti/ccs930/ccs/tools/compiler/gcc-arm-none-eabi-7-2017-q4-major/bin/../lib/gcc/arm-none-eabi/7.2.1/../../../../arm-none-eabi/lib/thumb/v7e-m/fpv4-sp/hard/libc_nano.a(lib_a-fvwrite.o)
 .text          0x0000000000000508        0x0 /opt/ti/ccs930/ccs/tools/compiler/gcc-arm-none-eabi-7-2017-q4-major/bin/../lib/gcc/arm-none-eabi/7.2.1/../../../../arm-none-eabi/lib/thumb/v7e-m/fpv4-sp/hard/libc_nano.a(lib_a-isattyr.o)
 *fill*         0x0000000000000508        0x8 
 .text          0x0000000000000510       0xa0 /opt/ti/ccs930/ccs/tools/compiler/gcc-arm-none-eabi-7-2017-q4-major/bin/../lib/gcc/arm-none-eabi/7.2.1/../../../../arm-none-eabi/lib/thumb/v7e-m/fpv4-sp/hard/libc_nano.a(lib_a-memchr.o)
                0x0000000000000510                memchr
 .text          0x00000000000005b0        0x0 /opt/ti/ccs930/ccs/tools/compiler/gcc-arm-none-eabi-7-2017-q4-major/bin/../lib/gcc/arm-none-eabi/7.2.1/../../../../arm-none-eabi/lib/thumb/v7e-m/fpv4-sp/hard/libc_nano.a(lib_a-memcpy-stub.o)
 .text          0x00000000000005b0        0x0 /opt/ti/ccs930/ccs/tools/compiler/gcc-arm-none-eabi-7-2017-q4-major/bin/../lib/gcc/arm-none-eabi/7.2.1/../../../../arm-none-eabi/lib/thumb/v7e-m/fpv4-sp/hard/libc_nano.a(lib_a-memmove.o)
 .text          0x00000000000005b0        0x0 /opt/ti/ccs930/ccs/tools/compiler/gcc-arm-none-eabi-7-2017-q4-major/bin/../lib/gcc/arm-none-eabi/7.2.1/../../../../arm-none-eabi/lib/thumb/v7e-m/fpv4-sp/hard/libc_nano.a(lib_a-nano-reallocr.o)
 .text          0x00000000000005b0        0x0 /opt/ti/ccs930/ccs/tools/compiler/gcc-arm-none-eabi-7-2017-q4-major/bin/../lib/gcc/arm-none-eabi/7.2.1/../../../../arm-none-eabi/lib/thumb/v7e-m/fpv4-sp/hard/libc_nano.a(lib_a-nano-msizer.o)
 .text          0x00000000000005b0        0x0 /opt/ti/ccs930/ccs/tools/compiler/gcc-arm-none-eabi-7-2017-q4-major/bin/../lib/gcc/arm-none-eabi/7.2.1/../../../../arm-none-eabi/lib/thumb/v7e-m/fpv4-sp/hard/libsupc++.a(class_type_info.o)
 .text          0x00000000000005b0        0x0 /opt/ti/ccs930/ccs/tools/compiler/gcc-arm-none-eabi-7-2017-q4-major/bin/../lib/gcc/arm-none-eabi/7.2.1/../../../../arm-none-eabi/lib/thumb/v7e-m/fpv4-sp/hard/libsupc++.a(del_op.o)
 .text          0x00000000000005b0        0x0 /opt/ti/ccs930/ccs/tools/compiler/gcc-arm-none-eabi-7-2017-q4-major/bin/../lib/gcc/arm-none-eabi/7.2.1/../../../../arm-none-eabi/lib/thumb/v7e-m/fpv4-sp/hard/libsupc++.a(del_ops.o)
 .text          0x00000000000005b0        0x0 /opt/ti/ccs930/ccs/tools/compiler/gcc-arm-none-eabi-7-2017-q4-major/bin/../lib/gcc/arm-none-eabi/7.2.1/../../../../arm-none-eabi/lib/thumb/v7e-m/fpv4-sp/hard/libsupc++.a(eh_arm.o)
 .text          0x00000000000005b0        0x0 /opt/ti/ccs930/ccs/tools/compiler/gcc-arm-none-eabi-7-2017-q4-major/bin/../lib/gcc/arm-none-eabi/7.2.1/../../../../arm-none-eabi/lib/thumb/v7e-m/fpv4-sp/hard/libsupc++.a(eh_exception.o)
 .text          0x00000000000005b0        0x0 /opt/ti/ccs930/ccs/tools/compiler/gcc-arm-none-eabi-7-2017-q4-major/bin/../lib/gcc/arm-none-eabi/7.2.1/../../../../arm-none-eabi/lib/thumb/v7e-m/fpv4-sp/hard/libsupc++.a(eh_globals.o)
 .text          0x00000000000005b0        0x0 /opt/ti/ccs930/ccs/tools/compiler/gcc-arm-none-eabi-7-2017-q4-major/bin/../lib/gcc/arm-none-eabi/7.2.1/../../../../arm-none-eabi/lib/thumb/v7e-m/fpv4-sp/hard/libsupc++.a(eh_personality.o)
 .text          0x00000000000005b0        0x0 /opt/ti/ccs930/ccs/tools/compiler/gcc-arm-none-eabi-7-2017-q4-major/bin/../lib/gcc/arm-none-eabi/7.2.1/../../../../arm-none-eabi/lib/thumb/v7e-m/fpv4-sp/hard/libsupc++.a(eh_terminate.o)
 .text          0x00000000000005b0        0x0 /opt/ti/ccs930/ccs/tools/compiler/gcc-arm-none-eabi-7-2017-q4-major/bin/../lib/gcc/arm-none-eabi/7.2.1/../../../../arm-none-eabi/lib/thumb/v7e-m/fpv4-sp/hard/libsupc++.a(eh_unex_handler.o)
 .text          0x00000000000005b0        0x0 /opt/ti/ccs930/ccs/tools/compiler/gcc-arm-none-eabi-7-2017-q4-major/bin/../lib/gcc/arm-none-eabi/7.2.1/../../../../arm-none-eabi/lib/thumb/v7e-m/fpv4-sp/hard/libsupc++.a(pure.o)
 .text          0x00000000000005b0        0x0 /opt/ti/ccs930/ccs/tools/compiler/gcc-arm-none-eabi-7-2017-q4-major/bin/../lib/gcc/arm-none-eabi/7.2.1/../../../../arm-none-eabi/lib/thumb/v7e-m/fpv4-sp/hard/libsupc++.a(si_class_type_info.o)
 .text          0x00000000000005b0        0x0 /opt/ti/ccs930/ccs/tools/compiler/gcc-arm-none-eabi-7-2017-q4-major/bin/../lib/gcc/arm-none-eabi/7.2.1/../../../../arm-none-eabi/lib/thumb/v7e-m/fpv4-sp/hard/libsupc++.a(tinfo.o)
 .text          0x00000000000005b0        0x0 /opt/ti/ccs930/ccs/tools/compiler/gcc-arm-none-eabi-7-2017-q4-major/bin/../lib/gcc/arm-none-eabi/7.2.1/../../../../arm-none-eabi/lib/thumb/v7e-m/fpv4-sp/hard/libsupc++.a(eh_call.o)
 .text          0x00000000000005b0        0x0 /opt/ti/ccs930/ccs/tools/compiler/gcc-arm-none-eabi-7-2017-q4-major/bin/../lib/gcc/arm-none-eabi/7.2.1/../../../../arm-none-eabi/lib/thumb/v7e-m/fpv4-sp/hard/libsupc++.a(eh_catch.o)
 .text          0x00000000000005b0        0x0 /opt/ti/ccs930/ccs/tools/compiler/gcc-arm-none-eabi-7-2017-q4-major/bin/../lib/gcc/arm-none-eabi/7.2.1/../../../../arm-none-eabi/lib/thumb/v7e-m/fpv4-sp/hard/libsupc++.a(eh_term_handler.o)
 .text          0x00000000000005b0        0x0 /opt/ti/ccs930/ccs/tools/compiler/gcc-arm-none-eabi-7-2017-q4-major/bin/../lib/gcc/arm-none-eabi/7.2.1/../../../../arm-none-eabi/lib/thumb/v7e-m/fpv4-sp/hard/libsupc++.a(eh_throw.o)
 .text          0x00000000000005b0        0x0 /opt/ti/ccs930/ccs/tools/compiler/gcc-arm-none-eabi-7-2017-q4-major/bin/../lib/gcc/arm-none-eabi/7.2.1/../../../../arm-none-eabi/lib/thumb/v7e-m/fpv4-sp/hard/libsupc++.a(vterminate.o)
 .text          0x00000000000005b0     0x6adc /opt/ti/ccs930/ccs/tools/compiler/gcc-arm-none-eabi-7-2017-q4-major/bin/../lib/gcc/arm-none-eabi/7.2.1/../../../../arm-none-eabi/lib/thumb/v7e-m/fpv4-sp/hard/libsupc++.a(cp-demangle.o)
                0x0000000000006fa0                __cxa_demangle
                0x0000000000007068                __gcclibcxx_demangle_callback
 .text          0x000000000000708c        0x0 /opt/ti/ccs930/ccs/tools/compiler/gcc-arm-none-eabi-7-2017-q4-major/bin/../lib/gcc/arm-none-eabi/7.2.1/../../../../arm-none-eabi/lib/thumb/v7e-m/fpv4-sp/hard/libsupc++.a(eh_alloc.o)
 .text          0x000000000000708c        0x0 /opt/ti/ccs930/ccs/tools/compiler/gcc-arm-none-eabi-7-2017-q4-major/bin/../lib/gcc/arm-none-eabi/7.2.1/../../../../arm-none-eabi/lib/thumb/v7e-m/fpv4-sp/hard/libsupc++.a(eh_type.o)
 .text          0x000000000000708c      0x9ec /opt/ti/ccs930/ccs/tools/compiler/gcc-arm-none-eabi-7-2017-q4-major/bin/../lib/gcc/arm-none-eabi/7.2.1/thumb/v7e-m/fpv4-sp/hard/libgcc.a(unwind-arm.o)
                0x0000000000007340                _Unwind_GetCFA
                0x0000000000007344                __gnu_Unwind_RaiseException
                0x00000000000073a4                __gnu_Unwind_ForcedUnwind
                0x00000000000073b8                __gnu_Unwind_Resume
                0x00000000000073fc                __gnu_Unwind_Resume_or_Rethrow
                0x000000000000740c                _Unwind_Complete
                0x0000000000007410                _Unwind_DeleteException
                0x000000000000741c                _Unwind_VRS_Get
                0x0000000000007460                _Unwind_VRS_Set
                0x00000000000074a8                __gnu_Unwind_Backtrace
                0x00000000000077ec                __aeabi_unwind_cpp_pr0
                0x00000000000077f0                __aeabi_unwind_cpp_pr1
                0x00000000000077f4                __aeabi_unwind_cpp_pr2
                0x00000000000077f8                _Unwind_VRS_Pop
 .text          0x0000000000007a78      0x1ac /opt/ti/ccs930/ccs/tools/compiler/gcc-arm-none-eabi-7-2017-q4-major/bin/../lib/gcc/arm-none-eabi/7.2.1/thumb/v7e-m/fpv4-sp/hard/libgcc.a(libunwind.o)
                0x0000000000007a78                __restore_core_regs
                0x0000000000007a78                restore_core_regs
                0x0000000000007a90                __gnu_Unwind_Restore_VFP
                0x0000000000007a98                __gnu_Unwind_Save_VFP
                0x0000000000007aa0                __gnu_Unwind_Restore_VFP_D
                0x0000000000007aa8                __gnu_Unwind_Save_VFP_D
                0x0000000000007ab0                __gnu_Unwind_Restore_VFP_D_16_to_31
                0x0000000000007ab8                __gnu_Unwind_Save_VFP_D_16_to_31
                0x0000000000007ac0                __gnu_Unwind_Restore_WMMXD
                0x0000000000007b04                __gnu_Unwind_Save_WMMXD
                0x0000000000007b48                __gnu_Unwind_Restore_WMMXC
                0x0000000000007b5c                __gnu_Unwind_Save_WMMXC
                0x0000000000007b70                ___Unwind_RaiseException
                0x0000000000007b70                _Unwind_RaiseException
                0x0000000000007b94                ___Unwind_Resume
                0x0000000000007b94                _Unwind_Resume
                0x0000000000007bb8                _Unwind_Resume_or_Rethrow
                0x0000000000007bb8                ___Unwind_Resume_or_Rethrow
                0x0000000000007bdc                ___Unwind_ForcedUnwind
                0x0000000000007bdc                _Unwind_ForcedUnwind
                0x0000000000007c00                _Unwind_Backtrace
                0x0000000000007c00                ___Unwind_Backtrace
 .text          0x0000000000007c24      0x374 /opt/ti/ccs930/ccs/tools/compiler/gcc-arm-none-eabi-7-2017-q4-major/bin/../lib/gcc/arm-none-eabi/7.2.1/thumb/v7e-m/fpv4-sp/hard/libgcc.a(pr-support.o)
                0x0000000000007c7c                __gnu_unwind_execute
                0x0000000000007f40                __gnu_unwind_frame
                0x0000000000007f68                _Unwind_GetRegionStart
                0x0000000000007f74                _Unwind_GetLanguageSpecificData
                0x0000000000007f88                _Unwind_GetDataRelBase
                0x0000000000007f90                _Unwind_GetTextRelBase
 .text          0x0000000000007f98        0x0 /opt/ti/ccs930/ccs/tools/compiler/gcc-arm-none-eabi-7-2017-q4-major/bin/../lib/gcc/arm-none-eabi/7.2.1/../../../../arm-none-eabi/lib/thumb/v7e-m/fpv4-sp/hard/libnosys.a(close.o)
 .text          0x0000000000007f98        0x0 /opt/ti/ccs930/ccs/tools/compiler/gcc-arm-none-eabi-7-2017-q4-major/bin/../lib/gcc/arm-none-eabi/7.2.1/../../../../arm-none-eabi/lib/thumb/v7e-m/fpv4-sp/hard/libnosys.a(fstat.o)
 .text          0x0000000000007f98        0x0 /opt/ti/ccs930/ccs/tools/compiler/gcc-arm-none-eabi-7-2017-q4-major/bin/../lib/gcc/arm-none-eabi/7.2.1/../../../../arm-none-eabi/lib/thumb/v7e-m/fpv4-sp/hard/libnosys.a(isatty.o)
 .text          0x0000000000007f98        0x0 /opt/ti/ccs930/ccs/tools/compiler/gcc-arm-none-eabi-7-2017-q4-major/bin/../lib/gcc/arm-none-eabi/7.2.1/../../../../arm-none-eabi/lib/thumb/v7e-m/fpv4-sp/hard/libnosys.a(lseek.o)
 .text          0x0000000000007f98        0x0 /opt/ti/ccs930/ccs/tools/compiler/gcc-arm-none-eabi-7-2017-q4-major/bin/../lib/gcc/arm-none-eabi/7.2.1/../../../../arm-none-eabi/lib/thumb/v7e-m/fpv4-sp/hard/libnosys.a(sbrk.o)
 .text          0x0000000000007f98        0x0 /opt/ti/ccs930/ccs/tools/compiler/gcc-arm-none-eabi-7-2017-q4-major/bin/../lib/gcc/arm-none-eabi/7.2.1/../../../../arm-none-eabi/lib/thumb/v7e-m/fpv4-sp/hard/libnosys.a(_exit.o)
 .text          0x0000000000007f98        0x0 /opt/ti/ccs930/ccs/tools/compiler/gcc-arm-none-eabi-7-2017-q4-major/bin/../lib/gcc/arm-none-eabi/7.2.1/../../../../arm-none-eabi/lib/thumb/v7e-m/fpv4-sp/hard/libc_nano.a(lib_a-abort.o)
 .text          0x0000000000007f98        0x0 /opt/ti/ccs930/ccs/tools/compiler/gcc-arm-none-eabi-7-2017-q4-major/bin/../lib/gcc/arm-none-eabi/7.2.1/../../../../arm-none-eabi/lib/thumb/v7e-m/fpv4-sp/hard/libc_nano.a(lib_a-fputc.o)
 .text          0x0000000000007f98        0x0 /opt/ti/ccs930/ccs/tools/compiler/gcc-arm-none-eabi-7-2017-q4-major/bin/../lib/gcc/arm-none-eabi/7.2.1/../../../../arm-none-eabi/lib/thumb/v7e-m/fpv4-sp/hard/libc_nano.a(lib_a-fputs.o)
 .text          0x0000000000007f98        0x0 /opt/ti/ccs930/ccs/tools/compiler/gcc-arm-none-eabi-7-2017-q4-major/bin/../lib/gcc/arm-none-eabi/7.2.1/../../../../arm-none-eabi/lib/thumb/v7e-m/fpv4-sp/hard/libc_nano.a(lib_a-fwrite.o)
 .text          0x0000000000007f98        0x0 /opt/ti/ccs930/ccs/tools/compiler/gcc-arm-none-eabi-7-2017-q4-major/bin/../lib/gcc/arm-none-eabi/7.2.1/../../../../arm-none-eabi/lib/thumb/v7e-m/fpv4-sp/hard/libc_nano.a(lib_a-memcmp.o)
 .text          0x0000000000007f98        0x0 /opt/ti/ccs930/ccs/tools/compiler/gcc-arm-none-eabi-7-2017-q4-major/bin/../lib/gcc/arm-none-eabi/7.2.1/../../../../arm-none-eabi/lib/thumb/v7e-m/fpv4-sp/hard/libc_nano.a(lib_a-putc.o)
 .text          0x0000000000007f98        0x0 /opt/ti/ccs930/ccs/tools/compiler/gcc-arm-none-eabi-7-2017-q4-major/bin/../lib/gcc/arm-none-eabi/7.2.1/../../../../arm-none-eabi/lib/thumb/v7e-m/fpv4-sp/hard/libc_nano.a(lib_a-realloc.o)
 .text          0x0000000000007f98        0x0 /opt/ti/ccs930/ccs/tools/compiler/gcc-arm-none-eabi-7-2017-q4-major/bin/../lib/gcc/arm-none-eabi/7.2.1/../../../../arm-none-eabi/lib/thumb/v7e-m/fpv4-sp/hard/libc_nano.a(lib_a-signal.o)
 .text          0x0000000000007f98        0x0 /opt/ti/ccs930/ccs/tools/compiler/gcc-arm-none-eabi-7-2017-q4-major/bin/../lib/gcc/arm-none-eabi/7.2.1/../../../../arm-none-eabi/lib/thumb/v7e-m/fpv4-sp/hard/libc_nano.a(lib_a-signalr.o)
 .text          0x0000000000007f98        0x0 /opt/ti/ccs930/ccs/tools/compiler/gcc-arm-none-eabi-7-2017-q4-major/bin/../lib/gcc/arm-none-eabi/7.2.1/../../../../arm-none-eabi/lib/thumb/v7e-m/fpv4-sp/hard/libc_nano.a(lib_a-sprintf.o)
 .text          0x0000000000007f98       0x14 /opt/ti/ccs930/ccs/tools/compiler/gcc-arm-none-eabi-7-2017-q4-major/bin/../lib/gcc/arm-none-eabi/7.2.1/../../../../arm-none-eabi/lib/thumb/v7e-m/fpv4-sp/hard/libc_nano.a(lib_a-strcmp.o)
                0x0000000000007f98                strcmp
 .text          0x0000000000007fac        0x0 /opt/ti/ccs930/ccs/tools/compiler/gcc-arm-none-eabi-7-2017-q4-major/bin/../lib/gcc/arm-none-eabi/7.2.1/../../../../arm-none-eabi/lib/thumb/v7e-m/fpv4-sp/hard/libc_nano.a(lib_a-strncmp.o)
 .text          0x0000000000007fac        0x0 /opt/ti/ccs930/ccs/tools/compiler/gcc-arm-none-eabi-7-2017-q4-major/bin/../lib/gcc/arm-none-eabi/7.2.1/../../../../arm-none-eabi/lib/thumb/v7e-m/fpv4-sp/hard/libc_nano.a(lib_a-syswrite.o)
 .text          0x0000000000007fac        0x0 /opt/ti/ccs930/ccs/tools/compiler/gcc-arm-none-eabi-7-2017-q4-major/bin/../lib/gcc/arm-none-eabi/7.2.1/../../../../arm-none-eabi/lib/thumb/v7e-m/fpv4-sp/hard/libc_nano.a(lib_a-nano-svfprintf.o)
 .text          0x0000000000007fac        0x0 /opt/ti/ccs930/ccs/tools/compiler/gcc-arm-none-eabi-7-2017-q4-major/bin/../lib/gcc/arm-none-eabi/7.2.1/../../../../arm-none-eabi/lib/thumb/v7e-m/fpv4-sp/hard/libnosys.a(getpid.o)
 .text          0x0000000000007fac        0x0 /opt/ti/ccs930/ccs/tools/compiler/gcc-arm-none-eabi-7-2017-q4-major/bin/../lib/gcc/arm-none-eabi/7.2.1/../../../../arm-none-eabi/lib/thumb/v7e-m/fpv4-sp/hard/libnosys.a(kill.o)
 .text          0x0000000000007fac        0x0 /opt/ti/ccs930/ccs/tools/compiler/gcc-arm-none-eabi-7-2017-q4-major/bin/../lib/gcc/arm-none-eabi/7.2.1/thumb/v7e-m/fpv4-sp/hard/crtend.o
 .text          0x0000000000007fac        0x0 /opt/ti/ccs930/ccs/tools/compiler/gcc-arm-none-eabi-7-2017-q4-major/bin/../lib/gcc/arm-none-eabi/7.2.1/thumb/v7e-m/fpv4-sp/hard/crtn.o
 *(.text.*)
 .text.__NVIC_EnableIRQ
                0x0000000000007fac       0x3c /home/student/git/YAHAL/libYAHAL_msp432.a(uart_msp432.cpp.o)
 .text.__NVIC_DisableIRQ
                0x0000000000007fe8       0x48 /home/student/git/YAHAL/libYAHAL_msp432.a(uart_msp432.cpp.o)
 .text._ZL17yahal_assert_funcv
                0x0000000000008030       0x1c /home/student/git/YAHAL/libYAHAL_msp432.a(uart_msp432.cpp.o)
 .text._ZN14uart_interfaceC2Ev
                0x000000000000804c       0x20 /home/student/git/YAHAL/libYAHAL_msp432.a(uart_msp432.cpp.o)
                0x000000000000804c                uart_interface::uart_interface()
                0x000000000000804c                uart_interface::uart_interface()
 .text._ZN14uart_interfaceD2Ev
                0x000000000000806c       0x20 /home/student/git/YAHAL/libYAHAL_msp432.a(uart_msp432.cpp.o)
                0x000000000000806c                uart_interface::~uart_interface()
                0x000000000000806c                uart_interface::~uart_interface()
 .text._ZN14uart_interfaceD0Ev
                0x000000000000808c       0x1e /home/student/git/YAHAL/libYAHAL_msp432.a(uart_msp432.cpp.o)
                0x000000000000808c                uart_interface::~uart_interface()
 *fill*         0x00000000000080aa        0x2 
 .text._ZN11uart_msp432C2EP12EUSCI_A_Typemt
                0x00000000000080ac       0x58 /home/student/git/YAHAL/libYAHAL_msp432.a(uart_msp432.cpp.o)
                0x00000000000080ac                uart_msp432::uart_msp432(EUSCI_A_Type*, unsigned long, unsigned short)
                0x00000000000080ac                uart_msp432::uart_msp432(EUSCI_A_Type*, unsigned long, unsigned short)
 .text._ZN11uart_msp4324initEv
                0x0000000000008104      0x164 /home/student/git/YAHAL/libYAHAL_msp432.a(uart_msp432.cpp.o)
                0x0000000000008104                uart_msp432::init()
 .text._ZN11uart_msp432D2Ev
                0x0000000000008268       0xa0 /home/student/git/YAHAL/libYAHAL_msp432.a(uart_msp432.cpp.o)
                0x0000000000008268                uart_msp432::~uart_msp432()
                0x0000000000008268                uart_msp432::~uart_msp432()
 .text._ZN11uart_msp432D0Ev
                0x0000000000008308       0x1e /home/student/git/YAHAL/libYAHAL_msp432.a(uart_msp432.cpp.o)
                0x0000000000008308                uart_msp432::~uart_msp432()
 .text._ZN11uart_msp4329availableEv
                0x0000000000008326       0x3a /home/student/git/YAHAL/libYAHAL_msp432.a(uart_msp432.cpp.o)
                0x0000000000008326                uart_msp432::available()
 .text._ZN11uart_msp4324getcEv
                0x0000000000008360       0x4a /home/student/git/YAHAL/libYAHAL_msp432.a(uart_msp432.cpp.o)
                0x0000000000008360                uart_msp432::getc()
 .text._ZN11uart_msp4324putcEc
                0x00000000000083aa       0x4e /home/student/git/YAHAL/libYAHAL_msp432.a(uart_msp432.cpp.o)
                0x00000000000083aa                uart_msp432::putc(char)
 .text._ZN11uart_msp4324putsEPKc
                0x00000000000083f8       0x46 /home/student/git/YAHAL/libYAHAL_msp432.a(uart_msp432.cpp.o)
                0x00000000000083f8                uart_msp432::puts(char const*)
 .text._ZN11uart_msp4328uartModeEt
                0x000000000000843e      0x148 /home/student/git/YAHAL/libYAHAL_msp432.a(uart_msp432.cpp.o)
                0x000000000000843e                uart_msp432::uartMode(unsigned short)
 *fill*         0x0000000000008586        0x2 
 .text._ZN11uart_msp43211setBaudrateEm
                0x0000000000008588       0x34 /home/student/git/YAHAL/libYAHAL_msp432.a(uart_msp432.cpp.o)
                0x0000000000008588                uart_msp432::setBaudrate(unsigned long)
 .text._ZN11uart_msp43213uartAttachIrqEPFvcPvES0_
                0x00000000000085bc       0x68 /home/student/git/YAHAL/libYAHAL_msp432.a(uart_msp432.cpp.o)
                0x00000000000085bc                uart_msp432::uartAttachIrq(void (*)(char, void*), void*)
 .text._ZN11uart_msp43213uartDetachIrqEv
                0x0000000000008624       0x58 /home/student/git/YAHAL/libYAHAL_msp432.a(uart_msp432.cpp.o)
                0x0000000000008624                uart_msp432::uartDetachIrq()
 .text._ZN11uart_msp43213uartEnableIrqEv
                0x000000000000867c       0x1c /home/student/git/YAHAL/libYAHAL_msp432.a(uart_msp432.cpp.o)
                0x000000000000867c                uart_msp432::uartEnableIrq()
 .text._ZN11uart_msp43214uartDisableIrqEv
                0x0000000000008698       0x1c /home/student/git/YAHAL/libYAHAL_msp432.a(uart_msp432.cpp.o)
                0x0000000000008698                uart_msp432::uartDisableIrq()
 .text._ZN11uart_msp4329handleIrqEP12EUSCI_A_Type
                0x00000000000086b4       0x50 /home/student/git/YAHAL/libYAHAL_msp432.a(uart_msp432.cpp.o)
                0x00000000000086b4                uart_msp432::handleIrq(EUSCI_A_Type*)
 .text.EUSCIA0_UART_IRQHandler
                0x0000000000008704       0x14 /home/student/git/YAHAL/libYAHAL_msp432.a(uart_msp432.cpp.o)
                0x0000000000008704                EUSCIA0_UART_IRQHandler
 .text.EUSCIA1_UART_IRQHandler
                0x0000000000008718       0x14 /home/student/git/YAHAL/libYAHAL_msp432.a(uart_msp432.cpp.o)
                0x0000000000008718                EUSCIA1_UART_IRQHandler
 .text.EUSCIA2_UART_IRQHandler
                0x000000000000872c       0x14 /home/student/git/YAHAL/libYAHAL_msp432.a(uart_msp432.cpp.o)
                0x000000000000872c                EUSCIA2_UART_IRQHandler
 .text.EUSCIA3_UART_IRQHandler
                0x0000000000008740       0x14 /home/student/git/YAHAL/libYAHAL_msp432.a(uart_msp432.cpp.o)
                0x0000000000008740                EUSCIA3_UART_IRQHandler
 .text._Z41__static_initialization_and_destruction_0ii
                0x0000000000008754       0x38 /home/student/git/YAHAL/libYAHAL_msp432.a(uart_msp432.cpp.o)
 .text._GLOBAL__sub_I_UART_CLK
                0x000000000000878c       0x10 /home/student/git/YAHAL/libYAHAL_msp432.a(uart_msp432.cpp.o)
 .text._ZN6std_io9availableEv
                0x000000000000879c       0x16 /home/student/git/YAHAL/libYAHAL_msp432.a(std_io.cpp.o)
                0x000000000000879c                std_io::available()
 .text._ZN6std_io8uartModeEt
                0x00000000000087b2       0x18 /home/student/git/YAHAL/libYAHAL_msp432.a(std_io.cpp.o)
                0x00000000000087b2                std_io::uartMode(unsigned short)
 .text._ZN6std_io11setBaudrateEm
                0x00000000000087ca       0x16 /home/student/git/YAHAL/libYAHAL_msp432.a(std_io.cpp.o)
                0x00000000000087ca                std_io::setBaudrate(unsigned long)
 .text._ZN6std_io13uartAttachIrqEPFvcPvES0_
                0x00000000000087e0       0x18 /home/student/git/YAHAL/libYAHAL_msp432.a(std_io.cpp.o)
                0x00000000000087e0                std_io::uartAttachIrq(void (*)(char, void*), void*)
 .text._ZN6std_io13uartDetachIrqEv
                0x00000000000087f8       0x14 /home/student/git/YAHAL/libYAHAL_msp432.a(std_io.cpp.o)
                0x00000000000087f8                std_io::uartDetachIrq()
 .text._ZN6std_io13uartEnableIrqEv
                0x000000000000880c       0x14 /home/student/git/YAHAL/libYAHAL_msp432.a(std_io.cpp.o)
                0x000000000000880c                std_io::uartEnableIrq()
 .text._ZN6std_io14uartDisableIrqEv
                0x0000000000008820       0x14 /home/student/git/YAHAL/libYAHAL_msp432.a(std_io.cpp.o)
                0x0000000000008820                std_io::uartDisableIrq()
 .text._ZN6std_ioC2Ev
                0x0000000000008834       0x3c /home/student/git/YAHAL/libYAHAL_msp432.a(std_io.cpp.o)
                0x0000000000008834                std_io::std_io()
                0x0000000000008834                std_io::std_io()
 .text._write   0x0000000000008870       0x40 /home/student/git/YAHAL/libYAHAL_msp432.a(std_io.cpp.o)
                0x0000000000008870                _write
 .text._read    0x00000000000088b0       0x50 /home/student/git/YAHAL/libYAHAL_msp432.a(std_io.cpp.o)
                0x00000000000088b0                _read
 .text._ZN6std_io14redirect_stdinER14uart_interfaceb
                0x0000000000008900       0x38 /home/student/git/YAHAL/libYAHAL_msp432.a(std_io.cpp.o)
                0x0000000000008900                std_io::redirect_stdin(uart_interface&, bool)
 .text._ZN6std_io15redirect_stdoutER14uart_interfaceb
                0x0000000000008938       0x38 /home/student/git/YAHAL/libYAHAL_msp432.a(std_io.cpp.o)
                0x0000000000008938                std_io::redirect_stdout(uart_interface&, bool)
 .text._ZN6std_io4putcEc
                0x0000000000008970       0x52 /home/student/git/YAHAL/libYAHAL_msp432.a(std_io.cpp.o)
                0x0000000000008970                std_io::putc(char)
 *fill*         0x00000000000089c2        0x2 
 .text._ZN6std_io4getcEv
                0x00000000000089c4       0x5c /home/student/git/YAHAL/libYAHAL_msp432.a(std_io.cpp.o)
                0x00000000000089c4                std_io::getc()
 .text._ZN6std_ioD2Ev
                0x0000000000008a20       0x24 /home/student/git/YAHAL/libYAHAL_msp432.a(std_io.cpp.o)
                0x0000000000008a20                std_io::~std_io()
                0x0000000000008a20                std_io::~std_io()
 .text._ZN6std_ioD0Ev
                0x0000000000008a44       0x1e /home/student/git/YAHAL/libYAHAL_msp432.a(std_io.cpp.o)
                0x0000000000008a44                std_io::~std_io()
 *fill*         0x0000000000008a62        0x2 
 .text._Z41__static_initialization_and_destruction_0ii
                0x0000000000008a64       0x40 /home/student/git/YAHAL/libYAHAL_msp432.a(std_io.cpp.o)
 .text._GLOBAL__sub_I__ZN6std_io4instE
                0x0000000000008aa4       0x10 /home/student/git/YAHAL/libYAHAL_msp432.a(std_io.cpp.o)
 .text.__NVIC_EnableIRQ
                0x0000000000008ab4       0x3c /home/student/git/YAHAL/libYAHAL_msp432.a(gpio_msp432.cpp.o)
 .text._ZN14gpio_interfaceD2Ev
                0x0000000000008af0       0x20 /home/student/git/YAHAL/libYAHAL_msp432.a(gpio_msp432.cpp.o)
                0x0000000000008af0                gpio_interface::~gpio_interface()
                0x0000000000008af0                gpio_interface::~gpio_interface()
 .text._ZN14gpio_interfaceD0Ev
                0x0000000000008b10       0x1e /home/student/git/YAHAL/libYAHAL_msp432.a(gpio_msp432.cpp.o)
                0x0000000000008b10                gpio_interface::~gpio_interface()
 *fill*         0x0000000000008b2e        0x2 
 .text._ZN11gpio_msp432D2Ev
                0x0000000000008b30       0x24 /home/student/git/YAHAL/libYAHAL_msp432.a(gpio_msp432.cpp.o)
                0x0000000000008b30                gpio_msp432::~gpio_msp432()
                0x0000000000008b30                gpio_msp432::~gpio_msp432()
 .text._ZN11gpio_msp432D0Ev
                0x0000000000008b54       0x1e /home/student/git/YAHAL/libYAHAL_msp432.a(gpio_msp432.cpp.o)
                0x0000000000008b54                gpio_msp432::~gpio_msp432()
 *fill*         0x0000000000008b72        0x2 
 .text._ZN14gpio_interfaceC2Ev
                0x0000000000008b74       0x20 /home/student/git/YAHAL/libYAHAL_msp432.a(gpio_msp432.cpp.o)
                0x0000000000008b74                gpio_interface::gpio_interface()
                0x0000000000008b74                gpio_interface::gpio_interface()
 .text._ZN11gpio_msp432C2Ev
                0x0000000000008b94       0x24 /home/student/git/YAHAL/libYAHAL_msp432.a(gpio_msp432.cpp.o)
                0x0000000000008b94                gpio_msp432::gpio_msp432()
                0x0000000000008b94                gpio_msp432::gpio_msp432()
 .text._ZL17yahal_assert_funcv
                0x0000000000008bb8       0x1c /home/student/git/YAHAL/libYAHAL_msp432.a(gpio_msp432.cpp.o)
 .text._ZN11gpio_msp4328gpioModeEtt
                0x0000000000008bd4       0x30 /home/student/git/YAHAL/libYAHAL_msp432.a(gpio_msp432.cpp.o)
                0x0000000000008bd4                gpio_msp432::gpioMode(unsigned short, unsigned short)
 .text._ZN11gpio_msp4328gpioReadEt
                0x0000000000008c04       0x70 /home/student/git/YAHAL/libYAHAL_msp432.a(gpio_msp432.cpp.o)
                0x0000000000008c04                gpio_msp432::gpioRead(unsigned short)
 .text._ZN11gpio_msp4329gpioWriteEtb
                0x0000000000008c74      0x1d8 /home/student/git/YAHAL/libYAHAL_msp432.a(gpio_msp432.cpp.o)
                0x0000000000008c74                gpio_msp432::gpioWrite(unsigned short, bool)
 .text._ZN11gpio_msp43210gpioToggleEt
                0x0000000000008e4c       0x7c /home/student/git/YAHAL/libYAHAL_msp432.a(gpio_msp432.cpp.o)
                0x0000000000008e4c                gpio_msp432::gpioToggle(unsigned short)
 .text._ZN11gpio_msp43213gpioAttachIrqEttPFvtPvES0_
                0x0000000000008ec8      0x17c /home/student/git/YAHAL/libYAHAL_msp432.a(gpio_msp432.cpp.o)
                0x0000000000008ec8                gpio_msp432::gpioAttachIrq(unsigned short, unsigned short, void (*)(unsigned short, void*), void*)
 .text._ZN11gpio_msp43213gpioDetachIrqEt
                0x0000000000009044       0x70 /home/student/git/YAHAL/libYAHAL_msp432.a(gpio_msp432.cpp.o)
                0x0000000000009044                gpio_msp432::gpioDetachIrq(unsigned short)
 .text._ZN11gpio_msp43213gpioEnableIrqEt
                0x00000000000090b4       0x90 /home/student/git/YAHAL/libYAHAL_msp432.a(gpio_msp432.cpp.o)
                0x00000000000090b4                gpio_msp432::gpioEnableIrq(unsigned short)
 .text._ZN11gpio_msp43214gpioDisableIrqEt
                0x0000000000009144       0x68 /home/student/git/YAHAL/libYAHAL_msp432.a(gpio_msp432.cpp.o)
                0x0000000000009144                gpio_msp432::gpioDisableIrq(unsigned short)
 .text._ZN11gpio_msp4329handleIrqEhh
                0x00000000000091ac       0xb4 /home/student/git/YAHAL/libYAHAL_msp432.a(gpio_msp432.cpp.o)
                0x00000000000091ac                gpio_msp432::handleIrq(unsigned char, unsigned char)
 .text._ZN11gpio_msp4326setSELEth
                0x0000000000009260       0x94 /home/student/git/YAHAL/libYAHAL_msp432.a(gpio_msp432.cpp.o)
                0x0000000000009260                gpio_msp432::setSEL(unsigned short, unsigned char)
 .text._ZN11gpio_msp4327setModeEtt
                0x00000000000092f4      0x2f4 /home/student/git/YAHAL/libYAHAL_msp432.a(gpio_msp432.cpp.o)
                0x00000000000092f4                gpio_msp432::setMode(unsigned short, unsigned short)
 .text.PORT1_IRQHandler
                0x00000000000095e8       0x44 /home/student/git/YAHAL/libYAHAL_msp432.a(gpio_msp432.cpp.o)
                0x00000000000095e8                PORT1_IRQHandler
 .text.PORT2_IRQHandler
                0x000000000000962c       0x44 /home/student/git/YAHAL/libYAHAL_msp432.a(gpio_msp432.cpp.o)
                0x000000000000962c                PORT2_IRQHandler
 .text.PORT3_IRQHandler
                0x0000000000009670       0x44 /home/student/git/YAHAL/libYAHAL_msp432.a(gpio_msp432.cpp.o)
                0x0000000000009670                PORT3_IRQHandler
 .text.PORT4_IRQHandler
                0x00000000000096b4       0x44 /home/student/git/YAHAL/libYAHAL_msp432.a(gpio_msp432.cpp.o)
                0x00000000000096b4                PORT4_IRQHandler
 .text.PORT5_IRQHandler
                0x00000000000096f8       0x44 /home/student/git/YAHAL/libYAHAL_msp432.a(gpio_msp432.cpp.o)
                0x00000000000096f8                PORT5_IRQHandler
 .text.PORT6_IRQHandler
                0x000000000000973c       0x44 /home/student/git/YAHAL/libYAHAL_msp432.a(gpio_msp432.cpp.o)
                0x000000000000973c                PORT6_IRQHandler
 .text._Z41__static_initialization_and_destruction_0ii
                0x0000000000009780       0x40 /home/student/git/YAHAL/libYAHAL_msp432.a(gpio_msp432.cpp.o)
 .text._GLOBAL__sub_I_port_base
                0x00000000000097c0       0x10 /home/student/git/YAHAL/libYAHAL_msp432.a(gpio_msp432.cpp.o)
 .text._ZN14irq_dispatcher7link_inEv
                0x00000000000097d0        0xe /home/student/git/YAHAL/libYAHAL_msp432.a(irq_dispatcher.cpp.o)
                0x00000000000097d0                irq_dispatcher::link_in()
 .text.Default_EUSCI_Handler
                0x00000000000097de        0x6 /home/student/git/YAHAL/libYAHAL_msp432.a(irq_dispatcher.cpp.o)
                0x00000000000097de                EUSCIA2_SPI_IRQHandler
                0x00000000000097de                EUSCIB0_I2C_IRQHandler
                0x00000000000097de                EUSCIB1_SPI_IRQHandler
                0x00000000000097de                EUSCIA3_SPI_IRQHandler
                0x00000000000097de                EUSCIA1_SPI_IRQHandler
                0x00000000000097de                EUSCIB2_I2C_IRQHandler
                0x00000000000097de                EUSCIB3_SPI_IRQHandler
                0x00000000000097de                EUSCIB0_SPI_IRQHandler
                0x00000000000097de                Default_EUSCI_Handler
                0x00000000000097de                EUSCIB1_I2C_IRQHandler
                0x00000000000097de                EUSCIB3_I2C_IRQHandler
                0x00000000000097de                EUSCIA0_SPI_IRQHandler
                0x00000000000097de                EUSCIB2_SPI_IRQHandler
 .text.EUSCIA0_IRQHandler
                0x00000000000097e4       0x30 /home/student/git/YAHAL/libYAHAL_msp432.a(irq_dispatcher.cpp.o)
                0x00000000000097e4                EUSCIA0_IRQHandler
 .text.EUSCIA1_IRQHandler
                0x0000000000009814       0x30 /home/student/git/YAHAL/libYAHAL_msp432.a(irq_dispatcher.cpp.o)
                0x0000000000009814                EUSCIA1_IRQHandler
 .text.EUSCIA2_IRQHandler
                0x0000000000009844       0x30 /home/student/git/YAHAL/libYAHAL_msp432.a(irq_dispatcher.cpp.o)
                0x0000000000009844                EUSCIA2_IRQHandler
 .text.EUSCIA3_IRQHandler
                0x0000000000009874       0x30 /home/student/git/YAHAL/libYAHAL_msp432.a(irq_dispatcher.cpp.o)
                0x0000000000009874                EUSCIA3_IRQHandler
 .text.EUSCIB0_IRQHandler
                0x00000000000098a4       0x30 /home/student/git/YAHAL/libYAHAL_msp432.a(irq_dispatcher.cpp.o)
                0x00000000000098a4                EUSCIB0_IRQHandler
 .text.EUSCIB1_IRQHandler
                0x00000000000098d4       0x30 /home/student/git/YAHAL/libYAHAL_msp432.a(irq_dispatcher.cpp.o)
                0x00000000000098d4                EUSCIB1_IRQHandler
 .text.EUSCIB2_IRQHandler
                0x0000000000009904       0x30 /home/student/git/YAHAL/libYAHAL_msp432.a(irq_dispatcher.cpp.o)
                0x0000000000009904                EUSCIB2_IRQHandler
 .text.EUSCIB3_IRQHandler
                0x0000000000009934       0x30 /home/student/git/YAHAL/libYAHAL_msp432.a(irq_dispatcher.cpp.o)
                0x0000000000009934                EUSCIB3_IRQHandler
 .text.__aeabi_atexit
                0x0000000000009964        0xa /opt/ti/ccs930/ccs/tools/compiler/gcc-arm-none-eabi-7-2017-q4-major/bin/../lib/gcc/arm-none-eabi/7.2.1/../../../../arm-none-eabi/lib/thumb/v7e-m/fpv4-sp/hard/libc_nano.a(lib_a-aeabi_atexit.o)
                0x0000000000009964                __aeabi_atexit
 *fill*         0x000000000000996e        0x2 
 .text.__cxa_atexit
                0x0000000000009970       0x1c /opt/ti/ccs930/ccs/tools/compiler/gcc-arm-none-eabi-7-2017-q4-major/bin/../lib/gcc/arm-none-eabi/7.2.1/../../../../arm-none-eabi/lib/thumb/v7e-m/fpv4-sp/hard/libc_nano.a(lib_a-cxa_atexit.o)
                0x0000000000009970                __cxa_atexit
 .text.exit     0x000000000000998c       0x28 /opt/ti/ccs930/ccs/tools/compiler/gcc-arm-none-eabi-7-2017-q4-major/bin/../lib/gcc/arm-none-eabi/7.2.1/../../../../arm-none-eabi/lib/thumb/v7e-m/fpv4-sp/hard/libc_nano.a(lib_a-exit.o)
                0x000000000000998c                exit
 .text.__sflush_r
                0x00000000000099b4      0x10c /opt/ti/ccs930/ccs/tools/compiler/gcc-arm-none-eabi-7-2017-q4-major/bin/../lib/gcc/arm-none-eabi/7.2.1/../../../../arm-none-eabi/lib/thumb/v7e-m/fpv4-sp/hard/libc_nano.a(lib_a-fflush.o)
                0x00000000000099b4                __sflush_r
 .text._fflush_r
                0x0000000000009ac0       0x54 /opt/ti/ccs930/ccs/tools/compiler/gcc-arm-none-eabi-7-2017-q4-major/bin/../lib/gcc/arm-none-eabi/7.2.1/../../../../arm-none-eabi/lib/thumb/v7e-m/fpv4-sp/hard/libc_nano.a(lib_a-fflush.o)
                0x0000000000009ac0                _fflush_r
 .text.fflush   0x0000000000009b14       0x24 /opt/ti/ccs930/ccs/tools/compiler/gcc-arm-none-eabi-7-2017-q4-major/bin/../lib/gcc/arm-none-eabi/7.2.1/../../../../arm-none-eabi/lib/thumb/v7e-m/fpv4-sp/hard/libc_nano.a(lib_a-fflush.o)
                0x0000000000009b14                fflush
 .text.__fp_lock
                0x0000000000009b38        0x4 /opt/ti/ccs930/ccs/tools/compiler/gcc-arm-none-eabi-7-2017-q4-major/bin/../lib/gcc/arm-none-eabi/7.2.1/../../../../arm-none-eabi/lib/thumb/v7e-m/fpv4-sp/hard/libc_nano.a(lib_a-findfp.o)
 .text.std      0x0000000000009b3c       0x48 /opt/ti/ccs930/ccs/tools/compiler/gcc-arm-none-eabi-7-2017-q4-major/bin/../lib/gcc/arm-none-eabi/7.2.1/../../../../arm-none-eabi/lib/thumb/v7e-m/fpv4-sp/hard/libc_nano.a(lib_a-findfp.o)
 .text._cleanup_r
                0x0000000000009b84        0xc /opt/ti/ccs930/ccs/tools/compiler/gcc-arm-none-eabi-7-2017-q4-major/bin/../lib/gcc/arm-none-eabi/7.2.1/../../../../arm-none-eabi/lib/thumb/v7e-m/fpv4-sp/hard/libc_nano.a(lib_a-findfp.o)
                0x0000000000009b84                _cleanup_r
 .text.__fp_unlock
                0x0000000000009b90        0x4 /opt/ti/ccs930/ccs/tools/compiler/gcc-arm-none-eabi-7-2017-q4-major/bin/../lib/gcc/arm-none-eabi/7.2.1/../../../../arm-none-eabi/lib/thumb/v7e-m/fpv4-sp/hard/libc_nano.a(lib_a-findfp.o)
 .text.__sfmoreglue
                0x0000000000009b94       0x2c /opt/ti/ccs930/ccs/tools/compiler/gcc-arm-none-eabi-7-2017-q4-major/bin/../lib/gcc/arm-none-eabi/7.2.1/../../../../arm-none-eabi/lib/thumb/v7e-m/fpv4-sp/hard/libc_nano.a(lib_a-findfp.o)
                0x0000000000009b94                __sfmoreglue
 .text._cleanup
                0x0000000000009bc0        0xc /opt/ti/ccs930/ccs/tools/compiler/gcc-arm-none-eabi-7-2017-q4-major/bin/../lib/gcc/arm-none-eabi/7.2.1/../../../../arm-none-eabi/lib/thumb/v7e-m/fpv4-sp/hard/libc_nano.a(lib_a-findfp.o)
                0x0000000000009bc0                _cleanup
 .text.__sinit  0x0000000000009bcc       0x60 /opt/ti/ccs930/ccs/tools/compiler/gcc-arm-none-eabi-7-2017-q4-major/bin/../lib/gcc/arm-none-eabi/7.2.1/../../../../arm-none-eabi/lib/thumb/v7e-m/fpv4-sp/hard/libc_nano.a(lib_a-findfp.o)
                0x0000000000009bcc                __sinit
 .text.__sfp    0x0000000000009c2c       0x78 /opt/ti/ccs930/ccs/tools/compiler/gcc-arm-none-eabi-7-2017-q4-major/bin/../lib/gcc/arm-none-eabi/7.2.1/../../../../arm-none-eabi/lib/thumb/v7e-m/fpv4-sp/hard/libc_nano.a(lib_a-findfp.o)
                0x0000000000009c2c                __sfp
 .text.__sfp_lock_acquire
                0x0000000000009ca4        0x2 /opt/ti/ccs930/ccs/tools/compiler/gcc-arm-none-eabi-7-2017-q4-major/bin/../lib/gcc/arm-none-eabi/7.2.1/../../../../arm-none-eabi/lib/thumb/v7e-m/fpv4-sp/hard/libc_nano.a(lib_a-findfp.o)
                0x0000000000009ca4                __sfp_lock_acquire
 .text.__sfp_lock_release
                0x0000000000009ca6        0x2 /opt/ti/ccs930/ccs/tools/compiler/gcc-arm-none-eabi-7-2017-q4-major/bin/../lib/gcc/arm-none-eabi/7.2.1/../../../../arm-none-eabi/lib/thumb/v7e-m/fpv4-sp/hard/libc_nano.a(lib_a-findfp.o)
                0x0000000000009ca6                __sfp_lock_release
 .text.__sinit_lock_acquire
                0x0000000000009ca8        0x2 /opt/ti/ccs930/ccs/tools/compiler/gcc-arm-none-eabi-7-2017-q4-major/bin/../lib/gcc/arm-none-eabi/7.2.1/../../../../arm-none-eabi/lib/thumb/v7e-m/fpv4-sp/hard/libc_nano.a(lib_a-findfp.o)
                0x0000000000009ca8                __sinit_lock_acquire
 .text.__sinit_lock_release
                0x0000000000009caa        0x2 /opt/ti/ccs930/ccs/tools/compiler/gcc-arm-none-eabi-7-2017-q4-major/bin/../lib/gcc/arm-none-eabi/7.2.1/../../../../arm-none-eabi/lib/thumb/v7e-m/fpv4-sp/hard/libc_nano.a(lib_a-findfp.o)
                0x0000000000009caa                __sinit_lock_release
 .text.__fp_lock_all
                0x0000000000009cac       0x14 /opt/ti/ccs930/ccs/tools/compiler/gcc-arm-none-eabi-7-2017-q4-major/bin/../lib/gcc/arm-none-eabi/7.2.1/../../../../arm-none-eabi/lib/thumb/v7e-m/fpv4-sp/hard/libc_nano.a(lib_a-findfp.o)
                0x0000000000009cac                __fp_lock_all
 .text.__fp_unlock_all
                0x0000000000009cc0       0x14 /opt/ti/ccs930/ccs/tools/compiler/gcc-arm-none-eabi-7-2017-q4-major/bin/../lib/gcc/arm-none-eabi/7.2.1/../../../../arm-none-eabi/lib/thumb/v7e-m/fpv4-sp/hard/libc_nano.a(lib_a-findfp.o)
                0x0000000000009cc0                __fp_unlock_all
 .text._fwalk   0x0000000000009cd4       0x38 /opt/ti/ccs930/ccs/tools/compiler/gcc-arm-none-eabi-7-2017-q4-major/bin/../lib/gcc/arm-none-eabi/7.2.1/../../../../arm-none-eabi/lib/thumb/v7e-m/fpv4-sp/hard/libc_nano.a(lib_a-fwalk.o)
                0x0000000000009cd4                _fwalk
 .text._fwalk_reent
                0x0000000000009d0c       0x3c /opt/ti/ccs930/ccs/tools/compiler/gcc-arm-none-eabi-7-2017-q4-major/bin/../lib/gcc/arm-none-eabi/7.2.1/../../../../arm-none-eabi/lib/thumb/v7e-m/fpv4-sp/hard/libc_nano.a(lib_a-fwalk.o)
                0x0000000000009d0c                _fwalk_reent
 .text.__libc_init_array
                0x0000000000009d48       0x48 /opt/ti/ccs930/ccs/tools/compiler/gcc-arm-none-eabi-7-2017-q4-major/bin/../lib/gcc/arm-none-eabi/7.2.1/../../../../arm-none-eabi/lib/thumb/v7e-m/fpv4-sp/hard/libc_nano.a(lib_a-init.o)
                0x0000000000009d48                __libc_init_array
 .text.memset   0x0000000000009d90       0x10 /opt/ti/ccs930/ccs/tools/compiler/gcc-arm-none-eabi-7-2017-q4-major/bin/../lib/gcc/arm-none-eabi/7.2.1/../../../../arm-none-eabi/lib/thumb/v7e-m/fpv4-sp/hard/libc_nano.a(lib_a-memset.o)
                0x0000000000009d90                memset
 .text._free_r  0x0000000000009da0       0x9c /opt/ti/ccs930/ccs/tools/compiler/gcc-arm-none-eabi-7-2017-q4-major/bin/../lib/gcc/arm-none-eabi/7.2.1/../../../../arm-none-eabi/lib/thumb/v7e-m/fpv4-sp/hard/libc_nano.a(lib_a-nano-freer.o)
                0x0000000000009da0                _free_r
 .text._malloc_r
                0x0000000000009e3c       0xb4 /opt/ti/ccs930/ccs/tools/compiler/gcc-arm-none-eabi-7-2017-q4-major/bin/../lib/gcc/arm-none-eabi/7.2.1/../../../../arm-none-eabi/lib/thumb/v7e-m/fpv4-sp/hard/libc_nano.a(lib_a-nano-mallocr.o)
                0x0000000000009e3c                _malloc_r
 .text._printf_r
                0x0000000000009ef0       0x28 /opt/ti/ccs930/ccs/tools/compiler/gcc-arm-none-eabi-7-2017-q4-major/bin/../lib/gcc/arm-none-eabi/7.2.1/../../../../arm-none-eabi/lib/thumb/v7e-m/fpv4-sp/hard/libc_nano.a(lib_a-printf.o)
                0x0000000000009ef0                _printf_r
                0x0000000000009ef0                _iprintf_r
 .text.printf   0x0000000000009f18       0x30 /opt/ti/ccs930/ccs/tools/compiler/gcc-arm-none-eabi-7-2017-q4-major/bin/../lib/gcc/arm-none-eabi/7.2.1/../../../../arm-none-eabi/lib/thumb/v7e-m/fpv4-sp/hard/libc_nano.a(lib_a-printf.o)
                0x0000000000009f18                printf
                0x0000000000009f18                iprintf
 .text._sbrk_r  0x0000000000009f48       0x20 /opt/ti/ccs930/ccs/tools/compiler/gcc-arm-none-eabi-7-2017-q4-major/bin/../lib/gcc/arm-none-eabi/7.2.1/../../../../arm-none-eabi/lib/thumb/v7e-m/fpv4-sp/hard/libc_nano.a(lib_a-sbrkr.o)
                0x0000000000009f48                _sbrk_r
 .text.setvbuf  0x0000000000009f68      0x15c /opt/ti/ccs930/ccs/tools/compiler/gcc-arm-none-eabi-7-2017-q4-major/bin/../lib/gcc/arm-none-eabi/7.2.1/../../../../arm-none-eabi/lib/thumb/v7e-m/fpv4-sp/hard/libc_nano.a(lib_a-setvbuf.o)
                0x0000000000009f68                setvbuf
 .text.__sread  0x000000000000a0c4       0x22 /opt/ti/ccs930/ccs/tools/compiler/gcc-arm-none-eabi-7-2017-q4-major/bin/../lib/gcc/arm-none-eabi/7.2.1/../../../../arm-none-eabi/lib/thumb/v7e-m/fpv4-sp/hard/libc_nano.a(lib_a-stdio.o)
                0x000000000000a0c4                __sread
 .text.__seofread
                0x000000000000a0e6        0x4 /opt/ti/ccs930/ccs/tools/compiler/gcc-arm-none-eabi-7-2017-q4-major/bin/../lib/gcc/arm-none-eabi/7.2.1/../../../../arm-none-eabi/lib/thumb/v7e-m/fpv4-sp/hard/libc_nano.a(lib_a-stdio.o)
                0x000000000000a0e6                __seofread
 .text.__swrite
                0x000000000000a0ea       0x38 /opt/ti/ccs930/ccs/tools/compiler/gcc-arm-none-eabi-7-2017-q4-major/bin/../lib/gcc/arm-none-eabi/7.2.1/../../../../arm-none-eabi/lib/thumb/v7e-m/fpv4-sp/hard/libc_nano.a(lib_a-stdio.o)
                0x000000000000a0ea                __swrite
 .text.__sseek  0x000000000000a122       0x24 /opt/ti/ccs930/ccs/tools/compiler/gcc-arm-none-eabi-7-2017-q4-major/bin/../lib/gcc/arm-none-eabi/7.2.1/../../../../arm-none-eabi/lib/thumb/v7e-m/fpv4-sp/hard/libc_nano.a(lib_a-stdio.o)
                0x000000000000a122                __sseek
 .text.__sclose
                0x000000000000a146        0x8 /opt/ti/ccs930/ccs/tools/compiler/gcc-arm-none-eabi-7-2017-q4-major/bin/../lib/gcc/arm-none-eabi/7.2.1/../../../../arm-none-eabi/lib/thumb/v7e-m/fpv4-sp/hard/libc_nano.a(lib_a-stdio.o)
                0x000000000000a146                __sclose
 *fill*         0x000000000000a14e        0x2 
 .text._write_r
                0x000000000000a150       0x24 /opt/ti/ccs930/ccs/tools/compiler/gcc-arm-none-eabi-7-2017-q4-major/bin/../lib/gcc/arm-none-eabi/7.2.1/../../../../arm-none-eabi/lib/thumb/v7e-m/fpv4-sp/hard/libc_nano.a(lib_a-writer.o)
                0x000000000000a150                _write_r
 .text._close_r
                0x000000000000a174       0x20 /opt/ti/ccs930/ccs/tools/compiler/gcc-arm-none-eabi-7-2017-q4-major/bin/../lib/gcc/arm-none-eabi/7.2.1/../../../../arm-none-eabi/lib/thumb/v7e-m/fpv4-sp/hard/libc_nano.a(lib_a-closer.o)
                0x000000000000a174                _close_r
 .text._lseek_r
                0x000000000000a194       0x24 /opt/ti/ccs930/ccs/tools/compiler/gcc-arm-none-eabi-7-2017-q4-major/bin/../lib/gcc/arm-none-eabi/7.2.1/../../../../arm-none-eabi/lib/thumb/v7e-m/fpv4-sp/hard/libc_nano.a(lib_a-lseekr.o)
                0x000000000000a194                _lseek_r
 .text.__swhatbuf_r
                0x000000000000a1b8       0x48 /opt/ti/ccs930/ccs/tools/compiler/gcc-arm-none-eabi-7-2017-q4-major/bin/../lib/gcc/arm-none-eabi/7.2.1/../../../../arm-none-eabi/lib/thumb/v7e-m/fpv4-sp/hard/libc_nano.a(lib_a-makebuf.o)
                0x000000000000a1b8                __swhatbuf_r
 .text.__smakebuf_r
                0x000000000000a200       0x80 /opt/ti/ccs930/ccs/tools/compiler/gcc-arm-none-eabi-7-2017-q4-major/bin/../lib/gcc/arm-none-eabi/7.2.1/../../../../arm-none-eabi/lib/thumb/v7e-m/fpv4-sp/hard/libc_nano.a(lib_a-makebuf.o)
                0x000000000000a200                __smakebuf_r
 .text.malloc   0x000000000000a280       0x10 /opt/ti/ccs930/ccs/tools/compiler/gcc-arm-none-eabi-7-2017-q4-major/bin/../lib/gcc/arm-none-eabi/7.2.1/../../../../arm-none-eabi/lib/thumb/v7e-m/fpv4-sp/hard/libc_nano.a(lib_a-malloc.o)
                0x000000000000a280                malloc
 .text.free     0x000000000000a290       0x10 /opt/ti/ccs930/ccs/tools/compiler/gcc-arm-none-eabi-7-2017-q4-major/bin/../lib/gcc/arm-none-eabi/7.2.1/../../../../arm-none-eabi/lib/thumb/v7e-m/fpv4-sp/hard/libc_nano.a(lib_a-malloc.o)
                0x000000000000a290                free
 .text.__malloc_lock
                0x000000000000a2a0        0x2 /opt/ti/ccs930/ccs/tools/compiler/gcc-arm-none-eabi-7-2017-q4-major/bin/../lib/gcc/arm-none-eabi/7.2.1/../../../../arm-none-eabi/lib/thumb/v7e-m/fpv4-sp/hard/libc_nano.a(lib_a-mlock.o)
                0x000000000000a2a0                __malloc_lock
 .text.__malloc_unlock
                0x000000000000a2a2        0x2 /opt/ti/ccs930/ccs/tools/compiler/gcc-arm-none-eabi-7-2017-q4-major/bin/../lib/gcc/arm-none-eabi/7.2.1/../../../../arm-none-eabi/lib/thumb/v7e-m/fpv4-sp/hard/libc_nano.a(lib_a-mlock.o)
                0x000000000000a2a2                __malloc_unlock
 .text.__sfputc_r
                0x000000000000a2a4       0x2e /opt/ti/ccs930/ccs/tools/compiler/gcc-arm-none-eabi-7-2017-q4-major/bin/../lib/gcc/arm-none-eabi/7.2.1/../../../../arm-none-eabi/lib/thumb/v7e-m/fpv4-sp/hard/libc_nano.a(lib_a-nano-vfprintf.o)
 .text.__sfputs_r
                0x000000000000a2d2       0x24 /opt/ti/ccs930/ccs/tools/compiler/gcc-arm-none-eabi-7-2017-q4-major/bin/../lib/gcc/arm-none-eabi/7.2.1/../../../../arm-none-eabi/lib/thumb/v7e-m/fpv4-sp/hard/libc_nano.a(lib_a-nano-vfprintf.o)
                0x000000000000a2d2                __sfputs_r
 .text.__sprint_r
                0x000000000000a2f6       0x1a /opt/ti/ccs930/ccs/tools/compiler/gcc-arm-none-eabi-7-2017-q4-major/bin/../lib/gcc/arm-none-eabi/7.2.1/../../../../arm-none-eabi/lib/thumb/v7e-m/fpv4-sp/hard/libc_nano.a(lib_a-nano-vfprintf.o)
                0x000000000000a2f6                __sprint_r
 .text._vfprintf_r
                0x000000000000a310      0x228 /opt/ti/ccs930/ccs/tools/compiler/gcc-arm-none-eabi-7-2017-q4-major/bin/../lib/gcc/arm-none-eabi/7.2.1/../../../../arm-none-eabi/lib/thumb/v7e-m/fpv4-sp/hard/libc_nano.a(lib_a-nano-vfprintf.o)
                0x000000000000a310                _vfiprintf_r
                0x000000000000a310                _vfprintf_r
 .text.vfprintf
                0x000000000000a538       0x14 /opt/ti/ccs930/ccs/tools/compiler/gcc-arm-none-eabi-7-2017-q4-major/bin/../lib/gcc/arm-none-eabi/7.2.1/../../../../arm-none-eabi/lib/thumb/v7e-m/fpv4-sp/hard/libc_nano.a(lib_a-nano-vfprintf.o)
                0x000000000000a538                vfiprintf
                0x000000000000a538                vfprintf
 .text._printf_common
                0x000000000000a54c       0xea /opt/ti/ccs930/ccs/tools/compiler/gcc-arm-none-eabi-7-2017-q4-major/bin/../lib/gcc/arm-none-eabi/7.2.1/../../../../arm-none-eabi/lib/thumb/v7e-m/fpv4-sp/hard/libc_nano.a(lib_a-nano-vfprintf_i.o)
                0x000000000000a54c                _printf_common
 *fill*         0x000000000000a636        0x2 
 .text._printf_i
                0x000000000000a638      0x224 /opt/ti/ccs930/ccs/tools/compiler/gcc-arm-none-eabi-7-2017-q4-major/bin/../lib/gcc/arm-none-eabi/7.2.1/../../../../arm-none-eabi/lib/thumb/v7e-m/fpv4-sp/hard/libc_nano.a(lib_a-nano-vfprintf_i.o)
                0x000000000000a638                _printf_i
 .text._read_r  0x000000000000a85c       0x24 /opt/ti/ccs930/ccs/tools/compiler/gcc-arm-none-eabi-7-2017-q4-major/bin/../lib/gcc/arm-none-eabi/7.2.1/../../../../arm-none-eabi/lib/thumb/v7e-m/fpv4-sp/hard/libc_nano.a(lib_a-readr.o)
                0x000000000000a85c                _read_r
 .text.cleanup_glue
                0x000000000000a880       0x1a /opt/ti/ccs930/ccs/tools/compiler/gcc-arm-none-eabi-7-2017-q4-major/bin/../lib/gcc/arm-none-eabi/7.2.1/../../../../arm-none-eabi/lib/thumb/v7e-m/fpv4-sp/hard/libc_nano.a(lib_a-reent.o)
                0x000000000000a880                cleanup_glue
 *fill*         0x000000000000a89a        0x2 
 .text._reclaim_reent
                0x000000000000a89c       0xb8 /opt/ti/ccs930/ccs/tools/compiler/gcc-arm-none-eabi-7-2017-q4-major/bin/../lib/gcc/arm-none-eabi/7.2.1/../../../../arm-none-eabi/lib/thumb/v7e-m/fpv4-sp/hard/libc_nano.a(lib_a-reent.o)
                0x000000000000a89c                _reclaim_reent
 .text.__swbuf_r
                0x000000000000a954       0xa4 /opt/ti/ccs930/ccs/tools/compiler/gcc-arm-none-eabi-7-2017-q4-major/bin/../lib/gcc/arm-none-eabi/7.2.1/../../../../arm-none-eabi/lib/thumb/v7e-m/fpv4-sp/hard/libc_nano.a(lib_a-wbuf.o)
                0x000000000000a954                __swbuf_r
 .text.__swbuf  0x000000000000a9f8       0x10 /opt/ti/ccs930/ccs/tools/compiler/gcc-arm-none-eabi-7-2017-q4-major/bin/../lib/gcc/arm-none-eabi/7.2.1/../../../../arm-none-eabi/lib/thumb/v7e-m/fpv4-sp/hard/libc_nano.a(lib_a-wbuf.o)
                0x000000000000a9f8                __swbuf
 .text.__swsetup_r
                0x000000000000aa08       0xdc /opt/ti/ccs930/ccs/tools/compiler/gcc-arm-none-eabi-7-2017-q4-major/bin/../lib/gcc/arm-none-eabi/7.2.1/../../../../arm-none-eabi/lib/thumb/v7e-m/fpv4-sp/hard/libc_nano.a(lib_a-wsetup.o)
                0x000000000000aa08                __swsetup_r
 .text._fstat_r
                0x000000000000aae4       0x24 /opt/ti/ccs930/ccs/tools/compiler/gcc-arm-none-eabi-7-2017-q4-major/bin/../lib/gcc/arm-none-eabi/7.2.1/../../../../arm-none-eabi/lib/thumb/v7e-m/fpv4-sp/hard/libc_nano.a(lib_a-fstatr.o)
                0x000000000000aae4                _fstat_r
 .text.__sfvwrite_r
                0x000000000000ab08      0x29c /opt/ti/ccs930/ccs/tools/compiler/gcc-arm-none-eabi-7-2017-q4-major/bin/../lib/gcc/arm-none-eabi/7.2.1/../../../../arm-none-eabi/lib/thumb/v7e-m/fpv4-sp/hard/libc_nano.a(lib_a-fvwrite.o)
                0x000000000000ab08                __sfvwrite_r
 .text._isatty_r
                0x000000000000ada4       0x20 /opt/ti/ccs930/ccs/tools/compiler/gcc-arm-none-eabi-7-2017-q4-major/bin/../lib/gcc/arm-none-eabi/7.2.1/../../../../arm-none-eabi/lib/thumb/v7e-m/fpv4-sp/hard/libc_nano.a(lib_a-isattyr.o)
                0x000000000000ada4                _isatty_r
 .text.memcpy   0x000000000000adc4       0x16 /opt/ti/ccs930/ccs/tools/compiler/gcc-arm-none-eabi-7-2017-q4-major/bin/../lib/gcc/arm-none-eabi/7.2.1/../../../../arm-none-eabi/lib/thumb/v7e-m/fpv4-sp/hard/libc_nano.a(lib_a-memcpy-stub.o)
                0x000000000000adc4                memcpy
 .text.memmove  0x000000000000adda       0x32 /opt/ti/ccs930/ccs/tools/compiler/gcc-arm-none-eabi-7-2017-q4-major/bin/../lib/gcc/arm-none-eabi/7.2.1/../../../../arm-none-eabi/lib/thumb/v7e-m/fpv4-sp/hard/libc_nano.a(lib_a-memmove.o)
                0x000000000000adda                memmove
 .text._realloc_r
                0x000000000000ae0c       0x4c /opt/ti/ccs930/ccs/tools/compiler/gcc-arm-none-eabi-7-2017-q4-major/bin/../lib/gcc/arm-none-eabi/7.2.1/../../../../arm-none-eabi/lib/thumb/v7e-m/fpv4-sp/hard/libc_nano.a(lib_a-nano-reallocr.o)
                0x000000000000ae0c                _realloc_r
 .text._malloc_usable_size_r
                0x000000000000ae58       0x10 /opt/ti/ccs930/ccs/tools/compiler/gcc-arm-none-eabi-7-2017-q4-major/bin/../lib/gcc/arm-none-eabi/7.2.1/../../../../arm-none-eabi/lib/thumb/v7e-m/fpv4-sp/hard/libc_nano.a(lib_a-nano-msizer.o)
                0x000000000000ae58                _malloc_usable_size_r
 .text._ZNK10__cxxabiv117__class_type_info11__do_upcastEPKS0_PPv
                0x000000000000ae68       0x38 /opt/ti/ccs930/ccs/tools/compiler/gcc-arm-none-eabi-7-2017-q4-major/bin/../lib/gcc/arm-none-eabi/7.2.1/../../../../arm-none-eabi/lib/thumb/v7e-m/fpv4-sp/hard/libsupc++.a(class_type_info.o)
                0x000000000000ae68                __cxxabiv1::__class_type_info::__do_upcast(__cxxabiv1::__class_type_info const*, void**) const
 .text._ZNK10__cxxabiv117__class_type_info20__do_find_public_srcEiPKvPKS0_S2_
                0x000000000000aea0        0xc /opt/ti/ccs930/ccs/tools/compiler/gcc-arm-none-eabi-7-2017-q4-major/bin/../lib/gcc/arm-none-eabi/7.2.1/../../../../arm-none-eabi/lib/thumb/v7e-m/fpv4-sp/hard/libsupc++.a(class_type_info.o)
                0x000000000000aea0                __cxxabiv1::__class_type_info::__do_find_public_src(int, void const*, __cxxabiv1::__class_type_info const*, void const*) const
 .text._ZN10__cxxabiv117__class_type_infoD2Ev
                0x000000000000aeac       0x14 /opt/ti/ccs930/ccs/tools/compiler/gcc-arm-none-eabi-7-2017-q4-major/bin/../lib/gcc/arm-none-eabi/7.2.1/../../../../arm-none-eabi/lib/thumb/v7e-m/fpv4-sp/hard/libsupc++.a(class_type_info.o)
                0x000000000000aeac                __cxxabiv1::__class_type_info::~__class_type_info()
                0x000000000000aeac                __cxxabiv1::__class_type_info::~__class_type_info()
 .text._ZN10__cxxabiv117__class_type_infoD0Ev
                0x000000000000aec0       0x1c /opt/ti/ccs930/ccs/tools/compiler/gcc-arm-none-eabi-7-2017-q4-major/bin/../lib/gcc/arm-none-eabi/7.2.1/../../../../arm-none-eabi/lib/thumb/v7e-m/fpv4-sp/hard/libsupc++.a(class_type_info.o)
                0x000000000000aec0                __cxxabiv1::__class_type_info::~__class_type_info()
 .text._ZNK10__cxxabiv117__class_type_info12__do_dyncastEiNS0_10__sub_kindEPKS0_PKvS3_S5_RNS0_16__dyncast_resultE
                0x000000000000aedc       0x44 /opt/ti/ccs930/ccs/tools/compiler/gcc-arm-none-eabi-7-2017-q4-major/bin/../lib/gcc/arm-none-eabi/7.2.1/../../../../arm-none-eabi/lib/thumb/v7e-m/fpv4-sp/hard/libsupc++.a(class_type_info.o)
                0x000000000000aedc                __cxxabiv1::__class_type_info::__do_dyncast(int, __cxxabiv1::__class_type_info::__sub_kind, __cxxabiv1::__class_type_info const*, void const*, __cxxabiv1::__class_type_info const*, void const*, __cxxabiv1::__class_type_info::__dyncast_result&) const
 .text._ZNK10__cxxabiv117__class_type_info11__do_upcastEPKS0_PKvRNS0_15__upcast_resultE
                0x000000000000af20       0x18 /opt/ti/ccs930/ccs/tools/compiler/gcc-arm-none-eabi-7-2017-q4-major/bin/../lib/gcc/arm-none-eabi/7.2.1/../../../../arm-none-eabi/lib/thumb/v7e-m/fpv4-sp/hard/libsupc++.a(class_type_info.o)
                0x000000000000af20                __cxxabiv1::__class_type_info::__do_upcast(__cxxabiv1::__class_type_info const*, void const*, __cxxabiv1::__class_type_info::__upcast_result&) const
 .text._ZNK10__cxxabiv117__class_type_info10__do_catchEPKSt9type_infoPPvj
                0x000000000000af38       0x2c /opt/ti/ccs930/ccs/tools/compiler/gcc-arm-none-eabi-7-2017-q4-major/bin/../lib/gcc/arm-none-eabi/7.2.1/../../../../arm-none-eabi/lib/thumb/v7e-m/fpv4-sp/hard/libsupc++.a(class_type_info.o)
                0x000000000000af38                __cxxabiv1::__class_type_info::__do_catch(std::type_info const*, void**, unsigned int) const
 .text._ZdlPv   0x000000000000af64        0x4 /opt/ti/ccs930/ccs/tools/compiler/gcc-arm-none-eabi-7-2017-q4-major/bin/../lib/gcc/arm-none-eabi/7.2.1/../../../../arm-none-eabi/lib/thumb/v7e-m/fpv4-sp/hard/libsupc++.a(del_op.o)
                0x000000000000af64                operator delete(void*)
 .text._ZdlPvj  0x000000000000af68        0x4 /opt/ti/ccs930/ccs/tools/compiler/gcc-arm-none-eabi-7-2017-q4-major/bin/../lib/gcc/arm-none-eabi/7.2.1/../../../../arm-none-eabi/lib/thumb/v7e-m/fpv4-sp/hard/libsupc++.a(del_ops.o)
                0x000000000000af68                operator delete(void*, unsigned int)
 .text.__cxa_end_cleanup
                0x000000000000af6c        0xc /opt/ti/ccs930/ccs/tools/compiler/gcc-arm-none-eabi-7-2017-q4-major/bin/../lib/gcc/arm-none-eabi/7.2.1/../../../../arm-none-eabi/lib/thumb/v7e-m/fpv4-sp/hard/libsupc++.a(eh_arm.o)
                0x000000000000af6c                __cxa_end_cleanup
 .text.__cxa_type_match
                0x000000000000af78       0xb0 /opt/ti/ccs930/ccs/tools/compiler/gcc-arm-none-eabi-7-2017-q4-major/bin/../lib/gcc/arm-none-eabi/7.2.1/../../../../arm-none-eabi/lib/thumb/v7e-m/fpv4-sp/hard/libsupc++.a(eh_arm.o)
                0x000000000000af78                __cxa_type_match
 .text.__cxa_begin_cleanup
                0x000000000000b028       0x64 /opt/ti/ccs930/ccs/tools/compiler/gcc-arm-none-eabi-7-2017-q4-major/bin/../lib/gcc/arm-none-eabi/7.2.1/../../../../arm-none-eabi/lib/thumb/v7e-m/fpv4-sp/hard/libsupc++.a(eh_arm.o)
                0x000000000000b028                __cxa_begin_cleanup
 .text.__gnu_end_cleanup
                0x000000000000b08c       0x70 /opt/ti/ccs930/ccs/tools/compiler/gcc-arm-none-eabi-7-2017-q4-major/bin/../lib/gcc/arm-none-eabi/7.2.1/../../../../arm-none-eabi/lib/thumb/v7e-m/fpv4-sp/hard/libsupc++.a(eh_arm.o)
                0x000000000000b08c                __gnu_end_cleanup
 .text._ZNSt9exceptionD2Ev
                0x000000000000b0fc        0x4 /opt/ti/ccs930/ccs/tools/compiler/gcc-arm-none-eabi-7-2017-q4-major/bin/../lib/gcc/arm-none-eabi/7.2.1/../../../../arm-none-eabi/lib/thumb/v7e-m/fpv4-sp/hard/libsupc++.a(eh_exception.o)
                0x000000000000b0fc                std::exception::~exception()
                0x000000000000b0fc                std::exception::~exception()
 .text._ZNSt13bad_exceptionD2Ev
                0x000000000000b100        0x4 /opt/ti/ccs930/ccs/tools/compiler/gcc-arm-none-eabi-7-2017-q4-major/bin/../lib/gcc/arm-none-eabi/7.2.1/../../../../arm-none-eabi/lib/thumb/v7e-m/fpv4-sp/hard/libsupc++.a(eh_exception.o)
                0x000000000000b100                std::bad_exception::~bad_exception()
                0x000000000000b100                std::bad_exception::~bad_exception()
 .text._ZNKSt9exception4whatEv
                0x000000000000b104        0x8 /opt/ti/ccs930/ccs/tools/compiler/gcc-arm-none-eabi-7-2017-q4-major/bin/../lib/gcc/arm-none-eabi/7.2.1/../../../../arm-none-eabi/lib/thumb/v7e-m/fpv4-sp/hard/libsupc++.a(eh_exception.o)
                0x000000000000b104                transaction clone for std::exception::what() const
                0x000000000000b104                std::exception::what() const
 .text._ZNKSt13bad_exception4whatEv
                0x000000000000b10c        0x8 /opt/ti/ccs930/ccs/tools/compiler/gcc-arm-none-eabi-7-2017-q4-major/bin/../lib/gcc/arm-none-eabi/7.2.1/../../../../arm-none-eabi/lib/thumb/v7e-m/fpv4-sp/hard/libsupc++.a(eh_exception.o)
                0x000000000000b10c                transaction clone for std::bad_exception::what() const
                0x000000000000b10c                std::bad_exception::what() const
 .text._ZNSt9exceptionD0Ev
                0x000000000000b114       0x10 /opt/ti/ccs930/ccs/tools/compiler/gcc-arm-none-eabi-7-2017-q4-major/bin/../lib/gcc/arm-none-eabi/7.2.1/../../../../arm-none-eabi/lib/thumb/v7e-m/fpv4-sp/hard/libsupc++.a(eh_exception.o)
                0x000000000000b114                std::exception::~exception()
 .text._ZNSt13bad_exceptionD0Ev
                0x000000000000b124       0x10 /opt/ti/ccs930/ccs/tools/compiler/gcc-arm-none-eabi-7-2017-q4-major/bin/../lib/gcc/arm-none-eabi/7.2.1/../../../../arm-none-eabi/lib/thumb/v7e-m/fpv4-sp/hard/libsupc++.a(eh_exception.o)
                0x000000000000b124                std::bad_exception::~bad_exception()
 .text._ZN10__cxxabiv115__forced_unwindD2Ev
                0x000000000000b134        0x4 /opt/ti/ccs930/ccs/tools/compiler/gcc-arm-none-eabi-7-2017-q4-major/bin/../lib/gcc/arm-none-eabi/7.2.1/../../../../arm-none-eabi/lib/thumb/v7e-m/fpv4-sp/hard/libsupc++.a(eh_exception.o)
                0x000000000000b134                __cxxabiv1::__forced_unwind::~__forced_unwind()
                0x000000000000b134                __cxxabiv1::__forced_unwind::~__forced_unwind()
 .text._ZN10__cxxabiv115__forced_unwindD0Ev
                0x000000000000b138       0x10 /opt/ti/ccs930/ccs/tools/compiler/gcc-arm-none-eabi-7-2017-q4-major/bin/../lib/gcc/arm-none-eabi/7.2.1/../../../../arm-none-eabi/lib/thumb/v7e-m/fpv4-sp/hard/libsupc++.a(eh_exception.o)
                0x000000000000b138                __cxxabiv1::__forced_unwind::~__forced_unwind()
 .text._ZN10__cxxabiv119__foreign_exceptionD2Ev
                0x000000000000b148        0x4 /opt/ti/ccs930/ccs/tools/compiler/gcc-arm-none-eabi-7-2017-q4-major/bin/../lib/gcc/arm-none-eabi/7.2.1/../../../../arm-none-eabi/lib/thumb/v7e-m/fpv4-sp/hard/libsupc++.a(eh_exception.o)
                0x000000000000b148                __cxxabiv1::__foreign_exception::~__foreign_exception()
                0x000000000000b148                __cxxabiv1::__foreign_exception::~__foreign_exception()
 .text._ZN10__cxxabiv119__foreign_exceptionD0Ev
                0x000000000000b14c       0x10 /opt/ti/ccs930/ccs/tools/compiler/gcc-arm-none-eabi-7-2017-q4-major/bin/../lib/gcc/arm-none-eabi/7.2.1/../../../../arm-none-eabi/lib/thumb/v7e-m/fpv4-sp/hard/libsupc++.a(eh_exception.o)
                0x000000000000b14c                __cxxabiv1::__foreign_exception::~__foreign_exception()
 .text._ZGTtNKSt9exceptionD1Ev
                0x000000000000b15c        0x4 /opt/ti/ccs930/ccs/tools/compiler/gcc-arm-none-eabi-7-2017-q4-major/bin/../lib/gcc/arm-none-eabi/7.2.1/../../../../arm-none-eabi/lib/thumb/v7e-m/fpv4-sp/hard/libsupc++.a(eh_exception.o)
                0x000000000000b15c                transaction clone for std::exception::~exception() const
 .text._ZGTtNKSt13bad_exceptionD1Ev
                0x000000000000b160        0x4 /opt/ti/ccs930/ccs/tools/compiler/gcc-arm-none-eabi-7-2017-q4-major/bin/../lib/gcc/arm-none-eabi/7.2.1/../../../../arm-none-eabi/lib/thumb/v7e-m/fpv4-sp/hard/libsupc++.a(eh_exception.o)
                0x000000000000b160                transaction clone for std::bad_exception::~bad_exception() const
 .text.__cxa_get_globals_fast
                0x000000000000b164        0x8 /opt/ti/ccs930/ccs/tools/compiler/gcc-arm-none-eabi-7-2017-q4-major/bin/../lib/gcc/arm-none-eabi/7.2.1/../../../../arm-none-eabi/lib/thumb/v7e-m/fpv4-sp/hard/libsupc++.a(eh_globals.o)
                0x000000000000b164                __cxa_get_globals_fast
 .text.__cxa_get_globals
                0x000000000000b16c        0x8 /opt/ti/ccs930/ccs/tools/compiler/gcc-arm-none-eabi-7-2017-q4-major/bin/../lib/gcc/arm-none-eabi/7.2.1/../../../../arm-none-eabi/lib/thumb/v7e-m/fpv4-sp/hard/libsupc++.a(eh_globals.o)
                0x000000000000b16c                __cxa_get_globals
 .text._ZL28read_encoded_value_with_basehjPKhPj
                0x000000000000b174       0xc0 /opt/ti/ccs930/ccs/tools/compiler/gcc-arm-none-eabi-7-2017-q4-major/bin/../lib/gcc/arm-none-eabi/7.2.1/../../../../arm-none-eabi/lib/thumb/v7e-m/fpv4-sp/hard/libsupc++.a(eh_personality.o)
 .text._ZL21base_of_encoded_valuehP15_Unwind_Context.part.3
                0x000000000000b234       0x38 /opt/ti/ccs930/ccs/tools/compiler/gcc-arm-none-eabi-7-2017-q4-major/bin/../lib/gcc/arm-none-eabi/7.2.1/../../../../arm-none-eabi/lib/thumb/v7e-m/fpv4-sp/hard/libsupc++.a(eh_personality.o)
 .text._ZL17parse_lsda_headerP15_Unwind_ContextPKhP16lsda_header_info
                0x000000000000b26c       0x94 /opt/ti/ccs930/ccs/tools/compiler/gcc-arm-none-eabi-7-2017-q4-major/bin/../lib/gcc/arm-none-eabi/7.2.1/../../../../arm-none-eabi/lib/thumb/v7e-m/fpv4-sp/hard/libsupc++.a(eh_personality.o)
 .text.__gxx_personality_v0
                0x000000000000b300      0x4e4 /opt/ti/ccs930/ccs/tools/compiler/gcc-arm-none-eabi-7-2017-q4-major/bin/../lib/gcc/arm-none-eabi/7.2.1/../../../../arm-none-eabi/lib/thumb/v7e-m/fpv4-sp/hard/libsupc++.a(eh_personality.o)
                0x000000000000b300                __gxx_personality_v0
 .text._ZN10__cxxabiv111__terminateEPFvvE
                0x000000000000b7e4       0x28 /opt/ti/ccs930/ccs/tools/compiler/gcc-arm-none-eabi-7-2017-q4-major/bin/../lib/gcc/arm-none-eabi/7.2.1/../../../../arm-none-eabi/lib/thumb/v7e-m/fpv4-sp/hard/libsupc++.a(eh_terminate.o)
                0x000000000000b7e4                __cxxabiv1::__terminate(void (*)())
 .text._ZSt9terminatev
                0x000000000000b80c       0x14 /opt/ti/ccs930/ccs/tools/compiler/gcc-arm-none-eabi-7-2017-q4-major/bin/../lib/gcc/arm-none-eabi/7.2.1/../../../../arm-none-eabi/lib/thumb/v7e-m/fpv4-sp/hard/libsupc++.a(eh_terminate.o)
                0x000000000000b80c                std::terminate()
 .text._ZN10__cxxabiv112__unexpectedEPFvvE
                0x000000000000b820        0x8 /opt/ti/ccs930/ccs/tools/compiler/gcc-arm-none-eabi-7-2017-q4-major/bin/../lib/gcc/arm-none-eabi/7.2.1/../../../../arm-none-eabi/lib/thumb/v7e-m/fpv4-sp/hard/libsupc++.a(eh_terminate.o)
                0x000000000000b820                __cxxabiv1::__unexpected(void (*)())
 .text._ZSt10unexpectedv
                0x000000000000b828       0x14 /opt/ti/ccs930/ccs/tools/compiler/gcc-arm-none-eabi-7-2017-q4-major/bin/../lib/gcc/arm-none-eabi/7.2.1/../../../../arm-none-eabi/lib/thumb/v7e-m/fpv4-sp/hard/libsupc++.a(eh_terminate.o)
                0x000000000000b828                std::unexpected()
 .text._ZSt13set_terminatePFvvE
                0x000000000000b83c       0x20 /opt/ti/ccs930/ccs/tools/compiler/gcc-arm-none-eabi-7-2017-q4-major/bin/../lib/gcc/arm-none-eabi/7.2.1/../../../../arm-none-eabi/lib/thumb/v7e-m/fpv4-sp/hard/libsupc++.a(eh_terminate.o)
                0x000000000000b83c                std::set_terminate(void (*)())
 .text._ZSt13get_terminatev
                0x000000000000b85c       0x10 /opt/ti/ccs930/ccs/tools/compiler/gcc-arm-none-eabi-7-2017-q4-major/bin/../lib/gcc/arm-none-eabi/7.2.1/../../../../arm-none-eabi/lib/thumb/v7e-m/fpv4-sp/hard/libsupc++.a(eh_terminate.o)
                0x000000000000b85c                std::get_terminate()
 .text._ZSt14set_unexpectedPFvvE
                0x000000000000b86c       0x20 /opt/ti/ccs930/ccs/tools/compiler/gcc-arm-none-eabi-7-2017-q4-major/bin/../lib/gcc/arm-none-eabi/7.2.1/../../../../arm-none-eabi/lib/thumb/v7e-m/fpv4-sp/hard/libsupc++.a(eh_terminate.o)
                0x000000000000b86c                std::set_unexpected(void (*)())
 .text._ZSt14get_unexpectedv
                0x000000000000b88c       0x10 /opt/ti/ccs930/ccs/tools/compiler/gcc-arm-none-eabi-7-2017-q4-major/bin/../lib/gcc/arm-none-eabi/7.2.1/../../../../arm-none-eabi/lib/thumb/v7e-m/fpv4-sp/hard/libsupc++.a(eh_terminate.o)
                0x000000000000b88c                std::get_unexpected()
 .text.__cxa_pure_virtual
                0x000000000000b89c       0x14 /opt/ti/ccs930/ccs/tools/compiler/gcc-arm-none-eabi-7-2017-q4-major/bin/../lib/gcc/arm-none-eabi/7.2.1/../../../../arm-none-eabi/lib/thumb/v7e-m/fpv4-sp/hard/libsupc++.a(pure.o)
                0x000000000000b89c                __cxa_pure_virtual
 .text.__cxa_deleted_virtual
                0x000000000000b8b0       0x14 /opt/ti/ccs930/ccs/tools/compiler/gcc-arm-none-eabi-7-2017-q4-major/bin/../lib/gcc/arm-none-eabi/7.2.1/../../../../arm-none-eabi/lib/thumb/v7e-m/fpv4-sp/hard/libsupc++.a(pure.o)
                0x000000000000b8b0                __cxa_deleted_virtual
 .text._ZN10__cxxabiv120__si_class_type_infoD2Ev
                0x000000000000b8c4       0x14 /opt/ti/ccs930/ccs/tools/compiler/gcc-arm-none-eabi-7-2017-q4-major/bin/../lib/gcc/arm-none-eabi/7.2.1/../../../../arm-none-eabi/lib/thumb/v7e-m/fpv4-sp/hard/libsupc++.a(si_class_type_info.o)
                0x000000000000b8c4                __cxxabiv1::__si_class_type_info::~__si_class_type_info()
                0x000000000000b8c4                __cxxabiv1::__si_class_type_info::~__si_class_type_info()
 .text._ZN10__cxxabiv120__si_class_type_infoD0Ev
                0x000000000000b8d8       0x1c /opt/ti/ccs930/ccs/tools/compiler/gcc-arm-none-eabi-7-2017-q4-major/bin/../lib/gcc/arm-none-eabi/7.2.1/../../../../arm-none-eabi/lib/thumb/v7e-m/fpv4-sp/hard/libsupc++.a(si_class_type_info.o)
                0x000000000000b8d8                __cxxabiv1::__si_class_type_info::~__si_class_type_info()
 .text._ZNK10__cxxabiv120__si_class_type_info20__do_find_public_srcEiPKvPKNS_17__class_type_infoES2_
                0x000000000000b8f4       0x3c /opt/ti/ccs930/ccs/tools/compiler/gcc-arm-none-eabi-7-2017-q4-major/bin/../lib/gcc/arm-none-eabi/7.2.1/../../../../arm-none-eabi/lib/thumb/v7e-m/fpv4-sp/hard/libsupc++.a(si_class_type_info.o)
                0x000000000000b8f4                __cxxabiv1::__si_class_type_info::__do_find_public_src(int, void const*, __cxxabiv1::__class_type_info const*, void const*) const
 .text._ZNK10__cxxabiv120__si_class_type_info12__do_dyncastEiNS_17__class_type_info10__sub_kindEPKS1_PKvS4_S6_RNS1_16__dyncast_resultE
                0x000000000000b930       0x80 /opt/ti/ccs930/ccs/tools/compiler/gcc-arm-none-eabi-7-2017-q4-major/bin/../lib/gcc/arm-none-eabi/7.2.1/../../../../arm-none-eabi/lib/thumb/v7e-m/fpv4-sp/hard/libsupc++.a(si_class_type_info.o)
                0x000000000000b930                __cxxabiv1::__si_class_type_info::__do_dyncast(int, __cxxabiv1::__class_type_info::__sub_kind, __cxxabiv1::__class_type_info const*, void const*, __cxxabiv1::__class_type_info const*, void const*, __cxxabiv1::__class_type_info::__dyncast_result&) const
 .text._ZNK10__cxxabiv120__si_class_type_info11__do_upcastEPKNS_17__class_type_infoEPKvRNS1_15__upcast_resultE
                0x000000000000b9b0       0x2c /opt/ti/ccs930/ccs/tools/compiler/gcc-arm-none-eabi-7-2017-q4-major/bin/../lib/gcc/arm-none-eabi/7.2.1/../../../../arm-none-eabi/lib/thumb/v7e-m/fpv4-sp/hard/libsupc++.a(si_class_type_info.o)
                0x000000000000b9b0                __cxxabiv1::__si_class_type_info::__do_upcast(__cxxabiv1::__class_type_info const*, void const*, __cxxabiv1::__class_type_info::__upcast_result&) const
 .text._ZNSt9type_infoD2Ev
                0x000000000000b9dc        0x4 /opt/ti/ccs930/ccs/tools/compiler/gcc-arm-none-eabi-7-2017-q4-major/bin/../lib/gcc/arm-none-eabi/7.2.1/../../../../arm-none-eabi/lib/thumb/v7e-m/fpv4-sp/hard/libsupc++.a(tinfo.o)
                0x000000000000b9dc                std::type_info::~type_info()
                0x000000000000b9dc                std::type_info::~type_info()
 .text._ZNKSt9type_info14__is_pointer_pEv
                0x000000000000b9e0        0x4 /opt/ti/ccs930/ccs/tools/compiler/gcc-arm-none-eabi-7-2017-q4-major/bin/../lib/gcc/arm-none-eabi/7.2.1/../../../../arm-none-eabi/lib/thumb/v7e-m/fpv4-sp/hard/libsupc++.a(tinfo.o)
                0x000000000000b9e0                std::type_info::__is_function_p() const
                0x000000000000b9e0                std::type_info::__is_pointer_p() const
 .text._ZNKSt9type_info11__do_upcastEPKN10__cxxabiv117__class_type_infoEPPv
                0x000000000000b9e4        0x4 /opt/ti/ccs930/ccs/tools/compiler/gcc-arm-none-eabi-7-2017-q4-major/bin/../lib/gcc/arm-none-eabi/7.2.1/../../../../arm-none-eabi/lib/thumb/v7e-m/fpv4-sp/hard/libsupc++.a(tinfo.o)
                0x000000000000b9e4                std::type_info::__do_upcast(__cxxabiv1::__class_type_info const*, void**) const
 .text._ZNSt9type_infoD0Ev
                0x000000000000b9e8       0x10 /opt/ti/ccs930/ccs/tools/compiler/gcc-arm-none-eabi-7-2017-q4-major/bin/../lib/gcc/arm-none-eabi/7.2.1/../../../../arm-none-eabi/lib/thumb/v7e-m/fpv4-sp/hard/libsupc++.a(tinfo.o)
                0x000000000000b9e8                std::type_info::~type_info()
 .text._ZNKSt9type_infoeqERKS_
                0x000000000000b9f8       0x2c /opt/ti/ccs930/ccs/tools/compiler/gcc-arm-none-eabi-7-2017-q4-major/bin/../lib/gcc/arm-none-eabi/7.2.1/../../../../arm-none-eabi/lib/thumb/v7e-m/fpv4-sp/hard/libsupc++.a(tinfo.o)
                0x000000000000b9f8                std::type_info::operator==(std::type_info const&) const
 .text._ZNKSt9type_info10__do_catchEPKS_PPvj
                0x000000000000ba24        0x4 /opt/ti/ccs930/ccs/tools/compiler/gcc-arm-none-eabi-7-2017-q4-major/bin/../lib/gcc/arm-none-eabi/7.2.1/../../../../arm-none-eabi/lib/thumb/v7e-m/fpv4-sp/hard/libsupc++.a(tinfo.o)
                0x000000000000ba24                std::type_info::__do_catch(std::type_info const*, void**, unsigned int) const
 .text._ZN10__cxxabiv1L24__is_gxx_exception_classEPc
                0x000000000000ba28       0x3c /opt/ti/ccs930/ccs/tools/compiler/gcc-arm-none-eabi-7-2017-q4-major/bin/../lib/gcc/arm-none-eabi/7.2.1/../../../../arm-none-eabi/lib/thumb/v7e-m/fpv4-sp/hard/libsupc++.a(eh_call.o)
 .text.__cxa_call_terminate
                0x000000000000ba64       0x20 /opt/ti/ccs930/ccs/tools/compiler/gcc-arm-none-eabi-7-2017-q4-major/bin/../lib/gcc/arm-none-eabi/7.2.1/../../../../arm-none-eabi/lib/thumb/v7e-m/fpv4-sp/hard/libsupc++.a(eh_call.o)
                0x000000000000ba64                __cxa_call_terminate
 .text.__cxa_call_unexpected
                0x000000000000ba84       0xdc /opt/ti/ccs930/ccs/tools/compiler/gcc-arm-none-eabi-7-2017-q4-major/bin/../lib/gcc/arm-none-eabi/7.2.1/../../../../arm-none-eabi/lib/thumb/v7e-m/fpv4-sp/hard/libsupc++.a(eh_call.o)
                0x000000000000ba84                __cxa_call_unexpected
 .text.__cxa_get_exception_ptr
                0x000000000000bb60        0x4 /opt/ti/ccs930/ccs/tools/compiler/gcc-arm-none-eabi-7-2017-q4-major/bin/../lib/gcc/arm-none-eabi/7.2.1/../../../../arm-none-eabi/lib/thumb/v7e-m/fpv4-sp/hard/libsupc++.a(eh_catch.o)
                0x000000000000bb60                __cxa_get_exception_ptr
 .text.__cxa_begin_catch
                0x000000000000bb64       0x80 /opt/ti/ccs930/ccs/tools/compiler/gcc-arm-none-eabi-7-2017-q4-major/bin/../lib/gcc/arm-none-eabi/7.2.1/../../../../arm-none-eabi/lib/thumb/v7e-m/fpv4-sp/hard/libsupc++.a(eh_catch.o)
                0x000000000000bb64                __cxa_begin_catch
 .text.__cxa_end_catch
                0x000000000000bbe4       0x88 /opt/ti/ccs930/ccs/tools/compiler/gcc-arm-none-eabi-7-2017-q4-major/bin/../lib/gcc/arm-none-eabi/7.2.1/../../../../arm-none-eabi/lib/thumb/v7e-m/fpv4-sp/hard/libsupc++.a(eh_catch.o)
                0x000000000000bbe4                __cxa_end_catch
 .text._ZSt18uncaught_exceptionv
                0x000000000000bc6c       0x10 /opt/ti/ccs930/ccs/tools/compiler/gcc-arm-none-eabi-7-2017-q4-major/bin/../lib/gcc/arm-none-eabi/7.2.1/../../../../arm-none-eabi/lib/thumb/v7e-m/fpv4-sp/hard/libsupc++.a(eh_catch.o)
                0x000000000000bc6c                std::uncaught_exception()
 .text._ZSt19uncaught_exceptionsv
                0x000000000000bc7c        0xc /opt/ti/ccs930/ccs/tools/compiler/gcc-arm-none-eabi-7-2017-q4-major/bin/../lib/gcc/arm-none-eabi/7.2.1/../../../../arm-none-eabi/lib/thumb/v7e-m/fpv4-sp/hard/libsupc++.a(eh_catch.o)
                0x000000000000bc7c                std::uncaught_exceptions()
 .text._ZL23__gxx_exception_cleanup19_Unwind_Reason_CodeP21_Unwind_Control_Block
                0x000000000000bc88       0x44 /opt/ti/ccs930/ccs/tools/compiler/gcc-arm-none-eabi-7-2017-q4-major/bin/../lib/gcc/arm-none-eabi/7.2.1/../../../../arm-none-eabi/lib/thumb/v7e-m/fpv4-sp/hard/libsupc++.a(eh_throw.o)
 .text.__cxa_init_primary_exception
                0x000000000000bccc       0x58 /opt/ti/ccs930/ccs/tools/compiler/gcc-arm-none-eabi-7-2017-q4-major/bin/../lib/gcc/arm-none-eabi/7.2.1/../../../../arm-none-eabi/lib/thumb/v7e-m/fpv4-sp/hard/libsupc++.a(eh_throw.o)
                0x000000000000bccc                __cxa_init_primary_exception
 .text.__cxa_throw
                0x000000000000bd24       0x38 /opt/ti/ccs930/ccs/tools/compiler/gcc-arm-none-eabi-7-2017-q4-major/bin/../lib/gcc/arm-none-eabi/7.2.1/../../../../arm-none-eabi/lib/thumb/v7e-m/fpv4-sp/hard/libsupc++.a(eh_throw.o)
                0x000000000000bd24                __cxa_throw
 .text.__cxa_rethrow
                0x000000000000bd5c       0x70 /opt/ti/ccs930/ccs/tools/compiler/gcc-arm-none-eabi-7-2017-q4-major/bin/../lib/gcc/arm-none-eabi/7.2.1/../../../../arm-none-eabi/lib/thumb/v7e-m/fpv4-sp/hard/libsupc++.a(eh_throw.o)
                0x000000000000bd5c                __cxa_rethrow
 .text._ZN9__gnu_cxx27__verbose_terminate_handlerEv
                0x000000000000bdcc      0x110 /opt/ti/ccs930/ccs/tools/compiler/gcc-arm-none-eabi-7-2017-q4-major/bin/../lib/gcc/arm-none-eabi/7.2.1/../../../../arm-none-eabi/lib/thumb/v7e-m/fpv4-sp/hard/libsupc++.a(vterminate.o)
                0x000000000000bdcc                __gnu_cxx::__verbose_terminate_handler()
 .text._ZN12_GLOBAL__N_14pool4freeEPv.constprop.4
                0x000000000000bedc       0x90 /opt/ti/ccs930/ccs/tools/compiler/gcc-arm-none-eabi-7-2017-q4-major/bin/../lib/gcc/arm-none-eabi/7.2.1/../../../../arm-none-eabi/lib/thumb/v7e-m/fpv4-sp/hard/libsupc++.a(eh_alloc.o)
 .text._ZN12_GLOBAL__N_14pool8allocateEj.constprop.5
                0x000000000000bf6c       0x64 /opt/ti/ccs930/ccs/tools/compiler/gcc-arm-none-eabi-7-2017-q4-major/bin/../lib/gcc/arm-none-eabi/7.2.1/../../../../arm-none-eabi/lib/thumb/v7e-m/fpv4-sp/hard/libsupc++.a(eh_alloc.o)
 .text._ZN9__gnu_cxx9__freeresEv
                0x000000000000bfd0       0x18 /opt/ti/ccs930/ccs/tools/compiler/gcc-arm-none-eabi-7-2017-q4-major/bin/../lib/gcc/arm-none-eabi/7.2.1/../../../../arm-none-eabi/lib/thumb/v7e-m/fpv4-sp/hard/libsupc++.a(eh_alloc.o)
                0x000000000000bfd0                __gnu_cxx::__freeres()
 .text.__cxa_allocate_exception
                0x000000000000bfe8       0x30 /opt/ti/ccs930/ccs/tools/compiler/gcc-arm-none-eabi-7-2017-q4-major/bin/../lib/gcc/arm-none-eabi/7.2.1/../../../../arm-none-eabi/lib/thumb/v7e-m/fpv4-sp/hard/libsupc++.a(eh_alloc.o)
                0x000000000000bfe8                __cxa_allocate_exception
 .text.__cxa_free_exception
                0x000000000000c018       0x20 /opt/ti/ccs930/ccs/tools/compiler/gcc-arm-none-eabi-7-2017-q4-major/bin/../lib/gcc/arm-none-eabi/7.2.1/../../../../arm-none-eabi/lib/thumb/v7e-m/fpv4-sp/hard/libsupc++.a(eh_alloc.o)
                0x000000000000c018                __cxa_free_exception
 .text.__cxa_allocate_dependent_exception
                0x000000000000c038       0x28 /opt/ti/ccs930/ccs/tools/compiler/gcc-arm-none-eabi-7-2017-q4-major/bin/../lib/gcc/arm-none-eabi/7.2.1/../../../../arm-none-eabi/lib/thumb/v7e-m/fpv4-sp/hard/libsupc++.a(eh_alloc.o)
                0x000000000000c038                __cxa_allocate_dependent_exception
 .text.__cxa_free_dependent_exception
                0x000000000000c060       0x20 /opt/ti/ccs930/ccs/tools/compiler/gcc-arm-none-eabi-7-2017-q4-major/bin/../lib/gcc/arm-none-eabi/7.2.1/../../../../arm-none-eabi/lib/thumb/v7e-m/fpv4-sp/hard/libsupc++.a(eh_alloc.o)
                0x000000000000c060                __cxa_free_dependent_exception
 .text.startup._GLOBAL__sub_I__ZN9__gnu_cxx9__freeresEv