Archive member included to satisfy reference by file (symbol)

/home/student/git/YAHAL/libYAHAL_msp432.a(gpio_msp432.cpp.o)
                              ./main.o (gpio_msp432::inst)
/home/student/git/YAHAL/libYAHAL_msp432.a(timerA_msp432.cpp.o)
                              ./main.o (timerA_msp432::~timerA_msp432())
/home/student/git/YAHAL/libYAHAL_msp432.a(uart_msp432.cpp.o)
                              /home/student/git/YAHAL/libYAHAL_msp432.a(timerA_msp432.cpp.o) (SubsystemMasterClock)
/home/student/git/YAHAL/libYAHAL_msp432.a(cpp_support.cpp.o)
                              /home/student/git/YAHAL/libYAHAL_msp432.a(gpio_msp432.cpp.o) (std::__throw_bad_function_call())
/home/student/git/YAHAL/libYAHAL_msp432.a(irq_dispatcher.cpp.o)
                              /home/student/git/YAHAL/libYAHAL_msp432.a(uart_msp432.cpp.o) (irq_dispatcher::link_in())
/opt/ti/ccs1020/ccs/tools/compiler/gcc-arm-none-eabi-7-2017-q4-major/bin/../lib/gcc/arm-none-eabi/7.2.1/thumb/v7e-m/fpv4-sp/hard/libgcc.a(unwind-arm.o)
                              ./main.o (__aeabi_unwind_cpp_pr1)
/opt/ti/ccs1020/ccs/tools/compiler/gcc-arm-none-eabi-7-2017-q4-major/bin/../lib/gcc/arm-none-eabi/7.2.1/thumb/v7e-m/fpv4-sp/hard/libgcc.a(libunwind.o)
                              /opt/ti/ccs1020/ccs/tools/compiler/gcc-arm-none-eabi-7-2017-q4-major/bin/../lib/gcc/arm-none-eabi/7.2.1/thumb/v7e-m/fpv4-sp/hard/libgcc.a(unwind-arm.o) (restore_core_regs)
/opt/ti/ccs1020/ccs/tools/compiler/gcc-arm-none-eabi-7-2017-q4-major/bin/../lib/gcc/arm-none-eabi/7.2.1/thumb/v7e-m/fpv4-sp/hard/libgcc.a(pr-support.o)
                              /opt/ti/ccs1020/ccs/tools/compiler/gcc-arm-none-eabi-7-2017-q4-major/bin/../lib/gcc/arm-none-eabi/7.2.1/thumb/v7e-m/fpv4-sp/hard/libgcc.a(unwind-arm.o) (__gnu_unwind_execute)
/opt/ti/ccs1020/ccs/tools/compiler/gcc-arm-none-eabi-7-2017-q4-major/bin/../lib/gcc/arm-none-eabi/7.2.1/../../../../arm-none-eabi/lib/thumb/v7e-m/fpv4-sp/hard/libc_nano.a(lib_a-abort.o)
                              /opt/ti/ccs1020/ccs/tools/compiler/gcc-arm-none-eabi-7-2017-q4-major/bin/../lib/gcc/arm-none-eabi/7.2.1/thumb/v7e-m/fpv4-sp/hard/libgcc.a(unwind-arm.o) (abort)
/opt/ti/ccs1020/ccs/tools/compiler/gcc-arm-none-eabi-7-2017-q4-major/bin/../lib/gcc/arm-none-eabi/7.2.1/../../../../arm-none-eabi/lib/thumb/v7e-m/fpv4-sp/hard/libc_nano.a(lib_a-aeabi_atexit.o)
                              /home/student/git/YAHAL/libYAHAL_msp432.a(gpio_msp432.cpp.o) (__aeabi_atexit)
/opt/ti/ccs1020/ccs/tools/compiler/gcc-arm-none-eabi-7-2017-q4-major/bin/../lib/gcc/arm-none-eabi/7.2.1/../../../../arm-none-eabi/lib/thumb/v7e-m/fpv4-sp/hard/libc_nano.a(lib_a-cxa_atexit.o)
                              /opt/ti/ccs1020/ccs/tools/compiler/gcc-arm-none-eabi-7-2017-q4-major/bin/../lib/gcc/arm-none-eabi/7.2.1/../../../../arm-none-eabi/lib/thumb/v7e-m/fpv4-sp/hard/libc_nano.a(lib_a-aeabi_atexit.o) (__cxa_atexit)
/opt/ti/ccs1020/ccs/tools/compiler/gcc-arm-none-eabi-7-2017-q4-major/bin/../lib/gcc/arm-none-eabi/7.2.1/../../../../arm-none-eabi/lib/thumb/v7e-m/fpv4-sp/hard/libc_nano.a(lib_a-exit.o)
                              /opt/ti/ccs1020/ccs/tools/compiler/gcc-arm-none-eabi-7-2017-q4-major/bin/../lib/gcc/arm-none-eabi/7.2.1/../../../../arm-none-eabi/lib/thumb/v7e-m/fpv4-sp/hard/crt0.o (exit)
/opt/ti/ccs1020/ccs/tools/compiler/gcc-arm-none-eabi-7-2017-q4-major/bin/../lib/gcc/arm-none-eabi/7.2.1/../../../../arm-none-eabi/lib/thumb/v7e-m/fpv4-sp/hard/libc_nano.a(lib_a-impure.o)
                              /opt/ti/ccs1020/ccs/tools/compiler/gcc-arm-none-eabi-7-2017-q4-major/bin/../lib/gcc/arm-none-eabi/7.2.1/../../../../arm-none-eabi/lib/thumb/v7e-m/fpv4-sp/hard/libc_nano.a(lib_a-exit.o) (_global_impure_ptr)
/opt/ti/ccs1020/ccs/tools/compiler/gcc-arm-none-eabi-7-2017-q4-major/bin/../lib/gcc/arm-none-eabi/7.2.1/../../../../arm-none-eabi/lib/thumb/v7e-m/fpv4-sp/hard/libc_nano.a(lib_a-init.o)
                              /opt/ti/ccs1020/ccs/tools/compiler/gcc-arm-none-eabi-7-2017-q4-major/bin/../lib/gcc/arm-none-eabi/7.2.1/../../../../arm-none-eabi/lib/thumb/v7e-m/fpv4-sp/hard/crt0.o (__libc_init_array)
/opt/ti/ccs1020/ccs/tools/compiler/gcc-arm-none-eabi-7-2017-q4-major/bin/../lib/gcc/arm-none-eabi/7.2.1/../../../../arm-none-eabi/lib/thumb/v7e-m/fpv4-sp/hard/libc_nano.a(lib_a-memcpy-stub.o)
                              /opt/ti/ccs1020/ccs/tools/compiler/gcc-arm-none-eabi-7-2017-q4-major/bin/../lib/gcc/arm-none-eabi/7.2.1/thumb/v7e-m/fpv4-sp/hard/libgcc.a(unwind-arm.o) (memcpy)
/opt/ti/ccs1020/ccs/tools/compiler/gcc-arm-none-eabi-7-2017-q4-major/bin/../lib/gcc/arm-none-eabi/7.2.1/../../../../arm-none-eabi/lib/thumb/v7e-m/fpv4-sp/hard/libc_nano.a(lib_a-memset.o)
                              /opt/ti/ccs1020/ccs/tools/compiler/gcc-arm-none-eabi-7-2017-q4-major/bin/../lib/gcc/arm-none-eabi/7.2.1/../../../../arm-none-eabi/lib/thumb/v7e-m/fpv4-sp/hard/crt0.o (memset)
[...]
Memory Configuration

Name             Origin             Length             Attributes
MAIN_FLASH       0x0000000000000000 0x0000000000040000 xr
INFO_FLASH       0x0000000000200000 0x0000000000004000 xr
SRAM_CODE        0x0000000001000000 0x0000000000010000 xrw
SRAM_DATA        0x0000000020000000 0x0000000000010000 rw
*default*        0x0000000000000000 0xffffffffffffffff

Linker script and memory map

LOAD /opt/ti/ccs1020/ccs/tools/compiler/gcc-arm-none-eabi-7-2017-q4-major/bin/../lib/gcc/arm-none-eabi/7.2.1/thumb/v7e-m/fpv4-sp/hard/crti.o
LOAD /opt/ti/ccs1020/ccs/tools/compiler/gcc-arm-none-eabi-7-2017-q4-major/bin/../lib/gcc/arm-none-eabi/7.2.1/thumb/v7e-m/fpv4-sp/hard/crtbegin.o
LOAD /opt/ti/ccs1020/ccs/tools/compiler/gcc-arm-none-eabi-7-2017-q4-major/bin/../lib/gcc/arm-none-eabi/7.2.1/../../../../arm-none-eabi/lib/thumb/v7e-m/fpv4-sp/hard/crt0.o
LOAD ./main.o
LOAD ./startup_msp432p401r_gcc.o
LOAD ./system_msp432p401r.o
                0x0000000000000000                PROVIDE (_intvecs_base_address, DEFINED (_intvecs_base_address)?_intvecs_base_address:0x0)

.intvecs        0x0000000000000000       0xe4
 *(.intvecs)
 .intvecs       0x0000000000000000       0xe4 ./startup_msp432p401r_gcc.o
                0x0000000000000000                interruptVectors
                0x0000000000200000                PROVIDE (_mailbox_base_address, 0x200000)

.flashMailbox
 *(.flashMailbox)
                0x0000000000201000                PROVIDE (_tlv_base_address, 0x201000)

.tlvTable
 *(.tlvTable)
                0x0000000000202000                PROVIDE (_bsl_base_address, 0x202000)

.bslArea
 *(.bslArea)
                0x0000000020000000                PROVIDE (_vtable_base_address, DEFINED (_vtable_base_address)?_vtable_base_address:0x20000000)

.vtable
 *(.vtable)

.text           0x00000000000000e4     0x3ba8
 CREATE_OBJECT_SYMBOLS
 *(.text)
 .text          0x00000000000000e4        0x0 /opt/ti/ccs1020/ccs/tools/compiler/gcc-arm-none-eabi-7-2017-q4-major/bin/../lib/gcc/arm-none-eabi/7.2.1/thumb/v7e-m/fpv4-sp/hard/crti.o
 .text          0x00000000000000e4       0x40 /opt/ti/ccs1020/ccs/tools/compiler/gcc-arm-none-eabi-7-2017-q4-major/bin/../lib/gcc/arm-none-eabi/7.2.1/thumb/v7e-m/fpv4-sp/hard/crtbegin.o
 .text          0x0000000000000124       0x74 /opt/ti/ccs1020/ccs/tools/compiler/gcc-arm-none-eabi-7-2017-q4-major/bin/../lib/gcc/arm-none-eabi/7.2.1/../../../../arm-none-eabi/lib/thumb/v7e-m/fpv4-sp/hard/crt0.o
                0x0000000000000124                _mainCRTStartup
                0x0000000000000124                _start
 .text          0x0000000000000198      0x1a4 ./main.o
                0x0000000000000238                delay(int)
                0x00000000000002a8                main
 .text          0x000000000000033c       0x30 ./startup_msp432p401r_gcc.o
                0x000000000000033c                CS_IRQHandler
                0x000000000000033c                DebugMon_Handler
                0x000000000000033c                AES256_IRQHandler
                0x000000000000033c                HardFault_Handler
                0x000000000000033c                SysTick_Handler
                0x000000000000033c                PendSV_Handler
                0x000000000000033c                NMI_Handler
                0x000000000000033c                RTC_C_IRQHandler
                0x000000000000033c                FPU_IRQHandler
                0x000000000000033c                UsageFault_Handler
                0x000000000000033c                DMA_INT3_IRQHandler
                0x000000000000033c                DMA_INT1_IRQHandler
                0x000000000000033c                WDT_A_IRQHandler
                0x000000000000033c                TA2_N_IRQHandler
                0x000000000000033c                PSS_IRQHandler
                0x000000000000033c                DMA_INT2_IRQHandler
                0x000000000000033c                DMA_INT0_IRQHandler
                0x000000000000033c                Default_Handler
                0x000000000000033c                T32_INTC_IRQHandler
                0x000000000000033c                TA3_N_IRQHandler
                0x000000000000033c                MemManage_Handler
                0x000000000000033c                SVC_Handler
                0x000000000000033c                TA1_N_IRQHandler
                0x000000000000033c                COMP_E1_IRQHandler
                0x000000000000033c                FLCTL_IRQHandler
                0x000000000000033c                T32_INT1_IRQHandler
                0x000000000000033c                ADC14_IRQHandler
                0x000000000000033c                DMA_ERR_IRQHandler
                0x000000000000033c                BusFault_Handler
                0x000000000000033c                PCM_IRQHandler
                0x000000000000033c                TA0_N_IRQHandler
                0x000000000000033c                COMP_E0_IRQHandler
                0x000000000000033c                T32_INT2_IRQHandler
                0x000000000000033e                Reset_Handler
 .text          0x000000000000036c      0x280 ./system_msp432p401r.o
                0x000000000000036c                SystemCoreClockUpdate
                0x0000000000000588                SystemInit
 .text          0x00000000000005ec        0x0 /home/student/git/YAHAL/libYAHAL_msp432.a(gpio_msp432.cpp.o)
 .text          0x00000000000005ec        0x0 /home/student/git/YAHAL/libYAHAL_msp432.a(timerA_msp432.cpp.o)
 .text          0x00000000000005ec        0x0 /home/student/git/YAHAL/libYAHAL_msp432.a(uart_msp432.cpp.o)
 .text          0x00000000000005ec        0x0 /home/student/git/YAHAL/libYAHAL_msp432.a(cpp_support.cpp.o)
 .text          0x00000000000005ec        0x0 /home/student/git/YAHAL/libYAHAL_msp432.a(irq_dispatcher.cpp.o)
 .text          0x00000000000005ec      0x9ec /opt/ti/ccs1020/ccs/tools/compiler/gcc-arm-none-eabi-7-2017-q4-major/bin/../lib/gcc/arm-none-eabi/7.2.1/thumb/v7e-m/fpv4-sp/hard/libgcc.a(unwind-arm.o)
                0x00000000000008a0                _Unwind_GetCFA
                0x00000000000008a4                __gnu_Unwind_RaiseException
                0x0000000000000904                __gnu_Unwind_ForcedUnwind
                0x0000000000000918                __gnu_Unwind_Resume
                0x000000000000095c                __gnu_Unwind_Resume_or_Rethrow
                0x000000000000096c                _Unwind_Complete
                0x0000000000000970                _Unwind_DeleteException
                0x000000000000097c                _Unwind_VRS_Get
                0x00000000000009c0                _Unwind_VRS_Set
                0x0000000000000a08                __gnu_Unwind_Backtrace
                0x0000000000000d4c                __aeabi_unwind_cpp_pr0
                0x0000000000000d50                __aeabi_unwind_cpp_pr1
                0x0000000000000d54                __aeabi_unwind_cpp_pr2
                0x0000000000000d58                _Unwind_VRS_Pop
 .text          0x0000000000000fd8      0x1ac /opt/ti/ccs1020/ccs/tools/compiler/gcc-arm-none-eabi-7-2017-q4-major/bin/../lib/gcc/arm-none-eabi/7.2.1/thumb/v7e-m/fpv4-sp/hard/libgcc.a(libunwind.o)
                0x0000000000000fd8                __restore_core_regs
                0x0000000000000fd8                restore_core_regs
                0x0000000000000ff0                __gnu_Unwind_Restore_VFP
                0x0000000000000ff8                __gnu_Unwind_Save_VFP
                0x0000000000001000                __gnu_Unwind_Restore_VFP_D
                0x0000000000001008                __gnu_Unwind_Save_VFP_D
                0x0000000000001010                __gnu_Unwind_Restore_VFP_D_16_to_31
                0x0000000000001018                __gnu_Unwind_Save_VFP_D_16_to_31
                0x0000000000001020                __gnu_Unwind_Restore_WMMXD
                0x0000000000001064                __gnu_Unwind_Save_WMMXD
                0x00000000000010a8                __gnu_Unwind_Restore_WMMXC
                0x00000000000010bc                __gnu_Unwind_Save_WMMXC
                0x00000000000010d0                ___Unwind_RaiseException
                0x00000000000010d0                _Unwind_RaiseException
                0x00000000000010f4                ___Unwind_Resume
                0x00000000000010f4                _Unwind_Resume
                0x0000000000001118                _Unwind_Resume_or_Rethrow
                0x0000000000001118                ___Unwind_Resume_or_Rethrow
                0x000000000000113c                ___Unwind_ForcedUnwind
                0x000000000000113c                _Unwind_ForcedUnwind
                0x0000000000001160                _Unwind_Backtrace
                0x0000000000001160                ___Unwind_Backtrace
 .text          0x0000000000001184      0x374 /opt/ti/ccs1020/ccs/tools/compiler/gcc-arm-none-eabi-7-2017-q4-major/bin/../lib/gcc/arm-none-eabi/7.2.1/thumb/v7e-m/fpv4-sp/hard/libgcc.a(pr-support.o)
                0x00000000000011dc                __gnu_unwind_execute
                0x00000000000014a0                __gnu_unwind_frame
                0x00000000000014c8                _Unwind_GetRegionStart
                0x00000000000014d4                _Unwind_GetLanguageSpecificData
                0x00000000000014e8                _Unwind_GetDataRelBase
                0x00000000000014f0                _Unwind_GetTextRelBase
 .text          0x00000000000014f8        0x0 /opt/ti/ccs1020/ccs/tools/compiler/gcc-arm-none-eabi-7-2017-q4-major/bin/../lib/gcc/arm-none-eabi/7.2.1/../../../../arm-none-eabi/lib/thumb/v7e-m/fpv4-sp/hard/libc_nano.a(lib_a-abort.o)
 .text          0x00000000000014f8        0x0 /opt/ti/ccs1020/ccs/tools/compiler/gcc-arm-none-eabi-7-2017-q4-major/bin/../lib/gcc/arm-none-eabi/7.2.1/../../../../arm-none-eabi/lib/thumb/v7e-m/fpv4-sp/hard/libc_nano.a(lib_a-aeabi_atexit.o)
 .text          0x00000000000014f8        0x0 /opt/ti/ccs1020/ccs/tools/compiler/gcc-arm-none-eabi-7-2017-q4-major/bin/../lib/gcc/arm-none-eabi/7.2.1/../../../../arm-none-eabi/lib/thumb/v7e-m/fpv4-sp/hard/libc_nano.a(lib_a-cxa_atexit.o)
 .text          0x00000000000014f8        0x0 /opt/ti/ccs1020/ccs/tools/compiler/gcc-arm-none-eabi-7-2017-q4-major/bin/../lib/gcc/arm-none-eabi/7.2.1/../../../../arm-none-eabi/lib/thumb/v7e-m/fpv4-sp/hard/libc_nano.a(lib_a-exit.o)
 .text          0x00000000000014f8        0x0 /opt/ti/ccs1020/ccs/tools/compiler/gcc-arm-none-eabi-7-2017-q4-major/bin/../lib/gcc/arm-none-eabi/7.2.1/../../../../arm-none-eabi/lib/thumb/v7e-m/fpv4-sp/hard/libc_nano.a(lib_a-impure.o)
 .text          0x00000000000014f8        0x0 /opt/ti/ccs1020/ccs/tools/compiler/gcc-arm-none-eabi-7-2017-q4-major/bin/../lib/gcc/arm-none-eabi/7.2.1/../../../../arm-none-eabi/lib/thumb/v7e-m/fpv4-sp/hard/libc_nano.a(lib_a-init.o)
 .text          0x00000000000014f8        0x0 /opt/ti/ccs1020/ccs/tools/compiler/gcc-arm-none-eabi-7-2017-q4-major/bin/../lib/gcc/arm-none-eabi/7.2.1/../../../../arm-none-eabi/lib/thumb/v7e-m/fpv4-sp/hard/libc_nano.a(lib_a-memcpy-stub.o)
 .text          0x00000000000014f8        0x0 /opt/ti/ccs1020/ccs/tools/compiler/gcc-arm-none-eabi-7-2017-q4-major/bin/../lib/gcc/arm-none-eabi/7.2.1/../../../../arm-none-eabi/lib/thumb/v7e-m/fpv4-sp/hard/libc_nano.a(lib_a-memset.o)
 .text          0x00000000000014f8        0x0 /opt/ti/ccs1020/ccs/tools/compiler/gcc-arm-none-eabi-7-2017-q4-major/bin/../lib/gcc/arm-none-eabi/7.2.1/../../../../arm-none-eabi/lib/thumb/v7e-m/fpv4-sp/hard/libc_nano.a(lib_a-on_exit_args.o)
 .text          0x00000000000014f8        0x0 /opt/ti/ccs1020/ccs/tools/compiler/gcc-arm-none-eabi-7-2017-q4-major/bin/../lib/gcc/arm-none-eabi/7.2.1/../../../../arm-none-eabi/lib/thumb/v7e-m/fpv4-sp/hard/libc_nano.a(lib_a-signal.o)
 .text          0x00000000000014f8        0x0 /opt/ti/ccs1020/ccs/tools/compiler/gcc-arm-none-eabi-7-2017-q4-major/bin/../lib/gcc/arm-none-eabi/7.2.1/../../../../arm-none-eabi/lib/thumb/v7e-m/fpv4-sp/hard/libc_nano.a(lib_a-signalr.o)
 .text          0x00000000000014f8       0x10 /opt/ti/ccs1020/ccs/tools/compiler/gcc-arm-none-eabi-7-2017-q4-major/bin/../lib/gcc/arm-none-eabi/7.2.1/../../../../arm-none-eabi/lib/thumb/v7e-m/fpv4-sp/hard/libc_nano.a(lib_a-strlen.o)
                0x00000000000014f8                strlen
 .text          0x0000000000001508        0x0 /opt/ti/ccs1020/ccs/tools/compiler/gcc-arm-none-eabi-7-2017-q4-major/bin/../lib/gcc/arm-none-eabi/7.2.1/../../../../arm-none-eabi/lib/thumb/v7e-m/fpv4-sp/hard/libc_nano.a(lib_a-nano-mallocr.o)
 .text          0x0000000000001508        0x0 /opt/ti/ccs1020/ccs/tools/compiler/gcc-arm-none-eabi-7-2017-q4-major/bin/../lib/gcc/arm-none-eabi/7.2.1/../../../../arm-none-eabi/lib/thumb/v7e-m/fpv4-sp/hard/libc_nano.a(lib_a-reent.o)
 .text          0x0000000000001508        0x0 /opt/ti/ccs1020/ccs/tools/compiler/gcc-arm-none-eabi-7-2017-q4-major/bin/../lib/gcc/arm-none-eabi/7.2.1/../../../../arm-none-eabi/lib/thumb/v7e-m/fpv4-sp/hard/libc_nano.a(lib_a-sbrkr.o)
 .text          0x0000000000001508        0x0 /opt/ti/ccs1020/ccs/tools/compiler/gcc-arm-none-eabi-7-2017-q4-major/bin/../lib/gcc/arm-none-eabi/7.2.1/../../../../arm-none-eabi/lib/thumb/v7e-m/fpv4-sp/hard/libc_nano.a(lib_a-mlock.o)
 .text          0x0000000000001508        0x0 /opt/ti/ccs1020/ccs/tools/compiler/gcc-arm-none-eabi-7-2017-q4-major/bin/../lib/gcc/arm-none-eabi/7.2.1/../../../../arm-none-eabi/lib/thumb/v7e-m/fpv4-sp/hard/libc_nano.a(lib_a-nano-freer.o)
 .text          0x0000000000001508        0x0 /opt/ti/ccs1020/ccs/tools/compiler/gcc-arm-none-eabi-7-2017-q4-major/bin/../lib/gcc/arm-none-eabi/7.2.1/../../../../arm-none-eabi/lib/thumb/v7e-m/fpv4-sp/hard/libsupc++_nano.a(class_type_info.o)
 .text          0x0000000000001508        0x0 /opt/ti/ccs1020/ccs/tools/compiler/gcc-arm-none-eabi-7-2017-q4-major/bin/../lib/gcc/arm-none-eabi/7.2.1/../../../../arm-none-eabi/lib/thumb/v7e-m/fpv4-sp/hard/libsupc++_nano.a(del_ops.o)
 .text          0x0000000000001508        0x0 /opt/ti/ccs1020/ccs/tools/compiler/gcc-arm-none-eabi-7-2017-q4-major/bin/../lib/gcc/arm-none-eabi/7.2.1/../../../../arm-none-eabi/lib/thumb/v7e-m/fpv4-sp/hard/libsupc++_nano.a(eh_arm.o)
 .text          0x0000000000001508        0x0 /opt/ti/ccs1020/ccs/tools/compiler/gcc-arm-none-eabi-7-2017-q4-major/bin/../lib/gcc/arm-none-eabi/7.2.1/../../../../arm-none-eabi/lib/thumb/v7e-m/fpv4-sp/hard/libsupc++_nano.a(eh_exception.o)
 .text          0x0000000000001508        0x0 /opt/ti/ccs1020/ccs/tools/compiler/gcc-arm-none-eabi-7-2017-q4-major/bin/../lib/gcc/arm-none-eabi/7.2.1/../../../../arm-none-eabi/lib/thumb/v7e-m/fpv4-sp/hard/libsupc++_nano.a(eh_globals.o)
 .text          0x0000000000001508        0x0 /opt/ti/ccs1020/ccs/tools/compiler/gcc-arm-none-eabi-7-2017-q4-major/bin/../lib/gcc/arm-none-eabi/7.2.1/../../../../arm-none-eabi/lib/thumb/v7e-m/fpv4-sp/hard/libsupc++_nano.a(eh_personality.o)
 .text          0x0000000000001508        0x0 /opt/ti/ccs1020/ccs/tools/compiler/gcc-arm-none-eabi-7-2017-q4-major/bin/../lib/gcc/arm-none-eabi/7.2.1/../../../../arm-none-eabi/lib/thumb/v7e-m/fpv4-sp/hard/libsupc++_nano.a(eh_terminate.o)
 .text          0x0000000000001508        0x0 /opt/ti/ccs1020/ccs/tools/compiler/gcc-arm-none-eabi-7-2017-q4-major/bin/../lib/gcc/arm-none-eabi/7.2.1/../../../../arm-none-eabi/lib/thumb/v7e-m/fpv4-sp/hard/libsupc++_nano.a(eh_unex_handler.o)
 .text          0x0000000000001508        0x0 /opt/ti/ccs1020/ccs/tools/compiler/gcc-arm-none-eabi-7-2017-q4-major/bin/../lib/gcc/arm-none-eabi/7.2.1/../../../../arm-none-eabi/lib/thumb/v7e-m/fpv4-sp/hard/libsupc++_nano.a(pure.o)
 .text          0x0000000000001508        0x0 /opt/ti/ccs1020/ccs/tools/compiler/gcc-arm-none-eabi-7-2017-q4-major/bin/../lib/gcc/arm-none-eabi/7.2.1/../../../../arm-none-eabi/lib/thumb/v7e-m/fpv4-sp/hard/libsupc++_nano.a(si_class_type_info.o)
 .text          0x0000000000001508        0x0 /opt/ti/ccs1020/ccs/tools/compiler/gcc-arm-none-eabi-7-2017-q4-major/bin/../lib/gcc/arm-none-eabi/7.2.1/../../../../arm-none-eabi/lib/thumb/v7e-m/fpv4-sp/hard/libsupc++_nano.a(tinfo.o)
 .text          0x0000000000001508        0x0 /opt/ti/ccs1020/ccs/tools/compiler/gcc-arm-none-eabi-7-2017-q4-major/bin/../lib/gcc/arm-none-eabi/7.2.1/../../../../arm-none-eabi/lib/thumb/v7e-m/fpv4-sp/hard/libsupc++_nano.a(del_op.o)
 .text          0x0000000000001508        0x0 /opt/ti/ccs1020/ccs/tools/compiler/gcc-arm-none-eabi-7-2017-q4-major/bin/../lib/gcc/arm-none-eabi/7.2.1/../../../../arm-none-eabi/lib/thumb/v7e-m/fpv4-sp/hard/libsupc++_nano.a(eh_call.o)
 .text          0x0000000000001508        0x0 /opt/ti/ccs1020/ccs/tools/compiler/gcc-arm-none-eabi-7-2017-q4-major/bin/../lib/gcc/arm-none-eabi/7.2.1/../../../../arm-none-eabi/lib/thumb/v7e-m/fpv4-sp/hard/libsupc++_nano.a(eh_catch.o)
 .text          0x0000000000001508        0x0 /opt/ti/ccs1020/ccs/tools/compiler/gcc-arm-none-eabi-7-2017-q4-major/bin/../lib/gcc/arm-none-eabi/7.2.1/../../../../arm-none-eabi/lib/thumb/v7e-m/fpv4-sp/hard/libsupc++_nano.a(eh_term_handler.o)
 .text          0x0000000000001508        0x0 /opt/ti/ccs1020/ccs/tools/compiler/gcc-arm-none-eabi-7-2017-q4-major/bin/../lib/gcc/arm-none-eabi/7.2.1/../../../../arm-none-eabi/lib/thumb/v7e-m/fpv4-sp/hard/libnosys.a(getpid.o)
 .text          0x0000000000001508        0x0 /opt/ti/ccs1020/ccs/tools/compiler/gcc-arm-none-eabi-7-2017-q4-major/bin/../lib/gcc/arm-none-eabi/7.2.1/../../../../arm-none-eabi/lib/thumb/v7e-m/fpv4-sp/hard/libnosys.a(kill.o)
 .text          0x0000000000001508        0x0 /opt/ti/ccs1020/ccs/tools/compiler/gcc-arm-none-eabi-7-2017-q4-major/bin/../lib/gcc/arm-none-eabi/7.2.1/../../../../arm-none-eabi/lib/thumb/v7e-m/fpv4-sp/hard/libnosys.a(sbrk.o)
 .text          0x0000000000001508        0x0 /opt/ti/ccs1020/ccs/tools/compiler/gcc-arm-none-eabi-7-2017-q4-major/bin/../lib/gcc/arm-none-eabi/7.2.1/../../../../arm-none-eabi/lib/thumb/v7e-m/fpv4-sp/hard/libnosys.a(_exit.o)
 .text          0x0000000000001508        0x0 /opt/ti/ccs1020/ccs/tools/compiler/gcc-arm-none-eabi-7-2017-q4-major/bin/../lib/gcc/arm-none-eabi/7.2.1/../../../../arm-none-eabi/lib/thumb/v7e-m/fpv4-sp/hard/libc_nano.a(lib_a-malloc.o)
 .text          0x0000000000001508       0x14 /opt/ti/ccs1020/ccs/tools/compiler/gcc-arm-none-eabi-7-2017-q4-major/bin/../lib/gcc/arm-none-eabi/7.2.1/../../../../arm-none-eabi/lib/thumb/v7e-m/fpv4-sp/hard/libc_nano.a(lib_a-strcmp.o)
                0x0000000000001508                strcmp
 .text          0x000000000000151c        0x0 /opt/ti/ccs1020/ccs/tools/compiler/gcc-arm-none-eabi-7-2017-q4-major/bin/../lib/gcc/arm-none-eabi/7.2.1/thumb/v7e-m/fpv4-sp/hard/crtend.o
 .text          0x000000000000151c        0x0 /opt/ti/ccs1020/ccs/tools/compiler/gcc-arm-none-eabi-7-2017-q4-major/bin/../lib/gcc/arm-none-eabi/7.2.1/thumb/v7e-m/fpv4-sp/hard/crtn.o
 *(.text.*)
 .text._ZN11gpio_msp432D2Ev
                0x000000000000151c       0x34 /home/student/git/YAHAL/libYAHAL_msp432.a(gpio_msp432.cpp.o)
                0x000000000000151c                gpio_msp432::~gpio_msp432()
                0x000000000000151c                gpio_msp432::~gpio_msp432()
 .text._ZN11gpio_msp4328gpioReadEt
                0x0000000000001550       0x28 /home/student/git/YAHAL/libYAHAL_msp432.a(gpio_msp432.cpp.o)
                0x0000000000001550                gpio_msp432::gpioRead(unsigned short)
 .text._ZN11gpio_msp4329gpioWriteEtb
                0x0000000000001578       0xe0 /home/student/git/YAHAL/libYAHAL_msp432.a(gpio_msp432.cpp.o)
                0x0000000000001578                gpio_msp432::gpioWrite(unsigned short, bool)
 .text._ZN11gpio_msp43213gpioEnableIrqEt
                0x0000000000001658       0x50 /home/student/git/YAHAL/libYAHAL_msp432.a(gpio_msp432.cpp.o)
                0x0000000000001658                gpio_msp432::gpioEnableIrq(unsigned short)
 .text._ZN11gpio_msp43214gpioDisableIrqEt
                0x00000000000016a8       0x28 /home/student/git/YAHAL/libYAHAL_msp432.a(gpio_msp432.cpp.o)
                0x00000000000016a8                gpio_msp432::gpioDisableIrq(unsigned short)
 .text._ZN11gpio_msp432D0Ev
                0x00000000000016d0       0x48 /home/student/git/YAHAL/libYAHAL_msp432.a(gpio_msp432.cpp.o)
                0x00000000000016d0                gpio_msp432::~gpio_msp432()
 .text._ZN11gpio_msp43213gpioDetachIrqEt
                0x0000000000001718       0x5c /home/student/git/YAHAL/libYAHAL_msp432.a(gpio_msp432.cpp.o)
                0x0000000000001718                gpio_msp432::gpioDetachIrq(unsigned short)
 .text._ZN11gpio_msp43213gpioAttachIrqEttSt8functionIFvvEE
                0x0000000000001774      0x174 /home/student/git/YAHAL/libYAHAL_msp432.a(gpio_msp432.cpp.o)
                0x0000000000001774                gpio_msp432::gpioAttachIrq(unsigned short, unsigned short, std::function<void ()>)
 .text._ZN11gpio_msp4328gpioModeEtt
                0x00000000000018e8      0x14c /home/student/git/YAHAL/libYAHAL_msp432.a(gpio_msp432.cpp.o)
                0x00000000000018e8                gpio_msp432::gpioMode(unsigned short, unsigned short)
 .text._ZN11gpio_msp43210gpioToggleEt
                0x0000000000001a34       0xf4 /home/student/git/YAHAL/libYAHAL_msp432.a(gpio_msp432.cpp.o)
                0x0000000000001a34                gpio_msp432::gpioToggle(unsigned short)
 .text._ZN11gpio_msp4329handleIrqEhh
                0x0000000000001b28       0x54 /home/student/git/YAHAL/libYAHAL_msp432.a(gpio_msp432.cpp.o)
                0x0000000000001b28                gpio_msp432::handleIrq(unsigned char, unsigned char)
 .text._ZN11gpio_msp4326setSELEth
                0x0000000000001b7c       0x3c /home/student/git/YAHAL/libYAHAL_msp432.a(gpio_msp432.cpp.o)
                0x0000000000001b7c                gpio_msp432::setSEL(unsigned short, unsigned char)
 .text._ZN11gpio_msp4327setModeEtt
                0x0000000000001bb8      0x134 /home/student/git/YAHAL/libYAHAL_msp432.a(gpio_msp432.cpp.o)
                0x0000000000001bb8                gpio_msp432::setMode(unsigned short, unsigned short)
 .text.PORT1_IRQHandler
                0x0000000000001cec       0x5c /home/student/git/YAHAL/libYAHAL_msp432.a(gpio_msp432.cpp.o)
                0x0000000000001cec                PORT1_IRQHandler
 .text.PORT2_IRQHandler
                0x0000000000001d48       0x60 /home/student/git/YAHAL/libYAHAL_msp432.a(gpio_msp432.cpp.o)
                0x0000000000001d48                PORT2_IRQHandler
 .text.PORT3_IRQHandler
                0x0000000000001da8       0x64 /home/student/git/YAHAL/libYAHAL_msp432.a(gpio_msp432.cpp.o)
                0x0000000000001da8                PORT3_IRQHandler
 .text.PORT4_IRQHandler
                0x0000000000001e0c       0x64 /home/student/git/YAHAL/libYAHAL_msp432.a(gpio_msp432.cpp.o)
                0x0000000000001e0c                PORT4_IRQHandler
 .text.PORT5_IRQHandler
                0x0000000000001e70       0x64 /home/student/git/YAHAL/libYAHAL_msp432.a(gpio_msp432.cpp.o)
                0x0000000000001e70                PORT5_IRQHandler
 .text.PORT6_IRQHandler
                0x0000000000001ed4       0x64 /home/student/git/YAHAL/libYAHAL_msp432.a(gpio_msp432.cpp.o)
                0x0000000000001ed4                PORT6_IRQHandler
 .text.startup._GLOBAL__sub_I_port_base
                0x0000000000001f38       0xd0 /home/student/git/YAHAL/libYAHAL_msp432.a(gpio_msp432.cpp.o)
 .text._ZNSt8functionIFvvEED2Ev
                0x0000000000002008       0x14 /home/student/git/YAHAL/libYAHAL_msp432.a(timerA_msp432.cpp.o)
                0x0000000000002008                std::function<void ()>::~function()
                0x0000000000002008                std::function<void ()>::~function()
 .text._ZN13timerA_msp432D2Ev
                0x000000000000201c        0x8 /home/student/git/YAHAL/libYAHAL_msp432.a(timerA_msp432.cpp.o)
                0x000000000000201c                timerA_msp432::~timerA_msp432()
                0x000000000000201c                timerA_msp432::~timerA_msp432()
 .text._ZN13timerA_msp4329setPeriodEmN5TIMER10timer_modeE
                0x0000000000002024      0x20c /home/student/git/YAHAL/libYAHAL_msp432.a(timerA_msp432.cpp.o)
                0x0000000000002024                timerA_msp432::setPeriod(unsigned long, TIMER::timer_mode)
 .text._ZN13timerA_msp4329getPeriodEv
                0x0000000000002230        0x4 /home/student/git/YAHAL/libYAHAL_msp432.a(timerA_msp432.cpp.o)
                0x0000000000002230                timerA_msp432::getPeriod()
 .text._ZN13timerA_msp4324stopEv
                0x0000000000002234        0x8 /home/student/git/YAHAL/libYAHAL_msp432.a(timerA_msp432.cpp.o)
                0x0000000000002234                timerA_msp432::stop()
 .text._ZN13timerA_msp4329isRunningEv
                0x000000000000223c       0x10 /home/student/git/YAHAL/libYAHAL_msp432.a(timerA_msp432.cpp.o)
                0x000000000000223c                timerA_msp432::isRunning()
 .text._ZN13timerA_msp43210getCounterEv
                0x000000000000224c       0x10 /home/student/git/YAHAL/libYAHAL_msp432.a(timerA_msp432.cpp.o)
                0x000000000000224c                timerA_msp432::getCounter()
 .text._ZN13timerA_msp43212resetCounterEv
                0x000000000000225c       0x10 /home/student/git/YAHAL/libYAHAL_msp432.a(timerA_msp432.cpp.o)
                0x000000000000225c                timerA_msp432::resetCounter()
 .text._ZN13timerA_msp432D0Ev
                0x000000000000226c       0x14 /home/student/git/YAHAL/libYAHAL_msp432.a(timerA_msp432.cpp.o)
                0x000000000000226c                timerA_msp432::~timerA_msp432()
 .text._ZN13timerA_msp4325startEv
                0x0000000000002280       0x38 /home/student/git/YAHAL/libYAHAL_msp432.a(timerA_msp432.cpp.o)
                0x0000000000002280                timerA_msp432::start()
 .text._ZN13timerA_msp43211setCallbackESt8functionIFvvEE
                0x00000000000022b8       0xf0 /home/student/git/YAHAL/libYAHAL_msp432.a(timerA_msp432.cpp.o)
                0x00000000000022b8                timerA_msp432::setCallback(std::function<void ()>)
 .text._ZN13timerA_msp432C2EP12Timer_A_Type
                0x00000000000023a8       0x68 /home/student/git/YAHAL/libYAHAL_msp432.a(timerA_msp432.cpp.o)
                0x00000000000023a8                timerA_msp432::timerA_msp432(Timer_A_Type*)
                0x00000000000023a8                timerA_msp432::timerA_msp432(Timer_A_Type*)
 .text.TA0_0_IRQHandler
                0x0000000000002410       0x30 /home/student/git/YAHAL/libYAHAL_msp432.a(timerA_msp432.cpp.o)
                0x0000000000002410                TA0_0_IRQHandler
 .text.TA1_0_IRQHandler
                0x0000000000002440       0x30 /home/student/git/YAHAL/libYAHAL_msp432.a(timerA_msp432.cpp.o)
                0x0000000000002440                TA1_0_IRQHandler
 .text.TA2_0_IRQHandler
                0x0000000000002470       0x30 /home/student/git/YAHAL/libYAHAL_msp432.a(timerA_msp432.cpp.o)
                0x0000000000002470                TA2_0_IRQHandler
 .text.TA3_0_IRQHandler
                0x00000000000024a0       0x30 /home/student/git/YAHAL/libYAHAL_msp432.a(timerA_msp432.cpp.o)
                0x00000000000024a0                TA3_0_IRQHandler
 .text.startup._GLOBAL__sub_I__ZN13timerA_msp43212_intHandler0E
                0x00000000000024d0       0x50 /home/student/git/YAHAL/libYAHAL_msp432.a(timerA_msp432.cpp.o)
 .text._ZN11uart_msp4328uartModeEt
                0x0000000000002520       0xb4 /home/student/git/YAHAL/libYAHAL_msp432.a(uart_msp432.cpp.o)
                0x0000000000002520                uart_msp432::uartMode(unsigned short)
 .text._ZN11uart_msp43211setBaudrateEm
                0x00000000000025d4       0x18 /home/student/git/YAHAL/libYAHAL_msp432.a(uart_msp432.cpp.o)
                0x00000000000025d4                uart_msp432::setBaudrate(unsigned long)
 .text._ZN11uart_msp43213uartEnableIrqEv
                0x00000000000025ec        0x8 /home/student/git/YAHAL/libYAHAL_msp432.a(uart_msp432.cpp.o)
                0x00000000000025ec                uart_msp432::uartEnableIrq()
 .text._ZN11uart_msp43214uartDisableIrqEv
                0x00000000000025f4        0x8 /home/student/git/YAHAL/libYAHAL_msp432.a(uart_msp432.cpp.o)
                0x00000000000025f4                uart_msp432::uartDisableIrq()
 .text.__tcf_0  0x00000000000025fc       0x28 /home/student/git/YAHAL/libYAHAL_msp432.a(uart_msp432.cpp.o)
 .text._ZN11uart_msp432D0Ev
                0x0000000000002624       0x54 /home/student/git/YAHAL/libYAHAL_msp432.a(uart_msp432.cpp.o)
                0x0000000000002624                uart_msp432::~uart_msp432()
 .text._ZN11uart_msp432D2Ev
                0x0000000000002678       0x48 /home/student/git/YAHAL/libYAHAL_msp432.a(uart_msp432.cpp.o)
                0x0000000000002678                uart_msp432::~uart_msp432()
                0x0000000000002678                uart_msp432::~uart_msp432()
 .text._ZN11uart_msp4329availableEv
                0x00000000000026c0      0x100 /home/student/git/YAHAL/libYAHAL_msp432.a(uart_msp432.cpp.o)
                0x00000000000026c0                uart_msp432::available()
 .text._ZN11uart_msp432C2EP12EUSCI_A_Typemt
                0x00000000000027c0       0x24 /home/student/git/YAHAL/libYAHAL_msp432.a(uart_msp432.cpp.o)
                0x00000000000027c0                uart_msp432::uart_msp432(EUSCI_A_Type*, unsigned long, unsigned short)
                0x00000000000027c0                uart_msp432::uart_msp432(EUSCI_A_Type*, unsigned long, unsigned short)
 .text._ZN11uart_msp4324initEv
                0x00000000000027e4       0xec /home/student/git/YAHAL/libYAHAL_msp432.a(uart_msp432.cpp.o)
                0x00000000000027e4                uart_msp432::init()
 .text._ZN11uart_msp4324getcEv
                0x00000000000028d0       0x1c /home/student/git/YAHAL/libYAHAL_msp432.a(uart_msp432.cpp.o)
                0x00000000000028d0                uart_msp432::getc()
 .text._ZN11uart_msp4324putcEc
                0x00000000000028ec       0x20 /home/student/git/YAHAL/libYAHAL_msp432.a(uart_msp432.cpp.o)
                0x00000000000028ec                uart_msp432::putc(char)
 .text._ZN11uart_msp43213uartDetachIrqEv
                0x000000000000290c       0x50 /home/student/git/YAHAL/libYAHAL_msp432.a(uart_msp432.cpp.o)
                0x000000000000290c                uart_msp432::uartDetachIrq()
 .text._ZN11uart_msp43213uartAttachIrqESt8functionIFvcEE
                0x000000000000295c       0x90 /home/student/git/YAHAL/libYAHAL_msp432.a(uart_msp432.cpp.o)
                0x000000000000295c                uart_msp432::uartAttachIrq(std::function<void (char)>)
 .text._ZN11uart_msp4324putsEPKc
                0x00000000000029ec       0x58 /home/student/git/YAHAL/libYAHAL_msp432.a(uart_msp432.cpp.o)
                0x00000000000029ec                uart_msp432::puts(char const*)
 .text._ZN11uart_msp4329handleIrqEP12EUSCI_A_Type
                0x0000000000002a44       0x2c /home/student/git/YAHAL/libYAHAL_msp432.a(uart_msp432.cpp.o)
                0x0000000000002a44                uart_msp432::handleIrq(EUSCI_A_Type*)
 .text.EUSCIA0_UART_IRQHandler
                0x0000000000002a70       0x2c /home/student/git/YAHAL/libYAHAL_msp432.a(uart_msp432.cpp.o)
                0x0000000000002a70                EUSCIA0_UART_IRQHandler
 .text.EUSCIA1_UART_IRQHandler
                0x0000000000002a9c       0x30 /home/student/git/YAHAL/libYAHAL_msp432.a(uart_msp432.cpp.o)
                0x0000000000002a9c                EUSCIA1_UART_IRQHandler
 .text.EUSCIA2_UART_IRQHandler
                0x0000000000002acc       0x30 /home/student/git/YAHAL/libYAHAL_msp432.a(uart_msp432.cpp.o)
                0x0000000000002acc                EUSCIA2_UART_IRQHandler
 .text.EUSCIA3_UART_IRQHandler
                0x0000000000002afc       0x30 /home/student/git/YAHAL/libYAHAL_msp432.a(uart_msp432.cpp.o)
                0x0000000000002afc                EUSCIA3_UART_IRQHandler
 .text.startup._GLOBAL__sub_I_UART_CLK
                0x0000000000002b2c       0x38 /home/student/git/YAHAL/libYAHAL_msp432.a(uart_msp432.cpp.o)
 .text.__yahal_bad_function_call
                0x0000000000002b64        0x4 /home/student/git/YAHAL/libYAHAL_msp432.a(cpp_support.cpp.o)
                0x0000000000002b64                __yahal_bad_function_call
                0x0000000000002b64                std::__throw_bad_function_call()
 .text._ZN14irq_dispatcher7link_inEv
                0x0000000000002b68        0x4 /home/student/git/YAHAL/libYAHAL_msp432.a(irq_dispatcher.cpp.o)
                0x0000000000002b68                irq_dispatcher::link_in()
 .text.Default_EUSCI_Handler
                0x0000000000002b6c        0x4 /home/student/git/YAHAL/libYAHAL_msp432.a(irq_dispatcher.cpp.o)
                0x0000000000002b6c                EUSCIA2_SPI_IRQHandler
                0x0000000000002b6c                EUSCIB0_I2C_IRQHandler
                0x0000000000002b6c                EUSCIB1_SPI_IRQHandler
                0x0000000000002b6c                EUSCIA3_SPI_IRQHandler
                0x0000000000002b6c                EUSCIA1_SPI_IRQHandler
                0x0000000000002b6c                EUSCIB2_I2C_IRQHandler
                0x0000000000002b6c                EUSCIB3_SPI_IRQHandler
                0x0000000000002b6c                EUSCIB0_SPI_IRQHandler
                0x0000000000002b6c                Default_EUSCI_Handler
                0x0000000000002b6c                EUSCIB1_I2C_IRQHandler
                0x0000000000002b6c                EUSCIB3_I2C_IRQHandler
                0x0000000000002b6c                EUSCIA0_SPI_IRQHandler
                0x0000000000002b6c                EUSCIB2_SPI_IRQHandler
 .text.EUSCIA0_IRQHandler
                0x0000000000002b70       0x1c /home/student/git/YAHAL/libYAHAL_msp432.a(irq_dispatcher.cpp.o)
                0x0000000000002b70                EUSCIA0_IRQHandler
 .text.EUSCIA1_IRQHandler
                0x0000000000002b8c       0x1c /home/student/git/YAHAL/libYAHAL_msp432.a(irq_dispatcher.cpp.o)
                0x0000000000002b8c                EUSCIA1_IRQHandler
 .text.EUSCIA2_IRQHandler
                0x0000000000002ba8       0x1c /home/student/git/YAHAL/libYAHAL_msp432.a(irq_dispatcher.cpp.o)
                0x0000000000002ba8                EUSCIA2_IRQHandler
 .text.EUSCIA3_IRQHandler
                0x0000000000002bc4       0x1c /home/student/git/YAHAL/libYAHAL_msp432.a(irq_dispatcher.cpp.o)
                0x0000000000002bc4                EUSCIA3_IRQHandler
 .text.EUSCIB0_IRQHandler
                0x0000000000002be0       0x20 /home/student/git/YAHAL/libYAHAL_msp432.a(irq_dispatcher.cpp.o)
                0x0000000000002be0                EUSCIB0_IRQHandler
 .text.EUSCIB1_IRQHandler
                0x0000000000002c00       0x20 /home/student/git/YAHAL/libYAHAL_msp432.a(irq_dispatcher.cpp.o)
                0x0000000000002c00                EUSCIB1_IRQHandler
 .text.EUSCIB2_IRQHandler
                0x0000000000002c20       0x20 /home/student/git/YAHAL/libYAHAL_msp432.a(irq_dispatcher.cpp.o)
                0x0000000000002c20                EUSCIB2_IRQHandler
 .text.EUSCIB3_IRQHandler
                0x0000000000002c40       0x20 /home/student/git/YAHAL/libYAHAL_msp432.a(irq_dispatcher.cpp.o)
                0x0000000000002c40                EUSCIB3_IRQHandler
 .text.abort    0x0000000000002c60        0xe /opt/ti/ccs1020/ccs/tools/compiler/gcc-arm-none-eabi-7-2017-q4-major/bin/../lib/gcc/arm-none-eabi/7.2.1/../../../../arm-none-eabi/lib/thumb/v7e-m/fpv4-sp/hard/libc_nano.a(lib_a-abort.o)
                0x0000000000002c60                abort
 .text.__aeabi_atexit
                0x0000000000002c6e        0xa /opt/ti/ccs1020/ccs/tools/compiler/gcc-arm-none-eabi-7-2017-q4-major/bin/../lib/gcc/arm-none-eabi/7.2.1/../../../../arm-none-eabi/lib/thumb/v7e-m/fpv4-sp/hard/libc_nano.a(lib_a-aeabi_atexit.o)
                0x0000000000002c6e                __aeabi_atexit
 .text.__cxa_atexit
                0x0000000000002c78       0x1c /opt/ti/ccs1020/ccs/tools/compiler/gcc-arm-none-eabi-7-2017-q4-major/bin/../lib/gcc/arm-none-eabi/7.2.1/../../../../arm-none-eabi/lib/thumb/v7e-m/fpv4-sp/hard/libc_nano.a(lib_a-cxa_atexit.o)
                0x0000000000002c78                __cxa_atexit
 .text.exit     0x0000000000002c94       0x28 /opt/ti/ccs1020/ccs/tools/compiler/gcc-arm-none-eabi-7-2017-q4-major/bin/../lib/gcc/arm-none-eabi/7.2.1/../../../../arm-none-eabi/lib/thumb/v7e-m/fpv4-sp/hard/libc_nano.a(lib_a-exit.o)
                0x0000000000002c94                exit
 .text.__libc_init_array
                0x0000000000002cbc       0x48 /opt/ti/ccs1020/ccs/tools/compiler/gcc-arm-none-eabi-7-2017-q4-major/bin/../lib/gcc/arm-none-eabi/7.2.1/../../../../arm-none-eabi/lib/thumb/v7e-m/fpv4-sp/hard/libc_nano.a(lib_a-init.o)
                0x0000000000002cbc                __libc_init_array
 .text.memcpy   0x0000000000002d04       0x16 /opt/ti/ccs1020/ccs/tools/compiler/gcc-arm-none-eabi-7-2017-q4-major/bin/../lib/gcc/arm-none-eabi/7.2.1/../../../../arm-none-eabi/lib/thumb/v7e-m/fpv4-sp/hard/libc_nano.a(lib_a-memcpy-stub.o)
                0x0000000000002d04                memcpy
 .text.memset   0x0000000000002d1a       0x10 /opt/ti/ccs1020/ccs/tools/compiler/gcc-arm-none-eabi-7-2017-q4-major/bin/../lib/gcc/arm-none-eabi/7.2.1/../../../../arm-none-eabi/lib/thumb/v7e-m/fpv4-sp/hard/libc_nano.a(lib_a-memset.o)
                0x0000000000002d1a                memset
 .text._init_signal_r
                0x0000000000002d2a       0x28 /opt/ti/ccs1020/ccs/tools/compiler/gcc-arm-none-eabi-7-2017-q4-major/bin/../lib/gcc/arm-none-eabi/7.2.1/../../../../arm-none-eabi/lib/thumb/v7e-m/fpv4-sp/hard/libc_nano.a(lib_a-signal.o)
                0x0000000000002d2a                _init_signal_r
 .text._signal_r
                0x0000000000002d52       0x30 /opt/ti/ccs1020/ccs/tools/compiler/gcc-arm-none-eabi-7-2017-q4-major/bin/../lib/gcc/arm-none-eabi/7.2.1/../../../../arm-none-eabi/lib/thumb/v7e-m/fpv4-sp/hard/libc_nano.a(lib_a-signal.o)
                0x0000000000002d52                _signal_r
 .text._raise_r
                0x0000000000002d82       0x50 /opt/ti/ccs1020/ccs/tools/compiler/gcc-arm-none-eabi-7-2017-q4-major/bin/../lib/gcc/arm-none-eabi/7.2.1/../../../../arm-none-eabi/lib/thumb/v7e-m/fpv4-sp/hard/libc_nano.a(lib_a-signal.o)
                0x0000000000002d82                _raise_r
 .text.__sigtramp_r
                0x0000000000002dd2       0x48 /opt/ti/ccs1020/ccs/tools/compiler/gcc-arm-none-eabi-7-2017-q4-major/bin/../lib/gcc/arm-none-eabi/7.2.1/../../../../arm-none-eabi/lib/thumb/v7e-m/fpv4-sp/hard/libc_nano.a(lib_a-signal.o)
                0x0000000000002dd2                __sigtramp_r
 *fill*         0x0000000000002e1a        0x2 
 .text.raise    0x0000000000002e1c       0x10 /opt/ti/ccs1020/ccs/tools/compiler/gcc-arm-none-eabi-7-2017-q4-major/bin/../lib/gcc/arm-none-eabi/7.2.1/../../../../arm-none-eabi/lib/thumb/v7e-m/fpv4-sp/hard/libc_nano.a(lib_a-signal.o)
                0x0000000000002e1c                raise
 .text.signal   0x0000000000002e2c       0x10 /opt/ti/ccs1020/ccs/tools/compiler/gcc-arm-none-eabi-7-2017-q4-major/bin/../lib/gcc/arm-none-eabi/7.2.1/../../../../arm-none-eabi/lib/thumb/v7e-m/fpv4-sp/hard/libc_nano.a(lib_a-signal.o)
                0x0000000000002e2c                signal
 .text._init_signal
                0x0000000000002e3c        0xc /opt/ti/ccs1020/ccs/tools/compiler/gcc-arm-none-eabi-7-2017-q4-major/bin/../lib/gcc/arm-none-eabi/7.2.1/../../../../arm-none-eabi/lib/thumb/v7e-m/fpv4-sp/hard/libc_nano.a(lib_a-signal.o)
                0x0000000000002e3c                _init_signal
 .text.__sigtramp
                0x0000000000002e48       0x10 /opt/ti/ccs1020/ccs/tools/compiler/gcc-arm-none-eabi-7-2017-q4-major/bin/../lib/gcc/arm-none-eabi/7.2.1/../../../../arm-none-eabi/lib/thumb/v7e-m/fpv4-sp/hard/libc_nano.a(lib_a-signal.o)
                0x0000000000002e48                __sigtramp
 .text._kill_r  0x0000000000002e58       0x24 /opt/ti/ccs1020/ccs/tools/compiler/gcc-arm-none-eabi-7-2017-q4-major/bin/../lib/gcc/arm-none-eabi/7.2.1/../../../../arm-none-eabi/lib/thumb/v7e-m/fpv4-sp/hard/libc_nano.a(lib_a-signalr.o)
                0x0000000000002e58                _kill_r
 .text._getpid_r
                0x0000000000002e7c        0x4 /opt/ti/ccs1020/ccs/tools/compiler/gcc-arm-none-eabi-7-2017-q4-major/bin/../lib/gcc/arm-none-eabi/7.2.1/../../../../arm-none-eabi/lib/thumb/v7e-m/fpv4-sp/hard/libc_nano.a(lib_a-signalr.o)
                0x0000000000002e7c                _getpid_r
 .text._malloc_r
                0x0000000000002e80       0xb4 /opt/ti/ccs1020/ccs/tools/compiler/gcc-arm-none-eabi-7-2017-q4-major/bin/../lib/gcc/arm-none-eabi/7.2.1/../../../../arm-none-eabi/lib/thumb/v7e-m/fpv4-sp/hard/libc_nano.a(lib_a-nano-mallocr.o)
                0x0000000000002e80                _malloc_r
 .text.cleanup_glue
                0x0000000000002f34       0x1a /opt/ti/ccs1020/ccs/tools/compiler/gcc-arm-none-eabi-7-2017-q4-major/bin/../lib/gcc/arm-none-eabi/7.2.1/../../../../arm-none-eabi/lib/thumb/v7e-m/fpv4-sp/hard/libc_nano.a(lib_a-reent.o)
                0x0000000000002f34                cleanup_glue
 *fill*         0x0000000000002f4e        0x2 
 .text._reclaim_reent
                0x0000000000002f50       0xb8 /opt/ti/ccs1020/ccs/tools/compiler/gcc-arm-none-eabi-7-2017-q4-major/bin/../lib/gcc/arm-none-eabi/7.2.1/../../../../arm-none-eabi/lib/thumb/v7e-m/fpv4-sp/hard/libc_nano.a(lib_a-reent.o)
                0x0000000000002f50                _reclaim_reent
 .text._sbrk_r  0x0000000000003008       0x20 /opt/ti/ccs1020/ccs/tools/compiler/gcc-arm-none-eabi-7-2017-q4-major/bin/../lib/gcc/arm-none-eabi/7.2.1/../../../../arm-none-eabi/lib/thumb/v7e-m/fpv4-sp/hard/libc_nano.a(lib_a-sbrkr.o)
                0x0000000000003008                _sbrk_r
 .text.__malloc_lock
                0x0000000000003028        0x2 /opt/ti/ccs1020/ccs/tools/compiler/gcc-arm-none-eabi-7-2017-q4-major/bin/../lib/gcc/arm-none-eabi/7.2.1/../../../../arm-none-eabi/lib/thumb/v7e-m/fpv4-sp/hard/libc_nano.a(lib_a-mlock.o)
                0x0000000000003028                __malloc_lock
 .text.__malloc_unlock
                0x000000000000302a        0x2 /opt/ti/ccs1020/ccs/tools/compiler/gcc-arm-none-eabi-7-2017-q4-major/bin/../lib/gcc/arm-none-eabi/7.2.1/../../../../arm-none-eabi/lib/thumb/v7e-m/fpv4-sp/hard/libc_nano.a(lib_a-mlock.o)
                0x000000000000302a                __malloc_unlock
 .text._free_r  0x000000000000302c       0x9c /opt/ti/ccs1020/ccs/tools/compiler/gcc-arm-none-eabi-7-2017-q4-major/bin/../lib/gcc/arm-none-eabi/7.2.1/../../../../arm-none-eabi/lib/thumb/v7e-m/fpv4-sp/hard/libc_nano.a(lib_a-nano-freer.o)
                0x000000000000302c                _free_r
 .text._ZNK10__cxxabiv117__class_type_info11__do_upcastEPKS0_PPv
                0x00000000000030c8       0x34 /opt/ti/ccs1020/ccs/tools/compiler/gcc-arm-none-eabi-7-2017-q4-major/bin/../lib/gcc/arm-none-eabi/7.2.1/../../../../arm-none-eabi/lib/thumb/v7e-m/fpv4-sp/hard/libsupc++_nano.a(class_type_info.o)
                0x00000000000030c8                __cxxabiv1::__class_type_info::__do_upcast(__cxxabiv1::__class_type_info const*, void**) const
 .text._ZNK10__cxxabiv117__class_type_info20__do_find_public_srcEiPKvPKS0_S2_
                0x00000000000030fc        0xc /opt/ti/ccs1020/ccs/tools/compiler/gcc-arm-none-eabi-7-2017-q4-major/bin/../lib/gcc/arm-none-eabi/7.2.1/../../../../arm-none-eabi/lib/thumb/v7e-m/fpv4-sp/hard/libsupc++_nano.a(class_type_info.o)
                0x00000000000030fc                __cxxabiv1::__class_type_info::__do_find_public_src(int, void const*, __cxxabiv1::__class_type_info const*, void const*) const
 .text._ZN10__cxxabiv117__class_type_infoD2Ev
                0x0000000000003108       0x14 /opt/ti/ccs1020/ccs/tools/compiler/gcc-arm-none-eabi-7-2017-q4-major/bin/../lib/gcc/arm-none-eabi/7.2.1/../../../../arm-none-eabi/lib/thumb/v7e-m/fpv4-sp/hard/libsupc++_nano.a(class_type_info.o)
                0x0000000000003108                __cxxabiv1::__class_type_info::~__class_type_info()
                0x0000000000003108                __cxxabiv1::__class_type_info::~__class_type_info()
 .text._ZN10__cxxabiv117__class_type_infoD0Ev
                0x000000000000311c       0x14 /opt/ti/ccs1020/ccs/tools/compiler/gcc-arm-none-eabi-7-2017-q4-major/bin/../lib/gcc/arm-none-eabi/7.2.1/../../../../arm-none-eabi/lib/thumb/v7e-m/fpv4-sp/hard/libsupc++_nano.a(class_type_info.o)
                0x000000000000311c                __cxxabiv1::__class_type_info::~__class_type_info()
 .text._ZNK10__cxxabiv117__class_type_info12__do_dyncastEiNS0_10__sub_kindEPKS0_PKvS3_S5_RNS0_16__dyncast_resultE
                0x0000000000003130       0x3a /opt/ti/ccs1020/ccs/tools/compiler/gcc-arm-none-eabi-7-2017-q4-major/bin/../lib/gcc/arm-none-eabi/7.2.1/../../../../arm-none-eabi/lib/thumb/v7e-m/fpv4-sp/hard/libsupc++_nano.a(class_type_info.o)
                0x0000000000003130                __cxxabiv1::__class_type_info::__do_dyncast(int, __cxxabiv1::__class_type_info::__sub_kind, __cxxabiv1::__class_type_info const*, void const*, __cxxabiv1::__class_type_info const*, void const*, __cxxabiv1::__class_type_info::__dyncast_result&) const
 .text._ZNK10__cxxabiv117__class_type_info11__do_upcastEPKS0_PKvRNS0_15__upcast_resultE
                0x000000000000316a       0x18 /opt/ti/ccs1020/ccs/tools/compiler/gcc-arm-none-eabi-7-2017-q4-major/bin/../lib/gcc/arm-none-eabi/7.2.1/../../../../arm-none-eabi/lib/thumb/v7e-m/fpv4-sp/hard/libsupc++_nano.a(class_type_info.o)
                0x000000000000316a                __cxxabiv1::__class_type_info::__do_upcast(__cxxabiv1::__class_type_info const*, void const*, __cxxabiv1::__class_type_info::__upcast_result&) const
 .text._ZNK10__cxxabiv117__class_type_info10__do_catchEPKSt9type_infoPPvj
                0x0000000000003182       0x2a /opt/ti/ccs1020/ccs/tools/compiler/gcc-arm-none-eabi-7-2017-q4-major/bin/../lib/gcc/arm-none-eabi/7.2.1/../../../../arm-none-eabi/lib/thumb/v7e-m/fpv4-sp/hard/libsupc++_nano.a(class_type_info.o)
                0x0000000000003182                __cxxabiv1::__class_type_info::__do_catch(std::type_info const*, void**, unsigned int) const
 .text._ZdlPvj  0x00000000000031ac        0x4 /opt/ti/ccs1020/ccs/tools/compiler/gcc-arm-none-eabi-7-2017-q4-major/bin/../lib/gcc/arm-none-eabi/7.2.1/../../../../arm-none-eabi/lib/thumb/v7e-m/fpv4-sp/hard/libsupc++_nano.a(del_ops.o)
                0x00000000000031ac                operator delete(void*, unsigned int)
 .text.__cxa_end_cleanup
                0x00000000000031b0        0xc /opt/ti/ccs1020/ccs/tools/compiler/gcc-arm-none-eabi-7-2017-q4-major/bin/../lib/gcc/arm-none-eabi/7.2.1/../../../../arm-none-eabi/lib/thumb/v7e-m/fpv4-sp/hard/libsupc++_nano.a(eh_arm.o)
                0x00000000000031b0                __cxa_end_cleanup
 .text._ZN10__cxxabiv1L24__is_gxx_exception_classEPc
                0x00000000000031bc       0x3a /opt/ti/ccs1020/ccs/tools/compiler/gcc-arm-none-eabi-7-2017-q4-major/bin/../lib/gcc/arm-none-eabi/7.2.1/../../../../arm-none-eabi/lib/thumb/v7e-m/fpv4-sp/hard/libsupc++_nano.a(eh_arm.o)
 *fill*         0x00000000000031f6        0x2 
 .text.__cxa_type_match
                0x00000000000031f8       0xbc /opt/ti/ccs1020/ccs/tools/compiler/gcc-arm-none-eabi-7-2017-q4-major/bin/../lib/gcc/arm-none-eabi/7.2.1/../../../../arm-none-eabi/lib/thumb/v7e-m/fpv4-sp/hard/libsupc++_nano.a(eh_arm.o)
                0x00000000000031f8                __cxa_type_match
 .text.__cxa_begin_cleanup
                0x00000000000032b4       0x3a /opt/ti/ccs1020/ccs/tools/compiler/gcc-arm-none-eabi-7-2017-q4-major/bin/../lib/gcc/arm-none-eabi/7.2.1/../../../../arm-none-eabi/lib/thumb/v7e-m/fpv4-sp/hard/libsupc++_nano.a(eh_arm.o)
                0x00000000000032b4                __cxa_begin_cleanup
 .text.__gnu_end_cleanup
                0x00000000000032ee       0x32 /opt/ti/ccs1020/ccs/tools/compiler/gcc-arm-none-eabi-7-2017-q4-major/bin/../lib/gcc/arm-none-eabi/7.2.1/../../../../arm-none-eabi/lib/thumb/v7e-m/fpv4-sp/hard/libsupc++_nano.a(eh_arm.o)
                0x00000000000032ee                __gnu_end_cleanup
 .text._ZNSt9exceptionD2Ev
                0x0000000000003320        0x2 /opt/ti/ccs1020/ccs/tools/compiler/gcc-arm-none-eabi-7-2017-q4-major/bin/../lib/gcc/arm-none-eabi/7.2.1/../../../../arm-none-eabi/lib/thumb/v7e-m/fpv4-sp/hard/libsupc++_nano.a(eh_exception.o)
                0x0000000000003320                std::exception::~exception()
                0x0000000000003320                std::exception::~exception()
 .text._ZNSt13bad_exceptionD2Ev
                0x0000000000003322        0x2 /opt/ti/ccs1020/ccs/tools/compiler/gcc-arm-none-eabi-7-2017-q4-major/bin/../lib/gcc/arm-none-eabi/7.2.1/../../../../arm-none-eabi/lib/thumb/v7e-m/fpv4-sp/hard/libsupc++_nano.a(eh_exception.o)
                0x0000000000003322                std::bad_exception::~bad_exception()
                0x0000000000003322                std::bad_exception::~bad_exception()
 .text._ZNKSt9exception4whatEv
                0x0000000000003324        0x8 /opt/ti/ccs1020/ccs/tools/compiler/gcc-arm-none-eabi-7-2017-q4-major/bin/../lib/gcc/arm-none-eabi/7.2.1/../../../../arm-none-eabi/lib/thumb/v7e-m/fpv4-sp/hard/libsupc++_nano.a(eh_exception.o)
                0x0000000000003324                transaction clone for std::exception::what() const
                0x0000000000003324                std::exception::what() const
 .text._ZNKSt13bad_exception4whatEv
                0x000000000000332c        0x8 /opt/ti/ccs1020/ccs/tools/compiler/gcc-arm-none-eabi-7-2017-q4-major/bin/../lib/gcc/arm-none-eabi/7.2.1/../../../../arm-none-eabi/lib/thumb/v7e-m/fpv4-sp/hard/libsupc++_nano.a(eh_exception.o)
                0x000000000000332c                transaction clone for std::bad_exception::what() const
                0x000000000000332c                std::bad_exception::what() const
 .text._ZNSt9exceptionD0Ev
                0x0000000000003334        0xe /opt/ti/ccs1020/ccs/tools/compiler/gcc-arm-none-eabi-7-2017-q4-major/bin/../lib/gcc/arm-none-eabi/7.2.1/../../../../arm-none-eabi/lib/thumb/v7e-m/fpv4-sp/hard/libsupc++_nano.a(eh_exception.o)
                0x0000000000003334                std::exception::~exception()
 .text._ZNSt13bad_exceptionD0Ev
                0x0000000000003342        0xe /opt/ti/ccs1020/ccs/tools/compiler/gcc-arm-none-eabi-7-2017-q4-major/bin/../lib/gcc/arm-none-eabi/7.2.1/../../../../arm-none-eabi/lib/thumb/v7e-m/fpv4-sp/hard/libsupc++_nano.a(eh_exception.o)
                0x0000000000003342                std::bad_exception::~bad_exception()
 .text._ZN10__cxxabiv115__forced_unwindD2Ev
                0x0000000000003350        0x2 /opt/ti/ccs1020/ccs/tools/compiler/gcc-arm-none-eabi-7-2017-q4-major/bin/../lib/gcc/arm-none-eabi/7.2.1/../../../../arm-none-eabi/lib/thumb/v7e-m/fpv4-sp/hard/libsupc++_nano.a(eh_exception.o)
                0x0000000000003350                __cxxabiv1::__forced_unwind::~__forced_unwind()
                0x0000000000003350                __cxxabiv1::__forced_unwind::~__forced_unwind()
 .text._ZN10__cxxabiv115__forced_unwindD0Ev
                0x0000000000003352        0xe /opt/ti/ccs1020/ccs/tools/compiler/gcc-arm-none-eabi-7-2017-q4-major/bin/../lib/gcc/arm-none-eabi/7.2.1/../../../../arm-none-eabi/lib/thumb/v7e-m/fpv4-sp/hard/libsupc++_nano.a(eh_exception.o)
                0x0000000000003352                __cxxabiv1::__forced_unwind::~__forced_unwind()
 .text._ZN10__cxxabiv119__foreign_exceptionD2Ev
                0x0000000000003360        0x2 /opt/ti/ccs1020/ccs/tools/compiler/gcc-arm-none-eabi-7-2017-q4-major/bin/../lib/gcc/arm-none-eabi/7.2.1/../../../../arm-none-eabi/lib/thumb/v7e-m/fpv4-sp/hard/libsupc++_nano.a(eh_exception.o)
                0x0000000000003360                __cxxabiv1::__foreign_exception::~__foreign_exception()
                0x0000000000003360                __cxxabiv1::__foreign_exception::~__foreign_exception()
 .text._ZN10__cxxabiv119__foreign_exceptionD0Ev
                0x0000000000003362        0xe /opt/ti/ccs1020/ccs/tools/compiler/gcc-arm-none-eabi-7-2017-q4-major/bin/../lib/gcc/arm-none-eabi/7.2.1/../../../../arm-none-eabi/lib/thumb/v7e-m/fpv4-sp/hard/libsupc++_nano.a(eh_exception.o)
                0x0000000000003362                __cxxabiv1::__foreign_exception::~__foreign_exception()
 .text._ZGTtNKSt9exceptionD1Ev
                0x0000000000003370        0x2 /opt/ti/ccs1020/ccs/tools/compiler/gcc-arm-none-eabi-7-2017-q4-major/bin/../lib/gcc/arm-none-eabi/7.2.1/../../../../arm-none-eabi/lib/thumb/v7e-m/fpv4-sp/hard/libsupc++_nano.a(eh_exception.o)
                0x0000000000003370                transaction clone for std::exception::~exception() const
 .text._ZGTtNKSt13bad_exceptionD1Ev
                0x0000000000003372        0x2 /opt/ti/ccs1020/ccs/tools/compiler/gcc-arm-none-eabi-7-2017-q4-major/bin/../lib/gcc/arm-none-eabi/7.2.1/../../../../arm-none-eabi/lib/thumb/v7e-m/fpv4-sp/hard/libsupc++_nano.a(eh_exception.o)
                0x0000000000003372                transaction clone for std::bad_exception::~bad_exception() const
 .text.__cxa_get_globals_fast
                0x0000000000003374        0x8 /opt/ti/ccs1020/ccs/tools/compiler/gcc-arm-none-eabi-7-2017-q4-major/bin/../lib/gcc/arm-none-eabi/7.2.1/../../../../arm-none-eabi/lib/thumb/v7e-m/fpv4-sp/hard/libsupc++_nano.a(eh_globals.o)
                0x0000000000003374                __cxa_get_globals_fast
 .text.__cxa_get_globals
                0x000000000000337c        0x8 /opt/ti/ccs1020/ccs/tools/compiler/gcc-arm-none-eabi-7-2017-q4-major/bin/../lib/gcc/arm-none-eabi/7.2.1/../../../../arm-none-eabi/lib/thumb/v7e-m/fpv4-sp/hard/libsupc++_nano.a(eh_globals.o)
                0x000000000000337c                __cxa_get_globals
 .text._ZL12read_uleb128PKhPm
                0x0000000000003384       0x22 /opt/ti/ccs1020/ccs/tools/compiler/gcc-arm-none-eabi-7-2017-q4-major/bin/../lib/gcc/arm-none-eabi/7.2.1/../../../../arm-none-eabi/lib/thumb/v7e-m/fpv4-sp/hard/libsupc++_nano.a(eh_personality.o)
 .text._ZL12read_sleb128PKhPl
                0x00000000000033a6       0x30 /opt/ti/ccs1020/ccs/tools/compiler/gcc-arm-none-eabi-7-2017-q4-major/bin/../lib/gcc/arm-none-eabi/7.2.1/../../../../arm-none-eabi/lib/thumb/v7e-m/fpv4-sp/hard/libsupc++_nano.a(eh_personality.o)
 .text._ZL28read_encoded_value_with_basehjPKhPj
                0x00000000000033d6       0x88 /opt/ti/ccs1020/ccs/tools/compiler/gcc-arm-none-eabi-7-2017-q4-major/bin/../lib/gcc/arm-none-eabi/7.2.1/../../../../arm-none-eabi/lib/thumb/v7e-m/fpv4-sp/hard/libsupc++_nano.a(eh_personality.o)
 .text._Unwind_GetGR
                0x000000000000345e       0x18 /opt/ti/ccs1020/ccs/tools/compiler/gcc-arm-none-eabi-7-2017-q4-major/bin/../lib/gcc/arm-none-eabi/7.2.1/../../../../arm-none-eabi/lib/thumb/v7e-m/fpv4-sp/hard/libsupc++_nano.a(eh_personality.o)
 .text._ZL21base_of_encoded_valuehP15_Unwind_Context.part.3
                0x0000000000003476       0x44 /opt/ti/ccs1020/ccs/tools/compiler/gcc-arm-none-eabi-7-2017-q4-major/bin/../lib/gcc/arm-none-eabi/7.2.1/../../../../arm-none-eabi/lib/thumb/v7e-m/fpv4-sp/hard/libsupc++_nano.a(eh_personality.o)
 .text._ZL18read_encoded_valueP15_Unwind_ContexthPKhPj
                0x00000000000034ba       0x28 /opt/ti/ccs1020/ccs/tools/compiler/gcc-arm-none-eabi-7-2017-q4-major/bin/../lib/gcc/arm-none-eabi/7.2.1/../../../../arm-none-eabi/lib/thumb/v7e-m/fpv4-sp/hard/libsupc++_nano.a(eh_personality.o)
 .text._ZL17parse_lsda_headerP15_Unwind_ContextPKhP16lsda_header_info
                0x00000000000034e2       0x5e /opt/ti/ccs1020/ccs/tools/compiler/gcc-arm-none-eabi-7-2017-q4-major/bin/../lib/gcc/arm-none-eabi/7.2.1/../../../../arm-none-eabi/lib/thumb/v7e-m/fpv4-sp/hard/libsupc++_nano.a(eh_personality.o)
 .text.__gxx_personality_v0
                0x0000000000003540      0x380 /opt/ti/ccs1020/ccs/tools/compiler/gcc-arm-none-eabi-7-2017-q4-major/bin/../lib/gcc/arm-none-eabi/7.2.1/../../../../arm-none-eabi/lib/thumb/v7e-m/fpv4-sp/hard/libsupc++_nano.a(eh_personality.o)
                0x0000000000003540                __gxx_personality_v0
 .text._ZN10__cxxabiv111__terminateEPFvvE
                0x00000000000038c0        0x8 /opt/ti/ccs1020/ccs/tools/compiler/gcc-arm-none-eabi-7-2017-q4-major/bin/../lib/gcc/arm-none-eabi/7.2.1/../../../../arm-none-eabi/lib/thumb/v7e-m/fpv4-sp/hard/libsupc++_nano.a(eh_terminate.o)
                0x00000000000038c0                __cxxabiv1::__terminate(void (*)())
 .text._ZSt13set_terminatePFvvE
                0x00000000000038c8       0x20 /opt/ti/ccs1020/ccs/tools/compiler/gcc-arm-none-eabi-7-2017-q4-major/bin/../lib/gcc/arm-none-eabi/7.2.1/../../../../arm-none-eabi/lib/thumb/v7e-m/fpv4-sp/hard/libsupc++_nano.a(eh_terminate.o)
                0x00000000000038c8                std::set_terminate(void (*)())
 .text._ZSt13get_terminatev
                0x00000000000038e8       0x10 /opt/ti/ccs1020/ccs/tools/compiler/gcc-arm-none-eabi-7-2017-q4-major/bin/../lib/gcc/arm-none-eabi/7.2.1/../../../../arm-none-eabi/lib/thumb/v7e-m/fpv4-sp/hard/libsupc++_nano.a(eh_terminate.o)
                0x00000000000038e8                std::get_terminate()
 .text._ZSt9terminatev
                0x00000000000038f8        0xa /opt/ti/ccs1020/ccs/tools/compiler/gcc-arm-none-eabi-7-2017-q4-major/bin/../lib/gcc/arm-none-eabi/7.2.1/../../../../arm-none-eabi/lib/thumb/v7e-m/fpv4-sp/hard/libsupc++_nano.a(eh_terminate.o)
                0x00000000000038f8                std::terminate()
 .text._ZN10__cxxabiv112__unexpectedEPFvvE
                0x0000000000003902        0x8 /opt/ti/ccs1020/ccs/tools/compiler/gcc-arm-none-eabi-7-2017-q4-major/bin/../lib/gcc/arm-none-eabi/7.2.1/../../../../arm-none-eabi/lib/thumb/v7e-m/fpv4-sp/hard/libsupc++_nano.a(eh_terminate.o)
                0x0000000000003902                __cxxabiv1::__unexpected(void (*)())
 *fill*         0x000000000000390a        0x2 
 .text._ZSt14set_unexpectedPFvvE
                0x000000000000390c       0x20 /opt/ti/ccs1020/ccs/tools/compiler/gcc-arm-none-eabi-7-2017-q4-major/bin/../lib/gcc/arm-none-eabi/7.2.1/../../../../arm-none-eabi/lib/thumb/v7e-m/fpv4-sp/hard/libsupc++_nano.a(eh_terminate.o)
                0x000000000000390c                std::set_unexpected(void (*)())
 .text._ZSt14get_unexpectedv
                0x000000000000392c       0x10 /opt/ti/ccs1020/ccs/tools/compiler/gcc-arm-none-eabi-7-2017-q4-major/bin/../lib/gcc/arm-none-eabi/7.2.1/../../../../arm-none-eabi/lib/thumb/v7e-m/fpv4-sp/hard/libsupc++_nano.a(eh_terminate.o)
                0x000000000000392c                std::get_unexpected()
 .text._ZSt10unexpectedv
                0x000000000000393c        0xa /opt/ti/ccs1020/ccs/tools/compiler/gcc-arm-none-eabi-7-2017-q4-major/bin/../lib/gcc/arm-none-eabi/7.2.1/../../../../arm-none-eabi/lib/thumb/v7e-m/fpv4-sp/hard/libsupc++_nano.a(eh_terminate.o)
                0x000000000000393c                std::unexpected()
 .text.__cxa_pure_virtual
                0x0000000000003946        0x6 /opt/ti/ccs1020/ccs/tools/compiler/gcc-arm-none-eabi-7-2017-q4-major/bin/../lib/gcc/arm-none-eabi/7.2.1/../../../../arm-none-eabi/lib/thumb/v7e-m/fpv4-sp/hard/libsupc++_nano.a(pure.o)
                0x0000000000003946                __cxa_pure_virtual
 .text.__cxa_deleted_virtual
                0x000000000000394c        0x6 /opt/ti/ccs1020/ccs/tools/compiler/gcc-arm-none-eabi-7-2017-q4-major/bin/../lib/gcc/arm-none-eabi/7.2.1/../../../../arm-none-eabi/lib/thumb/v7e-m/fpv4-sp/hard/libsupc++_nano.a(pure.o)
                0x000000000000394c                __cxa_deleted_virtual
 *fill*         0x0000000000003952        0x2 
 .text._ZN10__cxxabiv120__si_class_type_infoD2Ev
                0x0000000000003954       0x14 /opt/ti/ccs1020/ccs/tools/compiler/gcc-arm-none-eabi-7-2017-q4-major/bin/../lib/gcc/arm-none-eabi/7.2.1/../../../../arm-none-eabi/lib/thumb/v7e-m/fpv4-sp/hard/libsupc++_nano.a(si_class_type_info.o)
                0x0000000000003954                __cxxabiv1::__si_class_type_info::~__si_class_type_info()
                0x0000000000003954                __cxxabiv1::__si_class_type_info::~__si_class_type_info()
 .text._ZN10__cxxabiv120__si_class_type_infoD0Ev
                0x0000000000003968       0x14 /opt/ti/ccs1020/ccs/tools/compiler/gcc-arm-none-eabi-7-2017-q4-major/bin/../lib/gcc/arm-none-eabi/7.2.1/../../../../arm-none-eabi/lib/thumb/v7e-m/fpv4-sp/hard/libsupc++_nano.a(si_class_type_info.o)
                0x0000000000003968                __cxxabiv1::__si_class_type_info::~__si_class_type_info()
 .text._ZNK10__cxxabiv120__si_class_type_info20__do_find_public_srcEiPKvPKNS_17__class_type_infoES2_
                0x000000000000397c       0x38 /opt/ti/ccs1020/ccs/tools/compiler/gcc-arm-none-eabi-7-2017-q4-major/bin/../lib/gcc/arm-none-eabi/7.2.1/../../../../arm-none-eabi/lib/thumb/v7e-m/fpv4-sp/hard/libsupc++_nano.a(si_class_type_info.o)
                0x000000000000397c                __cxxabiv1::__si_class_type_info::__do_find_public_src(int, void const*, __cxxabiv1::__class_type_info const*, void const*) const
 .text._ZNK10__cxxabiv120__si_class_type_info12__do_dyncastEiNS_17__class_type_info10__sub_kindEPKS1_PKvS4_S6_RNS1_16__dyncast_resultE
                0x00000000000039b4       0x74 /opt/ti/ccs1020/ccs/tools/compiler/gcc-arm-none-eabi-7-2017-q4-major/bin/../lib/gcc/arm-none-eabi/7.2.1/../../../../arm-none-eabi/lib/thumb/v7e-m/fpv4-sp/hard/libsupc++_nano.a(si_class_type_info.o)
                0x00000000000039b4                __cxxabiv1::__si_class_type_info::__do_dyncast(int, __cxxabiv1::__class_type_info::__sub_kind, __cxxabiv1::__class_type_info const*, void const*, __cxxabiv1::__class_type_info const*, void const*, __cxxabiv1::__class_type_info::__dyncast_result&) const
 .text._ZNK10__cxxabiv120__si_class_type_info11__do_upcastEPKNS_17__class_type_infoEPKvRNS1_15__upcast_resultE
                0x0000000000003a28       0x2a /opt/ti/ccs1020/ccs/tools/compiler/gcc-arm-none-eabi-7-2017-q4-major/bin/../lib/gcc/arm-none-eabi/7.2.1/../../../../arm-none-eabi/lib/thumb/v7e-m/fpv4-sp/hard/libsupc++_nano.a(si_class_type_info.o)
                0x0000000000003a28                __cxxabiv1::__si_class_type_info::__do_upcast(__cxxabiv1::__class_type_info const*, void const*, __cxxabiv1::__class_type_info::__upcast_result&) const
 .text._ZNSt9type_infoD2Ev
                0x0000000000003a52        0x2 /opt/ti/ccs1020/ccs/tools/compiler/gcc-arm-none-eabi-7-2017-q4-major/bin/../lib/gcc/arm-none-eabi/7.2.1/../../../../arm-none-eabi/lib/thumb/v7e-m/fpv4-sp/hard/libsupc++_nano.a(tinfo.o)
                0x0000000000003a52                std::type_info::~type_info()
                0x0000000000003a52                std::type_info::~type_info()
 .text._ZNKSt9type_info14__is_pointer_pEv
                0x0000000000003a54        0x4 /opt/ti/ccs1020/ccs/tools/compiler/gcc-arm-none-eabi-7-2017-q4-major/bin/../lib/gcc/arm-none-eabi/7.2.1/../../../../arm-none-eabi/lib/thumb/v7e-m/fpv4-sp/hard/libsupc++_nano.a(tinfo.o)
                0x0000000000003a54                std::type_info::__is_function_p() const
                0x0000000000003a54                std::type_info::__is_pointer_p() const
 .text._ZNKSt9type_info11__do_upcastEPKN10__cxxabiv117__class_type_infoEPPv
                0x0000000000003a58        0x4 /opt/ti/ccs1020/ccs/tools/compiler/gcc-arm-none-eabi-7-2017-q4-major/bin/../lib/gcc/arm-none-eabi/7.2.1/../../../../arm-none-eabi/lib/thumb/v7e-m/fpv4-sp/hard/libsupc++_nano.a(tinfo.o)
                0x0000000000003a58                std::type_info::__do_upcast(__cxxabiv1::__class_type_info const*, void**) const
 .text._ZNSt9type_infoD0Ev
                0x0000000000003a5c        0xe /opt/ti/ccs1020/ccs/tools/compiler/gcc-arm-none-eabi-7-2017-q4-major/bin/../lib/gcc/arm-none-eabi/7.2.1/../../../../arm-none-eabi/lib/thumb/v7e-m/fpv4-sp/hard/libsupc++_nano.a(tinfo.o)
                0x0000000000003a5c                std::type_info::~type_info()
 .text._ZNKSt9type_infoeqERKS_
                0x0000000000003a6a       0x2c /opt/ti/ccs1020/ccs/tools/compiler/gcc-arm-none-eabi-7-2017-q4-major/bin/../lib/gcc/arm-none-eabi/7.2.1/../../../../arm-none-eabi/lib/thumb/v7e-m/fpv4-sp/hard/libsupc++_nano.a(tinfo.o)
                0x0000000000003a6a                std::type_info::operator==(std::type_info const&) const
 .text._ZNKSt9type_info10__do_catchEPKS_PPvj
                0x0000000000003a96        0x4 /opt/ti/ccs1020/ccs/tools/compiler/gcc-arm-none-eabi-7-2017-q4-major/bin/../lib/gcc/arm-none-eabi/7.2.1/../../../../arm-none-eabi/lib/thumb/v7e-m/fpv4-sp/hard/libsupc++_nano.a(tinfo.o)
                0x0000000000003a96                std::type_info::__do_catch(std::type_info const*, void**, unsigned int) const
 .text._ZdlPv   0x0000000000003a9a        0x4 /opt/ti/ccs1020/ccs/tools/compiler/gcc-arm-none-eabi-7-2017-q4-major/bin/../lib/gcc/arm-none-eabi/7.2.1/../../../../arm-none-eabi/lib/thumb/v7e-m/fpv4-sp/hard/libsupc++_nano.a(del_op.o)
                0x0000000000003a9a                operator delete(void*)
 .text._ZN10__cxxabiv1L24__is_gxx_exception_classEPc
                0x0000000000003a9e       0x3a /opt/ti/ccs1020/ccs/tools/compiler/gcc-arm-none-eabi-7-2017-q4-major/bin/../lib/gcc/arm-none-eabi/7.2.1/../../../../arm-none-eabi/lib/thumb/v7e-m/fpv4-sp/hard/libsupc++_nano.a(eh_call.o)
 .text.__cxa_call_terminate
                0x0000000000003ad8       0x1e /opt/ti/ccs1020/ccs/tools/compiler/gcc-arm-none-eabi-7-2017-q4-major/bin/../lib/gcc/arm-none-eabi/7.2.1/../../../../arm-none-eabi/lib/thumb/v7e-m/fpv4-sp/hard/libsupc++_nano.a(eh_call.o)
                0x0000000000003ad8                __cxa_call_terminate
 .text.__cxa_call_unexpected
                0x0000000000003af6       0x28 /opt/ti/ccs1020/ccs/tools/compiler/gcc-arm-none-eabi-7-2017-q4-major/bin/../lib/gcc/arm-none-eabi/7.2.1/../../../../arm-none-eabi/lib/thumb/v7e-m/fpv4-sp/hard/libsupc++_nano.a(eh_call.o)
                0x0000000000003af6                __cxa_call_unexpected
 .text._ZN10__cxxabiv1L24__is_gxx_exception_classEPc
                0x0000000000003b1e       0x3a /opt/ti/ccs1020/ccs/tools/compiler/gcc-arm-none-eabi-7-2017-q4-major/bin/../lib/gcc/arm-none-eabi/7.2.1/../../../../arm-none-eabi/lib/thumb/v7e-m/fpv4-sp/hard/libsupc++_nano.a(eh_catch.o)
 .text.__cxa_get_exception_ptr
                0x0000000000003b58        0x4 /opt/ti/ccs1020/ccs/tools/compiler/gcc-arm-none-eabi-7-2017-q4-major/bin/../lib/gcc/arm-none-eabi/7.2.1/../../../../arm-none-eabi/lib/thumb/v7e-m/fpv4-sp/hard/libsupc++_nano.a(eh_catch.o)
                0x0000000000003b58                __cxa_get_exception_ptr
 .text.__cxa_begin_catch
                0x0000000000003b5c       0x54 /opt/ti/ccs1020/ccs/tools/compiler/gcc-arm-none-eabi-7-2017-q4-major/bin/../lib/gcc/arm-none-eabi/7.2.1/../../../../arm-none-eabi/lib/thumb/v7e-m/fpv4-sp/hard/libsupc++_nano.a(eh_catch.o)
                0x0000000000003b5c                __cxa_begin_catch
 .text.__cxa_end_catch
                0x0000000000003bb0       0x48 /opt/ti/ccs1020/ccs/tools/compiler/gcc-arm-none-eabi-7-2017-q4-major/bin/../lib/gcc/arm-none-eabi/7.2.1/../../../../arm-none-eabi/lib/thumb/v7e-m/fpv4-sp/hard/libsupc++_nano.a(eh_catch.o)
                0x0000000000003bb0                __cxa_end_catch
 .text._ZSt18uncaught_exceptionv
                0x0000000000003bf8        0x4 /opt/ti/ccs1020/ccs/tools/compiler/gcc-arm-none-eabi-7-2017-q4-major/bin/../lib/gcc/arm-none-eabi/7.2.1/../../../../arm-none-eabi/lib/thumb/v7e-m/fpv4-sp/hard/libsupc++_nano.a(eh_catch.o)
                0x0000000000003bf8                std::uncaught_exception()
 .text._ZSt19uncaught_exceptionsv
                0x0000000000003bfc        0x4 /opt/ti/ccs1020/ccs/tools/compiler/gcc-arm-none-eabi-7-2017-q4-major/bin/../lib/gcc/arm-none-eabi/7.2.1/../../../../arm-none-eabi/lib/thumb/v7e-m/fpv4-sp/hard/libsupc++_nano.a(eh_catch.o)
                0x0000000000003bfc                std::uncaught_exceptions()
 .text._getpid  0x0000000000003c00       0x10 /opt/ti/ccs1020/ccs/tools/compiler/gcc-arm-none-eabi-7-2017-q4-major/bin/../lib/gcc/arm-none-eabi/7.2.1/../../../../arm-none-eabi/lib/thumb/v7e-m/fpv4-sp/hard/libnosys.a(getpid.o)
                0x0000000000003c00                _getpid
 .text._kill    0x0000000000003c10       0x10 /opt/ti/ccs1020/ccs/tools/compiler/gcc-arm-none-eabi-7-2017-q4-major/bin/../lib/gcc/arm-none-eabi/7.2.1/../../../../arm-none-eabi/lib/thumb/v7e-m/fpv4-sp/hard/libnosys.a(kill.o)
                0x0000000000003c10                _kill
 .text._sbrk    0x0000000000003c20       0x1c /opt/ti/ccs1020/ccs/tools/compiler/gcc-arm-none-eabi-7-2017-q4-major/bin/../lib/gcc/arm-none-eabi/7.2.1/../../../../arm-none-eabi/lib/thumb/v7e-m/fpv4-sp/hard/libnosys.a(sbrk.o)
                0x0000000000003c20                _sbrk
 .text._exit    0x0000000000003c3c        0x4 /opt/ti/ccs1020/ccs/tools/compiler/gcc-arm-none-eabi-7-2017-q4-major/bin/../lib/gcc/arm-none-eabi/7.2.1/../../../../arm-none-eabi/lib/thumb/v7e-m/fpv4-sp/hard/libnosys.a(_exit.o)
                0x0000000000003c3c                _exit
 .text.malloc   0x0000000000003c40       0x10 /opt/ti/ccs1020/ccs/tools/compiler/gcc-arm-none-eabi-7-2017-q4-major/bin/../lib/gcc/arm-none-eabi/7.2.1/../../../../arm-none-eabi/lib/thumb/v7e-m/fpv4-sp/hard/libc_nano.a(lib_a-malloc.o)
                0x0000000000003c40                malloc
 .text.free     0x0000000000003c50       0x10 /opt/ti/ccs1020/ccs/tools/compiler/gcc-arm-none-eabi-7-2017-q4-major/bin/../lib/gcc/arm-none-eabi/7.2.1/../../../../arm-none-eabi/lib/thumb/v7e-m/fpv4-sp/hard/libc_nano.a(lib_a-malloc.o)
                0x0000000000003c50                free
                0x0000000000003c60                . = ALIGN (0x4)
 *(.ctors)
                0x0000000000003c60                . = ALIGN (0x4)
 *(.dtors)
                0x0000000000003c60                . = ALIGN (0x4)
                0x0000000000003c60                __init_array_start = .
 *(.init_array*)
 .init_array    0x0000000000003c60        0x4 /opt/ti/ccs1020/ccs/tools/compiler/gcc-arm-none-eabi-7-2017-q4-major/bin/../lib/gcc/arm-none-eabi/7.2.1/thumb/v7e-m/fpv4-sp/hard/crtbegin.o
 .init_array    0x0000000000003c64        0x4 /home/student/git/YAHAL/libYAHAL_msp432.a(gpio_msp432.cpp.o)
 .init_array    0x0000000000003c68        0x4 /home/student/git/YAHAL/libYAHAL_msp432.a(timerA_msp432.cpp.o)
 .init_array    0x0000000000003c6c        0x4 /home/student/git/YAHAL/libYAHAL_msp432.a(uart_msp432.cpp.o)
                0x0000000000003c70                __init_array_end = .
 *(.init)
 .init          0x0000000000003c70        0x4 /opt/ti/ccs1020/ccs/tools/compiler/gcc-arm-none-eabi-7-2017-q4-major/bin/../lib/gcc/arm-none-eabi/7.2.1/thumb/v7e-m/fpv4-sp/hard/crti.o
                0x0000000000003c70                _init
 .init          0x0000000000003c74        0x8 /opt/ti/ccs1020/ccs/tools/compiler/gcc-arm-none-eabi-7-2017-q4-major/bin/../lib/gcc/arm-none-eabi/7.2.1/thumb/v7e-m/fpv4-sp/hard/crtn.o
 *(.fini*)
 .fini          0x0000000000003c7c        0x4 /opt/ti/ccs1020/ccs/tools/compiler/gcc-arm-none-eabi-7-2017-q4-major/bin/../lib/gcc/arm-none-eabi/7.2.1/thumb/v7e-m/fpv4-sp/hard/crti.o
                0x0000000000003c7c                _fini
 .fini_array    0x0000000000003c80        0x4 /opt/ti/ccs1020/ccs/tools/compiler/gcc-arm-none-eabi-7-2017-q4-major/bin/../lib/gcc/arm-none-eabi/7.2.1/thumb/v7e-m/fpv4-sp/hard/crtbegin.o
 .fini          0x0000000000003c84        0x8 /opt/ti/ccs1020/ccs/tools/compiler/gcc-arm-none-eabi-7-2017-q4-major/bin/../lib/gcc/arm-none-eabi/7.2.1/thumb/v7e-m/fpv4-sp/hard/crtn.o

.glue_7         0x0000000000003c8c        0x0
 .glue_7        0x0000000000003c8c        0x0 linker stubs

.glue_7t        0x0000000000003c8c        0x0
 .glue_7t       0x0000000000003c8c        0x0 linker stubs

.vfp11_veneer   0x0000000000003c8c        0x0
 .vfp11_veneer  0x0000000000003c8c        0x0 linker stubs

.v4_bx          0x0000000000003c8c        0x0
 .v4_bx         0x0000000000003c8c        0x0 linker stubs

.iplt           0x0000000000003c8c        0x0
 .iplt          0x0000000000003c8c        0x0 /opt/ti/ccs1020/ccs/tools/compiler/gcc-arm-none-eabi-7-2017-q4-major/bin/../lib/gcc/arm-none-eabi/7.2.1/thumb/v7e-m/fpv4-sp/hard/crtbegin.o

.rodata         0x0000000000003c8c      0x368
 *(.rodata)
 .rodata        0x0000000000003c8c       0x2e ./main.o
 *(.rodata.*)
 *fill*         0x0000000000003cba        0x2 
 .rodata._ZTS14gpio_interface
                0x0000000000003cbc       0x11 /home/student/git/YAHAL/libYAHAL_msp432.a(gpio_msp432.cpp.o)
                0x0000000000003cbc                typeinfo name for gpio_interface
 *fill*         0x0000000000003ccd        0x3 
 .rodata._ZTI14gpio_interface
                0x0000000000003cd0        0x8 /home/student/git/YAHAL/libYAHAL_msp432.a(gpio_msp432.cpp.o)
                0x0000000000003cd0                typeinfo for gpio_interface
 .rodata._ZTI11gpio_msp432
                0x0000000000003cd8        0xc /home/student/git/YAHAL/libYAHAL_msp432.a(gpio_msp432.cpp.o)
                0x0000000000003cd8                typeinfo for gpio_msp432
 .rodata._ZTS11gpio_msp432
                0x0000000000003ce4        0xe /home/student/git/YAHAL/libYAHAL_msp432.a(gpio_msp432.cpp.o)
                0x0000000000003ce4                typeinfo name for gpio_msp432
 *fill*         0x0000000000003cf2        0x2 
 .rodata._ZTV11gpio_msp432
                0x0000000000003cf4       0x30 /home/student/git/YAHAL/libYAHAL_msp432.a(gpio_msp432.cpp.o)
                0x0000000000003cf4                vtable for gpio_msp432
 .rodata._ZTS15timer_interface
                0x0000000000003d24       0x12 /home/student/git/YAHAL/libYAHAL_msp432.a(timerA_msp432.cpp.o)
                0x0000000000003d24                typeinfo name for timer_interface
 *fill*         0x0000000000003d36        0x2 
 .rodata._ZTI15timer_interface
                0x0000000000003d38        0x8 /home/student/git/YAHAL/libYAHAL_msp432.a(timerA_msp432.cpp.o)
                0x0000000000003d38                typeinfo for timer_interface
 .rodata._ZTI13timerA_msp432
                0x0000000000003d40        0xc /home/student/git/YAHAL/libYAHAL_msp432.a(timerA_msp432.cpp.o)
                0x0000000000003d40                typeinfo for timerA_msp432
 .rodata._ZTS13timerA_msp432
                0x0000000000003d4c       0x10 /home/student/git/YAHAL/libYAHAL_msp432.a(timerA_msp432.cpp.o)
                0x0000000000003d4c                typeinfo name for timerA_msp432
 .rodata._ZTV13timerA_msp432
                0x0000000000003d5c       0x30 /home/student/git/YAHAL/libYAHAL_msp432.a(timerA_msp432.cpp.o)
                0x0000000000003d5c                vtable for timerA_msp432
 .rodata._ZTS14uart_interface
                0x0000000000003d8c       0x11 /home/student/git/YAHAL/libYAHAL_msp432.a(uart_msp432.cpp.o)
                0x0000000000003d8c                typeinfo name for uart_interface
 *fill*         0x0000000000003d9d        0x3 
 .rodata._ZTI14uart_interface
                0x0000000000003da0        0x8 /home/student/git/YAHAL/libYAHAL_msp432.a(uart_msp432.cpp.o)
                0x0000000000003da0                typeinfo for uart_interface
 .rodata._ZTI11uart_msp432
                0x0000000000003da8        0xc /home/student/git/YAHAL/libYAHAL_msp432.a(uart_msp432.cpp.o)
                0x0000000000003da8                typeinfo for uart_msp432
 .rodata._ZTS11uart_msp432
                0x0000000000003db4        0xe /home/student/git/YAHAL/libYAHAL_msp432.a(uart_msp432.cpp.o)
                0x0000000000003db4                typeinfo name for uart_msp432
 *fill*         0x0000000000003dc2        0x2 
 .rodata._ZTV11uart_msp432
                0x0000000000003dc4       0x34 /home/student/git/YAHAL/libYAHAL_msp432.a(uart_msp432.cpp.o)
                0x0000000000003dc4                vtable for uart_msp432
 .rodata.__cxa_atexit_dummy
                0x0000000000003df8        0x4 /opt/ti/ccs1020/ccs/tools/compiler/gcc-arm-none-eabi-7-2017-q4-major/bin/../lib/gcc/arm-none-eabi/7.2.1/../../../../arm-none-eabi/lib/thumb/v7e-m/fpv4-sp/hard/libc_nano.a(lib_a-cxa_atexit.o)
                0x0000000000003df8                __cxa_atexit_dummy
 .rodata._global_impure_ptr
                0x0000000000003dfc        0x4 /opt/ti/ccs1020/ccs/tools/compiler/gcc-arm-none-eabi-7-2017-q4-major/bin/../lib/gcc/arm-none-eabi/7.2.1/../../../../arm-none-eabi/lib/thumb/v7e-m/fpv4-sp/hard/libc_nano.a(lib_a-impure.o)
                0x0000000000003dfc                _global_impure_ptr
 .rodata.__on_exit_args
                0x0000000000003e00        0x4 /opt/ti/ccs1020/ccs/tools/compiler/gcc-arm-none-eabi-7-2017-q4-major/bin/../lib/gcc/arm-none-eabi/7.2.1/../../../../arm-none-eabi/lib/thumb/v7e-m/fpv4-sp/hard/libc_nano.a(lib_a-on_exit_args.o)
                0x0000000000003e00                __on_exit_args
 .rodata._ZTIN10__cxxabiv117__class_type_infoE
                0x0000000000003e04        0xc /opt/ti/ccs1020/ccs/tools/compiler/gcc-arm-none-eabi-7-2017-q4-major/bin/../lib/gcc/arm-none-eabi/7.2.1/../../../../arm-none-eabi/lib/thumb/v7e-m/fpv4-sp/hard/libsupc++_nano.a(class_type_info.o)
                0x0000000000003e04                typeinfo for __cxxabiv1::__class_type_info
 .rodata._ZTSN10__cxxabiv117__class_type_infoE
                0x0000000000003e10       0x22 /opt/ti/ccs1020/ccs/tools/compiler/gcc-arm-none-eabi-7-2017-q4-major/bin/../lib/gcc/arm-none-eabi/7.2.1/../../../../arm-none-eabi/lib/thumb/v7e-m/fpv4-sp/hard/libsupc++_nano.a(class_type_info.o)
                0x0000000000003e10                typeinfo name for __cxxabiv1::__class_type_info
 *fill*         0x0000000000003e32        0x2 
 .rodata._ZTVN10__cxxabiv117__class_type_infoE
                0x0000000000003e34       0x2c /opt/ti/ccs1020/ccs/tools/compiler/gcc-arm-none-eabi-7-2017-q4-major/bin/../lib/gcc/arm-none-eabi/7.2.1/../../../../arm-none-eabi/lib/thumb/v7e-m/fpv4-sp/hard/libsupc++_nano.a(class_type_info.o)
                0x0000000000003e34                vtable for __cxxabiv1::__class_type_info
 .rodata._ZNKSt13bad_exception4whatEv.str1.1
                0x0000000000003e60       0x13 /opt/ti/ccs1020/ccs/tools/compiler/gcc-arm-none-eabi-7-2017-q4-major/bin/../lib/gcc/arm-none-eabi/7.2.1/../../../../arm-none-eabi/lib/thumb/v7e-m/fpv4-sp/hard/libsupc++_nano.a(eh_exception.o)
 .rodata._ZNKSt9exception4whatEv.str1.1
                0x0000000000003e73        0xf /opt/ti/ccs1020/ccs/tools/compiler/gcc-arm-none-eabi-7-2017-q4-major/bin/../lib/gcc/arm-none-eabi/7.2.1/../../../../arm-none-eabi/lib/thumb/v7e-m/fpv4-sp/hard/libsupc++_nano.a(eh_exception.o)
 *fill*         0x0000000000003e82        0x2 
 .rodata._ZTIN10__cxxabiv115__forced_unwindE
                0x0000000000003e84        0x8 /opt/ti/ccs1020/ccs/tools/compiler/gcc-arm-none-eabi-7-2017-q4-major/bin/../lib/gcc/arm-none-eabi/7.2.1/../../../../arm-none-eabi/lib/thumb/v7e-m/fpv4-sp/hard/libsupc++_nano.a(eh_exception.o)
                0x0000000000003e84                typeinfo for __cxxabiv1::__forced_unwind
 .rodata._ZTIN10__cxxabiv119__foreign_exceptionE
                0x0000000000003e8c        0x8 /opt/ti/ccs1020/ccs/tools/compiler/gcc-arm-none-eabi-7-2017-q4-major/bin/../lib/gcc/arm-none-eabi/7.2.1/../../../../arm-none-eabi/lib/thumb/v7e-m/fpv4-sp/hard/libsupc++_nano.a(eh_exception.o)
                0x0000000000003e8c                typeinfo for __cxxabiv1::__foreign_exception
 .rodata._ZTISt13bad_exception
                0x0000000000003e94        0xc /opt/ti/ccs1020/ccs/tools/compiler/gcc-arm-none-eabi-7-2017-q4-major/bin/../lib/gcc/arm-none-eabi/7.2.1/../../../../arm-none-eabi/lib/thumb/v7e-m/fpv4-sp/hard/libsupc++_nano.a(eh_exception.o)
                0x0000000000003e94                typeinfo for std::bad_exception
 .rodata._ZTISt9exception
                0x0000000000003ea0        0x8 /opt/ti/ccs1020/ccs/tools/compiler/gcc-arm-none-eabi-7-2017-q4-major/bin/../lib/gcc/arm-none-eabi/7.2.1/../../../../arm-none-eabi/lib/thumb/v7e-m/fpv4-sp/hard/libsupc++_nano.a(eh_exception.o)
                0x0000000000003ea0                typeinfo for std::exception
 .rodata._ZTSN10__cxxabiv115__forced_unwindE
                0x0000000000003ea8       0x20 /opt/ti/ccs1020/ccs/tools/compiler/gcc-arm-none-eabi-7-2017-q4-major/bin/../lib/gcc/arm-none-eabi/7.2.1/../../../../arm-none-eabi/lib/thumb/v7e-m/fpv4-sp/hard/libsupc++_nano.a(eh_exception.o)
                0x0000000000003ea8                typeinfo name for __cxxabiv1::__forced_unwind
 .rodata._ZTSN10__cxxabiv119__foreign_exceptionE
                0x0000000000003ec8       0x24 /opt/ti/ccs1020/ccs/tools/compiler/gcc-arm-none-eabi-7-2017-q4-major/bin/../lib/gcc/arm-none-eabi/7.2.1/../../../../arm-none-eabi/lib/thumb/v7e-m/fpv4-sp/hard/libsupc++_nano.a(eh_exception.o)
                0x0000000000003ec8                typeinfo name for __cxxabiv1::__foreign_exception
 .rodata._ZTSSt13bad_exception
                0x0000000000003eec       0x12 /opt/ti/ccs1020/ccs/tools/compiler/gcc-arm-none-eabi-7-2017-q4-major/bin/../lib/gcc/arm-none-eabi/7.2.1/../../../../arm-none-eabi/lib/thumb/v7e-m/fpv4-sp/hard/libsupc++_nano.a(eh_exception.o)
                0x0000000000003eec                typeinfo name for std::bad_exception
 .rodata._ZTSSt9exception
                0x0000000000003efe        0xd /opt/ti/ccs1020/ccs/tools/compiler/gcc-arm-none-eabi-7-2017-q4-major/bin/../lib/gcc/arm-none-eabi/7.2.1/../../../../arm-none-eabi/lib/thumb/v7e-m/fpv4-sp/hard/libsupc++_nano.a(eh_exception.o)
                0x0000000000003efe                typeinfo name for std::exception
 *fill*         0x0000000000003f0b        0x1 
 .rodata._ZTVN10__cxxabiv115__forced_unwindE
                0x0000000000003f0c       0x14 /opt/ti/ccs1020/ccs/tools/compiler/gcc-arm-none-eabi-7-2017-q4-major/bin/../lib/gcc/arm-none-eabi/7.2.1/../../../../arm-none-eabi/lib/thumb/v7e-m/fpv4-sp/hard/libsupc++_nano.a(eh_exception.o)
                0x0000000000003f0c                vtable for __cxxabiv1::__forced_unwind
 .rodata._ZTVN10__cxxabiv119__foreign_exceptionE
                0x0000000000003f20       0x14 /opt/ti/ccs1020/ccs/tools/compiler/gcc-arm-none-eabi-7-2017-q4-major/bin/../lib/gcc/arm-none-eabi/7.2.1/../../../../arm-none-eabi/lib/thumb/v7e-m/fpv4-sp/hard/libsupc++_nano.a(eh_exception.o)
                0x0000000000003f20                vtable for __cxxabiv1::__foreign_exception
 .rodata._ZTVSt13bad_exception
                0x0000000000003f34       0x14 /opt/ti/ccs1020/ccs/tools/compiler/gcc-arm-none-eabi-7-2017-q4-major/bin/../lib/gcc/arm-none-eabi/7.2.1/../../../../arm-none-eabi/lib/thumb/v7e-m/fpv4-sp/hard/libsupc++_nano.a(eh_exception.o)
                0x0000000000003f34                vtable for std::bad_exception
 .rodata._ZTVSt9exception
                0x0000000000003f48       0x14 /opt/ti/ccs1020/ccs/tools/compiler/gcc-arm-none-eabi-7-2017-q4-major/bin/../lib/gcc/arm-none-eabi/7.2.1/../../../../arm-none-eabi/lib/thumb/v7e-m/fpv4-sp/hard/libsupc++_nano.a(eh_exception.o)
                0x0000000000003f48                vtable for std::exception
 .rodata._ZTIN10__cxxabiv120__si_class_type_infoE
                0x0000000000003f5c        0xc /opt/ti/ccs1020/ccs/tools/compiler/gcc-arm-none-eabi-7-2017-q4-major/bin/../lib/gcc/arm-none-eabi/7.2.1/../../../../arm-none-eabi/lib/thumb/v7e-m/fpv4-sp/hard/libsupc++_nano.a(si_class_type_info.o)
                0x0000000000003f5c                typeinfo for __cxxabiv1::__si_class_type_info
 .rodata._ZTSN10__cxxabiv120__si_class_type_infoE
                0x0000000000003f68       0x25 /opt/ti/ccs1020/ccs/tools/compiler/gcc-arm-none-eabi-7-2017-q4-major/bin/../lib/gcc/arm-none-eabi/7.2.1/../../../../arm-none-eabi/lib/thumb/v7e-m/fpv4-sp/hard/libsupc++_nano.a(si_class_type_info.o)
                0x0000000000003f68                typeinfo name for __cxxabiv1::__si_class_type_info
 *fill*         0x0000000000003f8d        0x3 
 .rodata._ZTVN10__cxxabiv120__si_class_type_infoE
                0x0000000000003f90       0x2c /opt/ti/ccs1020/ccs/tools/compiler/gcc-arm-none-eabi-7-2017-q4-major/bin/../lib/gcc/arm-none-eabi/7.2.1/../../../../arm-none-eabi/lib/thumb/v7e-m/fpv4-sp/hard/libsupc++_nano.a(si_class_type_info.o)
                0x0000000000003f90                vtable for __cxxabiv1::__si_class_type_info
 .rodata._ZTISt9type_info
                0x0000000000003fbc        0x8 /opt/ti/ccs1020/ccs/tools/compiler/gcc-arm-none-eabi-7-2017-q4-major/bin/../lib/gcc/arm-none-eabi/7.2.1/../../../../arm-none-eabi/lib/thumb/v7e-m/fpv4-sp/hard/libsupc++_nano.a(tinfo.o)
                0x0000000000003fbc                typeinfo for std::type_info
 .rodata._ZTSSt9type_info
                0x0000000000003fc4        0xd /opt/ti/ccs1020/ccs/tools/compiler/gcc-arm-none-eabi-7-2017-q4-major/bin/../lib/gcc/arm-none-eabi/7.2.1/../../../../arm-none-eabi/lib/thumb/v7e-m/fpv4-sp/hard/libsupc++_nano.a(tinfo.o)
                0x0000000000003fc4                typeinfo name for std::type_info
 *fill*         0x0000000000003fd1        0x3 
 .rodata._ZTVSt9type_info
                0x0000000000003fd4       0x20 /opt/ti/ccs1020/ccs/tools/compiler/gcc-arm-none-eabi-7-2017-q4-major/bin/../lib/gcc/arm-none-eabi/7.2.1/../../../../arm-none-eabi/lib/thumb/v7e-m/fpv4-sp/hard/libsupc++_nano.a(tinfo.o)
                0x0000000000003fd4                vtable for std::type_info

.eh_frame       0x0000000000003ff4        0x4
 .eh_frame      0x0000000000003ff4        0x0 /opt/ti/ccs1020/ccs/tools/compiler/gcc-arm-none-eabi-7-2017-q4-major/bin/../lib/gcc/arm-none-eabi/7.2.1/thumb/v7e-m/fpv4-sp/hard/crtbegin.o
 .eh_frame      0x0000000000003ff4        0x4 /opt/ti/ccs1020/ccs/tools/compiler/gcc-arm-none-eabi-7-2017-q4-major/bin/../lib/gcc/arm-none-eabi/7.2.1/thumb/v7e-m/fpv4-sp/hard/crtend.o

.ARM.exidx      0x0000000000003ff8       0xe0
                0x0000000000003ff8                __exidx_start = .
 *(.ARM.exidx* .gnu.linkonce.armexidx.*)
 .ARM.exidx     0x0000000000003ff8        0x8 /opt/ti/ccs1020/ccs/tools/compiler/gcc-arm-none-eabi-7-2017-q4-major/bin/../lib/gcc/arm-none-eabi/7.2.1/../../../../arm-none-eabi/lib/thumb/v7e-m/fpv4-sp/hard/crt0.o
 .ARM.exidx     0x0000000000004000       0x28 ./main.o
                                         0x40 (size before relaxing)
 .ARM.exidx     0x0000000000004028       0x78 /opt/ti/ccs1020/ccs/tools/compiler/gcc-arm-none-eabi-7-2017-q4-major/bin/../lib/gcc/arm-none-eabi/7.2.1/thumb/v7e-m/fpv4-sp/hard/libgcc.a(unwind-arm.o)
                                         0xd8 (size before relaxing)
 .ARM.exidx     0x00000000000040a0       0x38 /opt/ti/ccs1020/ccs/tools/compiler/gcc-arm-none-eabi-7-2017-q4-major/bin/../lib/gcc/arm-none-eabi/7.2.1/thumb/v7e-m/fpv4-sp/hard/libgcc.a(pr-support.o)
                                         0x48 (size before relaxing)
                0x00000000000040d8                __exidx_end = .

.ARM.extab      0x00000000000040d8       0x68
 *(.ARM.extab* .gnu.linkonce.armextab.*)
 .ARM.extab     0x00000000000040d8        0x0 /opt/ti/ccs1020/ccs/tools/compiler/gcc-arm-none-eabi-7-2017-q4-major/bin/../lib/gcc/arm-none-eabi/7.2.1/../../../../arm-none-eabi/lib/thumb/v7e-m/fpv4-sp/hard/crt0.o
 .ARM.extab     0x00000000000040d8       0x4f ./main.o
 .ARM.extab     0x0000000000004127        0x0 /opt/ti/ccs1020/ccs/tools/compiler/gcc-arm-none-eabi-7-2017-q4-major/bin/../lib/gcc/arm-none-eabi/7.2.1/thumb/v7e-m/fpv4-sp/hard/libgcc.a(unwind-arm.o)
 *fill*         0x0000000000004127        0x1 
 .ARM.extab     0x0000000000004128       0x18 /opt/ti/ccs1020/ccs/tools/compiler/gcc-arm-none-eabi-7-2017-q4-major/bin/../lib/gcc/arm-none-eabi/7.2.1/thumb/v7e-m/fpv4-sp/hard/libgcc.a(pr-support.o)
                0x0000000000004140                __etext = .

.rel.dyn        0x0000000000004140        0x0
 .rel.iplt      0x0000000000004140        0x0 /opt/ti/ccs1020/ccs/tools/compiler/gcc-arm-none-eabi-7-2017-q4-major/bin/../lib/gcc/arm-none-eabi/7.2.1/thumb/v7e-m/fpv4-sp/hard/crtbegin.o

.data           0x0000000020000000       0x9c load address 0x0000000000004140
                0x0000000000004140                __data_load__ = LOADADDR (.data)
                0x0000000020000000                __data_start__ = .
 *(.data)
 .data          0x0000000020000000        0x0 /opt/ti/ccs1020/ccs/tools/compiler/gcc-arm-none-eabi-7-2017-q4-major/bin/../lib/gcc/arm-none-eabi/7.2.1/thumb/v7e-m/fpv4-sp/hard/crti.o
 .data          0x0000000020000000        0x4 /opt/ti/ccs1020/ccs/tools/compiler/gcc-arm-none-eabi-7-2017-q4-major/bin/../lib/gcc/arm-none-eabi/7.2.1/thumb/v7e-m/fpv4-sp/hard/crtbegin.o
                0x0000000020000000                __dso_handle
 .data          0x0000000020000004        0x0 /opt/ti/ccs1020/ccs/tools/compiler/gcc-arm-none-eabi-7-2017-q4-major/bin/../lib/gcc/arm-none-eabi/7.2.1/../../../../arm-none-eabi/lib/thumb/v7e-m/fpv4-sp/hard/crt0.o
 .data          0x0000000020000004        0x0 ./main.o
 .data          0x0000000020000004        0x0 ./startup_msp432p401r_gcc.o
 .data          0x0000000020000004        0x4 ./system_msp432p401r.o
                0x0000000020000004                SystemCoreClock
 .data          0x0000000020000008        0x0 /home/student/git/YAHAL/libYAHAL_msp432.a(gpio_msp432.cpp.o)
 .data          0x0000000020000008        0x0 /home/student/git/YAHAL/libYAHAL_msp432.a(timerA_msp432.cpp.o)
 .data          0x0000000020000008        0x0 /home/student/git/YAHAL/libYAHAL_msp432.a(uart_msp432.cpp.o)
 .data          0x0000000020000008        0x0 /home/student/git/YAHAL/libYAHAL_msp432.a(cpp_support.cpp.o)
 .data          0x0000000020000008        0x0 /home/student/git/YAHAL/libYAHAL_msp432.a(irq_dispatcher.cpp.o)
 .data          0x0000000020000008        0x0 /opt/ti/ccs1020/ccs/tools/compiler/gcc-arm-none-eabi-7-2017-q4-major/bin/../lib/gcc/arm-none-eabi/7.2.1/thumb/v7e-m/fpv4-sp/hard/libgcc.a(unwind-arm.o)
 .data          0x0000000020000008        0x0 /opt/ti/ccs1020/ccs/tools/compiler/gcc-arm-none-eabi-7-2017-q4-major/bin/../lib/gcc/arm-none-eabi/7.2.1/thumb/v7e-m/fpv4-sp/hard/libgcc.a(libunwind.o)
 .data          0x0000000020000008        0x0 /opt/ti/ccs1020/ccs/tools/compiler/gcc-arm-none-eabi-7-2017-q4-major/bin/../lib/gcc/arm-none-eabi/7.2.1/thumb/v7e-m/fpv4-sp/hard/libgcc.a(pr-support.o)
 .data          0x0000000020000008        0x0 /opt/ti/ccs1020/ccs/tools/compiler/gcc-arm-none-eabi-7-2017-q4-major/bin/../lib/gcc/arm-none-eabi/7.2.1/../../../../arm-none-eabi/lib/thumb/v7e-m/fpv4-sp/hard/libc_nano.a(lib_a-abort.o)
 .data          0x0000000020000008        0x0 /opt/ti/ccs1020/ccs/tools/compiler/gcc-arm-none-eabi-7-2017-q4-major/bin/../lib/gcc/arm-none-eabi/7.2.1/../../../../arm-none-eabi/lib/thumb/v7e-m/fpv4-sp/hard/libc_nano.a(lib_a-aeabi_atexit.o)
 .data          0x0000000020000008        0x0 /opt/ti/ccs1020/ccs/tools/compiler/gcc-arm-none-eabi-7-2017-q4-major/bin/../lib/gcc/arm-none-eabi/7.2.1/../../../../arm-none-eabi/lib/thumb/v7e-m/fpv4-sp/hard/libc_nano.a(lib_a-cxa_atexit.o)
 .data          0x0000000020000008        0x0 /opt/ti/ccs1020/ccs/tools/compiler/gcc-arm-none-eabi-7-2017-q4-major/bin/../lib/gcc/arm-none-eabi/7.2.1/../../../../arm-none-eabi/lib/thumb/v7e-m/fpv4-sp/hard/libc_nano.a(lib_a-exit.o)
 .data          0x0000000020000008        0x0 /opt/ti/ccs1020/ccs/tools/compiler/gcc-arm-none-eabi-7-2017-q4-major/bin/../lib/gcc/arm-none-eabi/7.2.1/../../../../arm-none-eabi/lib/thumb/v7e-m/fpv4-sp/hard/libc_nano.a(lib_a-impure.o)
 .data          0x0000000020000008        0x0 /opt/ti/ccs1020/ccs/tools/compiler/gcc-arm-none-eabi-7-2017-q4-major/bin/../lib/gcc/arm-none-eabi/7.2.1/../../../../arm-none-eabi/lib/thumb/v7e-m/fpv4-sp/hard/libc_nano.a(lib_a-init.o)
 .data          0x0000000020000008        0x0 /opt/ti/ccs1020/ccs/tools/compiler/gcc-arm-none-eabi-7-2017-q4-major/bin/../lib/gcc/arm-none-eabi/7.2.1/../../../../arm-none-eabi/lib/thumb/v7e-m/fpv4-sp/hard/libc_nano.a(lib_a-memcpy-stub.o)
 .data          0x0000000020000008        0x0 /opt/ti/ccs1020/ccs/tools/compiler/gcc-arm-none-eabi-7-2017-q4-major/bin/../lib/gcc/arm-none-eabi/7.2.1/../../../../arm-none-eabi/lib/thumb/v7e-m/fpv4-sp/hard/libc_nano.a(lib_a-memset.o)
 .data          0x0000000020000008        0x0 /opt/ti/ccs1020/ccs/tools/compiler/gcc-arm-none-eabi-7-2017-q4-major/bin/../lib/gcc/arm-none-eabi/7.2.1/../../../../arm-none-eabi/lib/thumb/v7e-m/fpv4-sp/hard/libc_nano.a(lib_a-on_exit_args.o)
 .data          0x0000000020000008        0x0 /opt/ti/ccs1020/ccs/tools/compiler/gcc-arm-none-eabi-7-2017-q4-major/bin/../lib/gcc/arm-none-eabi/7.2.1/../../../../arm-none-eabi/lib/thumb/v7e-m/fpv4-sp/hard/libc_nano.a(lib_a-signal.o)
 .data          0x0000000020000008        0x0 /opt/ti/ccs1020/ccs/tools/compiler/gcc-arm-none-eabi-7-2017-q4-major/bin/../lib/gcc/arm-none-eabi/7.2.1/../../../../arm-none-eabi/lib/thumb/v7e-m/fpv4-sp/hard/libc_nano.a(lib_a-signalr.o)
 .data          0x0000000020000008        0x0 /opt/ti/ccs1020/ccs/tools/compiler/gcc-arm-none-eabi-7-2017-q4-major/bin/../lib/gcc/arm-none-eabi/7.2.1/../../../../arm-none-eabi/lib/thumb/v7e-m/fpv4-sp/hard/libc_nano.a(lib_a-strlen.o)
 .data          0x0000000020000008        0x0 /opt/ti/ccs1020/ccs/tools/compiler/gcc-arm-none-eabi-7-2017-q4-major/bin/../lib/gcc/arm-none-eabi/7.2.1/../../../../arm-none-eabi/lib/thumb/v7e-m/fpv4-sp/hard/libc_nano.a(lib_a-nano-mallocr.o)
 .data          0x0000000020000008        0x0 /opt/ti/ccs1020/ccs/tools/compiler/gcc-arm-none-eabi-7-2017-q4-major/bin/../lib/gcc/arm-none-eabi/7.2.1/../../../../arm-none-eabi/lib/thumb/v7e-m/fpv4-sp/hard/libc_nano.a(lib_a-reent.o)
 .data          0x0000000020000008        0x0 /opt/ti/ccs1020/ccs/tools/compiler/gcc-arm-none-eabi-7-2017-q4-major/bin/../lib/gcc/arm-none-eabi/7.2.1/../../../../arm-none-eabi/lib/thumb/v7e-m/fpv4-sp/hard/libc_nano.a(lib_a-sbrkr.o)
 .data          0x0000000020000008        0x0 /opt/ti/ccs1020/ccs/tools/compiler/gcc-arm-none-eabi-7-2017-q4-major/bin/../lib/gcc/arm-none-eabi/7.2.1/../../../../arm-none-eabi/lib/thumb/v7e-m/fpv4-sp/hard/libc_nano.a(lib_a-mlock.o)
 .data          0x0000000020000008        0x0 /opt/ti/ccs1020/ccs/tools/compiler/gcc-arm-none-eabi-7-2017-q4-major/bin/../lib/gcc/arm-none-eabi/7.2.1/../../../../arm-none-eabi/lib/thumb/v7e-m/fpv4-sp/hard/libc_nano.a(lib_a-nano-freer.o)
 .data          0x0000000020000008        0x0 /opt/ti/ccs1020/ccs/tools/compiler/gcc-arm-none-eabi-7-2017-q4-major/bin/../lib/gcc/arm-none-eabi/7.2.1/../../../../arm-none-eabi/lib/thumb/v7e-m/fpv4-sp/hard/libsupc++_nano.a(class_type_info.o)
 .data          0x0000000020000008        0x0 /opt/ti/ccs1020/ccs/tools/compiler/gcc-arm-none-eabi-7-2017-q4-major/bin/../lib/gcc/arm-none-eabi/7.2.1/../../../../arm-none-eabi/lib/thumb/v7e-m/fpv4-sp/hard/libsupc++_nano.a(del_ops.o)