Archive member included to satisfy reference by file (symbol)

/home/student/git/YAHAL/libYAHAL_msp432.a(gpio_msp432.cpp.o)
                              ./main.o (gpio_msp432::setSEL(unsigned short, unsigned char))
/home/student/git/YAHAL/libYAHAL_msp432.a(adc14_msp432.cpp.o)
                              ./main.o (adc14_msp432::inst)
/opt/ti/ccsv8/tools/compiler/gcc-arm-none-eabi-7-2017-q4-major/bin/../lib/gcc/arm-none-eabi/7.2.1/thumb/v7e-m/fpv4-sp/hard/libgcc.a(unwind-arm.o)
                              ./main.o (__aeabi_unwind_cpp_pr0)
/opt/ti/ccsv8/tools/compiler/gcc-arm-none-eabi-7-2017-q4-major/bin/../lib/gcc/arm-none-eabi/7.2.1/thumb/v7e-m/fpv4-sp/hard/libgcc.a(libunwind.o)
                              /opt/ti/ccsv8/tools/compiler/gcc-arm-none-eabi-7-2017-q4-major/bin/../lib/gcc/arm-none-eabi/7.2.1/thumb/v7e-m/fpv4-sp/hard/libgcc.a(unwind-arm.o) (restore_core_regs)
/opt/ti/ccsv8/tools/compiler/gcc-arm-none-eabi-7-2017-q4-major/bin/../lib/gcc/arm-none-eabi/7.2.1/thumb/v7e-m/fpv4-sp/hard/libgcc.a(pr-support.o)
                              /opt/ti/ccsv8/tools/compiler/gcc-arm-none-eabi-7-2017-q4-major/bin/../lib/gcc/arm-none-eabi/7.2.1/thumb/v7e-m/fpv4-sp/hard/libgcc.a(unwind-arm.o) (__gnu_unwind_execute)
/opt/ti/ccsv8/tools/compiler/gcc-arm-none-eabi-7-2017-q4-major/bin/../lib/gcc/arm-none-eabi/7.2.1/../../../../arm-none-eabi/lib/thumb/v7e-m/fpv4-sp/hard/libc_nano.a(lib_a-abort.o)
                              /opt/ti/ccsv8/tools/compiler/gcc-arm-none-eabi-7-2017-q4-major/bin/../lib/gcc/arm-none-eabi/7.2.1/thumb/v7e-m/fpv4-sp/hard/libgcc.a(unwind-arm.o) (abort)
/opt/ti/ccsv8/tools/compiler/gcc-arm-none-eabi-7-2017-q4-major/bin/../lib/gcc/arm-none-eabi/7.2.1/../../../../arm-none-eabi/lib/thumb/v7e-m/fpv4-sp/hard/libc_nano.a(lib_a-aeabi_atexit.o)
                              /home/student/git/YAHAL/libYAHAL_msp432.a(gpio_msp432.cpp.o) (__aeabi_atexit)
/opt/ti/ccsv8/tools/compiler/gcc-arm-none-eabi-7-2017-q4-major/bin/../lib/gcc/arm-none-eabi/7.2.1/../../../../arm-none-eabi/lib/thumb/v7e-m/fpv4-sp/hard/libc_nano.a(lib_a-cxa_atexit.o)
                              /opt/ti/ccsv8/tools/compiler/gcc-arm-none-eabi-7-2017-q4-major/bin/../lib/gcc/arm-none-eabi/7.2.1/../../../../arm-none-eabi/lib/thumb/v7e-m/fpv4-sp/hard/libc_nano.a(lib_a-aeabi_atexit.o) (__cxa_atexit)
/opt/ti/ccsv8/tools/compiler/gcc-arm-none-eabi-7-2017-q4-major/bin/../lib/gcc/arm-none-eabi/7.2.1/../../../../arm-none-eabi/lib/thumb/v7e-m/fpv4-sp/hard/libc_nano.a(lib_a-exit.o)
                              /opt/ti/ccsv8/tools/compiler/gcc-arm-none-eabi-7-2017-q4-major/bin/../lib/gcc/arm-none-eabi/7.2.1/../../../../arm-none-eabi/lib/thumb/v7e-m/fpv4-sp/hard/crt0.o (exit)
/opt/ti/ccsv8/tools/compiler/gcc-arm-none-eabi-7-2017-q4-major/bin/../lib/gcc/arm-none-eabi/7.2.1/../../../../arm-none-eabi/lib/thumb/v7e-m/fpv4-sp/hard/libc_nano.a(lib_a-impure.o)
                              /opt/ti/ccsv8/tools/compiler/gcc-arm-none-eabi-7-2017-q4-major/bin/../lib/gcc/arm-none-eabi/7.2.1/../../../../arm-none-eabi/lib/thumb/v7e-m/fpv4-sp/hard/libc_nano.a(lib_a-exit.o) (_global_impure_ptr)
/opt/ti/ccsv8/tools/compiler/gcc-arm-none-eabi-7-2017-q4-major/bin/../lib/gcc/arm-none-eabi/7.2.1/../../../../arm-none-eabi/lib/thumb/v7e-m/fpv4-sp/hard/libc_nano.a(lib_a-init.o)
                              /opt/ti/ccsv8/tools/compiler/gcc-arm-none-eabi-7-2017-q4-major/bin/../lib/gcc/arm-none-eabi/7.2.1/../../../../arm-none-eabi/lib/thumb/v7e-m/fpv4-sp/hard/crt0.o (__libc_init_array)
/opt/ti/ccsv8/tools/compiler/gcc-arm-none-eabi-7-2017-q4-major/bin/../lib/gcc/arm-none-eabi/7.2.1/../../../../arm-none-eabi/lib/thumb/v7e-m/fpv4-sp/hard/libc_nano.a(lib_a-memcpy-stub.o)
                              /opt/ti/ccsv8/tools/compiler/gcc-arm-none-eabi-7-2017-q4-major/bin/../lib/gcc/arm-none-eabi/7.2.1/thumb/v7e-m/fpv4-sp/hard/libgcc.a(unwind-arm.o) (memcpy)
/opt/ti/ccsv8/tools/compiler/gcc-arm-none-eabi-7-2017-q4-major/bin/../lib/gcc/arm-none-eabi/7.2.1/../../../../arm-none-eabi/lib/thumb/v7e-m/fpv4-sp/hard/libc_nano.a(lib_a-memset.o)
                              /opt/ti/ccsv8/tools/compiler/gcc-arm-none-eabi-7-2017-q4-major/bin/../lib/gcc/arm-none-eabi/7.2.1/../../../../arm-none-eabi/lib/thumb/v7e-m/fpv4-sp/hard/crt0.o (memset)
/opt/ti/ccsv8/tools/compiler/gcc-arm-none-eabi-7-2017-q4-major/bin/../lib/gcc/arm-none-eabi/7.2.1/../../../../arm-none-eabi/lib/thumb/v7e-m/fpv4-sp/hard/libc_nano.a(lib_a-on_exit_args.o)
                              /opt/ti/ccsv8/tools/compiler/gcc-arm-none-eabi-7-2017-q4-major/bin/../lib/gcc/arm-none-eabi/7.2.1/../../../../arm-none-eabi/lib/thumb/v7e-m/fpv4-sp/hard/libc_nano.a(lib_a-cxa_atexit.o) (__on_exit_args)
/opt/ti/ccsv8/tools/compiler/gcc-arm-none-eabi-7-2017-q4-major/bin/../lib/gcc/arm-none-eabi/7.2.1/../../../../arm-none-eabi/lib/thumb/v7e-m/fpv4-sp/hard/libc_nano.a(lib_a-signal.o)
[...]
Memory Configuration

Name             Origin             Length             Attributes
MAIN_FLASH       0x0000000000000000 0x0000000000040000 xr
INFO_FLASH       0x0000000000200000 0x0000000000004000 xr
SRAM_CODE        0x0000000001000000 0x0000000000010000 xrw
SRAM_DATA        0x0000000020000000 0x0000000000010000 rw
*default*        0x0000000000000000 0xffffffffffffffff

Linker script and memory map

LOAD /opt/ti/ccsv8/tools/compiler/gcc-arm-none-eabi-7-2017-q4-major/bin/../lib/gcc/arm-none-eabi/7.2.1/thumb/v7e-m/fpv4-sp/hard/crti.o
LOAD /opt/ti/ccsv8/tools/compiler/gcc-arm-none-eabi-7-2017-q4-major/bin/../lib/gcc/arm-none-eabi/7.2.1/thumb/v7e-m/fpv4-sp/hard/crtbegin.o
LOAD /opt/ti/ccsv8/tools/compiler/gcc-arm-none-eabi-7-2017-q4-major/bin/../lib/gcc/arm-none-eabi/7.2.1/../../../../arm-none-eabi/lib/thumb/v7e-m/fpv4-sp/hard/crt0.o
LOAD ./main.o
LOAD ./startup_msp432p401r_gcc.o
LOAD ./system_msp432p401r.o
                0x0000000000000000                PROVIDE (_intvecs_base_address, DEFINED (_intvecs_base_address)?_intvecs_base_address:0x0)

.intvecs        0x0000000000000000       0xe4
 *(.intvecs)
 .intvecs       0x0000000000000000       0xe4 ./startup_msp432p401r_gcc.o
                0x0000000000000000                interruptVectors
                0x0000000000200000                PROVIDE (_mailbox_base_address, 0x200000)

.flashMailbox
 *(.flashMailbox)
                0x0000000000201000                PROVIDE (_tlv_base_address, 0x201000)

.tlvTable
 *(.tlvTable)
                0x0000000000202000                PROVIDE (_bsl_base_address, 0x202000)

.bslArea
 *(.bslArea)
                0x0000000020000000                PROVIDE (_vtable_base_address, DEFINED (_vtable_base_address)?_vtable_base_address:0x20000000)

.vtable
 *(.vtable)

.text           0x00000000000000e4     0x2774
 CREATE_OBJECT_SYMBOLS
 *(.text)
 .text          0x00000000000000e4        0x0 /opt/ti/ccsv8/tools/compiler/gcc-arm-none-eabi-7-2017-q4-major/bin/../lib/gcc/arm-none-eabi/7.2.1/thumb/v7e-m/fpv4-sp/hard/crti.o
 .text          0x00000000000000e4       0x40 /opt/ti/ccsv8/tools/compiler/gcc-arm-none-eabi-7-2017-q4-major/bin/../lib/gcc/arm-none-eabi/7.2.1/thumb/v7e-m/fpv4-sp/hard/crtbegin.o
 .text          0x0000000000000124       0x74 /opt/ti/ccsv8/tools/compiler/gcc-arm-none-eabi-7-2017-q4-major/bin/../lib/gcc/arm-none-eabi/7.2.1/../../../../arm-none-eabi/lib/thumb/v7e-m/fpv4-sp/hard/crt0.o
                0x0000000000000124                _mainCRTStartup
                0x0000000000000124                _start
 .text          0x0000000000000198       0x9c ./main.o
                0x0000000000000198                main
 .text          0x0000000000000234       0x30 ./startup_msp432p401r_gcc.o
                0x0000000000000234                CS_IRQHandler
                0x0000000000000234                DebugMon_Handler
                0x0000000000000234                AES256_IRQHandler
                0x0000000000000234                HardFault_Handler
                0x0000000000000234                SysTick_Handler
                0x0000000000000234                PendSV_Handler
                0x0000000000000234                NMI_Handler
                0x0000000000000234                RTC_C_IRQHandler
                0x0000000000000234                FPU_IRQHandler
                0x0000000000000234                TA3_0_IRQHandler
                0x0000000000000234                UsageFault_Handler
                0x0000000000000234                DMA_INT3_IRQHandler
                0x0000000000000234                TA2_0_IRQHandler
                0x0000000000000234                DMA_INT1_IRQHandler
                0x0000000000000234                WDT_A_IRQHandler
                0x0000000000000234                TA2_N_IRQHandler
                0x0000000000000234                TA1_0_IRQHandler
                0x0000000000000234                PSS_IRQHandler
                0x0000000000000234                DMA_INT2_IRQHandler
                0x0000000000000234                EUSCIA3_IRQHandler
                0x0000000000000234                DMA_INT0_IRQHandler
                0x0000000000000234                EUSCIB0_IRQHandler
                0x0000000000000234                Default_Handler
                0x0000000000000234                T32_INTC_IRQHandler
                0x0000000000000234                TA3_N_IRQHandler
                0x0000000000000234                TA0_0_IRQHandler
                0x0000000000000234                EUSCIA2_IRQHandler
                0x0000000000000234                MemManage_Handler
                0x0000000000000234                SVC_Handler
                0x0000000000000234                TA1_N_IRQHandler
                0x0000000000000234                EUSCIA1_IRQHandler
                0x0000000000000234                COMP_E1_IRQHandler
                0x0000000000000234                EUSCIB2_IRQHandler
                0x0000000000000234                FLCTL_IRQHandler
                0x0000000000000234                EUSCIB3_IRQHandler
                0x0000000000000234                T32_INT1_IRQHandler
                0x0000000000000234                DMA_ERR_IRQHandler
                0x0000000000000234                EUSCIA0_IRQHandler
                0x0000000000000234                BusFault_Handler
                0x0000000000000234                PCM_IRQHandler
                0x0000000000000234                TA0_N_IRQHandler
                0x0000000000000234                COMP_E0_IRQHandler
                0x0000000000000234                EUSCIB1_IRQHandler
                0x0000000000000234                T32_INT2_IRQHandler
                0x0000000000000236                Reset_Handler
 .text          0x0000000000000264      0x280 ./system_msp432p401r.o
                0x0000000000000264                SystemCoreClockUpdate
                0x0000000000000480                SystemInit
 .text          0x00000000000004e4        0x0 /home/student/git/YAHAL/libYAHAL_msp432.a(gpio_msp432.cpp.o)
 .text          0x00000000000004e4        0x0 /home/student/git/YAHAL/libYAHAL_msp432.a(adc14_msp432.cpp.o)
 .text          0x00000000000004e4      0x9ec /opt/ti/ccsv8/tools/compiler/gcc-arm-none-eabi-7-2017-q4-major/bin/../lib/gcc/arm-none-eabi/7.2.1/thumb/v7e-m/fpv4-sp/hard/libgcc.a(unwind-arm.o)
                0x0000000000000798                _Unwind_GetCFA
                0x000000000000079c                __gnu_Unwind_RaiseException
                0x00000000000007fc                __gnu_Unwind_ForcedUnwind
                0x0000000000000810                __gnu_Unwind_Resume
                0x0000000000000854                __gnu_Unwind_Resume_or_Rethrow
                0x0000000000000864                _Unwind_Complete
                0x0000000000000868                _Unwind_DeleteException
                0x0000000000000874                _Unwind_VRS_Get
                0x00000000000008b8                _Unwind_VRS_Set
                0x0000000000000900                __gnu_Unwind_Backtrace
                0x0000000000000c44                __aeabi_unwind_cpp_pr0
                0x0000000000000c48                __aeabi_unwind_cpp_pr1
                0x0000000000000c4c                __aeabi_unwind_cpp_pr2
                0x0000000000000c50                _Unwind_VRS_Pop
 .text          0x0000000000000ed0      0x1ac /opt/ti/ccsv8/tools/compiler/gcc-arm-none-eabi-7-2017-q4-major/bin/../lib/gcc/arm-none-eabi/7.2.1/thumb/v7e-m/fpv4-sp/hard/libgcc.a(libunwind.o)
                0x0000000000000ed0                __restore_core_regs
                0x0000000000000ed0                restore_core_regs
                0x0000000000000ee8                __gnu_Unwind_Restore_VFP
                0x0000000000000ef0                __gnu_Unwind_Save_VFP
                0x0000000000000ef8                __gnu_Unwind_Restore_VFP_D
                0x0000000000000f00                __gnu_Unwind_Save_VFP_D
                0x0000000000000f08                __gnu_Unwind_Restore_VFP_D_16_to_31
                0x0000000000000f10                __gnu_Unwind_Save_VFP_D_16_to_31
                0x0000000000000f18                __gnu_Unwind_Restore_WMMXD
                0x0000000000000f5c                __gnu_Unwind_Save_WMMXD
                0x0000000000000fa0                __gnu_Unwind_Restore_WMMXC
                0x0000000000000fb4                __gnu_Unwind_Save_WMMXC
                0x0000000000000fc8                ___Unwind_RaiseException
                0x0000000000000fc8                _Unwind_RaiseException
                0x0000000000000fec                ___Unwind_Resume
                0x0000000000000fec                _Unwind_Resume
                0x0000000000001010                _Unwind_Resume_or_Rethrow
                0x0000000000001010                ___Unwind_Resume_or_Rethrow
                0x0000000000001034                ___Unwind_ForcedUnwind
                0x0000000000001034                _Unwind_ForcedUnwind
                0x0000000000001058                _Unwind_Backtrace
                0x0000000000001058                ___Unwind_Backtrace
 .text          0x000000000000107c      0x374 /opt/ti/ccsv8/tools/compiler/gcc-arm-none-eabi-7-2017-q4-major/bin/../lib/gcc/arm-none-eabi/7.2.1/thumb/v7e-m/fpv4-sp/hard/libgcc.a(pr-support.o)
                0x00000000000010d4                __gnu_unwind_execute
                0x0000000000001398                __gnu_unwind_frame
                0x00000000000013c0                _Unwind_GetRegionStart
                0x00000000000013cc                _Unwind_GetLanguageSpecificData
                0x00000000000013e0                _Unwind_GetDataRelBase
                0x00000000000013e8                _Unwind_GetTextRelBase
 .text          0x00000000000013f0        0x0 /opt/ti/ccsv8/tools/compiler/gcc-arm-none-eabi-7-2017-q4-major/bin/../lib/gcc/arm-none-eabi/7.2.1/../../../../arm-none-eabi/lib/thumb/v7e-m/fpv4-sp/hard/libc_nano.a(lib_a-abort.o)
 .text          0x00000000000013f0        0x0 /opt/ti/ccsv8/tools/compiler/gcc-arm-none-eabi-7-2017-q4-major/bin/../lib/gcc/arm-none-eabi/7.2.1/../../../../arm-none-eabi/lib/thumb/v7e-m/fpv4-sp/hard/libc_nano.a(lib_a-aeabi_atexit.o)
 .text          0x00000000000013f0        0x0 /opt/ti/ccsv8/tools/compiler/gcc-arm-none-eabi-7-2017-q4-major/bin/../lib/gcc/arm-none-eabi/7.2.1/../../../../arm-none-eabi/lib/thumb/v7e-m/fpv4-sp/hard/libc_nano.a(lib_a-cxa_atexit.o)
 .text          0x00000000000013f0        0x0 /opt/ti/ccsv8/tools/compiler/gcc-arm-none-eabi-7-2017-q4-major/bin/../lib/gcc/arm-none-eabi/7.2.1/../../../../arm-none-eabi/lib/thumb/v7e-m/fpv4-sp/hard/libc_nano.a(lib_a-exit.o)
 .text          0x00000000000013f0        0x0 /opt/ti/ccsv8/tools/compiler/gcc-arm-none-eabi-7-2017-q4-major/bin/../lib/gcc/arm-none-eabi/7.2.1/../../../../arm-none-eabi/lib/thumb/v7e-m/fpv4-sp/hard/libc_nano.a(lib_a-impure.o)
 .text          0x00000000000013f0        0x0 /opt/ti/ccsv8/tools/compiler/gcc-arm-none-eabi-7-2017-q4-major/bin/../lib/gcc/arm-none-eabi/7.2.1/../../../../arm-none-eabi/lib/thumb/v7e-m/fpv4-sp/hard/libc_nano.a(lib_a-init.o)
 .text          0x00000000000013f0        0x0 /opt/ti/ccsv8/tools/compiler/gcc-arm-none-eabi-7-2017-q4-major/bin/../lib/gcc/arm-none-eabi/7.2.1/../../../../arm-none-eabi/lib/thumb/v7e-m/fpv4-sp/hard/libc_nano.a(lib_a-memcpy-stub.o)
 .text          0x00000000000013f0        0x0 /opt/ti/ccsv8/tools/compiler/gcc-arm-none-eabi-7-2017-q4-major/bin/../lib/gcc/arm-none-eabi/7.2.1/../../../../arm-none-eabi/lib/thumb/v7e-m/fpv4-sp/hard/libc_nano.a(lib_a-memset.o)
 .text          0x00000000000013f0        0x0 /opt/ti/ccsv8/tools/compiler/gcc-arm-none-eabi-7-2017-q4-major/bin/../lib/gcc/arm-none-eabi/7.2.1/../../../../arm-none-eabi/lib/thumb/v7e-m/fpv4-sp/hard/libc_nano.a(lib_a-on_exit_args.o)
 .text          0x00000000000013f0        0x0 /opt/ti/ccsv8/tools/compiler/gcc-arm-none-eabi-7-2017-q4-major/bin/../lib/gcc/arm-none-eabi/7.2.1/../../../../arm-none-eabi/lib/thumb/v7e-m/fpv4-sp/hard/libc_nano.a(lib_a-signal.o)
 .text          0x00000000000013f0        0x0 /opt/ti/ccsv8/tools/compiler/gcc-arm-none-eabi-7-2017-q4-major/bin/../lib/gcc/arm-none-eabi/7.2.1/../../../../arm-none-eabi/lib/thumb/v7e-m/fpv4-sp/hard/libc_nano.a(lib_a-signalr.o)
 .text          0x00000000000013f0        0x0 /opt/ti/ccsv8/tools/compiler/gcc-arm-none-eabi-7-2017-q4-major/bin/../lib/gcc/arm-none-eabi/7.2.1/../../../../arm-none-eabi/lib/thumb/v7e-m/fpv4-sp/hard/libc_nano.a(lib_a-nano-mallocr.o)
 .text          0x00000000000013f0        0x0 /opt/ti/ccsv8/tools/compiler/gcc-arm-none-eabi-7-2017-q4-major/bin/../lib/gcc/arm-none-eabi/7.2.1/../../../../arm-none-eabi/lib/thumb/v7e-m/fpv4-sp/hard/libc_nano.a(lib_a-reent.o)
 .text          0x00000000000013f0        0x0 /opt/ti/ccsv8/tools/compiler/gcc-arm-none-eabi-7-2017-q4-major/bin/../lib/gcc/arm-none-eabi/7.2.1/../../../../arm-none-eabi/lib/thumb/v7e-m/fpv4-sp/hard/libc_nano.a(lib_a-sbrkr.o)
 .text          0x00000000000013f0        0x0 /opt/ti/ccsv8/tools/compiler/gcc-arm-none-eabi-7-2017-q4-major/bin/../lib/gcc/arm-none-eabi/7.2.1/../../../../arm-none-eabi/lib/thumb/v7e-m/fpv4-sp/hard/libc_nano.a(lib_a-mlock.o)
 .text          0x00000000000013f0        0x0 /opt/ti/ccsv8/tools/compiler/gcc-arm-none-eabi-7-2017-q4-major/bin/../lib/gcc/arm-none-eabi/7.2.1/../../../../arm-none-eabi/lib/thumb/v7e-m/fpv4-sp/hard/libc_nano.a(lib_a-nano-freer.o)
 .text          0x00000000000013f0        0x0 /opt/ti/ccsv8/tools/compiler/gcc-arm-none-eabi-7-2017-q4-major/bin/../lib/gcc/arm-none-eabi/7.2.1/../../../../arm-none-eabi/lib/thumb/v7e-m/fpv4-sp/hard/libsupc++_nano.a(class_type_info.o)
 .text          0x00000000000013f0        0x0 /opt/ti/ccsv8/tools/compiler/gcc-arm-none-eabi-7-2017-q4-major/bin/../lib/gcc/arm-none-eabi/7.2.1/../../../../arm-none-eabi/lib/thumb/v7e-m/fpv4-sp/hard/libsupc++_nano.a(del_op.o)
 .text          0x00000000000013f0        0x0 /opt/ti/ccsv8/tools/compiler/gcc-arm-none-eabi-7-2017-q4-major/bin/../lib/gcc/arm-none-eabi/7.2.1/../../../../arm-none-eabi/lib/thumb/v7e-m/fpv4-sp/hard/libsupc++_nano.a(del_ops.o)
 .text          0x00000000000013f0        0x0 /opt/ti/ccsv8/tools/compiler/gcc-arm-none-eabi-7-2017-q4-major/bin/../lib/gcc/arm-none-eabi/7.2.1/../../../../arm-none-eabi/lib/thumb/v7e-m/fpv4-sp/hard/libsupc++_nano.a(si_class_type_info.o)
 .text          0x00000000000013f0        0x0 /opt/ti/ccsv8/tools/compiler/gcc-arm-none-eabi-7-2017-q4-major/bin/../lib/gcc/arm-none-eabi/7.2.1/../../../../arm-none-eabi/lib/thumb/v7e-m/fpv4-sp/hard/libsupc++_nano.a(tinfo.o)
 .text          0x00000000000013f0        0x0 /opt/ti/ccsv8/tools/compiler/gcc-arm-none-eabi-7-2017-q4-major/bin/../lib/gcc/arm-none-eabi/7.2.1/../../../../arm-none-eabi/lib/thumb/v7e-m/fpv4-sp/hard/libnosys.a(getpid.o)
 .text          0x00000000000013f0        0x0 /opt/ti/ccsv8/tools/compiler/gcc-arm-none-eabi-7-2017-q4-major/bin/../lib/gcc/arm-none-eabi/7.2.1/../../../../arm-none-eabi/lib/thumb/v7e-m/fpv4-sp/hard/libnosys.a(kill.o)
 .text          0x00000000000013f0        0x0 /opt/ti/ccsv8/tools/compiler/gcc-arm-none-eabi-7-2017-q4-major/bin/../lib/gcc/arm-none-eabi/7.2.1/../../../../arm-none-eabi/lib/thumb/v7e-m/fpv4-sp/hard/libnosys.a(sbrk.o)
 .text          0x00000000000013f0        0x0 /opt/ti/ccsv8/tools/compiler/gcc-arm-none-eabi-7-2017-q4-major/bin/../lib/gcc/arm-none-eabi/7.2.1/../../../../arm-none-eabi/lib/thumb/v7e-m/fpv4-sp/hard/libnosys.a(_exit.o)
 .text          0x00000000000013f0        0x0 /opt/ti/ccsv8/tools/compiler/gcc-arm-none-eabi-7-2017-q4-major/bin/../lib/gcc/arm-none-eabi/7.2.1/../../../../arm-none-eabi/lib/thumb/v7e-m/fpv4-sp/hard/libc_nano.a(lib_a-malloc.o)
 .text          0x00000000000013f0       0x14 /opt/ti/ccsv8/tools/compiler/gcc-arm-none-eabi-7-2017-q4-major/bin/../lib/gcc/arm-none-eabi/7.2.1/../../../../arm-none-eabi/lib/thumb/v7e-m/fpv4-sp/hard/libc_nano.a(lib_a-strcmp.o)
                0x00000000000013f0                strcmp
 .text          0x0000000000001404        0x0 /opt/ti/ccsv8/tools/compiler/gcc-arm-none-eabi-7-2017-q4-major/bin/../lib/gcc/arm-none-eabi/7.2.1/thumb/v7e-m/fpv4-sp/hard/crtend.o
 .text          0x0000000000001404        0x0 /opt/ti/ccsv8/tools/compiler/gcc-arm-none-eabi-7-2017-q4-major/bin/../lib/gcc/arm-none-eabi/7.2.1/thumb/v7e-m/fpv4-sp/hard/crtn.o
 *(.text.*)
 .text._ZN11gpio_msp432D2Ev
                0x0000000000001404        0x4 /home/student/git/YAHAL/libYAHAL_msp432.a(gpio_msp432.cpp.o)
                0x0000000000001404                gpio_msp432::~gpio_msp432()
                0x0000000000001404                gpio_msp432::~gpio_msp432()
 .text._ZN11gpio_msp4328gpioReadEt
                0x0000000000001408       0x28 /home/student/git/YAHAL/libYAHAL_msp432.a(gpio_msp432.cpp.o)
                0x0000000000001408                gpio_msp432::gpioRead(unsigned short)
 .text._ZN11gpio_msp4329gpioWriteEtb
                0x0000000000001430       0xa0 /home/student/git/YAHAL/libYAHAL_msp432.a(gpio_msp432.cpp.o)
                0x0000000000001430                gpio_msp432::gpioWrite(unsigned short, bool)
 .text._ZN11gpio_msp43210gpioToggleEt
                0x00000000000014d0       0x34 /home/student/git/YAHAL/libYAHAL_msp432.a(gpio_msp432.cpp.o)
                0x00000000000014d0                gpio_msp432::gpioToggle(unsigned short)
 .text._ZN11gpio_msp43213gpioAttachIrqEttPFvtPvES0_
                0x0000000000001504       0xd4 /home/student/git/YAHAL/libYAHAL_msp432.a(gpio_msp432.cpp.o)
                0x0000000000001504                gpio_msp432::gpioAttachIrq(unsigned short, unsigned short, void (*)(unsigned short, void*), void*)
 .text._ZN11gpio_msp43213gpioDetachIrqEt
                0x00000000000015d8       0x2c /home/student/git/YAHAL/libYAHAL_msp432.a(gpio_msp432.cpp.o)
                0x00000000000015d8                gpio_msp432::gpioDetachIrq(unsigned short)
 .text._ZN11gpio_msp43213gpioEnableIrqEt
                0x0000000000001604       0x50 /home/student/git/YAHAL/libYAHAL_msp432.a(gpio_msp432.cpp.o)
                0x0000000000001604                gpio_msp432::gpioEnableIrq(unsigned short)
 .text._ZN11gpio_msp43214gpioDisableIrqEt
                0x0000000000001654       0x28 /home/student/git/YAHAL/libYAHAL_msp432.a(gpio_msp432.cpp.o)
                0x0000000000001654                gpio_msp432::gpioDisableIrq(unsigned short)
 .text._ZN11gpio_msp432D0Ev
                0x000000000000167c        0xc /home/student/git/YAHAL/libYAHAL_msp432.a(gpio_msp432.cpp.o)
                0x000000000000167c                gpio_msp432::~gpio_msp432()
 .text._ZN11gpio_msp4329handleIrqEhh
                0x0000000000001688       0x4c /home/student/git/YAHAL/libYAHAL_msp432.a(gpio_msp432.cpp.o)
                0x0000000000001688                gpio_msp432::handleIrq(unsigned char, unsigned char)
 .text._ZN11gpio_msp4326setSELEth
                0x00000000000016d4       0x3c /home/student/git/YAHAL/libYAHAL_msp432.a(gpio_msp432.cpp.o)
                0x00000000000016d4                gpio_msp432::setSEL(unsigned short, unsigned char)
 .text._ZN11gpio_msp4327setModeEtt
                0x0000000000001710      0x13c /home/student/git/YAHAL/libYAHAL_msp432.a(gpio_msp432.cpp.o)
                0x0000000000001710                gpio_msp432::setMode(unsigned short, unsigned short)
 .text._ZN11gpio_msp4328gpioModeEtt
                0x000000000000184c       0x3c /home/student/git/YAHAL/libYAHAL_msp432.a(gpio_msp432.cpp.o)
                0x000000000000184c                gpio_msp432::gpioMode(unsigned short, unsigned short)
 .text.PORT1_IRQHandler
                0x0000000000001888       0x54 /home/student/git/YAHAL/libYAHAL_msp432.a(gpio_msp432.cpp.o)
                0x0000000000001888                PORT1_IRQHandler
 .text.PORT2_IRQHandler
                0x00000000000018dc       0x58 /home/student/git/YAHAL/libYAHAL_msp432.a(gpio_msp432.cpp.o)
                0x00000000000018dc                PORT2_IRQHandler
 .text.PORT3_IRQHandler
                0x0000000000001934       0x58 /home/student/git/YAHAL/libYAHAL_msp432.a(gpio_msp432.cpp.o)
                0x0000000000001934                PORT3_IRQHandler
 .text.PORT4_IRQHandler
                0x000000000000198c       0x58 /home/student/git/YAHAL/libYAHAL_msp432.a(gpio_msp432.cpp.o)
                0x000000000000198c                PORT4_IRQHandler
 .text.PORT5_IRQHandler
                0x00000000000019e4       0x58 /home/student/git/YAHAL/libYAHAL_msp432.a(gpio_msp432.cpp.o)
                0x00000000000019e4                PORT5_IRQHandler
 .text.PORT6_IRQHandler
                0x0000000000001a3c       0x58 /home/student/git/YAHAL/libYAHAL_msp432.a(gpio_msp432.cpp.o)
                0x0000000000001a3c                PORT6_IRQHandler
 .text.startup._GLOBAL__sub_I_port_base
                0x0000000000001a94       0x20 /home/student/git/YAHAL/libYAHAL_msp432.a(gpio_msp432.cpp.o)
 .text._ZN12adc14_msp43212rawToVoltageEht
                0x0000000000001ab4       0x68 /home/student/git/YAHAL/libYAHAL_msp432.a(adc14_msp432.cpp.o)
                0x0000000000001ab4                adc14_msp432::rawToVoltage(unsigned char, unsigned short)
 .text._ZN12adc14_msp432D2Ev
                0x0000000000001b1c        0x4 /home/student/git/YAHAL/libYAHAL_msp432.a(adc14_msp432.cpp.o)
                0x0000000000001b1c                adc14_msp432::~adc14_msp432()
                0x0000000000001b1c                adc14_msp432::~adc14_msp432()
 .text._ZN12adc14_msp4327adcModeEht
                0x0000000000001b20       0x40 /home/student/git/YAHAL/libYAHAL_msp432.a(adc14_msp432.cpp.o)
                0x0000000000001b20                adc14_msp432::adcMode(unsigned char, unsigned short)
 .text._ZN12adc14_msp432D0Ev
                0x0000000000001b60        0xc /home/student/git/YAHAL/libYAHAL_msp432.a(adc14_msp432.cpp.o)
                0x0000000000001b60                adc14_msp432::~adc14_msp432()
 .text._ZN12adc14_msp432C2Ev
                0x0000000000001b6c       0x64 /home/student/git/YAHAL/libYAHAL_msp432.a(adc14_msp432.cpp.o)
                0x0000000000001b6c                adc14_msp432::adc14_msp432()
                0x0000000000001b6c                adc14_msp432::adc14_msp432()
 .text._ZN12adc14_msp43212adcSetupScanEt
                0x0000000000001bd0       0x9c /home/student/git/YAHAL/libYAHAL_msp432.a(adc14_msp432.cpp.o)
                0x0000000000001bd0                adc14_msp432::adcSetupScan(unsigned short)
 .text._ZN12adc14_msp43212adcStartScanEhh
                0x0000000000001c6c       0x60 /home/student/git/YAHAL/libYAHAL_msp432.a(adc14_msp432.cpp.o)
                0x0000000000001c6c                adc14_msp432::adcStartScan(unsigned char, unsigned char)
 .text._ZN12adc14_msp43211adcStopScanEv
                0x0000000000001ccc       0x10 /home/student/git/YAHAL/libYAHAL_msp432.a(adc14_msp432.cpp.o)
                0x0000000000001ccc                adc14_msp432::adcStopScan()
 .text._ZN12adc14_msp43211adcReadScanEh
                0x0000000000001cdc       0x18 /home/student/git/YAHAL/libYAHAL_msp432.a(adc14_msp432.cpp.o)
                0x0000000000001cdc                adc14_msp432::adcReadScan(unsigned char)
 .text._ZN12adc14_msp43213attachScanIrqEhPFvttE
                0x0000000000001cf4       0x38 /home/student/git/YAHAL/libYAHAL_msp432.a(adc14_msp432.cpp.o)
                0x0000000000001cf4                adc14_msp432::attachScanIrq(unsigned char, void (*)(unsigned short, unsigned short))
 .text._ZN12adc14_msp43212attachWinIrqEhPFvttEttt
                0x0000000000001d2c       0x90 /home/student/git/YAHAL/libYAHAL_msp432.a(adc14_msp432.cpp.o)
                0x0000000000001d2c                adc14_msp432::attachWinIrq(unsigned char, void (*)(unsigned short, unsigned short), unsigned short, unsigned short, unsigned short)
 .text._ZN12adc14_msp43214set_resolutionEt
                0x0000000000001dbc       0x88 /home/student/git/YAHAL/libYAHAL_msp432.a(adc14_msp432.cpp.o)
                0x0000000000001dbc                adc14_msp432::set_resolution(unsigned short)
 .text._ZN12adc14_msp43210adcReadRawEh
                0x0000000000001e44       0x78 /home/student/git/YAHAL/libYAHAL_msp432.a(adc14_msp432.cpp.o)
                0x0000000000001e44                adc14_msp432::adcReadRaw(unsigned char)
 .text._ZN12adc14_msp43214adcReadVoltageEh
                0x0000000000001ebc      0x110 /home/student/git/YAHAL/libYAHAL_msp432.a(adc14_msp432.cpp.o)
                0x0000000000001ebc                adc14_msp432::adcReadVoltage(unsigned char)
 .text._ZN12adc14_msp4329handleIrqEm
                0x0000000000001fcc       0x98 /home/student/git/YAHAL/libYAHAL_msp432.a(adc14_msp432.cpp.o)
                0x0000000000001fcc                adc14_msp432::handleIrq(unsigned long)
 .text.ADC14_IRQHandler
                0x0000000000002064       0xac /home/student/git/YAHAL/libYAHAL_msp432.a(adc14_msp432.cpp.o)
                0x0000000000002064                ADC14_IRQHandler
 .text.startup._GLOBAL__sub_I__ZN12adc14_msp4324instE
                0x0000000000002110       0x24 /home/student/git/YAHAL/libYAHAL_msp432.a(adc14_msp432.cpp.o)
 .text.abort    0x0000000000002134        0xe /opt/ti/ccsv8/tools/compiler/gcc-arm-none-eabi-7-2017-q4-major/bin/../lib/gcc/arm-none-eabi/7.2.1/../../../../arm-none-eabi/lib/thumb/v7e-m/fpv4-sp/hard/libc_nano.a(lib_a-abort.o)
                0x0000000000002134                abort
 .text.__aeabi_atexit
                0x0000000000002142        0xa /opt/ti/ccsv8/tools/compiler/gcc-arm-none-eabi-7-2017-q4-major/bin/../lib/gcc/arm-none-eabi/7.2.1/../../../../arm-none-eabi/lib/thumb/v7e-m/fpv4-sp/hard/libc_nano.a(lib_a-aeabi_atexit.o)
                0x0000000000002142                __aeabi_atexit
 .text.__cxa_atexit
                0x000000000000214c       0x1c /opt/ti/ccsv8/tools/compiler/gcc-arm-none-eabi-7-2017-q4-major/bin/../lib/gcc/arm-none-eabi/7.2.1/../../../../arm-none-eabi/lib/thumb/v7e-m/fpv4-sp/hard/libc_nano.a(lib_a-cxa_atexit.o)
                0x000000000000214c                __cxa_atexit
 .text.exit     0x0000000000002168       0x28 /opt/ti/ccsv8/tools/compiler/gcc-arm-none-eabi-7-2017-q4-major/bin/../lib/gcc/arm-none-eabi/7.2.1/../../../../arm-none-eabi/lib/thumb/v7e-m/fpv4-sp/hard/libc_nano.a(lib_a-exit.o)
                0x0000000000002168                exit
 .text.__libc_init_array
                0x0000000000002190       0x48 /opt/ti/ccsv8/tools/compiler/gcc-arm-none-eabi-7-2017-q4-major/bin/../lib/gcc/arm-none-eabi/7.2.1/../../../../arm-none-eabi/lib/thumb/v7e-m/fpv4-sp/hard/libc_nano.a(lib_a-init.o)
                0x0000000000002190                __libc_init_array
 .text.memcpy   0x00000000000021d8       0x16 /opt/ti/ccsv8/tools/compiler/gcc-arm-none-eabi-7-2017-q4-major/bin/../lib/gcc/arm-none-eabi/7.2.1/../../../../arm-none-eabi/lib/thumb/v7e-m/fpv4-sp/hard/libc_nano.a(lib_a-memcpy-stub.o)
                0x00000000000021d8                memcpy
 .text.memset   0x00000000000021ee       0x10 /opt/ti/ccsv8/tools/compiler/gcc-arm-none-eabi-7-2017-q4-major/bin/../lib/gcc/arm-none-eabi/7.2.1/../../../../arm-none-eabi/lib/thumb/v7e-m/fpv4-sp/hard/libc_nano.a(lib_a-memset.o)
                0x00000000000021ee                memset
 .text._init_signal_r
                0x00000000000021fe       0x28 /opt/ti/ccsv8/tools/compiler/gcc-arm-none-eabi-7-2017-q4-major/bin/../lib/gcc/arm-none-eabi/7.2.1/../../../../arm-none-eabi/lib/thumb/v7e-m/fpv4-sp/hard/libc_nano.a(lib_a-signal.o)
                0x00000000000021fe                _init_signal_r
 .text._signal_r
                0x0000000000002226       0x30 /opt/ti/ccsv8/tools/compiler/gcc-arm-none-eabi-7-2017-q4-major/bin/../lib/gcc/arm-none-eabi/7.2.1/../../../../arm-none-eabi/lib/thumb/v7e-m/fpv4-sp/hard/libc_nano.a(lib_a-signal.o)
                0x0000000000002226                _signal_r
 .text._raise_r
                0x0000000000002256       0x50 /opt/ti/ccsv8/tools/compiler/gcc-arm-none-eabi-7-2017-q4-major/bin/../lib/gcc/arm-none-eabi/7.2.1/../../../../arm-none-eabi/lib/thumb/v7e-m/fpv4-sp/hard/libc_nano.a(lib_a-signal.o)
                0x0000000000002256                _raise_r
 .text.__sigtramp_r
                0x00000000000022a6       0x48 /opt/ti/ccsv8/tools/compiler/gcc-arm-none-eabi-7-2017-q4-major/bin/../lib/gcc/arm-none-eabi/7.2.1/../../../../arm-none-eabi/lib/thumb/v7e-m/fpv4-sp/hard/libc_nano.a(lib_a-signal.o)
                0x00000000000022a6                __sigtramp_r
 *fill*         0x00000000000022ee        0x2 
 .text.raise    0x00000000000022f0       0x10 /opt/ti/ccsv8/tools/compiler/gcc-arm-none-eabi-7-2017-q4-major/bin/../lib/gcc/arm-none-eabi/7.2.1/../../../../arm-none-eabi/lib/thumb/v7e-m/fpv4-sp/hard/libc_nano.a(lib_a-signal.o)
                0x00000000000022f0                raise
 .text.signal   0x0000000000002300       0x10 /opt/ti/ccsv8/tools/compiler/gcc-arm-none-eabi-7-2017-q4-major/bin/../lib/gcc/arm-none-eabi/7.2.1/../../../../arm-none-eabi/lib/thumb/v7e-m/fpv4-sp/hard/libc_nano.a(lib_a-signal.o)
                0x0000000000002300                signal
 .text._init_signal
                0x0000000000002310        0xc /opt/ti/ccsv8/tools/compiler/gcc-arm-none-eabi-7-2017-q4-major/bin/../lib/gcc/arm-none-eabi/7.2.1/../../../../arm-none-eabi/lib/thumb/v7e-m/fpv4-sp/hard/libc_nano.a(lib_a-signal.o)
                0x0000000000002310                _init_signal
 .text.__sigtramp
                0x000000000000231c       0x10 /opt/ti/ccsv8/tools/compiler/gcc-arm-none-eabi-7-2017-q4-major/bin/../lib/gcc/arm-none-eabi/7.2.1/../../../../arm-none-eabi/lib/thumb/v7e-m/fpv4-sp/hard/libc_nano.a(lib_a-signal.o)
                0x000000000000231c                __sigtramp
 .text._kill_r  0x000000000000232c       0x24 /opt/ti/ccsv8/tools/compiler/gcc-arm-none-eabi-7-2017-q4-major/bin/../lib/gcc/arm-none-eabi/7.2.1/../../../../arm-none-eabi/lib/thumb/v7e-m/fpv4-sp/hard/libc_nano.a(lib_a-signalr.o)
                0x000000000000232c                _kill_r
 .text._getpid_r
                0x0000000000002350        0x4 /opt/ti/ccsv8/tools/compiler/gcc-arm-none-eabi-7-2017-q4-major/bin/../lib/gcc/arm-none-eabi/7.2.1/../../../../arm-none-eabi/lib/thumb/v7e-m/fpv4-sp/hard/libc_nano.a(lib_a-signalr.o)
                0x0000000000002350                _getpid_r
 .text._malloc_r
                0x0000000000002354       0xb4 /opt/ti/ccsv8/tools/compiler/gcc-arm-none-eabi-7-2017-q4-major/bin/../lib/gcc/arm-none-eabi/7.2.1/../../../../arm-none-eabi/lib/thumb/v7e-m/fpv4-sp/hard/libc_nano.a(lib_a-nano-mallocr.o)
                0x0000000000002354                _malloc_r
 .text.cleanup_glue
                0x0000000000002408       0x1a /opt/ti/ccsv8/tools/compiler/gcc-arm-none-eabi-7-2017-q4-major/bin/../lib/gcc/arm-none-eabi/7.2.1/../../../../arm-none-eabi/lib/thumb/v7e-m/fpv4-sp/hard/libc_nano.a(lib_a-reent.o)
                0x0000000000002408                cleanup_glue
 *fill*         0x0000000000002422        0x2 
 .text._reclaim_reent
                0x0000000000002424       0xb8 /opt/ti/ccsv8/tools/compiler/gcc-arm-none-eabi-7-2017-q4-major/bin/../lib/gcc/arm-none-eabi/7.2.1/../../../../arm-none-eabi/lib/thumb/v7e-m/fpv4-sp/hard/libc_nano.a(lib_a-reent.o)
                0x0000000000002424                _reclaim_reent
 .text._sbrk_r  0x00000000000024dc       0x20 /opt/ti/ccsv8/tools/compiler/gcc-arm-none-eabi-7-2017-q4-major/bin/../lib/gcc/arm-none-eabi/7.2.1/../../../../arm-none-eabi/lib/thumb/v7e-m/fpv4-sp/hard/libc_nano.a(lib_a-sbrkr.o)
                0x00000000000024dc                _sbrk_r
 .text.__malloc_lock
                0x00000000000024fc        0x2 /opt/ti/ccsv8/tools/compiler/gcc-arm-none-eabi-7-2017-q4-major/bin/../lib/gcc/arm-none-eabi/7.2.1/../../../../arm-none-eabi/lib/thumb/v7e-m/fpv4-sp/hard/libc_nano.a(lib_a-mlock.o)
                0x00000000000024fc                __malloc_lock
 .text.__malloc_unlock
                0x00000000000024fe        0x2 /opt/ti/ccsv8/tools/compiler/gcc-arm-none-eabi-7-2017-q4-major/bin/../lib/gcc/arm-none-eabi/7.2.1/../../../../arm-none-eabi/lib/thumb/v7e-m/fpv4-sp/hard/libc_nano.a(lib_a-mlock.o)
                0x00000000000024fe                __malloc_unlock
 .text._free_r  0x0000000000002500       0x9c /opt/ti/ccsv8/tools/compiler/gcc-arm-none-eabi-7-2017-q4-major/bin/../lib/gcc/arm-none-eabi/7.2.1/../../../../arm-none-eabi/lib/thumb/v7e-m/fpv4-sp/hard/libc_nano.a(lib_a-nano-freer.o)
                0x0000000000002500                _free_r
 .text._ZNK10__cxxabiv117__class_type_info11__do_upcastEPKS0_PPv
                0x000000000000259c       0x34 /opt/ti/ccsv8/tools/compiler/gcc-arm-none-eabi-7-2017-q4-major/bin/../lib/gcc/arm-none-eabi/7.2.1/../../../../arm-none-eabi/lib/thumb/v7e-m/fpv4-sp/hard/libsupc++_nano.a(class_type_info.o)
                0x000000000000259c                __cxxabiv1::__class_type_info::__do_upcast(__cxxabiv1::__class_type_info const*, void**) const
 .text._ZNK10__cxxabiv117__class_type_info20__do_find_public_srcEiPKvPKS0_S2_
                0x00000000000025d0        0xc /opt/ti/ccsv8/tools/compiler/gcc-arm-none-eabi-7-2017-q4-major/bin/../lib/gcc/arm-none-eabi/7.2.1/../../../../arm-none-eabi/lib/thumb/v7e-m/fpv4-sp/hard/libsupc++_nano.a(class_type_info.o)
                0x00000000000025d0                __cxxabiv1::__class_type_info::__do_find_public_src(int, void const*, __cxxabiv1::__class_type_info const*, void const*) const
 .text._ZN10__cxxabiv117__class_type_infoD2Ev
                0x00000000000025dc       0x14 /opt/ti/ccsv8/tools/compiler/gcc-arm-none-eabi-7-2017-q4-major/bin/../lib/gcc/arm-none-eabi/7.2.1/../../../../arm-none-eabi/lib/thumb/v7e-m/fpv4-sp/hard/libsupc++_nano.a(class_type_info.o)
                0x00000000000025dc                __cxxabiv1::__class_type_info::~__class_type_info()
                0x00000000000025dc                __cxxabiv1::__class_type_info::~__class_type_info()
 .text._ZN10__cxxabiv117__class_type_infoD0Ev
                0x00000000000025f0       0x14 /opt/ti/ccsv8/tools/compiler/gcc-arm-none-eabi-7-2017-q4-major/bin/../lib/gcc/arm-none-eabi/7.2.1/../../../../arm-none-eabi/lib/thumb/v7e-m/fpv4-sp/hard/libsupc++_nano.a(class_type_info.o)
                0x00000000000025f0                __cxxabiv1::__class_type_info::~__class_type_info()
 .text._ZNK10__cxxabiv117__class_type_info12__do_dyncastEiNS0_10__sub_kindEPKS0_PKvS3_S5_RNS0_16__dyncast_resultE
                0x0000000000002604       0x3a /opt/ti/ccsv8/tools/compiler/gcc-arm-none-eabi-7-2017-q4-major/bin/../lib/gcc/arm-none-eabi/7.2.1/../../../../arm-none-eabi/lib/thumb/v7e-m/fpv4-sp/hard/libsupc++_nano.a(class_type_info.o)
                0x0000000000002604                __cxxabiv1::__class_type_info::__do_dyncast(int, __cxxabiv1::__class_type_info::__sub_kind, __cxxabiv1::__class_type_info const*, void const*, __cxxabiv1::__class_type_info const*, void const*, __cxxabiv1::__class_type_info::__dyncast_result&) const
 .text._ZNK10__cxxabiv117__class_type_info11__do_upcastEPKS0_PKvRNS0_15__upcast_resultE
                0x000000000000263e       0x18 /opt/ti/ccsv8/tools/compiler/gcc-arm-none-eabi-7-2017-q4-major/bin/../lib/gcc/arm-none-eabi/7.2.1/../../../../arm-none-eabi/lib/thumb/v7e-m/fpv4-sp/hard/libsupc++_nano.a(class_type_info.o)
                0x000000000000263e                __cxxabiv1::__class_type_info::__do_upcast(__cxxabiv1::__class_type_info const*, void const*, __cxxabiv1::__class_type_info::__upcast_result&) const
 .text._ZNK10__cxxabiv117__class_type_info10__do_catchEPKSt9type_infoPPvj
                0x0000000000002656       0x2a /opt/ti/ccsv8/tools/compiler/gcc-arm-none-eabi-7-2017-q4-major/bin/../lib/gcc/arm-none-eabi/7.2.1/../../../../arm-none-eabi/lib/thumb/v7e-m/fpv4-sp/hard/libsupc++_nano.a(class_type_info.o)
                0x0000000000002656                __cxxabiv1::__class_type_info::__do_catch(std::type_info const*, void**, unsigned int) const
 .text._ZdlPv   0x0000000000002680        0x4 /opt/ti/ccsv8/tools/compiler/gcc-arm-none-eabi-7-2017-q4-major/bin/../lib/gcc/arm-none-eabi/7.2.1/../../../../arm-none-eabi/lib/thumb/v7e-m/fpv4-sp/hard/libsupc++_nano.a(del_op.o)
                0x0000000000002680                operator delete(void*)
 .text._ZdlPvj  0x0000000000002684        0x4 /opt/ti/ccsv8/tools/compiler/gcc-arm-none-eabi-7-2017-q4-major/bin/../lib/gcc/arm-none-eabi/7.2.1/../../../../arm-none-eabi/lib/thumb/v7e-m/fpv4-sp/hard/libsupc++_nano.a(del_ops.o)
                0x0000000000002684                operator delete(void*, unsigned int)
 .text._ZN10__cxxabiv120__si_class_type_infoD2Ev
                0x0000000000002688       0x14 /opt/ti/ccsv8/tools/compiler/gcc-arm-none-eabi-7-2017-q4-major/bin/../lib/gcc/arm-none-eabi/7.2.1/../../../../arm-none-eabi/lib/thumb/v7e-m/fpv4-sp/hard/libsupc++_nano.a(si_class_type_info.o)
                0x0000000000002688                __cxxabiv1::__si_class_type_info::~__si_class_type_info()
                0x0000000000002688                __cxxabiv1::__si_class_type_info::~__si_class_type_info()
 .text._ZN10__cxxabiv120__si_class_type_infoD0Ev
                0x000000000000269c       0x14 /opt/ti/ccsv8/tools/compiler/gcc-arm-none-eabi-7-2017-q4-major/bin/../lib/gcc/arm-none-eabi/7.2.1/../../../../arm-none-eabi/lib/thumb/v7e-m/fpv4-sp/hard/libsupc++_nano.a(si_class_type_info.o)
                0x000000000000269c                __cxxabiv1::__si_class_type_info::~__si_class_type_info()
 .text._ZNK10__cxxabiv120__si_class_type_info20__do_find_public_srcEiPKvPKNS_17__class_type_infoES2_
                0x00000000000026b0       0x38 /opt/ti/ccsv8/tools/compiler/gcc-arm-none-eabi-7-2017-q4-major/bin/../lib/gcc/arm-none-eabi/7.2.1/../../../../arm-none-eabi/lib/thumb/v7e-m/fpv4-sp/hard/libsupc++_nano.a(si_class_type_info.o)
                0x00000000000026b0                __cxxabiv1::__si_class_type_info::__do_find_public_src(int, void const*, __cxxabiv1::__class_type_info const*, void const*) const
 .text._ZNK10__cxxabiv120__si_class_type_info12__do_dyncastEiNS_17__class_type_info10__sub_kindEPKS1_PKvS4_S6_RNS1_16__dyncast_resultE
                0x00000000000026e8       0x74 /opt/ti/ccsv8/tools/compiler/gcc-arm-none-eabi-7-2017-q4-major/bin/../lib/gcc/arm-none-eabi/7.2.1/../../../../arm-none-eabi/lib/thumb/v7e-m/fpv4-sp/hard/libsupc++_nano.a(si_class_type_info.o)
                0x00000000000026e8                __cxxabiv1::__si_class_type_info::__do_dyncast(int, __cxxabiv1::__class_type_info::__sub_kind, __cxxabiv1::__class_type_info const*, void const*, __cxxabiv1::__class_type_info const*, void const*, __cxxabiv1::__class_type_info::__dyncast_result&) const
 .text._ZNK10__cxxabiv120__si_class_type_info11__do_upcastEPKNS_17__class_type_infoEPKvRNS1_15__upcast_resultE
                0x000000000000275c       0x2a /opt/ti/ccsv8/tools/compiler/gcc-arm-none-eabi-7-2017-q4-major/bin/../lib/gcc/arm-none-eabi/7.2.1/../../../../arm-none-eabi/lib/thumb/v7e-m/fpv4-sp/hard/libsupc++_nano.a(si_class_type_info.o)
                0x000000000000275c                __cxxabiv1::__si_class_type_info::__do_upcast(__cxxabiv1::__class_type_info const*, void const*, __cxxabiv1::__class_type_info::__upcast_result&) const
 .text._ZNSt9type_infoD2Ev
                0x0000000000002786        0x2 /opt/ti/ccsv8/tools/compiler/gcc-arm-none-eabi-7-2017-q4-major/bin/../lib/gcc/arm-none-eabi/7.2.1/../../../../arm-none-eabi/lib/thumb/v7e-m/fpv4-sp/hard/libsupc++_nano.a(tinfo.o)
                0x0000000000002786                std::type_info::~type_info()
                0x0000000000002786                std::type_info::~type_info()
 .text._ZNKSt9type_info14__is_pointer_pEv
                0x0000000000002788        0x4 /opt/ti/ccsv8/tools/compiler/gcc-arm-none-eabi-7-2017-q4-major/bin/../lib/gcc/arm-none-eabi/7.2.1/../../../../arm-none-eabi/lib/thumb/v7e-m/fpv4-sp/hard/libsupc++_nano.a(tinfo.o)
                0x0000000000002788                std::type_info::__is_function_p() const
                0x0000000000002788                std::type_info::__is_pointer_p() const
 .text._ZNKSt9type_info11__do_upcastEPKN10__cxxabiv117__class_type_infoEPPv
                0x000000000000278c        0x4 /opt/ti/ccsv8/tools/compiler/gcc-arm-none-eabi-7-2017-q4-major/bin/../lib/gcc/arm-none-eabi/7.2.1/../../../../arm-none-eabi/lib/thumb/v7e-m/fpv4-sp/hard/libsupc++_nano.a(tinfo.o)
                0x000000000000278c                std::type_info::__do_upcast(__cxxabiv1::__class_type_info const*, void**) const
 .text._ZNSt9type_infoD0Ev
                0x0000000000002790        0xe /opt/ti/ccsv8/tools/compiler/gcc-arm-none-eabi-7-2017-q4-major/bin/../lib/gcc/arm-none-eabi/7.2.1/../../../../arm-none-eabi/lib/thumb/v7e-m/fpv4-sp/hard/libsupc++_nano.a(tinfo.o)
                0x0000000000002790                std::type_info::~type_info()
 .text._ZNKSt9type_infoeqERKS_
                0x000000000000279e       0x2c /opt/ti/ccsv8/tools/compiler/gcc-arm-none-eabi-7-2017-q4-major/bin/../lib/gcc/arm-none-eabi/7.2.1/../../../../arm-none-eabi/lib/thumb/v7e-m/fpv4-sp/hard/libsupc++_nano.a(tinfo.o)
                0x000000000000279e                std::type_info::operator==(std::type_info const&) const
 .text._ZNKSt9type_info10__do_catchEPKS_PPvj
                0x00000000000027ca        0x4 /opt/ti/ccsv8/tools/compiler/gcc-arm-none-eabi-7-2017-q4-major/bin/../lib/gcc/arm-none-eabi/7.2.1/../../../../arm-none-eabi/lib/thumb/v7e-m/fpv4-sp/hard/libsupc++_nano.a(tinfo.o)
                0x00000000000027ca                std::type_info::__do_catch(std::type_info const*, void**, unsigned int) const
 *fill*         0x00000000000027ce        0x2 
 .text._getpid  0x00000000000027d0       0x10 /opt/ti/ccsv8/tools/compiler/gcc-arm-none-eabi-7-2017-q4-major/bin/../lib/gcc/arm-none-eabi/7.2.1/../../../../arm-none-eabi/lib/thumb/v7e-m/fpv4-sp/hard/libnosys.a(getpid.o)
                0x00000000000027d0                _getpid
 .text._kill    0x00000000000027e0       0x10 /opt/ti/ccsv8/tools/compiler/gcc-arm-none-eabi-7-2017-q4-major/bin/../lib/gcc/arm-none-eabi/7.2.1/../../../../arm-none-eabi/lib/thumb/v7e-m/fpv4-sp/hard/libnosys.a(kill.o)
                0x00000000000027e0                _kill
 .text._sbrk    0x00000000000027f0       0x1c /opt/ti/ccsv8/tools/compiler/gcc-arm-none-eabi-7-2017-q4-major/bin/../lib/gcc/arm-none-eabi/7.2.1/../../../../arm-none-eabi/lib/thumb/v7e-m/fpv4-sp/hard/libnosys.a(sbrk.o)
                0x00000000000027f0                _sbrk
 .text._exit    0x000000000000280c        0x4 /opt/ti/ccsv8/tools/compiler/gcc-arm-none-eabi-7-2017-q4-major/bin/../lib/gcc/arm-none-eabi/7.2.1/../../../../arm-none-eabi/lib/thumb/v7e-m/fpv4-sp/hard/libnosys.a(_exit.o)
                0x000000000000280c                _exit
 .text.malloc   0x0000000000002810       0x10 /opt/ti/ccsv8/tools/compiler/gcc-arm-none-eabi-7-2017-q4-major/bin/../lib/gcc/arm-none-eabi/7.2.1/../../../../arm-none-eabi/lib/thumb/v7e-m/fpv4-sp/hard/libc_nano.a(lib_a-malloc.o)
                0x0000000000002810                malloc
 .text.free     0x0000000000002820       0x10 /opt/ti/ccsv8/tools/compiler/gcc-arm-none-eabi-7-2017-q4-major/bin/../lib/gcc/arm-none-eabi/7.2.1/../../../../arm-none-eabi/lib/thumb/v7e-m/fpv4-sp/hard/libc_nano.a(lib_a-malloc.o)
                0x0000000000002820                free
                0x0000000000002830                . = ALIGN (0x4)
 *(.ctors)
                0x0000000000002830                . = ALIGN (0x4)
 *(.dtors)
                0x0000000000002830                . = ALIGN (0x4)
                0x0000000000002830                __init_array_start = .
 *(.init_array*)
 .init_array    0x0000000000002830        0x4 /opt/ti/ccsv8/tools/compiler/gcc-arm-none-eabi-7-2017-q4-major/bin/../lib/gcc/arm-none-eabi/7.2.1/thumb/v7e-m/fpv4-sp/hard/crtbegin.o
 .init_array    0x0000000000002834        0x4 /home/student/git/YAHAL/libYAHAL_msp432.a(gpio_msp432.cpp.o)
 .init_array    0x0000000000002838        0x4 /home/student/git/YAHAL/libYAHAL_msp432.a(adc14_msp432.cpp.o)
                0x000000000000283c                __init_array_end = .
 *(.init)
 .init          0x000000000000283c        0x4 /opt/ti/ccsv8/tools/compiler/gcc-arm-none-eabi-7-2017-q4-major/bin/../lib/gcc/arm-none-eabi/7.2.1/thumb/v7e-m/fpv4-sp/hard/crti.o
                0x000000000000283c                _init
 .init          0x0000000000002840        0x8 /opt/ti/ccsv8/tools/compiler/gcc-arm-none-eabi-7-2017-q4-major/bin/../lib/gcc/arm-none-eabi/7.2.1/thumb/v7e-m/fpv4-sp/hard/crtn.o
 *(.fini*)
 .fini          0x0000000000002848        0x4 /opt/ti/ccsv8/tools/compiler/gcc-arm-none-eabi-7-2017-q4-major/bin/../lib/gcc/arm-none-eabi/7.2.1/thumb/v7e-m/fpv4-sp/hard/crti.o
                0x0000000000002848                _fini
 .fini_array    0x000000000000284c        0x4 /opt/ti/ccsv8/tools/compiler/gcc-arm-none-eabi-7-2017-q4-major/bin/../lib/gcc/arm-none-eabi/7.2.1/thumb/v7e-m/fpv4-sp/hard/crtbegin.o
 .fini          0x0000000000002850        0x8 /opt/ti/ccsv8/tools/compiler/gcc-arm-none-eabi-7-2017-q4-major/bin/../lib/gcc/arm-none-eabi/7.2.1/thumb/v7e-m/fpv4-sp/hard/crtn.o

.glue_7         0x0000000000002858        0x0
 .glue_7        0x0000000000002858        0x0 linker stubs

.glue_7t        0x0000000000002858        0x0
 .glue_7t       0x0000000000002858        0x0 linker stubs

.vfp11_veneer   0x0000000000002858        0x0
 .vfp11_veneer  0x0000000000002858        0x0 linker stubs

.v4_bx          0x0000000000002858        0x0
 .v4_bx         0x0000000000002858        0x0 linker stubs

.iplt           0x0000000000002858        0x0
 .iplt          0x0000000000002858        0x0 /opt/ti/ccsv8/tools/compiler/gcc-arm-none-eabi-7-2017-q4-major/bin/../lib/gcc/arm-none-eabi/7.2.1/thumb/v7e-m/fpv4-sp/hard/crtbegin.o

.rodata         0x0000000000002858      0x1c8
 *(.rodata)
 *(.rodata.*)
 .rodata._ZTS14gpio_interface
                0x0000000000002858       0x11 /home/student/git/YAHAL/libYAHAL_msp432.a(gpio_msp432.cpp.o)
                0x0000000000002858                typeinfo name for gpio_interface
 *fill*         0x0000000000002869        0x3 
 .rodata._ZTI14gpio_interface
                0x000000000000286c        0x8 /home/student/git/YAHAL/libYAHAL_msp432.a(gpio_msp432.cpp.o)
                0x000000000000286c                typeinfo for gpio_interface
 .rodata._ZTI11gpio_msp432
                0x0000000000002874        0xc /home/student/git/YAHAL/libYAHAL_msp432.a(gpio_msp432.cpp.o)
                0x0000000000002874                typeinfo for gpio_msp432
 .rodata._ZTS11gpio_msp432
                0x0000000000002880        0xe /home/student/git/YAHAL/libYAHAL_msp432.a(gpio_msp432.cpp.o)
                0x0000000000002880                typeinfo name for gpio_msp432
 *fill*         0x000000000000288e        0x2 
 .rodata._ZTV11gpio_msp432
                0x0000000000002890       0x30 /home/student/git/YAHAL/libYAHAL_msp432.a(gpio_msp432.cpp.o)
                0x0000000000002890                vtable for gpio_msp432
 .rodata._ZTS13adc_interface
                0x00000000000028c0       0x10 /home/student/git/YAHAL/libYAHAL_msp432.a(adc14_msp432.cpp.o)
                0x00000000000028c0                typeinfo name for adc_interface
 .rodata._ZTI13adc_interface
                0x00000000000028d0        0x8 /home/student/git/YAHAL/libYAHAL_msp432.a(adc14_msp432.cpp.o)
                0x00000000000028d0                typeinfo for adc_interface
 .rodata.CSWTCH.24
                0x00000000000028d8        0xa /home/student/git/YAHAL/libYAHAL_msp432.a(adc14_msp432.cpp.o)
 *fill*         0x00000000000028e2        0x2 
 .rodata._ZTI12adc14_msp432
                0x00000000000028e4        0xc /home/student/git/YAHAL/libYAHAL_msp432.a(adc14_msp432.cpp.o)
                0x00000000000028e4                typeinfo for adc14_msp432
 .rodata._ZTS12adc14_msp432
                0x00000000000028f0        0xf /home/student/git/YAHAL/libYAHAL_msp432.a(adc14_msp432.cpp.o)
                0x00000000000028f0                typeinfo name for adc14_msp432
 *fill*         0x00000000000028ff        0x1 
 .rodata._ZTV12adc14_msp432
                0x0000000000002900       0x20 /home/student/git/YAHAL/libYAHAL_msp432.a(adc14_msp432.cpp.o)
                0x0000000000002900                vtable for adc14_msp432
 .rodata.__cxa_atexit_dummy
                0x0000000000002920        0x4 /opt/ti/ccsv8/tools/compiler/gcc-arm-none-eabi-7-2017-q4-major/bin/../lib/gcc/arm-none-eabi/7.2.1/../../../../arm-none-eabi/lib/thumb/v7e-m/fpv4-sp/hard/libc_nano.a(lib_a-cxa_atexit.o)
                0x0000000000002920                __cxa_atexit_dummy
 .rodata._global_impure_ptr
                0x0000000000002924        0x4 /opt/ti/ccsv8/tools/compiler/gcc-arm-none-eabi-7-2017-q4-major/bin/../lib/gcc/arm-none-eabi/7.2.1/../../../../arm-none-eabi/lib/thumb/v7e-m/fpv4-sp/hard/libc_nano.a(lib_a-impure.o)
                0x0000000000002924                _global_impure_ptr
 .rodata.__on_exit_args
                0x0000000000002928        0x4 /opt/ti/ccsv8/tools/compiler/gcc-arm-none-eabi-7-2017-q4-major/bin/../lib/gcc/arm-none-eabi/7.2.1/../../../../arm-none-eabi/lib/thumb/v7e-m/fpv4-sp/hard/libc_nano.a(lib_a-on_exit_args.o)
                0x0000000000002928                __on_exit_args
 .rodata._ZTIN10__cxxabiv117__class_type_infoE
                0x000000000000292c        0xc /opt/ti/ccsv8/tools/compiler/gcc-arm-none-eabi-7-2017-q4-major/bin/../lib/gcc/arm-none-eabi/7.2.1/../../../../arm-none-eabi/lib/thumb/v7e-m/fpv4-sp/hard/libsupc++_nano.a(class_type_info.o)
                0x000000000000292c                typeinfo for __cxxabiv1::__class_type_info
 .rodata._ZTSN10__cxxabiv117__class_type_infoE
                0x0000000000002938       0x22 /opt/ti/ccsv8/tools/compiler/gcc-arm-none-eabi-7-2017-q4-major/bin/../lib/gcc/arm-none-eabi/7.2.1/../../../../arm-none-eabi/lib/thumb/v7e-m/fpv4-sp/hard/libsupc++_nano.a(class_type_info.o)
                0x0000000000002938                typeinfo name for __cxxabiv1::__class_type_info
 *fill*         0x000000000000295a        0x2 
 .rodata._ZTVN10__cxxabiv117__class_type_infoE
                0x000000000000295c       0x2c /opt/ti/ccsv8/tools/compiler/gcc-arm-none-eabi-7-2017-q4-major/bin/../lib/gcc/arm-none-eabi/7.2.1/../../../../arm-none-eabi/lib/thumb/v7e-m/fpv4-sp/hard/libsupc++_nano.a(class_type_info.o)
                0x000000000000295c                vtable for __cxxabiv1::__class_type_info
 .rodata._ZTIN10__cxxabiv120__si_class_type_infoE
                0x0000000000002988        0xc /opt/ti/ccsv8/tools/compiler/gcc-arm-none-eabi-7-2017-q4-major/bin/../lib/gcc/arm-none-eabi/7.2.1/../../../../arm-none-eabi/lib/thumb/v7e-m/fpv4-sp/hard/libsupc++_nano.a(si_class_type_info.o)
                0x0000000000002988                typeinfo for __cxxabiv1::__si_class_type_info
 .rodata._ZTSN10__cxxabiv120__si_class_type_infoE
                0x0000000000002994       0x25 /opt/ti/ccsv8/tools/compiler/gcc-arm-none-eabi-7-2017-q4-major/bin/../lib/gcc/arm-none-eabi/7.2.1/../../../../arm-none-eabi/lib/thumb/v7e-m/fpv4-sp/hard/libsupc++_nano.a(si_class_type_info.o)
                0x0000000000002994                typeinfo name for __cxxabiv1::__si_class_type_info
 *fill*         0x00000000000029b9        0x3 
 .rodata._ZTVN10__cxxabiv120__si_class_type_infoE
                0x00000000000029bc       0x2c /opt/ti/ccsv8/tools/compiler/gcc-arm-none-eabi-7-2017-q4-major/bin/../lib/gcc/arm-none-eabi/7.2.1/../../../../arm-none-eabi/lib/thumb/v7e-m/fpv4-sp/hard/libsupc++_nano.a(si_class_type_info.o)
                0x00000000000029bc                vtable for __cxxabiv1::__si_class_type_info
 .rodata._ZTISt9type_info
                0x00000000000029e8        0x8 /opt/ti/ccsv8/tools/compiler/gcc-arm-none-eabi-7-2017-q4-major/bin/../lib/gcc/arm-none-eabi/7.2.1/../../../../arm-none-eabi/lib/thumb/v7e-m/fpv4-sp/hard/libsupc++_nano.a(tinfo.o)
                0x00000000000029e8                typeinfo for std::type_info
 .rodata._ZTSSt9type_info
                0x00000000000029f0        0xd /opt/ti/ccsv8/tools/compiler/gcc-arm-none-eabi-7-2017-q4-major/bin/../lib/gcc/arm-none-eabi/7.2.1/../../../../arm-none-eabi/lib/thumb/v7e-m/fpv4-sp/hard/libsupc++_nano.a(tinfo.o)
                0x00000000000029f0                typeinfo name for std::type_info
 *fill*         0x00000000000029fd        0x3 
 .rodata._ZTVSt9type_info
                0x0000000000002a00       0x20 /opt/ti/ccsv8/tools/compiler/gcc-arm-none-eabi-7-2017-q4-major/bin/../lib/gcc/arm-none-eabi/7.2.1/../../../../arm-none-eabi/lib/thumb/v7e-m/fpv4-sp/hard/libsupc++_nano.a(tinfo.o)
                0x0000000000002a00                vtable for std::type_info

.eh_frame       0x0000000000002a20        0x4
 .eh_frame      0x0000000000002a20        0x0 /opt/ti/ccsv8/tools/compiler/gcc-arm-none-eabi-7-2017-q4-major/bin/../lib/gcc/arm-none-eabi/7.2.1/thumb/v7e-m/fpv4-sp/hard/crtbegin.o
 .eh_frame      0x0000000000002a20        0x4 /opt/ti/ccsv8/tools/compiler/gcc-arm-none-eabi-7-2017-q4-major/bin/../lib/gcc/arm-none-eabi/7.2.1/thumb/v7e-m/fpv4-sp/hard/crtend.o

.ARM.exidx      0x0000000000002a24       0xc8
                0x0000000000002a24                __exidx_start = .
 *(.ARM.exidx* .gnu.linkonce.armexidx.*)
 .ARM.exidx     0x0000000000002a24        0x8 /opt/ti/ccsv8/tools/compiler/gcc-arm-none-eabi-7-2017-q4-major/bin/../lib/gcc/arm-none-eabi/7.2.1/../../../../arm-none-eabi/lib/thumb/v7e-m/fpv4-sp/hard/crt0.o
 .ARM.exidx     0x0000000000002a2c       0x10 ./main.o
                                          0x8 (size before relaxing)
 .ARM.exidx     0x0000000000002a3c       0x78 /opt/ti/ccsv8/tools/compiler/gcc-arm-none-eabi-7-2017-q4-major/bin/../lib/gcc/arm-none-eabi/7.2.1/thumb/v7e-m/fpv4-sp/hard/libgcc.a(unwind-arm.o)
                                         0xd8 (size before relaxing)
 .ARM.exidx     0x0000000000002ab4       0x38 /opt/ti/ccsv8/tools/compiler/gcc-arm-none-eabi-7-2017-q4-major/bin/../lib/gcc/arm-none-eabi/7.2.1/thumb/v7e-m/fpv4-sp/hard/libgcc.a(pr-support.o)
                                         0x48 (size before relaxing)
                0x0000000000002aec                __exidx_end = .

.ARM.extab      0x0000000000002aec       0x18
 *(.ARM.extab* .gnu.linkonce.armextab.*)
 .ARM.extab     0x0000000000002aec        0x0 /opt/ti/ccsv8/tools/compiler/gcc-arm-none-eabi-7-2017-q4-major/bin/../lib/gcc/arm-none-eabi/7.2.1/../../../../arm-none-eabi/lib/thumb/v7e-m/fpv4-sp/hard/crt0.o
 .ARM.extab     0x0000000000002aec        0x0 ./main.o
 .ARM.extab     0x0000000000002aec        0x0 /opt/ti/ccsv8/tools/compiler/gcc-arm-none-eabi-7-2017-q4-major/bin/../lib/gcc/arm-none-eabi/7.2.1/thumb/v7e-m/fpv4-sp/hard/libgcc.a(unwind-arm.o)
 .ARM.extab     0x0000000000002aec       0x18 /opt/ti/ccsv8/tools/compiler/gcc-arm-none-eabi-7-2017-q4-major/bin/../lib/gcc/arm-none-eabi/7.2.1/thumb/v7e-m/fpv4-sp/hard/libgcc.a(pr-support.o)
                0x0000000000002b04                __etext = .

.rel.dyn        0x0000000000002b04        0x0
 .rel.iplt      0x0000000000002b04        0x0 /opt/ti/ccsv8/tools/compiler/gcc-arm-none-eabi-7-2017-q4-major/bin/../lib/gcc/arm-none-eabi/7.2.1/thumb/v7e-m/fpv4-sp/hard/crtbegin.o

.data           0x0000000020000000       0x94 load address 0x0000000000002b04
                0x0000000000002b04                __data_load__ = LOADADDR (.data)
                0x0000000020000000                __data_start__ = .
 *(.data)
 .data          0x0000000020000000        0x0 /opt/ti/ccsv8/tools/compiler/gcc-arm-none-eabi-7-2017-q4-major/bin/../lib/gcc/arm-none-eabi/7.2.1/thumb/v7e-m/fpv4-sp/hard/crti.o
 .data          0x0000000020000000        0x4 /opt/ti/ccsv8/tools/compiler/gcc-arm-none-eabi-7-2017-q4-major/bin/../lib/gcc/arm-none-eabi/7.2.1/thumb/v7e-m/fpv4-sp/hard/crtbegin.o
                0x0000000020000000                __dso_handle
 .data          0x0000000020000004        0x0 /opt/ti/ccsv8/tools/compiler/gcc-arm-none-eabi-7-2017-q4-major/bin/../lib/gcc/arm-none-eabi/7.2.1/../../../../arm-none-eabi/lib/thumb/v7e-m/fpv4-sp/hard/crt0.o
 .data          0x0000000020000004        0x0 ./main.o
 .data          0x0000000020000004        0x0 ./startup_msp432p401r_gcc.o
 .data          0x0000000020000004        0x4 ./system_msp432p401r.o
                0x0000000020000004                SystemCoreClock
 .data          0x0000000020000008        0x0 /home/student/git/YAHAL/libYAHAL_msp432.a(gpio_msp432.cpp.o)
 .data          0x0000000020000008        0x0 /home/student/git/YAHAL/libYAHAL_msp432.a(adc14_msp432.cpp.o)
 .data          0x0000000020000008        0x0 /opt/ti/ccsv8/tools/compiler/gcc-arm-none-eabi-7-2017-q4-major/bin/../lib/gcc/arm-none-eabi/7.2.1/thumb/v7e-m/fpv4-sp/hard/libgcc.a(unwind-arm.o)
 .data          0x0000000020000008        0x0 /opt/ti/ccsv8/tools/compiler/gcc-arm-none-eabi-7-2017-q4-major/bin/../lib/gcc/arm-none-eabi/7.2.1/thumb/v7e-m/fpv4-sp/hard/libgcc.a(libunwind.o)
 .data          0x0000000020000008        0x0 /opt/ti/ccsv8/tools/compiler/gcc-arm-none-eabi-7-2017-q4-major/bin/../lib/gcc/arm-none-eabi/7.2.1/thumb/v7e-m/fpv4-sp/hard/libgcc.a(pr-support.o)
 .data          0x0000000020000008        0x0 /opt/ti/ccsv8/tools/compiler/gcc-arm-none-eabi-7-2017-q4-major/bin/../lib/gcc/arm-none-eabi/7.2.1/../../../../arm-none-eabi/lib/thumb/v7e-m/fpv4-sp/hard/libc_nano.a(lib_a-abort.o)
 .data          0x0000000020000008        0x0 /opt/ti/ccsv8/tools/compiler/gcc-arm-none-eabi-7-2017-q4-major/bin/../lib/gcc/arm-none-eabi/7.2.1/../../../../arm-none-eabi/lib/thumb/v7e-m/fpv4-sp/hard/libc_nano.a(lib_a-aeabi_atexit.o)
 .data          0x0000000020000008        0x0 /opt/ti/ccsv8/tools/compiler/gcc-arm-none-eabi-7-2017-q4-major/bin/../lib/gcc/arm-none-eabi/7.2.1/../../../../arm-none-eabi/lib/thumb/v7e-m/fpv4-sp/hard/libc_nano.a(lib_a-cxa_atexit.o)
 .data          0x0000000020000008        0x0 /opt/ti/ccsv8/tools/compiler/gcc-arm-none-eabi-7-2017-q4-major/bin/../lib/gcc/arm-none-eabi/7.2.1/../../../../arm-none-eabi/lib/thumb/v7e-m/fpv4-sp/hard/libc_nano.a(lib_a-exit.o)
 .data          0x0000000020000008        0x0 /opt/ti/ccsv8/tools/compiler/gcc-arm-none-eabi-7-2017-q4-major/bin/../lib/gcc/arm-none-eabi/7.2.1/../../../../arm-none-eabi/lib/thumb/v7e-m/fpv4-sp/hard/libc_nano.a(lib_a-impure.o)
 .data          0x0000000020000008        0x0 /opt/ti/ccsv8/tools/compiler/gcc-arm-none-eabi-7-2017-q4-major/bin/../lib/gcc/arm-none-eabi/7.2.1/../../../../arm-none-eabi/lib/thumb/v7e-m/fpv4-sp/hard/libc_nano.a(lib_a-init.o)
 .data          0x0000000020000008        0x0 /opt/ti/ccsv8/tools/compiler/gcc-arm-none-eabi-7-2017-q4-major/bin/../lib/gcc/arm-none-eabi/7.2.1/../../../../arm-none-eabi/lib/thumb/v7e-m/fpv4-sp/hard/libc_nano.a(lib_a-memcpy-stub.o)
 .data          0x0000000020000008        0x0 /opt/ti/ccsv8/tools/compiler/gcc-arm-none-eabi-7-2017-q4-major/bin/../lib/gcc/arm-none-eabi/7.2.1/../../../../arm-none-eabi/lib/thumb/v7e-m/fpv4-sp/hard/libc_nano.a(lib_a-memset.o)
 .data          0x0000000020000008        0x0 /opt/ti/ccsv8/tools/compiler/gcc-arm-none-eabi-7-2017-q4-major/bin/../lib/gcc/arm-none-eabi/7.2.1/../../../../arm-none-eabi/lib/thumb/v7e-m/fpv4-sp/hard/libc_nano.a(lib_a-on_exit_args.o)
 .data          0x0000000020000008        0x0 /opt/ti/ccsv8/tools/compiler/gcc-arm-none-eabi-7-2017-q4-major/bin/../lib/gcc/arm-none-eabi/7.2.1/../../../../arm-none-eabi/lib/thumb/v7e-m/fpv4-sp/hard/libc_nano.a(lib_a-signal.o)
 .data          0x0000000020000008        0x0 /opt/ti/ccsv8/tools/compiler/gcc-arm-none-eabi-7-2017-q4-major/bin/../lib/gcc/arm-none-eabi/7.2.1/../../../../arm-none-eabi/lib/thumb/v7e-m/fpv4-sp/hard/libc_nano.a(lib_a-signalr.o)
 .data          0x0000000020000008        0x0 /opt/ti/ccsv8/tools/compiler/gcc-arm-none-eabi-7-2017-q4-major/bin/../lib/gcc/arm-none-eabi/7.2.1/../../../../arm-none-eabi/lib/thumb/v7e-m/fpv4-sp/hard/libc_nano.a(lib_a-nano-mallocr.o)
 .data          0x0000000020000008        0x0 /opt/ti/ccsv8/tools/compiler/gcc-arm-none-eabi-7-2017-q4-major/bin/../lib/gcc/arm-none-eabi/7.2.1/../../../../arm-none-eabi/lib/thumb/v7e-m/fpv4-sp/hard/libc_nano.a(lib_a-reent.o)
 .data          0x0000000020000008        0x0 /opt/ti/ccsv8/tools/compiler/gcc-arm-none-eabi-7-2017-q4-major/bin/../lib/gcc/arm-none-eabi/7.2.1/../../../../arm-none-eabi/lib/thumb/v7e-m/fpv4-sp/hard/libc_nano.a(lib_a-sbrkr.o)
 .data          0x0000000020000008        0x0 /opt/ti/ccsv8/tools/compiler/gcc-arm-none-eabi-7-2017-q4-major/bin/../lib/gcc/arm-none-eabi/7.2.1/../../../../arm-none-eabi/lib/thumb/v7e-m/fpv4-sp/hard/libc_nano.a(lib_a-mlock.o)
 .data          0x0000000020000008        0x0 /opt/ti/ccsv8/tools/compiler/gcc-arm-none-eabi-7-2017-q4-major/bin/../lib/gcc/arm-none-eabi/7.2.1/../../../../arm-none-eabi/lib/thumb/v7e-m/fpv4-sp/hard/libc_nano.a(lib_a-nano-freer.o)
 .data          0x0000000020000008        0x0 /opt/ti/ccsv8/tools/compiler/gcc-arm-none-eabi-7-2017-q4-major/bin/../lib/gcc/arm-none-eabi/7.2.1/../../../../arm-none-eabi/lib/thumb/v7e-m/fpv4-sp/hard/libsupc++_nano.a(class_type_info.o)
 .data          0x0000000020000008        0x0 /opt/ti/ccsv8/tools/compiler/gcc-arm-none-eabi-7-2017-q4-major/bin/../lib/gcc/arm-none-eabi/7.2.1/../../../../arm-none-eabi/lib/thumb/v7e-m/fpv4-sp/hard/libsupc++_nano.a(del_op.o)
 .data          0x0000000020000008        0x0 /opt/ti/ccsv8/tools/compiler/gcc-arm-none-eabi-7-2017-q4-major/bin/../lib/gcc/arm-none-eabi/7.2.1/../../../../arm-none-eabi/lib/thumb/v7e-m/fpv4-sp/hard/libsupc++_nano.a(del_ops.o)
 .data          0x0000000020000008        0x0 /opt/ti/ccsv8/tools/compiler/gcc-arm-none-eabi-7-2017-q4-major/bin/../lib/gcc/arm-none-eabi/7.2.1/../../../../arm-none-eabi/lib/thumb/v7e-m/fpv4-sp/hard/libsupc++_nano.a(si_class_type_info.o)
 .data          0x0000000020000008        0x0 /opt/ti/ccsv8/tools/compiler/gcc-arm-none-eabi-7-2017-q4-major/bin/../lib/gcc/arm-none-eabi/7.2.1/../../../../arm-none-eabi/lib/thumb/v7e-m/fpv4-sp/hard/libsupc++_nano.a(tinfo.o)
 .data          0x0000000020000008        0x0 /opt/ti/ccsv8/tools/compiler/gcc-arm-none-eabi-7-2017-q4-major/bin/../lib/gcc/arm-none-eabi/7.2.1/../../../../arm-none-eabi/lib/thumb/v7e-m/fpv4-sp/hard/libnosys.a(getpid.o)
 .data          0x0000000020000008        0x0 /opt/ti/ccsv8/tools/compiler/gcc-arm-none-eabi-7-2017-q4-major/bin/../lib/gcc/arm-none-eabi/7.2.1/../../../../arm-none-eabi/lib/thumb/v7e-m/fpv4-sp/hard/libnosys.a(kill.o)
 .data          0x0000000020000008        0x0 /opt/ti/ccsv8/tools/compiler/gcc-arm-none-eabi-7-2017-q4-major/bin/../lib/gcc/arm-none-eabi/7.2.1/../../../../arm-none-eabi/lib/thumb/v7e-m/fpv4-sp/hard/libnosys.a(sbrk.o)
 .data          0x0000000020000008        0x0 /opt/ti/ccsv8/tools/compiler/gcc-arm-none-eabi-7-2017-q4-major/bin/../lib/gcc/arm-none-eabi/7.2.1/../../../../arm-none-eabi/lib/thumb/v7e-m/fpv4-sp/hard/libnosys.a(_exit.o)
 .data          0x0000000020000008        0x0 /opt/ti/ccsv8/tools/compiler/gcc-arm-none-eabi-7-2017-q4-major/bin/../lib/gcc/arm-none-eabi/7.2.1/../../../../arm-none-eabi/lib/thumb/v7e-m/fpv4-sp/hard/libc_nano.a(lib_a-malloc.o)
 .data          0x0000000020000008        0x0 /opt/ti/ccsv8/tools/compiler/gcc-arm-none-eabi-7-2017-q4-major/bin/../lib/gcc/arm-none-eabi/7.2.1/../../../../arm-none-eabi/lib/thumb/v7e-m/fpv4-sp/hard/libc_nano.a(lib_a-strcmp.o)
 .data          0x0000000020000008        0x0 /opt/ti/ccsv8/tools/compiler/gcc-arm-none-eabi-7-2017-q4-major/bin/../lib/gcc/arm-none-eabi/7.2.1/thumb/v7e-m/fpv4-sp/hard/crtend.o
 .data          0x0000000020000008        0x0 /opt/ti/ccsv8/tools/compiler/gcc-arm-none-eabi-7-2017-q4-major/bin/../lib/gcc/arm-none-eabi/7.2.1/thumb/v7e-m/fpv4-sp/hard/crtn.o
 *(.data*)
 .data.port_base
                0x0000000020000008       0x28 /home/student/git/YAHAL/libYAHAL_msp432.a(gpio_msp432.cpp.o)
                0x0000000020000008                port_base
 .data._impure_ptr
                0x0000000020000030        0x4 /opt/ti/ccsv8/tools/compiler/gcc-arm-none-eabi-7-2017-q4-major/bin/../lib/gcc/arm-none-eabi/7.2.1/../../../../arm-none-eabi/lib/thumb/v7e-m/fpv4-sp/hard/libc_nano.a(lib_a-impure.o)
                0x0000000020000030                _impure_ptr
 .data.impure_data
                0x0000000020000034       0x60 /opt/ti/ccsv8/tools/compiler/gcc-arm-none-eabi-7-2017-q4-major/bin/../lib/gcc/arm-none-eabi/7.2.1/../../../../arm-none-eabi/lib/thumb/v7e-m/fpv4-sp/hard/libc_nano.a(lib_a-impure.o)
                0x0000000020000094                . = ALIGN (0x4)
                0x0000000020000094                __data_end__ = .

.igot.plt       0x0000000020000094        0x0 load address 0x0000000000002b98
 .igot.plt      0x0000000020000094        0x0 /opt/ti/ccsv8/tools/compiler/gcc-arm-none-eabi-7-2017-q4-major/bin/../lib/gcc/arm-none-eabi/7.2.1/thumb/v7e-m/fpv4-sp/hard/crtbegin.o

.bss            0x0000000020000094      0x3b0
                0x0000000020000094                __bss_start__ = .
 *(.shbss)
 *(.bss)
 .bss           0x0000000020000094        0x0 /opt/ti/ccsv8/tools/compiler/gcc-arm-none-eabi-7-2017-q4-major/bin/../lib/gcc/arm-none-eabi/7.2.1/thumb/v7e-m/fpv4-sp/hard/crti.o
 .bss           0x0000000020000094       0x1c /opt/ti/ccsv8/tools/compiler/gcc-arm-none-eabi-7-2017-q4-major/bin/../lib/gcc/arm-none-eabi/7.2.1/thumb/v7e-m/fpv4-sp/hard/crtbegin.o
 .bss           0x00000000200000b0        0x0 /opt/ti/ccsv8/tools/compiler/gcc-arm-none-eabi-7-2017-q4-major/bin/../lib/gcc/arm-none-eabi/7.2.1/../../../../arm-none-eabi/lib/thumb/v7e-m/fpv4-sp/hard/crt0.o
 .bss           0x00000000200000b0        0x0 ./main.o
 .bss           0x00000000200000b0        0x0 ./startup_msp432p401r_gcc.o
 .bss           0x00000000200000b0        0x0 ./system_msp432p401r.o
 .bss           0x00000000200000b0        0x0 /home/student/git/YAHAL/libYAHAL_msp432.a(gpio_msp432.cpp.o)
 .bss           0x00000000200000b0        0x0 /home/student/git/YAHAL/libYAHAL_msp432.a(adc14_msp432.cpp.o)
 .bss           0x00000000200000b0        0x0 /opt/ti/ccsv8/tools/compiler/gcc-arm-none-eabi-7-2017-q4-major/bin/../lib/gcc/arm-none-eabi/7.2.1/thumb/v7e-m/fpv4-sp/hard/libgcc.a(unwind-arm.o)
 .bss           0x00000000200000b0        0x0 /opt/ti/ccsv8/tools/compiler/gcc-arm-none-eabi-7-2017-q4-major/bin/../lib/gcc/arm-none-eabi/7.2.1/thumb/v7e-m/fpv4-sp/hard/libgcc.a(libunwind.o)
 .bss           0x00000000200000b0        0x0 /opt/ti/ccsv8/tools/compiler/gcc-arm-none-eabi-7-2017-q4-major/bin/../lib/gcc/arm-none-eabi/7.2.1/thumb/v7e-m/fpv4-sp/hard/libgcc.a(pr-support.o)
 .bss           0x00000000200000b0        0x0 /opt/ti/ccsv8/tools/compiler/gcc-arm-none-eabi-7-2017-q4-major/bin/../lib/gcc/arm-none-eabi/7.2.1/../../../../arm-none-eabi/lib/thumb/v7e-m/fpv4-sp/hard/libc_nano.a(lib_a-abort.o)
 .bss           0x00000000200000b0        0x0 /opt/ti/ccsv8/tools/compiler/gcc-arm-none-eabi-7-2017-q4-major/bin/../lib/gcc/arm-none-eabi/7.2.1/../../../../arm-none-eabi/lib/thumb/v7e-m/fpv4-sp/hard/libc_nano.a(lib_a-aeabi_atexit.o)
 .bss           0x00000000200000b0        0x0 /opt/ti/ccsv8/tools/compiler/gcc-arm-none-eabi-7-2017-q4-major/bin/../lib/gcc/arm-none-eabi/7.2.1/../../../../arm-none-eabi/lib/thumb/v7e-m/fpv4-sp/hard/libc_nano.a(lib_a-cxa_atexit.o)
 .bss           0x00000000200000b0        0x0 /opt/ti/ccsv8/tools/compiler/gcc-arm-none-eabi-7-2017-q4-major/bin/../lib/gcc/arm-none-eabi/7.2.1/../../../../arm-none-eabi/lib/thumb/v7e-m/fpv4-sp/hard/libc_nano.a(lib_a-exit.o)
 .bss           0x00000000200000b0        0x0 /opt/ti/ccsv8/tools/compiler/gcc-arm-none-eabi-7-2017-q4-major/bin/../lib/gcc/arm-none-eabi/7.2.1/../../../../arm-none-eabi/lib/thumb/v7e-m/fpv4-sp/hard/libc_nano.a(lib_a-impure.o)
 .bss           0x00000000200000b0        0x0 /opt/ti/ccsv8/tools/compiler/gcc-arm-none-eabi-7-2017-q4-major/bin/../lib/gcc/arm-none-eabi/7.2.1/../../../../arm-none-eabi/lib/thumb/v7e-m/fpv4-sp/hard/libc_nano.a(lib_a-init.o)
 .bss           0x00000000200000b0        0x0 /opt/ti/ccsv8/tools/compiler/gcc-arm-none-eabi-7-2017-q4-major/bin/../lib/gcc/arm-none-eabi/7.2.1/../../../../arm-none-eabi/lib/thumb/v7e-m/fpv4-sp/hard/libc_nano.a(lib_a-memcpy-stub.o)
 .bss           0x00000000200000b0        0x0 /opt/ti/ccsv8/tools/compiler/gcc-arm-none-eabi-7-2017-q4-major/bin/../lib/gcc/arm-none-eabi/7.2.1/../../../../arm-none-eabi/lib/thumb/v7e-m/fpv4-sp/hard/libc_nano.a(lib_a-memset.o)
 .bss           0x00000000200000b0        0x0 /opt/ti/ccsv8/tools/compiler/gcc-arm-none-eabi-7-2017-q4-major/bin/../lib/gcc/arm-none-eabi/7.2.1/../../../../arm-none-eabi/lib/thumb/v7e-m/fpv4-sp/hard/libc_nano.a(lib_a-on_exit_args.o)
 .bss           0x00000000200000b0        0x0 /opt/ti/ccsv8/tools/compiler/gcc-arm-none-eabi-7-2017-q4-major/bin/../lib/gcc/arm-none-eabi/7.2.1/../../../../arm-none-eabi/lib/thumb/v7e-m/fpv4-sp/hard/libc_nano.a(lib_a-signal.o)
 .bss           0x00000000200000b0        0x0 /opt/ti/ccsv8/tools/compiler/gcc-arm-none-eabi-7-2017-q4-major/bin/../lib/gcc/arm-none-eabi/7.2.1/../../../../arm-none-eabi/lib/thumb/v7e-m/fpv4-sp/hard/libc_nano.a(lib_a-signalr.o)
 .bss           0x00000000200000b0        0x0 /opt/ti/ccsv8/tools/compiler/gcc-arm-none-eabi-7-2017-q4-major/bin/../lib/gcc/arm-none-eabi/7.2.1/../../../../arm-none-eabi/lib/thumb/v7e-m/fpv4-sp/hard/libc_nano.a(lib_a-nano-mallocr.o)
 .bss           0x00000000200000b0        0x0 /opt/ti/ccsv8/tools/compiler/gcc-arm-none-eabi-7-2017-q4-major/bin/../lib/gcc/arm-none-eabi/7.2.1/../../../../arm-none-eabi/lib/thumb/v7e-m/fpv4-sp/hard/libc_nano.a(lib_a-reent.o)
 .bss           0x00000000200000b0        0x0 /opt/ti/ccsv8/tools/compiler/gcc-arm-none-eabi-7-2017-q4-major/bin/../lib/gcc/arm-none-eabi/7.2.1/../../../../arm-none-eabi/lib/thumb/v7e-m/fpv4-sp/hard/libc_nano.a(lib_a-sbrkr.o)
 .bss           0x00000000200000b0        0x0 /opt/ti/ccsv8/tools/compiler/gcc-arm-none-eabi-7-2017-q4-major/bin/../lib/gcc/arm-none-eabi/7.2.1/../../../../arm-none-eabi/lib/thumb/v7e-m/fpv4-sp/hard/libc_nano.a(lib_a-mlock.o)
 .bss           0x00000000200000b0        0x0 /opt/ti/ccsv8/tools/compiler/gcc-arm-none-eabi-7-2017-q4-major/bin/../lib/gcc/arm-none-eabi/7.2.1/../../../../arm-none-eabi/lib/thumb/v7e-m/fpv4-sp/hard/libc_nano.a(lib_a-nano-freer.o)
 .bss           0x00000000200000b0        0x0 /opt/ti/ccsv8/tools/compiler/gcc-arm-none-eabi-7-2017-q4-major/bin/../lib/gcc/arm-none-eabi/7.2.1/../../../../arm-none-eabi/lib/thumb/v7e-m/fpv4-sp/hard/libsupc++_nano.a(class_type_info.o)
 .bss           0x00000000200000b0        0x0 /opt/ti/ccsv8/tools/compiler/gcc-arm-none-eabi-7-2017-q4-major/bin/../lib/gcc/arm-none-eabi/7.2.1/../../../../arm-none-eabi/lib/thumb/v7e-m/fpv4-sp/hard/libsupc++_nano.a(del_op.o)
 .bss           0x00000000200000b0        0x0 /opt/ti/ccsv8/tools/compiler/gcc-arm-none-eabi-7-2017-q4-major/bin/../lib/gcc/arm-none-eabi/7.2.1/../../../../arm-none-eabi/lib/thumb/v7e-m/fpv4-sp/hard/libsupc++_nano.a(del_ops.o)
 .bss           0x00000000200000b0        0x0 /opt/ti/ccsv8/tools/compiler/gcc-arm-none-eabi-7-2017-q4-major/bin/../lib/gcc/arm-none-eabi/7.2.1/../../../../arm-none-eabi/lib/thumb/v7e-m/fpv4-sp/hard/libsupc++_nano.a(si_class_type_info.o)
 .bss           0x00000000200000b0        0x0 /opt/ti/ccsv8/tools/compiler/gcc-arm-none-eabi-7-2017-q4-major/bin/../lib/gcc/arm-none-eabi/7.2.1/../../../../arm-none-eabi/lib/thumb/v7e-m/fpv4-sp/hard/libsupc++_nano.a(tinfo.o)
 .bss           0x00000000200000b0        0x0 /opt/ti/ccsv8/tools/compiler/gcc-arm-none-eabi-7-2017-q4-major/bin/../lib/gcc/arm-none-eabi/7.2.1/../../../../arm-none-eabi/lib/thumb/v7e-m/fpv4-sp/hard/libnosys.a(getpid.o)
 .bss           0x00000000200000b0        0x0 /opt/ti/ccsv8/tools/compiler/gcc-arm-none-eabi-7-2017-q4-major/bin/../lib/gcc/arm-none-eabi/7.2.1/../../../../arm-none-eabi/lib/thumb/v7e-m/fpv4-sp/hard/libnosys.a(kill.o)
 .bss           0x00000000200000b0        0x0 /opt/ti/ccsv8/tools/compiler/gcc-arm-none-eabi-7-2017-q4-major/bin/../lib/gcc/arm-none-eabi/7.2.1/../../../../arm-none-eabi/lib/thumb/v7e-m/fpv4-sp/hard/libnosys.a(sbrk.o)
 .bss           0x00000000200000b0        0x0 /opt/ti/ccsv8/tools/compiler/gcc-arm-none-eabi-7-2017-q4-major/bin/../lib/gcc/arm-none-eabi/7.2.1/../../../../arm-none-eabi/lib/thumb/v7e-m/fpv4-sp/hard/libnosys.a(_exit.o)
 .bss           0x00000000200000b0        0x0 /opt/ti/ccsv8/tools/compiler/gcc-arm-none-eabi-7-2017-q4-major/bin/../lib/gcc/arm-none-eabi/7.2.1/../../../../arm-none-eabi/lib/thumb/v7e-m/fpv4-sp/hard/libc_nano.a(lib_a-malloc.o)
 .bss           0x00000000200000b0        0x0 /opt/ti/ccsv8/tools/compiler/gcc-arm-none-eabi-7-2017-q4-major/bin/../lib/gcc/arm-none-eabi/7.2.1/../../../../arm-none-eabi/lib/thumb/v7e-m/fpv4-sp/hard/libc_nano.a(lib_a-strcmp.o)
 .bss           0x00000000200000b0        0x0 /opt/ti/ccsv8/tools/compiler/gcc-arm-none-eabi-7-2017-q4-major/bin/../lib/gcc/arm-none-eabi/7.2.1/thumb/v7e-m/fpv4-sp/hard/crtend.o
 .bss           0x00000000200000b0        0x0 /opt/ti/ccsv8/tools/compiler/gcc-arm-none-eabi-7-2017-q4-major/bin/../lib/gcc/arm-none-eabi/7.2.1/thumb/v7e-m/fpv4-sp/hard/crtn.o
 *(.bss.*)
 .bss._ZN11gpio_msp4324instE
                0x00000000200000b0      0x1dc /home/student/git/YAHAL/libYAHAL_msp432.a(gpio_msp432.cpp.o)
                0x00000000200000b0                gpio_msp432::inst
 .bss._ZN12adc14_msp4324instE
                0x000000002000028c       0xa0 /home/student/git/YAHAL/libYAHAL_msp432.a(adc14_msp432.cpp.o)
                0x000000002000028c                adc14_msp432::inst
 .bss._on_exit_args_instance
                0x000000002000032c      0x108 /opt/ti/ccsv8/tools/compiler/gcc-arm-none-eabi-7-2017-q4-major/bin/../lib/gcc/arm-none-eabi/7.2.1/../../../../arm-none-eabi/lib/thumb/v7e-m/fpv4-sp/hard/libc_nano.a(lib_a-on_exit_args.o)
 .bss.__malloc_free_list
                0x0000000020000434        0x4 /opt/ti/ccsv8/tools/compiler/gcc-arm-none-eabi-7-2017-q4-major/bin/../lib/gcc/arm-none-eabi/7.2.1/../../../../arm-none-eabi/lib/thumb/v7e-m/fpv4-sp/hard/libc_nano.a(lib_a-nano-mallocr.o)
                0x0000000020000434                __malloc_free_list
 .bss.__malloc_sbrk_start
                0x0000000020000438        0x4 /opt/ti/ccsv8/tools/compiler/gcc-arm-none-eabi-7-2017-q4-major/bin/../lib/gcc/arm-none-eabi/7.2.1/../../../../arm-none-eabi/lib/thumb/v7e-m/fpv4-sp/hard/libc_nano.a(lib_a-nano-mallocr.o)
                0x0000000020000438                __malloc_sbrk_start
 .bss.heap_end.5377
                0x000000002000043c        0x4 /opt/ti/ccsv8/tools/compiler/gcc-arm-none-eabi-7-2017-q4-major/bin/../lib/gcc/arm-none-eabi/7.2.1/../../../../arm-none-eabi/lib/thumb/v7e-m/fpv4-sp/hard/libnosys.a(sbrk.o)
 *(COMMON)
 COMMON         0x0000000020000440        0x4 /opt/ti/ccsv8/tools/compiler/gcc-arm-none-eabi-7-2017-q4-major/bin/../lib/gcc/arm-none-eabi/7.2.1/../../../../arm-none-eabi/lib/thumb/v7e-m/fpv4-sp/hard/libc_nano.a(lib_a-reent.o)
                0x0000000020000440                errno
                0x0000000020000444                . = ALIGN (0x4)
                0x0000000020000444                __bss_end__ = .

.heap           0x0000000020000444        0x0
                0x0000000020000444                __heap_start__ = .
                0x0000000020000444                end = __heap_start__
                0x0000000020000444                _end = end
                0x0000000020000444                __end = end
 *(.heap)
                0x0000000020000444                __heap_end__ = .
                0x0000000020000444                __HeapLimit = __heap_end__

.stack          0x0000000020000448        0x0
                0x0000000020000448                _stack = .
 *(.stack)
                0x0000000020010000                __StackTop = (ORIGIN (REGION_STACK) + LENGTH (REGION_STACK))
                0x0000000020010000                PROVIDE (__stack, __StackTop)
START GROUP
LOAD /home/student/git/YAHAL/libYAHAL_msp432.a
LOAD /opt/ti/ccsv8/tools/compiler/gcc-arm-none-eabi-7-2017-q4-major/bin/../lib/gcc/arm-none-eabi/7.2.1/thumb/v7e-m/fpv4-sp/hard/libgcc.a
LOAD /opt/ti/ccsv8/tools/compiler/gcc-arm-none-eabi-7-2017-q4-major/bin/../lib/gcc/arm-none-eabi/7.2.1/../../../../arm-none-eabi/lib/thumb/v7e-m/fpv4-sp/hard/libnosys.a
LOAD /opt/ti/ccsv8/tools/compiler/gcc-arm-none-eabi-7-2017-q4-major/bin/../lib/gcc/arm-none-eabi/7.2.1/../../../../arm-none-eabi/lib/thumb/v7e-m/fpv4-sp/hard/libc_nano.a
LOAD /opt/ti/ccsv8/tools/compiler/gcc-arm-none-eabi-7-2017-q4-major/bin/../lib/gcc/arm-none-eabi/7.2.1/../../../../arm-none-eabi/lib/thumb/v7e-m/fpv4-sp/hard/libsupc++_nano.a
END GROUP
START GROUP
LOAD /opt/ti/ccsv8/tools/compiler/gcc-arm-none-eabi-7-2017-q4-major/bin/../lib/gcc/arm-none-eabi/7.2.1/thumb/v7e-m/fpv4-sp/hard/libgcc.a
LOAD /opt/ti/ccsv8/tools/compiler/gcc-arm-none-eabi-7-2017-q4-major/bin/../lib/gcc/arm-none-eabi/7.2.1/../../../../arm-none-eabi/lib/thumb/v7e-m/fpv4-sp/hard/libg.a
LOAD /opt/ti/ccsv8/tools/compiler/gcc-arm-none-eabi-7-2017-q4-major/bin/../lib/gcc/arm-none-eabi/7.2.1/../../../../arm-none-eabi/lib/thumb/v7e-m/fpv4-sp/hard/libc.a
END GROUP
LOAD /opt/ti/ccsv8/tools/compiler/gcc-arm-none-eabi-7-2017-q4-major/bin/../lib/gcc/arm-none-eabi/7.2.1/thumb/v7e-m/fpv4-sp/hard/crtend.o
LOAD /opt/ti/ccsv8/tools/compiler/gcc-arm-none-eabi-7-2017-q4-major/bin/../lib/gcc/arm-none-eabi/7.2.1/thumb/v7e-m/fpv4-sp/hard/crtn.o
OUTPUT(example_edumkII_timer_A_LEDs.out elf32-littlearm)

.ARM.attributes
                0x0000000000000000       0x30
 .ARM.attributes
                0x0000000000000000       0x22 /opt/ti/ccsv8/tools/compiler/gcc-arm-none-eabi-7-2017-q4-major/bin/../lib/gcc/arm-none-eabi/7.2.1/thumb/v7e-m/fpv4-sp/hard/crti.o
 .ARM.attributes
                0x0000000000000022       0x34 /opt/ti/ccsv8/tools/compiler/gcc-arm-none-eabi-7-2017-q4-major/bin/../lib/gcc/arm-none-eabi/7.2.1/thumb/v7e-m/fpv4-sp/hard/crtbegin.o
 .ARM.attributes
                0x0000000000000056       0x20 /opt/ti/ccsv8/tools/compiler/gcc-arm-none-eabi-7-2017-q4-major/bin/../lib/gcc/arm-none-eabi/7.2.1/../../../../arm-none-eabi/lib/thumb/v7e-m/fpv4-sp/hard/crt0.o
 .ARM.attributes
                0x0000000000000076       0x39 ./main.o
 .ARM.attributes
                0x00000000000000af       0x39 ./startup_msp432p401r_gcc.o
 .ARM.attributes
                0x00000000000000e8       0x39 ./system_msp432p401r.o
 .ARM.attributes
                0x0000000000000121       0x35 /home/student/git/YAHAL/libYAHAL_msp432.a(gpio_msp432.cpp.o)
 .ARM.attributes
                0x0000000000000156       0x35 /home/student/git/YAHAL/libYAHAL_msp432.a(adc14_msp432.cpp.o)
 .ARM.attributes
                0x000000000000018b       0x34 /opt/ti/ccsv8/tools/compiler/gcc-arm-none-eabi-7-2017-q4-major/bin/../lib/gcc/arm-none-eabi/7.2.1/thumb/v7e-m/fpv4-sp/hard/libgcc.a(unwind-arm.o)
 .ARM.attributes
                0x00000000000001bf       0x22 /opt/ti/ccsv8/tools/compiler/gcc-arm-none-eabi-7-2017-q4-major/bin/../lib/gcc/arm-none-eabi/7.2.1/thumb/v7e-m/fpv4-sp/hard/libgcc.a(libunwind.o)
 .ARM.attributes
                0x00000000000001e1       0x34 /opt/ti/ccsv8/tools/compiler/gcc-arm-none-eabi-7-2017-q4-major/bin/../lib/gcc/arm-none-eabi/7.2.1/thumb/v7e-m/fpv4-sp/hard/libgcc.a(pr-support.o)
 .ARM.attributes
                0x0000000000000215       0x34 /opt/ti/ccsv8/tools/compiler/gcc-arm-none-eabi-7-2017-q4-major/bin/../lib/gcc/arm-none-eabi/7.2.1/../../../../arm-none-eabi/lib/thumb/v7e-m/fpv4-sp/hard/libc_nano.a(lib_a-abort.o)
 .ARM.attributes
                0x0000000000000249       0x34 /opt/ti/ccsv8/tools/compiler/gcc-arm-none-eabi-7-2017-q4-major/bin/../lib/gcc/arm-none-eabi/7.2.1/../../../../arm-none-eabi/lib/thumb/v7e-m/fpv4-sp/hard/libc_nano.a(lib_a-aeabi_atexit.o)
 .ARM.attributes
                0x000000000000027d       0x34 /opt/ti/ccsv8/tools/compiler/gcc-arm-none-eabi-7-2017-q4-major/bin/../lib/gcc/arm-none-eabi/7.2.1/../../../../arm-none-eabi/lib/thumb/v7e-m/fpv4-sp/hard/libc_nano.a(lib_a-cxa_atexit.o)
 .ARM.attributes
                0x00000000000002b1       0x34 /opt/ti/ccsv8/tools/compiler/gcc-arm-none-eabi-7-2017-q4-major/bin/../lib/gcc/arm-none-eabi/7.2.1/../../../../arm-none-eabi/lib/thumb/v7e-m/fpv4-sp/hard/libc_nano.a(lib_a-exit.o)
 .ARM.attributes
                0x00000000000002e5       0x34 /opt/ti/ccsv8/tools/compiler/gcc-arm-none-eabi-7-2017-q4-major/bin/../lib/gcc/arm-none-eabi/7.2.1/../../../../arm-none-eabi/lib/thumb/v7e-m/fpv4-sp/hard/libc_nano.a(lib_a-impure.o)
 .ARM.attributes
                0x0000000000000319       0x34 /opt/ti/ccsv8/tools/compiler/gcc-arm-none-eabi-7-2017-q4-major/bin/../lib/gcc/arm-none-eabi/7.2.1/../../../../arm-none-eabi/lib/thumb/v7e-m/fpv4-sp/hard/libc_nano.a(lib_a-init.o)
 .ARM.attributes
                0x000000000000034d       0x34 /opt/ti/ccsv8/tools/compiler/gcc-arm-none-eabi-7-2017-q4-major/bin/../lib/gcc/arm-none-eabi/7.2.1/../../../../arm-none-eabi/lib/thumb/v7e-m/fpv4-sp/hard/libc_nano.a(lib_a-memcpy-stub.o)
 .ARM.attributes
                0x0000000000000381       0x34 /opt/ti/ccsv8/tools/compiler/gcc-arm-none-eabi-7-2017-q4-major/bin/../lib/gcc/arm-none-eabi/7.2.1/../../../../arm-none-eabi/lib/thumb/v7e-m/fpv4-sp/hard/libc_nano.a(lib_a-memset.o)
 .ARM.attributes
                0x00000000000003b5       0x34 /opt/ti/ccsv8/tools/compiler/gcc-arm-none-eabi-7-2017-q4-major/bin/../lib/gcc/arm-none-eabi/7.2.1/../../../../arm-none-eabi/lib/thumb/v7e-m/fpv4-sp/hard/libc_nano.a(lib_a-on_exit_args.o)
 .ARM.attributes
                0x00000000000003e9       0x34 /opt/ti/ccsv8/tools/compiler/gcc-arm-none-eabi-7-2017-q4-major/bin/../lib/gcc/arm-none-eabi/7.2.1/../../../../arm-none-eabi/lib/thumb/v7e-m/fpv4-sp/hard/libc_nano.a(lib_a-signal.o)
 .ARM.attributes
                0x000000000000041d       0x34 /opt/ti/ccsv8/tools/compiler/gcc-arm-none-eabi-7-2017-q4-major/bin/../lib/gcc/arm-none-eabi/7.2.1/../../../../arm-none-eabi/lib/thumb/v7e-m/fpv4-sp/hard/libc_nano.a(lib_a-signalr.o)
 .ARM.attributes
                0x0000000000000451       0x34 /opt/ti/ccsv8/tools/compiler/gcc-arm-none-eabi-7-2017-q4-major/bin/../lib/gcc/arm-none-eabi/7.2.1/../../../../arm-none-eabi/lib/thumb/v7e-m/fpv4-sp/hard/libc_nano.a(lib_a-nano-mallocr.o)
 .ARM.attributes
                0x0000000000000485       0x34 /opt/ti/ccsv8/tools/compiler/gcc-arm-none-eabi-7-2017-q4-major/bin/../lib/gcc/arm-none-eabi/7.2.1/../../../../arm-none-eabi/lib/thumb/v7e-m/fpv4-sp/hard/libc_nano.a(lib_a-reent.o)
 .ARM.attributes
                0x00000000000004b9       0x34 /opt/ti/ccsv8/tools/compiler/gcc-arm-none-eabi-7-2017-q4-major/bin/../lib/gcc/arm-none-eabi/7.2.1/../../../../arm-none-eabi/lib/thumb/v7e-m/fpv4-sp/hard/libc_nano.a(lib_a-sbrkr.o)
 .ARM.attributes
                0x00000000000004ed       0x34 /opt/ti/ccsv8/tools/compiler/gcc-arm-none-eabi-7-2017-q4-major/bin/../lib/gcc/arm-none-eabi/7.2.1/../../../../arm-none-eabi/lib/thumb/v7e-m/fpv4-sp/hard/libc_nano.a(lib_a-mlock.o)
 .ARM.attributes
                0x0000000000000521       0x34 /opt/ti/ccsv8/tools/compiler/gcc-arm-none-eabi-7-2017-q4-major/bin/../lib/gcc/arm-none-eabi/7.2.1/../../../../arm-none-eabi/lib/thumb/v7e-m/fpv4-sp/hard/libc_nano.a(lib_a-nano-freer.o)
 .ARM.attributes
                0x0000000000000555       0x34 /opt/ti/ccsv8/tools/compiler/gcc-arm-none-eabi-7-2017-q4-major/bin/../lib/gcc/arm-none-eabi/7.2.1/../../../../arm-none-eabi/lib/thumb/v7e-m/fpv4-sp/hard/libsupc++_nano.a(class_type_info.o)
 .ARM.attributes
                0x0000000000000589       0x34 /opt/ti/ccsv8/tools/compiler/gcc-arm-none-eabi-7-2017-q4-major/bin/../lib/gcc/arm-none-eabi/7.2.1/../../../../arm-none-eabi/lib/thumb/v7e-m/fpv4-sp/hard/libsupc++_nano.a(del_op.o)
 .ARM.attributes
                0x00000000000005bd       0x34 /opt/ti/ccsv8/tools/compiler/gcc-arm-none-eabi-7-2017-q4-major/bin/../lib/gcc/arm-none-eabi/7.2.1/../../../../arm-none-eabi/lib/thumb/v7e-m/fpv4-sp/hard/libsupc++_nano.a(del_ops.o)
 .ARM.attributes
                0x00000000000005f1       0x34 /opt/ti/ccsv8/tools/compiler/gcc-arm-none-eabi-7-2017-q4-major/bin/../lib/gcc/arm-none-eabi/7.2.1/../../../../arm-none-eabi/lib/thumb/v7e-m/fpv4-sp/hard/libsupc++_nano.a(si_class_type_info.o)
 .ARM.attributes
                0x0000000000000625       0x34 /opt/ti/ccsv8/tools/compiler/gcc-arm-none-eabi-7-2017-q4-major/bin/../lib/gcc/arm-none-eabi/7.2.1/../../../../arm-none-eabi/lib/thumb/v7e-m/fpv4-sp/hard/libsupc++_nano.a(tinfo.o)
 .ARM.attributes
                0x0000000000000659       0x34 /opt/ti/ccsv8/tools/compiler/gcc-arm-none-eabi-7-2017-q4-major/bin/../lib/gcc/arm-none-eabi/7.2.1/../../../../arm-none-eabi/lib/thumb/v7e-m/fpv4-sp/hard/libnosys.a(getpid.o)
 .ARM.attributes
                0x000000000000068d       0x34 /opt/ti/ccsv8/tools/compiler/gcc-arm-none-eabi-7-2017-q4-major/bin/../lib/gcc/arm-none-eabi/7.2.1/../../../../arm-none-eabi/lib/thumb/v7e-m/fpv4-sp/hard/libnosys.a(kill.o)
 .ARM.attributes
                0x00000000000006c1       0x34 /opt/ti/ccsv8/tools/compiler/gcc-arm-none-eabi-7-2017-q4-major/bin/../lib/gcc/arm-none-eabi/7.2.1/../../../../arm-none-eabi/lib/thumb/v7e-m/fpv4-sp/hard/libnosys.a(sbrk.o)
 .ARM.attributes
                0x00000000000006f5       0x34 /opt/ti/ccsv8/tools/compiler/gcc-arm-none-eabi-7-2017-q4-major/bin/../lib/gcc/arm-none-eabi/7.2.1/../../../../arm-none-eabi/lib/thumb/v7e-m/fpv4-sp/hard/libnosys.a(_exit.o)
 .ARM.attributes
                0x0000000000000729       0x34 /opt/ti/ccsv8/tools/compiler/gcc-arm-none-eabi-7-2017-q4-major/bin/../lib/gcc/arm-none-eabi/7.2.1/../../../../arm-none-eabi/lib/thumb/v7e-m/fpv4-sp/hard/libc_nano.a(lib_a-malloc.o)
 .ARM.attributes
                0x000000000000075d       0x20 /opt/ti/ccsv8/tools/compiler/gcc-arm-none-eabi-7-2017-q4-major/bin/../lib/gcc/arm-none-eabi/7.2.1/../../../../arm-none-eabi/lib/thumb/v7e-m/fpv4-sp/hard/libc_nano.a(lib_a-strcmp.o)
 .ARM.attributes
                0x000000000000077d       0x34 /opt/ti/ccsv8/tools/compiler/gcc-arm-none-eabi-7-2017-q4-major/bin/../lib/gcc/arm-none-eabi/7.2.1/thumb/v7e-m/fpv4-sp/hard/crtend.o
 .ARM.attributes
                0x00000000000007b1       0x22 /opt/ti/ccsv8/tools/compiler/gcc-arm-none-eabi-7-2017-q4-major/bin/../lib/gcc/arm-none-eabi/7.2.1/thumb/v7e-m/fpv4-sp/hard/crtn.o

.comment        0x0000000000000000       0x7e
 .comment       0x0000000000000000       0x7e ./main.o
                                         0x7f (size before relaxing)
 .comment       0x000000000000007e       0x7f ./startup_msp432p401r_gcc.o
 .comment       0x000000000000007e       0x7f ./system_msp432p401r.o
 .comment       0x000000000000007e       0x7f /home/student/git/YAHAL/libYAHAL_msp432.a(gpio_msp432.cpp.o)
 .comment       0x000000000000007e       0x7f /home/student/git/YAHAL/libYAHAL_msp432.a(adc14_msp432.cpp.o)

.debug_info     0x0000000000000000     0x4546
 .debug_info    0x0000000000000000      0xd3b ./main.o
 .debug_info    0x0000000000000d3b      0x144 ./startup_msp432p401r_gcc.o
 .debug_info    0x0000000000000e7f      0xd1b ./system_msp432p401r.o
 .debug_info    0x0000000000001b9a     0x1596 /home/student/git/YAHAL/libYAHAL_msp432.a(gpio_msp432.cpp.o)
 .debug_info    0x0000000000003130     0x1416 /home/student/git/YAHAL/libYAHAL_msp432.a(adc14_msp432.cpp.o)

.debug_abbrev   0x0000000000000000      0xeee
 .debug_abbrev  0x0000000000000000      0x304 ./main.o
 .debug_abbrev  0x0000000000000304       0xbd ./startup_msp432p401r_gcc.o
 .debug_abbrev  0x00000000000003c1      0x115 ./system_msp432p401r.o
 .debug_abbrev  0x00000000000004d6      0x504 /home/student/git/YAHAL/libYAHAL_msp432.a(gpio_msp432.cpp.o)
 .debug_abbrev  0x00000000000009da      0x514 /home/student/git/YAHAL/libYAHAL_msp432.a(adc14_msp432.cpp.o)

.debug_aranges  0x0000000000000000      0x1b8
 .debug_aranges
                0x0000000000000000       0x20 ./main.o
 .debug_aranges
                0x0000000000000020       0x20 ./startup_msp432p401r_gcc.o
 .debug_aranges
                0x0000000000000040       0x20 ./system_msp432p401r.o
 .debug_aranges
                0x0000000000000060       0xb8 /home/student/git/YAHAL/libYAHAL_msp432.a(gpio_msp432.cpp.o)
 .debug_aranges
                0x0000000000000118       0xa0 /home/student/git/YAHAL/libYAHAL_msp432.a(adc14_msp432.cpp.o)

.debug_line     0x0000000000000000      0xed8
 .debug_line    0x0000000000000000      0x259 ./main.o
 .debug_line    0x0000000000000259      0x130 ./startup_msp432p401r_gcc.o
 .debug_line    0x0000000000000389      0x204 ./system_msp432p401r.o
 .debug_line    0x000000000000058d      0x4ae /home/student/git/YAHAL/libYAHAL_msp432.a(gpio_msp432.cpp.o)
 .debug_line    0x0000000000000a3b      0x49d /home/student/git/YAHAL/libYAHAL_msp432.a(adc14_msp432.cpp.o)

.debug_str      0x0000000000000000     0x20ae
 .debug_str     0x0000000000000000      0x9a7 ./main.o
                                        0xa41 (size before relaxing)
 .debug_str     0x00000000000009a7      0x14e ./startup_msp432p401r_gcc.o
                                        0x221 (size before relaxing)
 .debug_str     0x0000000000000af5      0x893 ./system_msp432p401r.o
                                        0xab4 (size before relaxing)
 .debug_str     0x0000000000001388      0x878 /home/student/git/YAHAL/libYAHAL_msp432.a(gpio_msp432.cpp.o)
                                        0xd32 (size before relaxing)
 .debug_str     0x0000000000001c00      0x4ae /home/student/git/YAHAL/libYAHAL_msp432.a(adc14_msp432.cpp.o)
                                        0xca7 (size before relaxing)

.debug_frame    0x0000000000000000      0xf60
 .debug_frame   0x0000000000000000       0x28 ./main.o
 .debug_frame   0x0000000000000028       0x38 ./startup_msp432p401r_gcc.o
 .debug_frame   0x0000000000000060       0x30 ./system_msp432p401r.o
 .debug_frame   0x0000000000000090      0x264 /home/student/git/YAHAL/libYAHAL_msp432.a(gpio_msp432.cpp.o)
 .debug_frame   0x00000000000002f4      0x20c /home/student/git/YAHAL/libYAHAL_msp432.a(adc14_msp432.cpp.o)
 .debug_frame   0x0000000000000500      0x2f0 /opt/ti/ccsv8/tools/compiler/gcc-arm-none-eabi-7-2017-q4-major/bin/../lib/gcc/arm-none-eabi/7.2.1/thumb/v7e-m/fpv4-sp/hard/libgcc.a(unwind-arm.o)
 .debug_frame   0x00000000000007f0      0x104 /opt/ti/ccsv8/tools/compiler/gcc-arm-none-eabi-7-2017-q4-major/bin/../lib/gcc/arm-none-eabi/7.2.1/thumb/v7e-m/fpv4-sp/hard/libgcc.a(pr-support.o)
 .debug_frame   0x00000000000008f4       0x28 /opt/ti/ccsv8/tools/compiler/gcc-arm-none-eabi-7-2017-q4-major/bin/../lib/gcc/arm-none-eabi/7.2.1/../../../../arm-none-eabi/lib/thumb/v7e-m/fpv4-sp/hard/libc_nano.a(lib_a-abort.o)
 .debug_frame   0x000000000000091c       0x20 /opt/ti/ccsv8/tools/compiler/gcc-arm-none-eabi-7-2017-q4-major/bin/../lib/gcc/arm-none-eabi/7.2.1/../../../../arm-none-eabi/lib/thumb/v7e-m/fpv4-sp/hard/libc_nano.a(lib_a-aeabi_atexit.o)
 .debug_frame   0x000000000000093c       0x28 /opt/ti/ccsv8/tools/compiler/gcc-arm-none-eabi-7-2017-q4-major/bin/../lib/gcc/arm-none-eabi/7.2.1/../../../../arm-none-eabi/lib/thumb/v7e-m/fpv4-sp/hard/libc_nano.a(lib_a-cxa_atexit.o)
 .debug_frame   0x0000000000000964       0x28 /opt/ti/ccsv8/tools/compiler/gcc-arm-none-eabi-7-2017-q4-major/bin/../lib/gcc/arm-none-eabi/7.2.1/../../../../arm-none-eabi/lib/thumb/v7e-m/fpv4-sp/hard/libc_nano.a(lib_a-exit.o)
 .debug_frame   0x000000000000098c       0x2c /opt/ti/ccsv8/tools/compiler/gcc-arm-none-eabi-7-2017-q4-major/bin/../lib/gcc/arm-none-eabi/7.2.1/../../../../arm-none-eabi/lib/thumb/v7e-m/fpv4-sp/hard/libc_nano.a(lib_a-init.o)
 .debug_frame   0x00000000000009b8       0x28 /opt/ti/ccsv8/tools/compiler/gcc-arm-none-eabi-7-2017-q4-major/bin/../lib/gcc/arm-none-eabi/7.2.1/../../../../arm-none-eabi/lib/thumb/v7e-m/fpv4-sp/hard/libc_nano.a(lib_a-memcpy-stub.o)
 .debug_frame   0x00000000000009e0       0x20 /opt/ti/ccsv8/tools/compiler/gcc-arm-none-eabi-7-2017-q4-major/bin/../lib/gcc/arm-none-eabi/7.2.1/../../../../arm-none-eabi/lib/thumb/v7e-m/fpv4-sp/hard/libc_nano.a(lib_a-memset.o)
 .debug_frame   0x0000000000000a00       0xcc /opt/ti/ccsv8/tools/compiler/gcc-arm-none-eabi-7-2017-q4-major/bin/../lib/gcc/arm-none-eabi/7.2.1/../../../../arm-none-eabi/lib/thumb/v7e-m/fpv4-sp/hard/libc_nano.a(lib_a-signal.o)
 .debug_frame   0x0000000000000acc       0x3c /opt/ti/ccsv8/tools/compiler/gcc-arm-none-eabi-7-2017-q4-major/bin/../lib/gcc/arm-none-eabi/7.2.1/../../../../arm-none-eabi/lib/thumb/v7e-m/fpv4-sp/hard/libc_nano.a(lib_a-signalr.o)
 .debug_frame   0x0000000000000b08       0x2c /opt/ti/ccsv8/tools/compiler/gcc-arm-none-eabi-7-2017-q4-major/bin/../lib/gcc/arm-none-eabi/7.2.1/../../../../arm-none-eabi/lib/thumb/v7e-m/fpv4-sp/hard/libc_nano.a(lib_a-nano-mallocr.o)
 .debug_frame   0x0000000000000b34       0x5c /opt/ti/ccsv8/tools/compiler/gcc-arm-none-eabi-7-2017-q4-major/bin/../lib/gcc/arm-none-eabi/7.2.1/../../../../arm-none-eabi/lib/thumb/v7e-m/fpv4-sp/hard/libc_nano.a(lib_a-reent.o)
 .debug_frame   0x0000000000000b90       0x2c /opt/ti/ccsv8/tools/compiler/gcc-arm-none-eabi-7-2017-q4-major/bin/../lib/gcc/arm-none-eabi/7.2.1/../../../../arm-none-eabi/lib/thumb/v7e-m/fpv4-sp/hard/libc_nano.a(lib_a-sbrkr.o)
 .debug_frame   0x0000000000000bbc       0x30 /opt/ti/ccsv8/tools/compiler/gcc-arm-none-eabi-7-2017-q4-major/bin/../lib/gcc/arm-none-eabi/7.2.1/../../../../arm-none-eabi/lib/thumb/v7e-m/fpv4-sp/hard/libc_nano.a(lib_a-mlock.o)
 .debug_frame   0x0000000000000bec       0x38 /opt/ti/ccsv8/tools/compiler/gcc-arm-none-eabi-7-2017-q4-major/bin/../lib/gcc/arm-none-eabi/7.2.1/../../../../arm-none-eabi/lib/thumb/v7e-m/fpv4-sp/hard/libc_nano.a(lib_a-nano-freer.o)
 .debug_frame   0x0000000000000c24       0xd8 /opt/ti/ccsv8/tools/compiler/gcc-arm-none-eabi-7-2017-q4-major/bin/../lib/gcc/arm-none-eabi/7.2.1/../../../../arm-none-eabi/lib/thumb/v7e-m/fpv4-sp/hard/libsupc++_nano.a(class_type_info.o)
 .debug_frame   0x0000000000000cfc       0x20 /opt/ti/ccsv8/tools/compiler/gcc-arm-none-eabi-7-2017-q4-major/bin/../lib/gcc/arm-none-eabi/7.2.1/../../../../arm-none-eabi/lib/thumb/v7e-m/fpv4-sp/hard/libsupc++_nano.a(del_op.o)
 .debug_frame   0x0000000000000d1c       0x20 /opt/ti/ccsv8/tools/compiler/gcc-arm-none-eabi-7-2017-q4-major/bin/../lib/gcc/arm-none-eabi/7.2.1/../../../../arm-none-eabi/lib/thumb/v7e-m/fpv4-sp/hard/libsupc++_nano.a(del_ops.o)
 .debug_frame   0x0000000000000d3c       0xd4 /opt/ti/ccsv8/tools/compiler/gcc-arm-none-eabi-7-2017-q4-major/bin/../lib/gcc/arm-none-eabi/7.2.1/../../../../arm-none-eabi/lib/thumb/v7e-m/fpv4-sp/hard/libsupc++_nano.a(si_class_type_info.o)
 .debug_frame   0x0000000000000e10       0x80 /opt/ti/ccsv8/tools/compiler/gcc-arm-none-eabi-7-2017-q4-major/bin/../lib/gcc/arm-none-eabi/7.2.1/../../../../arm-none-eabi/lib/thumb/v7e-m/fpv4-sp/hard/libsupc++_nano.a(tinfo.o)
 .debug_frame   0x0000000000000e90       0x20 /opt/ti/ccsv8/tools/compiler/gcc-arm-none-eabi-7-2017-q4-major/bin/../lib/gcc/arm-none-eabi/7.2.1/../../../../arm-none-eabi/lib/thumb/v7e-m/fpv4-sp/hard/libnosys.a(getpid.o)
 .debug_frame   0x0000000000000eb0       0x20 /opt/ti/ccsv8/tools/compiler/gcc-arm-none-eabi-7-2017-q4-major/bin/../lib/gcc/arm-none-eabi/7.2.1/../../../../arm-none-eabi/lib/thumb/v7e-m/fpv4-sp/hard/libnosys.a(kill.o)