Archive member included to satisfy reference by file (symbol)

/home/student/git/YAHAL/libYAHAL_msp432.a(gpio_msp432.cpp.o)
                              ./main.o (gpio_msp432::inst)
/home/student/git/YAHAL/libYAHAL_msp432.a(adc14_msp432.cpp.o)
                              ./main.o (adc14_msp432::inst)
/opt/ti/ccs930/ccs/tools/compiler/gcc-arm-none-eabi-7-2017-q4-major/bin/../lib/gcc/arm-none-eabi/7.2.1/thumb/v7e-m/fpv4-sp/hard/libgcc.a(unwind-arm.o)
                              ./main.o (__aeabi_unwind_cpp_pr0)
/opt/ti/ccs930/ccs/tools/compiler/gcc-arm-none-eabi-7-2017-q4-major/bin/../lib/gcc/arm-none-eabi/7.2.1/thumb/v7e-m/fpv4-sp/hard/libgcc.a(libunwind.o)
                              /opt/ti/ccs930/ccs/tools/compiler/gcc-arm-none-eabi-7-2017-q4-major/bin/../lib/gcc/arm-none-eabi/7.2.1/thumb/v7e-m/fpv4-sp/hard/libgcc.a(unwind-arm.o) (restore_core_regs)
/opt/ti/ccs930/ccs/tools/compiler/gcc-arm-none-eabi-7-2017-q4-major/bin/../lib/gcc/arm-none-eabi/7.2.1/thumb/v7e-m/fpv4-sp/hard/libgcc.a(pr-support.o)
                              /opt/ti/ccs930/ccs/tools/compiler/gcc-arm-none-eabi-7-2017-q4-major/bin/../lib/gcc/arm-none-eabi/7.2.1/thumb/v7e-m/fpv4-sp/hard/libgcc.a(unwind-arm.o) (__gnu_unwind_execute)
/opt/ti/ccs930/ccs/tools/compiler/gcc-arm-none-eabi-7-2017-q4-major/bin/../lib/gcc/arm-none-eabi/7.2.1/../../../../arm-none-eabi/lib/thumb/v7e-m/fpv4-sp/hard/libc_nano.a(lib_a-abort.o)
                              /opt/ti/ccs930/ccs/tools/compiler/gcc-arm-none-eabi-7-2017-q4-major/bin/../lib/gcc/arm-none-eabi/7.2.1/thumb/v7e-m/fpv4-sp/hard/libgcc.a(unwind-arm.o) (abort)
/opt/ti/ccs930/ccs/tools/compiler/gcc-arm-none-eabi-7-2017-q4-major/bin/../lib/gcc/arm-none-eabi/7.2.1/../../../../arm-none-eabi/lib/thumb/v7e-m/fpv4-sp/hard/libc_nano.a(lib_a-aeabi_atexit.o)
                              /home/student/git/YAHAL/libYAHAL_msp432.a(gpio_msp432.cpp.o) (__aeabi_atexit)
/opt/ti/ccs930/ccs/tools/compiler/gcc-arm-none-eabi-7-2017-q4-major/bin/../lib/gcc/arm-none-eabi/7.2.1/../../../../arm-none-eabi/lib/thumb/v7e-m/fpv4-sp/hard/libc_nano.a(lib_a-cxa_atexit.o)
                              /opt/ti/ccs930/ccs/tools/compiler/gcc-arm-none-eabi-7-2017-q4-major/bin/../lib/gcc/arm-none-eabi/7.2.1/../../../../arm-none-eabi/lib/thumb/v7e-m/fpv4-sp/hard/libc_nano.a(lib_a-aeabi_atexit.o) (__cxa_atexit)
/opt/ti/ccs930/ccs/tools/compiler/gcc-arm-none-eabi-7-2017-q4-major/bin/../lib/gcc/arm-none-eabi/7.2.1/../../../../arm-none-eabi/lib/thumb/v7e-m/fpv4-sp/hard/libc_nano.a(lib_a-exit.o)
                              /opt/ti/ccs930/ccs/tools/compiler/gcc-arm-none-eabi-7-2017-q4-major/bin/../lib/gcc/arm-none-eabi/7.2.1/../../../../arm-none-eabi/lib/thumb/v7e-m/fpv4-sp/hard/crt0.o (exit)
/opt/ti/ccs930/ccs/tools/compiler/gcc-arm-none-eabi-7-2017-q4-major/bin/../lib/gcc/arm-none-eabi/7.2.1/../../../../arm-none-eabi/lib/thumb/v7e-m/fpv4-sp/hard/libc_nano.a(lib_a-impure.o)
                              /opt/ti/ccs930/ccs/tools/compiler/gcc-arm-none-eabi-7-2017-q4-major/bin/../lib/gcc/arm-none-eabi/7.2.1/../../../../arm-none-eabi/lib/thumb/v7e-m/fpv4-sp/hard/libc_nano.a(lib_a-exit.o) (_global_impure_ptr)
/opt/ti/ccs930/ccs/tools/compiler/gcc-arm-none-eabi-7-2017-q4-major/bin/../lib/gcc/arm-none-eabi/7.2.1/../../../../arm-none-eabi/lib/thumb/v7e-m/fpv4-sp/hard/libc_nano.a(lib_a-init.o)
                              /opt/ti/ccs930/ccs/tools/compiler/gcc-arm-none-eabi-7-2017-q4-major/bin/../lib/gcc/arm-none-eabi/7.2.1/../../../../arm-none-eabi/lib/thumb/v7e-m/fpv4-sp/hard/crt0.o (__libc_init_array)
/opt/ti/ccs930/ccs/tools/compiler/gcc-arm-none-eabi-7-2017-q4-major/bin/../lib/gcc/arm-none-eabi/7.2.1/../../../../arm-none-eabi/lib/thumb/v7e-m/fpv4-sp/hard/libc_nano.a(lib_a-memcpy-stub.o)
                              /opt/ti/ccs930/ccs/tools/compiler/gcc-arm-none-eabi-7-2017-q4-major/bin/../lib/gcc/arm-none-eabi/7.2.1/thumb/v7e-m/fpv4-sp/hard/libgcc.a(unwind-arm.o) (memcpy)
/opt/ti/ccs930/ccs/tools/compiler/gcc-arm-none-eabi-7-2017-q4-major/bin/../lib/gcc/arm-none-eabi/7.2.1/../../../../arm-none-eabi/lib/thumb/v7e-m/fpv4-sp/hard/libc_nano.a(lib_a-memset.o)
                              /opt/ti/ccs930/ccs/tools/compiler/gcc-arm-none-eabi-7-2017-q4-major/bin/../lib/gcc/arm-none-eabi/7.2.1/../../../../arm-none-eabi/lib/thumb/v7e-m/fpv4-sp/hard/crt0.o (memset)
/opt/ti/ccs930/ccs/tools/compiler/gcc-arm-none-eabi-7-2017-q4-major/bin/../lib/gcc/arm-none-eabi/7.2.1/../../../../arm-none-eabi/lib/thumb/v7e-m/fpv4-sp/hard/libc_nano.a(lib_a-on_exit_args.o)
                              /opt/ti/ccs930/ccs/tools/compiler/gcc-arm-none-eabi-7-2017-q4-major/bin/../lib/gcc/arm-none-eabi/7.2.1/../../../../arm-none-eabi/lib/thumb/v7e-m/fpv4-sp/hard/libc_nano.a(lib_a-cxa_atexit.o) (__on_exit_args)
/opt/ti/ccs930/ccs/tools/compiler/gcc-arm-none-eabi-7-2017-q4-major/bin/../lib/gcc/arm-none-eabi/7.2.1/../../../../arm-none-eabi/lib/thumb/v7e-m/fpv4-sp/hard/libc_nano.a(lib_a-signal.o)
[...]
Memory Configuration

Name             Origin             Length             Attributes
MAIN_FLASH       0x0000000000000000 0x0000000000040000 xr
INFO_FLASH       0x0000000000200000 0x0000000000004000 xr
SRAM_CODE        0x0000000001000000 0x0000000000010000 xrw
SRAM_DATA        0x0000000020000000 0x0000000000010000 rw
*default*        0x0000000000000000 0xffffffffffffffff

Linker script and memory map

LOAD /opt/ti/ccs930/ccs/tools/compiler/gcc-arm-none-eabi-7-2017-q4-major/bin/../lib/gcc/arm-none-eabi/7.2.1/thumb/v7e-m/fpv4-sp/hard/crti.o
LOAD /opt/ti/ccs930/ccs/tools/compiler/gcc-arm-none-eabi-7-2017-q4-major/bin/../lib/gcc/arm-none-eabi/7.2.1/thumb/v7e-m/fpv4-sp/hard/crtbegin.o
LOAD /opt/ti/ccs930/ccs/tools/compiler/gcc-arm-none-eabi-7-2017-q4-major/bin/../lib/gcc/arm-none-eabi/7.2.1/../../../../arm-none-eabi/lib/thumb/v7e-m/fpv4-sp/hard/crt0.o
LOAD ./main.o
LOAD ./startup_msp432p401r_gcc.o
LOAD ./system_msp432p401r.o
                0x0000000000000000                PROVIDE (_intvecs_base_address, DEFINED (_intvecs_base_address)?_intvecs_base_address:0x0)

.intvecs        0x0000000000000000       0xe4
 *(.intvecs)
 .intvecs       0x0000000000000000       0xe4 ./startup_msp432p401r_gcc.o
                0x0000000000000000                interruptVectors
                0x0000000000200000                PROVIDE (_mailbox_base_address, 0x200000)

.flashMailbox
 *(.flashMailbox)
                0x0000000000201000                PROVIDE (_tlv_base_address, 0x201000)

.tlvTable
 *(.tlvTable)
                0x0000000000202000                PROVIDE (_bsl_base_address, 0x202000)

.bslArea
 *(.bslArea)
                0x0000000020000000                PROVIDE (_vtable_base_address, DEFINED (_vtable_base_address)?_vtable_base_address:0x20000000)

.vtable
 *(.vtable)

.text           0x00000000000000e4     0x3194
 CREATE_OBJECT_SYMBOLS
 *(.text)
 .text          0x00000000000000e4        0x0 /opt/ti/ccs930/ccs/tools/compiler/gcc-arm-none-eabi-7-2017-q4-major/bin/../lib/gcc/arm-none-eabi/7.2.1/thumb/v7e-m/fpv4-sp/hard/crti.o
 .text          0x00000000000000e4       0x40 /opt/ti/ccs930/ccs/tools/compiler/gcc-arm-none-eabi-7-2017-q4-major/bin/../lib/gcc/arm-none-eabi/7.2.1/thumb/v7e-m/fpv4-sp/hard/crtbegin.o
 .text          0x0000000000000124       0x74 /opt/ti/ccs930/ccs/tools/compiler/gcc-arm-none-eabi-7-2017-q4-major/bin/../lib/gcc/arm-none-eabi/7.2.1/../../../../arm-none-eabi/lib/thumb/v7e-m/fpv4-sp/hard/crt0.o
                0x0000000000000124                _mainCRTStartup
                0x0000000000000124                _start
 .text          0x0000000000000198       0x9c ./main.o
                0x0000000000000198                main
 .text          0x0000000000000234       0x30 ./startup_msp432p401r_gcc.o
                0x0000000000000234                CS_IRQHandler
                0x0000000000000234                DebugMon_Handler
                0x0000000000000234                AES256_IRQHandler
                0x0000000000000234                HardFault_Handler
                0x0000000000000234                SysTick_Handler
                0x0000000000000234                PendSV_Handler
                0x0000000000000234                NMI_Handler
                0x0000000000000234                RTC_C_IRQHandler
                0x0000000000000234                FPU_IRQHandler
                0x0000000000000234                TA3_0_IRQHandler
                0x0000000000000234                UsageFault_Handler
                0x0000000000000234                DMA_INT3_IRQHandler
                0x0000000000000234                TA2_0_IRQHandler
                0x0000000000000234                DMA_INT1_IRQHandler
                0x0000000000000234                WDT_A_IRQHandler
                0x0000000000000234                TA2_N_IRQHandler
                0x0000000000000234                TA1_0_IRQHandler
                0x0000000000000234                PSS_IRQHandler
                0x0000000000000234                DMA_INT2_IRQHandler
                0x0000000000000234                EUSCIA3_IRQHandler
                0x0000000000000234                DMA_INT0_IRQHandler
                0x0000000000000234                EUSCIB0_IRQHandler
                0x0000000000000234                Default_Handler
                0x0000000000000234                T32_INTC_IRQHandler
                0x0000000000000234                TA3_N_IRQHandler
                0x0000000000000234                TA0_0_IRQHandler
                0x0000000000000234                EUSCIA2_IRQHandler
                0x0000000000000234                MemManage_Handler
                0x0000000000000234                SVC_Handler
                0x0000000000000234                TA1_N_IRQHandler
                0x0000000000000234                EUSCIA1_IRQHandler
                0x0000000000000234                COMP_E1_IRQHandler
                0x0000000000000234                EUSCIB2_IRQHandler
                0x0000000000000234                FLCTL_IRQHandler
                0x0000000000000234                EUSCIB3_IRQHandler
                0x0000000000000234                T32_INT1_IRQHandler
                0x0000000000000234                DMA_ERR_IRQHandler
                0x0000000000000234                EUSCIA0_IRQHandler
                0x0000000000000234                BusFault_Handler
                0x0000000000000234                PCM_IRQHandler
                0x0000000000000234                TA0_N_IRQHandler
                0x0000000000000234                COMP_E0_IRQHandler
                0x0000000000000234                EUSCIB1_IRQHandler
                0x0000000000000234                T32_INT2_IRQHandler
                0x0000000000000236                Reset_Handler
 .text          0x0000000000000264      0x280 ./system_msp432p401r.o
                0x0000000000000264                SystemCoreClockUpdate
                0x0000000000000480                SystemInit
 .text          0x00000000000004e4        0x0 /home/student/git/YAHAL/libYAHAL_msp432.a(gpio_msp432.cpp.o)
 .text          0x00000000000004e4        0x0 /home/student/git/YAHAL/libYAHAL_msp432.a(adc14_msp432.cpp.o)
 .text          0x00000000000004e4      0x9ec /opt/ti/ccs930/ccs/tools/compiler/gcc-arm-none-eabi-7-2017-q4-major/bin/../lib/gcc/arm-none-eabi/7.2.1/thumb/v7e-m/fpv4-sp/hard/libgcc.a(unwind-arm.o)
                0x0000000000000798                _Unwind_GetCFA
                0x000000000000079c                __gnu_Unwind_RaiseException
                0x00000000000007fc                __gnu_Unwind_ForcedUnwind
                0x0000000000000810                __gnu_Unwind_Resume
                0x0000000000000854                __gnu_Unwind_Resume_or_Rethrow
                0x0000000000000864                _Unwind_Complete
                0x0000000000000868                _Unwind_DeleteException
                0x0000000000000874                _Unwind_VRS_Get
                0x00000000000008b8                _Unwind_VRS_Set
                0x0000000000000900                __gnu_Unwind_Backtrace
                0x0000000000000c44                __aeabi_unwind_cpp_pr0
                0x0000000000000c48                __aeabi_unwind_cpp_pr1
                0x0000000000000c4c                __aeabi_unwind_cpp_pr2
                0x0000000000000c50                _Unwind_VRS_Pop
 .text          0x0000000000000ed0      0x1ac /opt/ti/ccs930/ccs/tools/compiler/gcc-arm-none-eabi-7-2017-q4-major/bin/../lib/gcc/arm-none-eabi/7.2.1/thumb/v7e-m/fpv4-sp/hard/libgcc.a(libunwind.o)
                0x0000000000000ed0                __restore_core_regs
                0x0000000000000ed0                restore_core_regs
                0x0000000000000ee8                __gnu_Unwind_Restore_VFP
                0x0000000000000ef0                __gnu_Unwind_Save_VFP
                0x0000000000000ef8                __gnu_Unwind_Restore_VFP_D
                0x0000000000000f00                __gnu_Unwind_Save_VFP_D
                0x0000000000000f08                __gnu_Unwind_Restore_VFP_D_16_to_31
                0x0000000000000f10                __gnu_Unwind_Save_VFP_D_16_to_31
                0x0000000000000f18                __gnu_Unwind_Restore_WMMXD
                0x0000000000000f5c                __gnu_Unwind_Save_WMMXD
                0x0000000000000fa0                __gnu_Unwind_Restore_WMMXC
                0x0000000000000fb4                __gnu_Unwind_Save_WMMXC
                0x0000000000000fc8                ___Unwind_RaiseException
                0x0000000000000fc8                _Unwind_RaiseException
                0x0000000000000fec                ___Unwind_Resume
                0x0000000000000fec                _Unwind_Resume
                0x0000000000001010                _Unwind_Resume_or_Rethrow
                0x0000000000001010                ___Unwind_Resume_or_Rethrow
                0x0000000000001034                ___Unwind_ForcedUnwind
                0x0000000000001034                _Unwind_ForcedUnwind
                0x0000000000001058                _Unwind_Backtrace
                0x0000000000001058                ___Unwind_Backtrace
 .text          0x000000000000107c      0x374 /opt/ti/ccs930/ccs/tools/compiler/gcc-arm-none-eabi-7-2017-q4-major/bin/../lib/gcc/arm-none-eabi/7.2.1/thumb/v7e-m/fpv4-sp/hard/libgcc.a(pr-support.o)
                0x00000000000010d4                __gnu_unwind_execute
                0x0000000000001398                __gnu_unwind_frame
                0x00000000000013c0                _Unwind_GetRegionStart
                0x00000000000013cc                _Unwind_GetLanguageSpecificData
                0x00000000000013e0                _Unwind_GetDataRelBase
                0x00000000000013e8                _Unwind_GetTextRelBase
 .text          0x00000000000013f0        0x0 /opt/ti/ccs930/ccs/tools/compiler/gcc-arm-none-eabi-7-2017-q4-major/bin/../lib/gcc/arm-none-eabi/7.2.1/../../../../arm-none-eabi/lib/thumb/v7e-m/fpv4-sp/hard/libc_nano.a(lib_a-abort.o)
 .text          0x00000000000013f0        0x0 /opt/ti/ccs930/ccs/tools/compiler/gcc-arm-none-eabi-7-2017-q4-major/bin/../lib/gcc/arm-none-eabi/7.2.1/../../../../arm-none-eabi/lib/thumb/v7e-m/fpv4-sp/hard/libc_nano.a(lib_a-aeabi_atexit.o)
 .text          0x00000000000013f0        0x0 /opt/ti/ccs930/ccs/tools/compiler/gcc-arm-none-eabi-7-2017-q4-major/bin/../lib/gcc/arm-none-eabi/7.2.1/../../../../arm-none-eabi/lib/thumb/v7e-m/fpv4-sp/hard/libc_nano.a(lib_a-cxa_atexit.o)
 .text          0x00000000000013f0        0x0 /opt/ti/ccs930/ccs/tools/compiler/gcc-arm-none-eabi-7-2017-q4-major/bin/../lib/gcc/arm-none-eabi/7.2.1/../../../../arm-none-eabi/lib/thumb/v7e-m/fpv4-sp/hard/libc_nano.a(lib_a-exit.o)
 .text          0x00000000000013f0        0x0 /opt/ti/ccs930/ccs/tools/compiler/gcc-arm-none-eabi-7-2017-q4-major/bin/../lib/gcc/arm-none-eabi/7.2.1/../../../../arm-none-eabi/lib/thumb/v7e-m/fpv4-sp/hard/libc_nano.a(lib_a-impure.o)
 .text          0x00000000000013f0        0x0 /opt/ti/ccs930/ccs/tools/compiler/gcc-arm-none-eabi-7-2017-q4-major/bin/../lib/gcc/arm-none-eabi/7.2.1/../../../../arm-none-eabi/lib/thumb/v7e-m/fpv4-sp/hard/libc_nano.a(lib_a-init.o)
 .text          0x00000000000013f0        0x0 /opt/ti/ccs930/ccs/tools/compiler/gcc-arm-none-eabi-7-2017-q4-major/bin/../lib/gcc/arm-none-eabi/7.2.1/../../../../arm-none-eabi/lib/thumb/v7e-m/fpv4-sp/hard/libc_nano.a(lib_a-memcpy-stub.o)
 .text          0x00000000000013f0        0x0 /opt/ti/ccs930/ccs/tools/compiler/gcc-arm-none-eabi-7-2017-q4-major/bin/../lib/gcc/arm-none-eabi/7.2.1/../../../../arm-none-eabi/lib/thumb/v7e-m/fpv4-sp/hard/libc_nano.a(lib_a-memset.o)
 .text          0x00000000000013f0        0x0 /opt/ti/ccs930/ccs/tools/compiler/gcc-arm-none-eabi-7-2017-q4-major/bin/../lib/gcc/arm-none-eabi/7.2.1/../../../../arm-none-eabi/lib/thumb/v7e-m/fpv4-sp/hard/libc_nano.a(lib_a-on_exit_args.o)
 .text          0x00000000000013f0        0x0 /opt/ti/ccs930/ccs/tools/compiler/gcc-arm-none-eabi-7-2017-q4-major/bin/../lib/gcc/arm-none-eabi/7.2.1/../../../../arm-none-eabi/lib/thumb/v7e-m/fpv4-sp/hard/libc_nano.a(lib_a-signal.o)
 .text          0x00000000000013f0        0x0 /opt/ti/ccs930/ccs/tools/compiler/gcc-arm-none-eabi-7-2017-q4-major/bin/../lib/gcc/arm-none-eabi/7.2.1/../../../../arm-none-eabi/lib/thumb/v7e-m/fpv4-sp/hard/libc_nano.a(lib_a-signalr.o)
 .text          0x00000000000013f0        0x0 /opt/ti/ccs930/ccs/tools/compiler/gcc-arm-none-eabi-7-2017-q4-major/bin/../lib/gcc/arm-none-eabi/7.2.1/../../../../arm-none-eabi/lib/thumb/v7e-m/fpv4-sp/hard/libc_nano.a(lib_a-nano-mallocr.o)
 .text          0x00000000000013f0        0x0 /opt/ti/ccs930/ccs/tools/compiler/gcc-arm-none-eabi-7-2017-q4-major/bin/../lib/gcc/arm-none-eabi/7.2.1/../../../../arm-none-eabi/lib/thumb/v7e-m/fpv4-sp/hard/libc_nano.a(lib_a-reent.o)
 .text          0x00000000000013f0        0x0 /opt/ti/ccs930/ccs/tools/compiler/gcc-arm-none-eabi-7-2017-q4-major/bin/../lib/gcc/arm-none-eabi/7.2.1/../../../../arm-none-eabi/lib/thumb/v7e-m/fpv4-sp/hard/libc_nano.a(lib_a-sbrkr.o)
 .text          0x00000000000013f0        0x0 /opt/ti/ccs930/ccs/tools/compiler/gcc-arm-none-eabi-7-2017-q4-major/bin/../lib/gcc/arm-none-eabi/7.2.1/../../../../arm-none-eabi/lib/thumb/v7e-m/fpv4-sp/hard/libc_nano.a(lib_a-mlock.o)
 .text          0x00000000000013f0        0x0 /opt/ti/ccs930/ccs/tools/compiler/gcc-arm-none-eabi-7-2017-q4-major/bin/../lib/gcc/arm-none-eabi/7.2.1/../../../../arm-none-eabi/lib/thumb/v7e-m/fpv4-sp/hard/libc_nano.a(lib_a-nano-freer.o)
 .text          0x00000000000013f0        0x0 /opt/ti/ccs930/ccs/tools/compiler/gcc-arm-none-eabi-7-2017-q4-major/bin/../lib/gcc/arm-none-eabi/7.2.1/../../../../arm-none-eabi/lib/thumb/v7e-m/fpv4-sp/hard/libsupc++_nano.a(class_type_info.o)
 .text          0x00000000000013f0        0x0 /opt/ti/ccs930/ccs/tools/compiler/gcc-arm-none-eabi-7-2017-q4-major/bin/../lib/gcc/arm-none-eabi/7.2.1/../../../../arm-none-eabi/lib/thumb/v7e-m/fpv4-sp/hard/libsupc++_nano.a(del_op.o)
 .text          0x00000000000013f0        0x0 /opt/ti/ccs930/ccs/tools/compiler/gcc-arm-none-eabi-7-2017-q4-major/bin/../lib/gcc/arm-none-eabi/7.2.1/../../../../arm-none-eabi/lib/thumb/v7e-m/fpv4-sp/hard/libsupc++_nano.a(del_ops.o)
 .text          0x00000000000013f0        0x0 /opt/ti/ccs930/ccs/tools/compiler/gcc-arm-none-eabi-7-2017-q4-major/bin/../lib/gcc/arm-none-eabi/7.2.1/../../../../arm-none-eabi/lib/thumb/v7e-m/fpv4-sp/hard/libsupc++_nano.a(pure.o)
 .text          0x00000000000013f0        0x0 /opt/ti/ccs930/ccs/tools/compiler/gcc-arm-none-eabi-7-2017-q4-major/bin/../lib/gcc/arm-none-eabi/7.2.1/../../../../arm-none-eabi/lib/thumb/v7e-m/fpv4-sp/hard/libsupc++_nano.a(si_class_type_info.o)
 .text          0x00000000000013f0        0x0 /opt/ti/ccs930/ccs/tools/compiler/gcc-arm-none-eabi-7-2017-q4-major/bin/../lib/gcc/arm-none-eabi/7.2.1/../../../../arm-none-eabi/lib/thumb/v7e-m/fpv4-sp/hard/libsupc++_nano.a(tinfo.o)
 .text          0x00000000000013f0        0x0 /opt/ti/ccs930/ccs/tools/compiler/gcc-arm-none-eabi-7-2017-q4-major/bin/../lib/gcc/arm-none-eabi/7.2.1/../../../../arm-none-eabi/lib/thumb/v7e-m/fpv4-sp/hard/libsupc++_nano.a(eh_terminate.o)
 .text          0x00000000000013f0        0x0 /opt/ti/ccs930/ccs/tools/compiler/gcc-arm-none-eabi-7-2017-q4-major/bin/../lib/gcc/arm-none-eabi/7.2.1/../../../../arm-none-eabi/lib/thumb/v7e-m/fpv4-sp/hard/libsupc++_nano.a(eh_unex_handler.o)
 .text          0x00000000000013f0        0x0 /opt/ti/ccs930/ccs/tools/compiler/gcc-arm-none-eabi-7-2017-q4-major/bin/../lib/gcc/arm-none-eabi/7.2.1/../../../../arm-none-eabi/lib/thumb/v7e-m/fpv4-sp/hard/libsupc++_nano.a(eh_term_handler.o)
 .text          0x00000000000013f0        0x0 /opt/ti/ccs930/ccs/tools/compiler/gcc-arm-none-eabi-7-2017-q4-major/bin/../lib/gcc/arm-none-eabi/7.2.1/../../../../arm-none-eabi/lib/thumb/v7e-m/fpv4-sp/hard/libnosys.a(getpid.o)
 .text          0x00000000000013f0        0x0 /opt/ti/ccs930/ccs/tools/compiler/gcc-arm-none-eabi-7-2017-q4-major/bin/../lib/gcc/arm-none-eabi/7.2.1/../../../../arm-none-eabi/lib/thumb/v7e-m/fpv4-sp/hard/libnosys.a(kill.o)
 .text          0x00000000000013f0        0x0 /opt/ti/ccs930/ccs/tools/compiler/gcc-arm-none-eabi-7-2017-q4-major/bin/../lib/gcc/arm-none-eabi/7.2.1/../../../../arm-none-eabi/lib/thumb/v7e-m/fpv4-sp/hard/libnosys.a(sbrk.o)
 .text          0x00000000000013f0        0x0 /opt/ti/ccs930/ccs/tools/compiler/gcc-arm-none-eabi-7-2017-q4-major/bin/../lib/gcc/arm-none-eabi/7.2.1/../../../../arm-none-eabi/lib/thumb/v7e-m/fpv4-sp/hard/libnosys.a(_exit.o)
 .text          0x00000000000013f0        0x0 /opt/ti/ccs930/ccs/tools/compiler/gcc-arm-none-eabi-7-2017-q4-major/bin/../lib/gcc/arm-none-eabi/7.2.1/../../../../arm-none-eabi/lib/thumb/v7e-m/fpv4-sp/hard/libc_nano.a(lib_a-malloc.o)
 .text          0x00000000000013f0       0x14 /opt/ti/ccs930/ccs/tools/compiler/gcc-arm-none-eabi-7-2017-q4-major/bin/../lib/gcc/arm-none-eabi/7.2.1/../../../../arm-none-eabi/lib/thumb/v7e-m/fpv4-sp/hard/libc_nano.a(lib_a-strcmp.o)
                0x00000000000013f0                strcmp
 .text          0x0000000000001404        0x0 /opt/ti/ccs930/ccs/tools/compiler/gcc-arm-none-eabi-7-2017-q4-major/bin/../lib/gcc/arm-none-eabi/7.2.1/thumb/v7e-m/fpv4-sp/hard/crtend.o
 .text          0x0000000000001404        0x0 /opt/ti/ccs930/ccs/tools/compiler/gcc-arm-none-eabi-7-2017-q4-major/bin/../lib/gcc/arm-none-eabi/7.2.1/thumb/v7e-m/fpv4-sp/hard/crtn.o
 *(.text.*)
 .text.__NVIC_EnableIRQ
                0x0000000000001404       0x3c /home/student/git/YAHAL/libYAHAL_msp432.a(gpio_msp432.cpp.o)
 .text._ZN14gpio_interfaceD2Ev
                0x0000000000001440       0x20 /home/student/git/YAHAL/libYAHAL_msp432.a(gpio_msp432.cpp.o)
                0x0000000000001440                gpio_interface::~gpio_interface()
                0x0000000000001440                gpio_interface::~gpio_interface()
 .text._ZN14gpio_interfaceD0Ev
                0x0000000000001460       0x1e /home/student/git/YAHAL/libYAHAL_msp432.a(gpio_msp432.cpp.o)
                0x0000000000001460                gpio_interface::~gpio_interface()
 *fill*         0x000000000000147e        0x2 
 .text._ZN11gpio_msp432D2Ev
                0x0000000000001480       0x24 /home/student/git/YAHAL/libYAHAL_msp432.a(gpio_msp432.cpp.o)
                0x0000000000001480                gpio_msp432::~gpio_msp432()
                0x0000000000001480                gpio_msp432::~gpio_msp432()
 .text._ZN11gpio_msp432D0Ev
                0x00000000000014a4       0x1e /home/student/git/YAHAL/libYAHAL_msp432.a(gpio_msp432.cpp.o)
                0x00000000000014a4                gpio_msp432::~gpio_msp432()
 *fill*         0x00000000000014c2        0x2 
 .text._ZN14gpio_interfaceC2Ev
                0x00000000000014c4       0x20 /home/student/git/YAHAL/libYAHAL_msp432.a(gpio_msp432.cpp.o)
                0x00000000000014c4                gpio_interface::gpio_interface()
                0x00000000000014c4                gpio_interface::gpio_interface()
 .text._ZN11gpio_msp432C2Ev
                0x00000000000014e4       0x24 /home/student/git/YAHAL/libYAHAL_msp432.a(gpio_msp432.cpp.o)
                0x00000000000014e4                gpio_msp432::gpio_msp432()
                0x00000000000014e4                gpio_msp432::gpio_msp432()
 .text._ZL17yahal_assert_funcv
                0x0000000000001508       0x1c /home/student/git/YAHAL/libYAHAL_msp432.a(gpio_msp432.cpp.o)
 .text._ZN11gpio_msp4328gpioModeEtt
                0x0000000000001524       0x30 /home/student/git/YAHAL/libYAHAL_msp432.a(gpio_msp432.cpp.o)
                0x0000000000001524                gpio_msp432::gpioMode(unsigned short, unsigned short)
 .text._ZN11gpio_msp4328gpioReadEt
                0x0000000000001554       0x70 /home/student/git/YAHAL/libYAHAL_msp432.a(gpio_msp432.cpp.o)
                0x0000000000001554                gpio_msp432::gpioRead(unsigned short)
 .text._ZN11gpio_msp4329gpioWriteEtb
                0x00000000000015c4      0x1d8 /home/student/git/YAHAL/libYAHAL_msp432.a(gpio_msp432.cpp.o)
                0x00000000000015c4                gpio_msp432::gpioWrite(unsigned short, bool)
 .text._ZN11gpio_msp43210gpioToggleEt
                0x000000000000179c       0x7c /home/student/git/YAHAL/libYAHAL_msp432.a(gpio_msp432.cpp.o)
                0x000000000000179c                gpio_msp432::gpioToggle(unsigned short)
 .text._ZN11gpio_msp43213gpioAttachIrqEttPFvtPvES0_
                0x0000000000001818      0x17c /home/student/git/YAHAL/libYAHAL_msp432.a(gpio_msp432.cpp.o)
                0x0000000000001818                gpio_msp432::gpioAttachIrq(unsigned short, unsigned short, void (*)(unsigned short, void*), void*)
 .text._ZN11gpio_msp43213gpioDetachIrqEt
                0x0000000000001994       0x70 /home/student/git/YAHAL/libYAHAL_msp432.a(gpio_msp432.cpp.o)
                0x0000000000001994                gpio_msp432::gpioDetachIrq(unsigned short)
 .text._ZN11gpio_msp43213gpioEnableIrqEt
                0x0000000000001a04       0x90 /home/student/git/YAHAL/libYAHAL_msp432.a(gpio_msp432.cpp.o)
                0x0000000000001a04                gpio_msp432::gpioEnableIrq(unsigned short)
 .text._ZN11gpio_msp43214gpioDisableIrqEt
                0x0000000000001a94       0x68 /home/student/git/YAHAL/libYAHAL_msp432.a(gpio_msp432.cpp.o)
                0x0000000000001a94                gpio_msp432::gpioDisableIrq(unsigned short)
 .text._ZN11gpio_msp4329handleIrqEhh
                0x0000000000001afc       0xb4 /home/student/git/YAHAL/libYAHAL_msp432.a(gpio_msp432.cpp.o)
                0x0000000000001afc                gpio_msp432::handleIrq(unsigned char, unsigned char)
 .text._ZN11gpio_msp4326setSELEth
                0x0000000000001bb0       0x94 /home/student/git/YAHAL/libYAHAL_msp432.a(gpio_msp432.cpp.o)
                0x0000000000001bb0                gpio_msp432::setSEL(unsigned short, unsigned char)
 .text._ZN11gpio_msp4327setModeEtt
                0x0000000000001c44      0x2f4 /home/student/git/YAHAL/libYAHAL_msp432.a(gpio_msp432.cpp.o)
                0x0000000000001c44                gpio_msp432::setMode(unsigned short, unsigned short)
 .text.PORT1_IRQHandler
                0x0000000000001f38       0x44 /home/student/git/YAHAL/libYAHAL_msp432.a(gpio_msp432.cpp.o)
                0x0000000000001f38                PORT1_IRQHandler
 .text.PORT2_IRQHandler
                0x0000000000001f7c       0x44 /home/student/git/YAHAL/libYAHAL_msp432.a(gpio_msp432.cpp.o)
                0x0000000000001f7c                PORT2_IRQHandler
 .text.PORT3_IRQHandler
                0x0000000000001fc0       0x44 /home/student/git/YAHAL/libYAHAL_msp432.a(gpio_msp432.cpp.o)
                0x0000000000001fc0                PORT3_IRQHandler
 .text.PORT4_IRQHandler
                0x0000000000002004       0x44 /home/student/git/YAHAL/libYAHAL_msp432.a(gpio_msp432.cpp.o)
                0x0000000000002004                PORT4_IRQHandler
 .text.PORT5_IRQHandler
                0x0000000000002048       0x44 /home/student/git/YAHAL/libYAHAL_msp432.a(gpio_msp432.cpp.o)
                0x0000000000002048                PORT5_IRQHandler
 .text.PORT6_IRQHandler
                0x000000000000208c       0x44 /home/student/git/YAHAL/libYAHAL_msp432.a(gpio_msp432.cpp.o)
                0x000000000000208c                PORT6_IRQHandler
 .text._Z41__static_initialization_and_destruction_0ii
                0x00000000000020d0       0x40 /home/student/git/YAHAL/libYAHAL_msp432.a(gpio_msp432.cpp.o)
 .text._GLOBAL__sub_I_port_base
                0x0000000000002110       0x10 /home/student/git/YAHAL/libYAHAL_msp432.a(gpio_msp432.cpp.o)
 .text.__NVIC_EnableIRQ
                0x0000000000002120       0x3c /home/student/git/YAHAL/libYAHAL_msp432.a(adc14_msp432.cpp.o)
 .text._ZL17yahal_assert_funcv
                0x000000000000215c       0x1c /home/student/git/YAHAL/libYAHAL_msp432.a(adc14_msp432.cpp.o)
 .text._ZN13adc_interfaceC2Ev
                0x0000000000002178       0x20 /home/student/git/YAHAL/libYAHAL_msp432.a(adc14_msp432.cpp.o)
                0x0000000000002178                adc_interface::adc_interface()
                0x0000000000002178                adc_interface::adc_interface()
 .text._ZN13adc_interfaceD2Ev
                0x0000000000002198       0x20 /home/student/git/YAHAL/libYAHAL_msp432.a(adc14_msp432.cpp.o)
                0x0000000000002198                adc_interface::~adc_interface()
                0x0000000000002198                adc_interface::~adc_interface()
 .text._ZN13adc_interfaceD0Ev
                0x00000000000021b8       0x1e /home/student/git/YAHAL/libYAHAL_msp432.a(adc14_msp432.cpp.o)
                0x00000000000021b8                adc_interface::~adc_interface()
 *fill*         0x00000000000021d6        0x2 
 .text._ZN12adc14_msp432C2Ev
                0x00000000000021d8       0xc0 /home/student/git/YAHAL/libYAHAL_msp432.a(adc14_msp432.cpp.o)
                0x00000000000021d8                adc14_msp432::adc14_msp432()
                0x00000000000021d8                adc14_msp432::adc14_msp432()
 .text._ZN12adc14_msp4327adcModeEht
                0x0000000000002298       0xb0 /home/student/git/YAHAL/libYAHAL_msp432.a(adc14_msp432.cpp.o)
                0x0000000000002298                adc14_msp432::adcMode(unsigned char, unsigned short)
 .text._ZN12adc14_msp4327getModeEh
                0x0000000000002348       0x44 /home/student/git/YAHAL/libYAHAL_msp432.a(adc14_msp432.cpp.o)
                0x0000000000002348                adc14_msp432::getMode(unsigned char)
 .text._ZN12adc14_msp43210adcReadRawEh
                0x000000000000238c       0xd0 /home/student/git/YAHAL/libYAHAL_msp432.a(adc14_msp432.cpp.o)
                0x000000000000238c                adc14_msp432::adcReadRaw(unsigned char)
 .text._ZN12adc14_msp43214adcReadVoltageEh
                0x000000000000245c       0x3e /home/student/git/YAHAL/libYAHAL_msp432.a(adc14_msp432.cpp.o)
                0x000000000000245c                adc14_msp432::adcReadVoltage(unsigned char)
 *fill*         0x000000000000249a        0x2 
 .text._ZN12adc14_msp43212rawToVoltageEht
                0x000000000000249c       0xe8 /home/student/git/YAHAL/libYAHAL_msp432.a(adc14_msp432.cpp.o)
                0x000000000000249c                adc14_msp432::rawToVoltage(unsigned char, unsigned short)
 .text._ZN12adc14_msp43212adcSetupScanEt
                0x0000000000002584       0x30 /home/student/git/YAHAL/libYAHAL_msp432.a(adc14_msp432.cpp.o)
                0x0000000000002584                adc14_msp432::adcSetupScan(unsigned short)
 .text._ZN12adc14_msp43212adcStartScanEhh
                0x00000000000025b4       0xac /home/student/git/YAHAL/libYAHAL_msp432.a(adc14_msp432.cpp.o)
                0x00000000000025b4                adc14_msp432::adcStartScan(unsigned char, unsigned char)
 .text._ZN12adc14_msp43211adcStopScanEv
                0x0000000000002660       0x48 /home/student/git/YAHAL/libYAHAL_msp432.a(adc14_msp432.cpp.o)
                0x0000000000002660                adc14_msp432::adcStopScan()
 .text._ZN12adc14_msp43211adcReadScanEh
                0x00000000000026a8       0x48 /home/student/git/YAHAL/libYAHAL_msp432.a(adc14_msp432.cpp.o)
                0x00000000000026a8                adc14_msp432::adcReadScan(unsigned char)
 .text._ZN12adc14_msp43213attachScanIrqEhPFvttE
                0x00000000000026f0       0x68 /home/student/git/YAHAL/libYAHAL_msp432.a(adc14_msp432.cpp.o)
                0x00000000000026f0                adc14_msp432::attachScanIrq(unsigned char, void (*)(unsigned short, unsigned short))
 .text._ZN12adc14_msp43212attachWinIrqEhPFvttEttt
                0x0000000000002758       0xf8 /home/student/git/YAHAL/libYAHAL_msp432.a(adc14_msp432.cpp.o)
                0x0000000000002758                adc14_msp432::attachWinIrq(unsigned char, void (*)(unsigned short, unsigned short), unsigned short, unsigned short, unsigned short)
 .text._ZN12adc14_msp43214set_resolutionEt
                0x0000000000002850       0xc8 /home/student/git/YAHAL/libYAHAL_msp432.a(adc14_msp432.cpp.o)
                0x0000000000002850                adc14_msp432::set_resolution(unsigned short)
 .text._ZN12adc14_msp4329handleIrqEm
                0x0000000000002918       0xec /home/student/git/YAHAL/libYAHAL_msp432.a(adc14_msp432.cpp.o)
                0x0000000000002918                adc14_msp432::handleIrq(unsigned long)
 .text.ADC14_IRQHandler
                0x0000000000002a04       0x28 /home/student/git/YAHAL/libYAHAL_msp432.a(adc14_msp432.cpp.o)
                0x0000000000002a04                ADC14_IRQHandler
 .text._ZN12adc14_msp432D2Ev
                0x0000000000002a2c       0x24 /home/student/git/YAHAL/libYAHAL_msp432.a(adc14_msp432.cpp.o)
                0x0000000000002a2c                adc14_msp432::~adc14_msp432()
                0x0000000000002a2c                adc14_msp432::~adc14_msp432()
 .text._ZN12adc14_msp432D0Ev
                0x0000000000002a50       0x1e /home/student/git/YAHAL/libYAHAL_msp432.a(adc14_msp432.cpp.o)
                0x0000000000002a50                adc14_msp432::~adc14_msp432()
 *fill*         0x0000000000002a6e        0x2 
 .text._Z41__static_initialization_and_destruction_0ii
                0x0000000000002a70       0x40 /home/student/git/YAHAL/libYAHAL_msp432.a(adc14_msp432.cpp.o)
 .text._GLOBAL__sub_I__ZN12adc14_msp4324instE
                0x0000000000002ab0       0x10 /home/student/git/YAHAL/libYAHAL_msp432.a(adc14_msp432.cpp.o)
 .text.abort    0x0000000000002ac0        0xe /opt/ti/ccs930/ccs/tools/compiler/gcc-arm-none-eabi-7-2017-q4-major/bin/../lib/gcc/arm-none-eabi/7.2.1/../../../../arm-none-eabi/lib/thumb/v7e-m/fpv4-sp/hard/libc_nano.a(lib_a-abort.o)
                0x0000000000002ac0                abort
 .text.__aeabi_atexit
                0x0000000000002ace        0xa /opt/ti/ccs930/ccs/tools/compiler/gcc-arm-none-eabi-7-2017-q4-major/bin/../lib/gcc/arm-none-eabi/7.2.1/../../../../arm-none-eabi/lib/thumb/v7e-m/fpv4-sp/hard/libc_nano.a(lib_a-aeabi_atexit.o)
                0x0000000000002ace                __aeabi_atexit
 .text.__cxa_atexit
                0x0000000000002ad8       0x1c /opt/ti/ccs930/ccs/tools/compiler/gcc-arm-none-eabi-7-2017-q4-major/bin/../lib/gcc/arm-none-eabi/7.2.1/../../../../arm-none-eabi/lib/thumb/v7e-m/fpv4-sp/hard/libc_nano.a(lib_a-cxa_atexit.o)
                0x0000000000002ad8                __cxa_atexit
 .text.exit     0x0000000000002af4       0x28 /opt/ti/ccs930/ccs/tools/compiler/gcc-arm-none-eabi-7-2017-q4-major/bin/../lib/gcc/arm-none-eabi/7.2.1/../../../../arm-none-eabi/lib/thumb/v7e-m/fpv4-sp/hard/libc_nano.a(lib_a-exit.o)
                0x0000000000002af4                exit
 .text.__libc_init_array
                0x0000000000002b1c       0x48 /opt/ti/ccs930/ccs/tools/compiler/gcc-arm-none-eabi-7-2017-q4-major/bin/../lib/gcc/arm-none-eabi/7.2.1/../../../../arm-none-eabi/lib/thumb/v7e-m/fpv4-sp/hard/libc_nano.a(lib_a-init.o)
                0x0000000000002b1c                __libc_init_array
 .text.memcpy   0x0000000000002b64       0x16 /opt/ti/ccs930/ccs/tools/compiler/gcc-arm-none-eabi-7-2017-q4-major/bin/../lib/gcc/arm-none-eabi/7.2.1/../../../../arm-none-eabi/lib/thumb/v7e-m/fpv4-sp/hard/libc_nano.a(lib_a-memcpy-stub.o)
                0x0000000000002b64                memcpy
 .text.memset   0x0000000000002b7a       0x10 /opt/ti/ccs930/ccs/tools/compiler/gcc-arm-none-eabi-7-2017-q4-major/bin/../lib/gcc/arm-none-eabi/7.2.1/../../../../arm-none-eabi/lib/thumb/v7e-m/fpv4-sp/hard/libc_nano.a(lib_a-memset.o)
                0x0000000000002b7a                memset
 .text._init_signal_r
                0x0000000000002b8a       0x28 /opt/ti/ccs930/ccs/tools/compiler/gcc-arm-none-eabi-7-2017-q4-major/bin/../lib/gcc/arm-none-eabi/7.2.1/../../../../arm-none-eabi/lib/thumb/v7e-m/fpv4-sp/hard/libc_nano.a(lib_a-signal.o)
                0x0000000000002b8a                _init_signal_r
 .text._signal_r
                0x0000000000002bb2       0x30 /opt/ti/ccs930/ccs/tools/compiler/gcc-arm-none-eabi-7-2017-q4-major/bin/../lib/gcc/arm-none-eabi/7.2.1/../../../../arm-none-eabi/lib/thumb/v7e-m/fpv4-sp/hard/libc_nano.a(lib_a-signal.o)
                0x0000000000002bb2                _signal_r
 .text._raise_r
                0x0000000000002be2       0x50 /opt/ti/ccs930/ccs/tools/compiler/gcc-arm-none-eabi-7-2017-q4-major/bin/../lib/gcc/arm-none-eabi/7.2.1/../../../../arm-none-eabi/lib/thumb/v7e-m/fpv4-sp/hard/libc_nano.a(lib_a-signal.o)
                0x0000000000002be2                _raise_r
 .text.__sigtramp_r
                0x0000000000002c32       0x48 /opt/ti/ccs930/ccs/tools/compiler/gcc-arm-none-eabi-7-2017-q4-major/bin/../lib/gcc/arm-none-eabi/7.2.1/../../../../arm-none-eabi/lib/thumb/v7e-m/fpv4-sp/hard/libc_nano.a(lib_a-signal.o)
                0x0000000000002c32                __sigtramp_r
 *fill*         0x0000000000002c7a        0x2 
 .text.raise    0x0000000000002c7c       0x10 /opt/ti/ccs930/ccs/tools/compiler/gcc-arm-none-eabi-7-2017-q4-major/bin/../lib/gcc/arm-none-eabi/7.2.1/../../../../arm-none-eabi/lib/thumb/v7e-m/fpv4-sp/hard/libc_nano.a(lib_a-signal.o)
                0x0000000000002c7c                raise
 .text.signal   0x0000000000002c8c       0x10 /opt/ti/ccs930/ccs/tools/compiler/gcc-arm-none-eabi-7-2017-q4-major/bin/../lib/gcc/arm-none-eabi/7.2.1/../../../../arm-none-eabi/lib/thumb/v7e-m/fpv4-sp/hard/libc_nano.a(lib_a-signal.o)
                0x0000000000002c8c                signal
 .text._init_signal
                0x0000000000002c9c        0xc /opt/ti/ccs930/ccs/tools/compiler/gcc-arm-none-eabi-7-2017-q4-major/bin/../lib/gcc/arm-none-eabi/7.2.1/../../../../arm-none-eabi/lib/thumb/v7e-m/fpv4-sp/hard/libc_nano.a(lib_a-signal.o)
                0x0000000000002c9c                _init_signal
 .text.__sigtramp
                0x0000000000002ca8       0x10 /opt/ti/ccs930/ccs/tools/compiler/gcc-arm-none-eabi-7-2017-q4-major/bin/../lib/gcc/arm-none-eabi/7.2.1/../../../../arm-none-eabi/lib/thumb/v7e-m/fpv4-sp/hard/libc_nano.a(lib_a-signal.o)
                0x0000000000002ca8                __sigtramp
 .text._kill_r  0x0000000000002cb8       0x24 /opt/ti/ccs930/ccs/tools/compiler/gcc-arm-none-eabi-7-2017-q4-major/bin/../lib/gcc/arm-none-eabi/7.2.1/../../../../arm-none-eabi/lib/thumb/v7e-m/fpv4-sp/hard/libc_nano.a(lib_a-signalr.o)
                0x0000000000002cb8                _kill_r
 .text._getpid_r
                0x0000000000002cdc        0x4 /opt/ti/ccs930/ccs/tools/compiler/gcc-arm-none-eabi-7-2017-q4-major/bin/../lib/gcc/arm-none-eabi/7.2.1/../../../../arm-none-eabi/lib/thumb/v7e-m/fpv4-sp/hard/libc_nano.a(lib_a-signalr.o)
                0x0000000000002cdc                _getpid_r
 .text._malloc_r
                0x0000000000002ce0       0xb4 /opt/ti/ccs930/ccs/tools/compiler/gcc-arm-none-eabi-7-2017-q4-major/bin/../lib/gcc/arm-none-eabi/7.2.1/../../../../arm-none-eabi/lib/thumb/v7e-m/fpv4-sp/hard/libc_nano.a(lib_a-nano-mallocr.o)
                0x0000000000002ce0                _malloc_r
 .text.cleanup_glue
                0x0000000000002d94       0x1a /opt/ti/ccs930/ccs/tools/compiler/gcc-arm-none-eabi-7-2017-q4-major/bin/../lib/gcc/arm-none-eabi/7.2.1/../../../../arm-none-eabi/lib/thumb/v7e-m/fpv4-sp/hard/libc_nano.a(lib_a-reent.o)
                0x0000000000002d94                cleanup_glue
 *fill*         0x0000000000002dae        0x2 
 .text._reclaim_reent
                0x0000000000002db0       0xb8 /opt/ti/ccs930/ccs/tools/compiler/gcc-arm-none-eabi-7-2017-q4-major/bin/../lib/gcc/arm-none-eabi/7.2.1/../../../../arm-none-eabi/lib/thumb/v7e-m/fpv4-sp/hard/libc_nano.a(lib_a-reent.o)
                0x0000000000002db0                _reclaim_reent
 .text._sbrk_r  0x0000000000002e68       0x20 /opt/ti/ccs930/ccs/tools/compiler/gcc-arm-none-eabi-7-2017-q4-major/bin/../lib/gcc/arm-none-eabi/7.2.1/../../../../arm-none-eabi/lib/thumb/v7e-m/fpv4-sp/hard/libc_nano.a(lib_a-sbrkr.o)
                0x0000000000002e68                _sbrk_r
 .text.__malloc_lock
                0x0000000000002e88        0x2 /opt/ti/ccs930/ccs/tools/compiler/gcc-arm-none-eabi-7-2017-q4-major/bin/../lib/gcc/arm-none-eabi/7.2.1/../../../../arm-none-eabi/lib/thumb/v7e-m/fpv4-sp/hard/libc_nano.a(lib_a-mlock.o)
                0x0000000000002e88                __malloc_lock
 .text.__malloc_unlock
                0x0000000000002e8a        0x2 /opt/ti/ccs930/ccs/tools/compiler/gcc-arm-none-eabi-7-2017-q4-major/bin/../lib/gcc/arm-none-eabi/7.2.1/../../../../arm-none-eabi/lib/thumb/v7e-m/fpv4-sp/hard/libc_nano.a(lib_a-mlock.o)
                0x0000000000002e8a                __malloc_unlock
 .text._free_r  0x0000000000002e8c       0x9c /opt/ti/ccs930/ccs/tools/compiler/gcc-arm-none-eabi-7-2017-q4-major/bin/../lib/gcc/arm-none-eabi/7.2.1/../../../../arm-none-eabi/lib/thumb/v7e-m/fpv4-sp/hard/libc_nano.a(lib_a-nano-freer.o)
                0x0000000000002e8c                _free_r
 .text._ZNK10__cxxabiv117__class_type_info11__do_upcastEPKS0_PPv
                0x0000000000002f28       0x34 /opt/ti/ccs930/ccs/tools/compiler/gcc-arm-none-eabi-7-2017-q4-major/bin/../lib/gcc/arm-none-eabi/7.2.1/../../../../arm-none-eabi/lib/thumb/v7e-m/fpv4-sp/hard/libsupc++_nano.a(class_type_info.o)
                0x0000000000002f28                __cxxabiv1::__class_type_info::__do_upcast(__cxxabiv1::__class_type_info const*, void**) const
 .text._ZNK10__cxxabiv117__class_type_info20__do_find_public_srcEiPKvPKS0_S2_
                0x0000000000002f5c        0xc /opt/ti/ccs930/ccs/tools/compiler/gcc-arm-none-eabi-7-2017-q4-major/bin/../lib/gcc/arm-none-eabi/7.2.1/../../../../arm-none-eabi/lib/thumb/v7e-m/fpv4-sp/hard/libsupc++_nano.a(class_type_info.o)
                0x0000000000002f5c                __cxxabiv1::__class_type_info::__do_find_public_src(int, void const*, __cxxabiv1::__class_type_info const*, void const*) const
 .text._ZN10__cxxabiv117__class_type_infoD2Ev
                0x0000000000002f68       0x14 /opt/ti/ccs930/ccs/tools/compiler/gcc-arm-none-eabi-7-2017-q4-major/bin/../lib/gcc/arm-none-eabi/7.2.1/../../../../arm-none-eabi/lib/thumb/v7e-m/fpv4-sp/hard/libsupc++_nano.a(class_type_info.o)
                0x0000000000002f68                __cxxabiv1::__class_type_info::~__class_type_info()
                0x0000000000002f68                __cxxabiv1::__class_type_info::~__class_type_info()
 .text._ZN10__cxxabiv117__class_type_infoD0Ev
                0x0000000000002f7c       0x14 /opt/ti/ccs930/ccs/tools/compiler/gcc-arm-none-eabi-7-2017-q4-major/bin/../lib/gcc/arm-none-eabi/7.2.1/../../../../arm-none-eabi/lib/thumb/v7e-m/fpv4-sp/hard/libsupc++_nano.a(class_type_info.o)
                0x0000000000002f7c                __cxxabiv1::__class_type_info::~__class_type_info()
 .text._ZNK10__cxxabiv117__class_type_info12__do_dyncastEiNS0_10__sub_kindEPKS0_PKvS3_S5_RNS0_16__dyncast_resultE
                0x0000000000002f90       0x3a /opt/ti/ccs930/ccs/tools/compiler/gcc-arm-none-eabi-7-2017-q4-major/bin/../lib/gcc/arm-none-eabi/7.2.1/../../../../arm-none-eabi/lib/thumb/v7e-m/fpv4-sp/hard/libsupc++_nano.a(class_type_info.o)
                0x0000000000002f90                __cxxabiv1::__class_type_info::__do_dyncast(int, __cxxabiv1::__class_type_info::__sub_kind, __cxxabiv1::__class_type_info const*, void const*, __cxxabiv1::__class_type_info const*, void const*, __cxxabiv1::__class_type_info::__dyncast_result&) const
 .text._ZNK10__cxxabiv117__class_type_info11__do_upcastEPKS0_PKvRNS0_15__upcast_resultE
                0x0000000000002fca       0x18 /opt/ti/ccs930/ccs/tools/compiler/gcc-arm-none-eabi-7-2017-q4-major/bin/../lib/gcc/arm-none-eabi/7.2.1/../../../../arm-none-eabi/lib/thumb/v7e-m/fpv4-sp/hard/libsupc++_nano.a(class_type_info.o)
                0x0000000000002fca                __cxxabiv1::__class_type_info::__do_upcast(__cxxabiv1::__class_type_info const*, void const*, __cxxabiv1::__class_type_info::__upcast_result&) const
 .text._ZNK10__cxxabiv117__class_type_info10__do_catchEPKSt9type_infoPPvj
                0x0000000000002fe2       0x2a /opt/ti/ccs930/ccs/tools/compiler/gcc-arm-none-eabi-7-2017-q4-major/bin/../lib/gcc/arm-none-eabi/7.2.1/../../../../arm-none-eabi/lib/thumb/v7e-m/fpv4-sp/hard/libsupc++_nano.a(class_type_info.o)
                0x0000000000002fe2                __cxxabiv1::__class_type_info::__do_catch(std::type_info const*, void**, unsigned int) const
 .text._ZdlPv   0x000000000000300c        0x4 /opt/ti/ccs930/ccs/tools/compiler/gcc-arm-none-eabi-7-2017-q4-major/bin/../lib/gcc/arm-none-eabi/7.2.1/../../../../arm-none-eabi/lib/thumb/v7e-m/fpv4-sp/hard/libsupc++_nano.a(del_op.o)
                0x000000000000300c                operator delete(void*)
 .text._ZdlPvj  0x0000000000003010        0x4 /opt/ti/ccs930/ccs/tools/compiler/gcc-arm-none-eabi-7-2017-q4-major/bin/../lib/gcc/arm-none-eabi/7.2.1/../../../../arm-none-eabi/lib/thumb/v7e-m/fpv4-sp/hard/libsupc++_nano.a(del_ops.o)
                0x0000000000003010                operator delete(void*, unsigned int)
 .text.__cxa_pure_virtual
                0x0000000000003014        0x6 /opt/ti/ccs930/ccs/tools/compiler/gcc-arm-none-eabi-7-2017-q4-major/bin/../lib/gcc/arm-none-eabi/7.2.1/../../../../arm-none-eabi/lib/thumb/v7e-m/fpv4-sp/hard/libsupc++_nano.a(pure.o)
                0x0000000000003014                __cxa_pure_virtual
 .text.__cxa_deleted_virtual
                0x000000000000301a        0x6 /opt/ti/ccs930/ccs/tools/compiler/gcc-arm-none-eabi-7-2017-q4-major/bin/../lib/gcc/arm-none-eabi/7.2.1/../../../../arm-none-eabi/lib/thumb/v7e-m/fpv4-sp/hard/libsupc++_nano.a(pure.o)
                0x000000000000301a                __cxa_deleted_virtual
 .text._ZN10__cxxabiv120__si_class_type_infoD2Ev
                0x0000000000003020       0x14 /opt/ti/ccs930/ccs/tools/compiler/gcc-arm-none-eabi-7-2017-q4-major/bin/../lib/gcc/arm-none-eabi/7.2.1/../../../../arm-none-eabi/lib/thumb/v7e-m/fpv4-sp/hard/libsupc++_nano.a(si_class_type_info.o)
                0x0000000000003020                __cxxabiv1::__si_class_type_info::~__si_class_type_info()
                0x0000000000003020                __cxxabiv1::__si_class_type_info::~__si_class_type_info()
 .text._ZN10__cxxabiv120__si_class_type_infoD0Ev
                0x0000000000003034       0x14 /opt/ti/ccs930/ccs/tools/compiler/gcc-arm-none-eabi-7-2017-q4-major/bin/../lib/gcc/arm-none-eabi/7.2.1/../../../../arm-none-eabi/lib/thumb/v7e-m/fpv4-sp/hard/libsupc++_nano.a(si_class_type_info.o)
                0x0000000000003034                __cxxabiv1::__si_class_type_info::~__si_class_type_info()
 .text._ZNK10__cxxabiv120__si_class_type_info20__do_find_public_srcEiPKvPKNS_17__class_type_infoES2_
                0x0000000000003048       0x38 /opt/ti/ccs930/ccs/tools/compiler/gcc-arm-none-eabi-7-2017-q4-major/bin/../lib/gcc/arm-none-eabi/7.2.1/../../../../arm-none-eabi/lib/thumb/v7e-m/fpv4-sp/hard/libsupc++_nano.a(si_class_type_info.o)
                0x0000000000003048                __cxxabiv1::__si_class_type_info::__do_find_public_src(int, void const*, __cxxabiv1::__class_type_info const*, void const*) const
 .text._ZNK10__cxxabiv120__si_class_type_info12__do_dyncastEiNS_17__class_type_info10__sub_kindEPKS1_PKvS4_S6_RNS1_16__dyncast_resultE
                0x0000000000003080       0x74 /opt/ti/ccs930/ccs/tools/compiler/gcc-arm-none-eabi-7-2017-q4-major/bin/../lib/gcc/arm-none-eabi/7.2.1/../../../../arm-none-eabi/lib/thumb/v7e-m/fpv4-sp/hard/libsupc++_nano.a(si_class_type_info.o)
                0x0000000000003080                __cxxabiv1::__si_class_type_info::__do_dyncast(int, __cxxabiv1::__class_type_info::__sub_kind, __cxxabiv1::__class_type_info const*, void const*, __cxxabiv1::__class_type_info const*, void const*, __cxxabiv1::__class_type_info::__dyncast_result&) const
 .text._ZNK10__cxxabiv120__si_class_type_info11__do_upcastEPKNS_17__class_type_infoEPKvRNS1_15__upcast_resultE
                0x00000000000030f4       0x2a /opt/ti/ccs930/ccs/tools/compiler/gcc-arm-none-eabi-7-2017-q4-major/bin/../lib/gcc/arm-none-eabi/7.2.1/../../../../arm-none-eabi/lib/thumb/v7e-m/fpv4-sp/hard/libsupc++_nano.a(si_class_type_info.o)
                0x00000000000030f4                __cxxabiv1::__si_class_type_info::__do_upcast(__cxxabiv1::__class_type_info const*, void const*, __cxxabiv1::__class_type_info::__upcast_result&) const
 .text._ZNSt9type_infoD2Ev
                0x000000000000311e        0x2 /opt/ti/ccs930/ccs/tools/compiler/gcc-arm-none-eabi-7-2017-q4-major/bin/../lib/gcc/arm-none-eabi/7.2.1/../../../../arm-none-eabi/lib/thumb/v7e-m/fpv4-sp/hard/libsupc++_nano.a(tinfo.o)
                0x000000000000311e                std::type_info::~type_info()
                0x000000000000311e                std::type_info::~type_info()
 .text._ZNKSt9type_info14__is_pointer_pEv
                0x0000000000003120        0x4 /opt/ti/ccs930/ccs/tools/compiler/gcc-arm-none-eabi-7-2017-q4-major/bin/../lib/gcc/arm-none-eabi/7.2.1/../../../../arm-none-eabi/lib/thumb/v7e-m/fpv4-sp/hard/libsupc++_nano.a(tinfo.o)
                0x0000000000003120                std::type_info::__is_function_p() const
                0x0000000000003120                std::type_info::__is_pointer_p() const
 .text._ZNKSt9type_info11__do_upcastEPKN10__cxxabiv117__class_type_infoEPPv
                0x0000000000003124        0x4 /opt/ti/ccs930/ccs/tools/compiler/gcc-arm-none-eabi-7-2017-q4-major/bin/../lib/gcc/arm-none-eabi/7.2.1/../../../../arm-none-eabi/lib/thumb/v7e-m/fpv4-sp/hard/libsupc++_nano.a(tinfo.o)
                0x0000000000003124                std::type_info::__do_upcast(__cxxabiv1::__class_type_info const*, void**) const
 .text._ZNSt9type_infoD0Ev
                0x0000000000003128        0xe /opt/ti/ccs930/ccs/tools/compiler/gcc-arm-none-eabi-7-2017-q4-major/bin/../lib/gcc/arm-none-eabi/7.2.1/../../../../arm-none-eabi/lib/thumb/v7e-m/fpv4-sp/hard/libsupc++_nano.a(tinfo.o)
                0x0000000000003128                std::type_info::~type_info()
 .text._ZNKSt9type_infoeqERKS_
                0x0000000000003136       0x2c /opt/ti/ccs930/ccs/tools/compiler/gcc-arm-none-eabi-7-2017-q4-major/bin/../lib/gcc/arm-none-eabi/7.2.1/../../../../arm-none-eabi/lib/thumb/v7e-m/fpv4-sp/hard/libsupc++_nano.a(tinfo.o)
                0x0000000000003136                std::type_info::operator==(std::type_info const&) const
 .text._ZNKSt9type_info10__do_catchEPKS_PPvj
                0x0000000000003162        0x4 /opt/ti/ccs930/ccs/tools/compiler/gcc-arm-none-eabi-7-2017-q4-major/bin/../lib/gcc/arm-none-eabi/7.2.1/../../../../arm-none-eabi/lib/thumb/v7e-m/fpv4-sp/hard/libsupc++_nano.a(tinfo.o)
                0x0000000000003162                std::type_info::__do_catch(std::type_info const*, void**, unsigned int) const
 .text._ZN10__cxxabiv111__terminateEPFvvE
                0x0000000000003166        0x8 /opt/ti/ccs930/ccs/tools/compiler/gcc-arm-none-eabi-7-2017-q4-major/bin/../lib/gcc/arm-none-eabi/7.2.1/../../../../arm-none-eabi/lib/thumb/v7e-m/fpv4-sp/hard/libsupc++_nano.a(eh_terminate.o)
                0x0000000000003166                __cxxabiv1::__terminate(void (*)())
 *fill*         0x000000000000316e        0x2 
 .text._ZSt13set_terminatePFvvE
                0x0000000000003170       0x20 /opt/ti/ccs930/ccs/tools/compiler/gcc-arm-none-eabi-7-2017-q4-major/bin/../lib/gcc/arm-none-eabi/7.2.1/../../../../arm-none-eabi/lib/thumb/v7e-m/fpv4-sp/hard/libsupc++_nano.a(eh_terminate.o)
                0x0000000000003170                std::set_terminate(void (*)())
 .text._ZSt13get_terminatev
                0x0000000000003190       0x10 /opt/ti/ccs930/ccs/tools/compiler/gcc-arm-none-eabi-7-2017-q4-major/bin/../lib/gcc/arm-none-eabi/7.2.1/../../../../arm-none-eabi/lib/thumb/v7e-m/fpv4-sp/hard/libsupc++_nano.a(eh_terminate.o)
                0x0000000000003190                std::get_terminate()
 .text._ZSt9terminatev
                0x00000000000031a0        0xa /opt/ti/ccs930/ccs/tools/compiler/gcc-arm-none-eabi-7-2017-q4-major/bin/../lib/gcc/arm-none-eabi/7.2.1/../../../../arm-none-eabi/lib/thumb/v7e-m/fpv4-sp/hard/libsupc++_nano.a(eh_terminate.o)
                0x00000000000031a0                std::terminate()
 .text._ZN10__cxxabiv112__unexpectedEPFvvE
                0x00000000000031aa        0x8 /opt/ti/ccs930/ccs/tools/compiler/gcc-arm-none-eabi-7-2017-q4-major/bin/../lib/gcc/arm-none-eabi/7.2.1/../../../../arm-none-eabi/lib/thumb/v7e-m/fpv4-sp/hard/libsupc++_nano.a(eh_terminate.o)
                0x00000000000031aa                __cxxabiv1::__unexpected(void (*)())
 *fill*         0x00000000000031b2        0x2 
 .text._ZSt14set_unexpectedPFvvE
                0x00000000000031b4       0x20 /opt/ti/ccs930/ccs/tools/compiler/gcc-arm-none-eabi-7-2017-q4-major/bin/../lib/gcc/arm-none-eabi/7.2.1/../../../../arm-none-eabi/lib/thumb/v7e-m/fpv4-sp/hard/libsupc++_nano.a(eh_terminate.o)
                0x00000000000031b4                std::set_unexpected(void (*)())
 .text._ZSt14get_unexpectedv
                0x00000000000031d4       0x10 /opt/ti/ccs930/ccs/tools/compiler/gcc-arm-none-eabi-7-2017-q4-major/bin/../lib/gcc/arm-none-eabi/7.2.1/../../../../arm-none-eabi/lib/thumb/v7e-m/fpv4-sp/hard/libsupc++_nano.a(eh_terminate.o)
                0x00000000000031d4                std::get_unexpected()
 .text._ZSt10unexpectedv
                0x00000000000031e4        0xa /opt/ti/ccs930/ccs/tools/compiler/gcc-arm-none-eabi-7-2017-q4-major/bin/../lib/gcc/arm-none-eabi/7.2.1/../../../../arm-none-eabi/lib/thumb/v7e-m/fpv4-sp/hard/libsupc++_nano.a(eh_terminate.o)
                0x00000000000031e4                std::unexpected()
 *fill*         0x00000000000031ee        0x2 
 .text._getpid  0x00000000000031f0       0x10 /opt/ti/ccs930/ccs/tools/compiler/gcc-arm-none-eabi-7-2017-q4-major/bin/../lib/gcc/arm-none-eabi/7.2.1/../../../../arm-none-eabi/lib/thumb/v7e-m/fpv4-sp/hard/libnosys.a(getpid.o)
                0x00000000000031f0                _getpid
 .text._kill    0x0000000000003200       0x10 /opt/ti/ccs930/ccs/tools/compiler/gcc-arm-none-eabi-7-2017-q4-major/bin/../lib/gcc/arm-none-eabi/7.2.1/../../../../arm-none-eabi/lib/thumb/v7e-m/fpv4-sp/hard/libnosys.a(kill.o)
                0x0000000000003200                _kill
 .text._sbrk    0x0000000000003210       0x1c /opt/ti/ccs930/ccs/tools/compiler/gcc-arm-none-eabi-7-2017-q4-major/bin/../lib/gcc/arm-none-eabi/7.2.1/../../../../arm-none-eabi/lib/thumb/v7e-m/fpv4-sp/hard/libnosys.a(sbrk.o)
                0x0000000000003210                _sbrk
 .text._exit    0x000000000000322c        0x4 /opt/ti/ccs930/ccs/tools/compiler/gcc-arm-none-eabi-7-2017-q4-major/bin/../lib/gcc/arm-none-eabi/7.2.1/../../../../arm-none-eabi/lib/thumb/v7e-m/fpv4-sp/hard/libnosys.a(_exit.o)
                0x000000000000322c                _exit
 .text.malloc   0x0000000000003230       0x10 /opt/ti/ccs930/ccs/tools/compiler/gcc-arm-none-eabi-7-2017-q4-major/bin/../lib/gcc/arm-none-eabi/7.2.1/../../../../arm-none-eabi/lib/thumb/v7e-m/fpv4-sp/hard/libc_nano.a(lib_a-malloc.o)
                0x0000000000003230                malloc
 .text.free     0x0000000000003240       0x10 /opt/ti/ccs930/ccs/tools/compiler/gcc-arm-none-eabi-7-2017-q4-major/bin/../lib/gcc/arm-none-eabi/7.2.1/../../../../arm-none-eabi/lib/thumb/v7e-m/fpv4-sp/hard/libc_nano.a(lib_a-malloc.o)
                0x0000000000003240                free
                0x0000000000003250                . = ALIGN (0x4)
 *(.ctors)
                0x0000000000003250                . = ALIGN (0x4)
 *(.dtors)
                0x0000000000003250                . = ALIGN (0x4)
                0x0000000000003250                __init_array_start = .
 *(.init_array*)
 .init_array    0x0000000000003250        0x4 /opt/ti/ccs930/ccs/tools/compiler/gcc-arm-none-eabi-7-2017-q4-major/bin/../lib/gcc/arm-none-eabi/7.2.1/thumb/v7e-m/fpv4-sp/hard/crtbegin.o
 .init_array    0x0000000000003254        0x4 /home/student/git/YAHAL/libYAHAL_msp432.a(gpio_msp432.cpp.o)
 .init_array    0x0000000000003258        0x4 /home/student/git/YAHAL/libYAHAL_msp432.a(adc14_msp432.cpp.o)
                0x000000000000325c                __init_array_end = .
 *(.init)
 .init          0x000000000000325c        0x4 /opt/ti/ccs930/ccs/tools/compiler/gcc-arm-none-eabi-7-2017-q4-major/bin/../lib/gcc/arm-none-eabi/7.2.1/thumb/v7e-m/fpv4-sp/hard/crti.o
                0x000000000000325c                _init
 .init          0x0000000000003260        0x8 /opt/ti/ccs930/ccs/tools/compiler/gcc-arm-none-eabi-7-2017-q4-major/bin/../lib/gcc/arm-none-eabi/7.2.1/thumb/v7e-m/fpv4-sp/hard/crtn.o
 *(.fini*)
 .fini          0x0000000000003268        0x4 /opt/ti/ccs930/ccs/tools/compiler/gcc-arm-none-eabi-7-2017-q4-major/bin/../lib/gcc/arm-none-eabi/7.2.1/thumb/v7e-m/fpv4-sp/hard/crti.o
                0x0000000000003268                _fini
 .fini_array    0x000000000000326c        0x4 /opt/ti/ccs930/ccs/tools/compiler/gcc-arm-none-eabi-7-2017-q4-major/bin/../lib/gcc/arm-none-eabi/7.2.1/thumb/v7e-m/fpv4-sp/hard/crtbegin.o
 .fini          0x0000000000003270        0x8 /opt/ti/ccs930/ccs/tools/compiler/gcc-arm-none-eabi-7-2017-q4-major/bin/../lib/gcc/arm-none-eabi/7.2.1/thumb/v7e-m/fpv4-sp/hard/crtn.o

.glue_7         0x0000000000003278        0x0
 .glue_7        0x0000000000003278        0x0 linker stubs

.glue_7t        0x0000000000003278        0x0
 .glue_7t       0x0000000000003278        0x0 linker stubs

.vfp11_veneer   0x0000000000003278        0x0
 .vfp11_veneer  0x0000000000003278        0x0 linker stubs

.v4_bx          0x0000000000003278        0x0
 .v4_bx         0x0000000000003278        0x0 linker stubs

.iplt           0x0000000000003278        0x0
 .iplt          0x0000000000003278        0x0 /opt/ti/ccs930/ccs/tools/compiler/gcc-arm-none-eabi-7-2017-q4-major/bin/../lib/gcc/arm-none-eabi/7.2.1/thumb/v7e-m/fpv4-sp/hard/crtbegin.o

.rodata         0x0000000000003278      0x2a4
 *(.rodata)
 .rodata        0x0000000000003278       0x24 /home/student/git/YAHAL/libYAHAL_msp432.a(gpio_msp432.cpp.o)
 .rodata        0x000000000000329c       0x25 /home/student/git/YAHAL/libYAHAL_msp432.a(adc14_msp432.cpp.o)
 *(.rodata.*)
 *fill*         0x00000000000032c1        0x1 
 .rodata._ZN4GPIOL5INPUTE
                0x00000000000032c2        0x2 /home/student/git/YAHAL/libYAHAL_msp432.a(gpio_msp432.cpp.o)
 .rodata._ZN4GPIOL6OUTPUTE
                0x00000000000032c4        0x2 /home/student/git/YAHAL/libYAHAL_msp432.a(gpio_msp432.cpp.o)
 .rodata._ZN4GPIOL17OUTPUT_OPEN_DRAINE
                0x00000000000032c6        0x2 /home/student/git/YAHAL/libYAHAL_msp432.a(gpio_msp432.cpp.o)
 .rodata._ZN4GPIOL18OUTPUT_OPEN_SOURCEE
                0x00000000000032c8        0x2 /home/student/git/YAHAL/libYAHAL_msp432.a(gpio_msp432.cpp.o)
 .rodata._ZN4GPIOL6PULLUPE
                0x00000000000032ca        0x2 /home/student/git/YAHAL/libYAHAL_msp432.a(gpio_msp432.cpp.o)
 .rodata._ZN4GPIOL8PULLDOWNE
                0x00000000000032cc        0x2 /home/student/git/YAHAL/libYAHAL_msp432.a(gpio_msp432.cpp.o)
 .rodata._ZN4GPIOL4SLOWE
                0x00000000000032ce        0x2 /home/student/git/YAHAL/libYAHAL_msp432.a(gpio_msp432.cpp.o)
 .rodata._ZN4GPIOL4FASTE
                0x00000000000032d0        0x2 /home/student/git/YAHAL/libYAHAL_msp432.a(gpio_msp432.cpp.o)
 .rodata._ZN4GPIOL9INIT_HIGHE
                0x00000000000032d2        0x2 /home/student/git/YAHAL/libYAHAL_msp432.a(gpio_msp432.cpp.o)
 .rodata._ZN4GPIOL8INIT_LOWE
                0x00000000000032d4        0x2 /home/student/git/YAHAL/libYAHAL_msp432.a(gpio_msp432.cpp.o)
 .rodata._ZN4GPIOL6RISINGE
                0x00000000000032d6        0x2 /home/student/git/YAHAL/libYAHAL_msp432.a(gpio_msp432.cpp.o)
 .rodata._ZN4GPIOL7FALLINGE
                0x00000000000032d8        0x2 /home/student/git/YAHAL/libYAHAL_msp432.a(gpio_msp432.cpp.o)
 .rodata._ZN4GPIOL10LEVEL_HIGHE
                0x00000000000032da        0x2 /home/student/git/YAHAL/libYAHAL_msp432.a(gpio_msp432.cpp.o)
 .rodata._ZN4GPIOL9LEVEL_LOWE
                0x00000000000032dc        0x2 /home/student/git/YAHAL/libYAHAL_msp432.a(gpio_msp432.cpp.o)
 *fill*         0x00000000000032de        0x2 
 .rodata._ZTV11gpio_msp432
                0x00000000000032e0       0x30 /home/student/git/YAHAL/libYAHAL_msp432.a(gpio_msp432.cpp.o)
                0x00000000000032e0                vtable for gpio_msp432
 .rodata._ZTV14gpio_interface
                0x0000000000003310       0x30 /home/student/git/YAHAL/libYAHAL_msp432.a(gpio_msp432.cpp.o)
                0x0000000000003310                vtable for gpio_interface
 .rodata._ZTI11gpio_msp432
                0x0000000000003340        0xc /home/student/git/YAHAL/libYAHAL_msp432.a(gpio_msp432.cpp.o)
                0x0000000000003340                typeinfo for gpio_msp432
 .rodata._ZTS11gpio_msp432
                0x000000000000334c        0xe /home/student/git/YAHAL/libYAHAL_msp432.a(gpio_msp432.cpp.o)
                0x000000000000334c                typeinfo name for gpio_msp432
 *fill*         0x000000000000335a        0x2 
 .rodata._ZTI14gpio_interface
                0x000000000000335c        0x8 /home/student/git/YAHAL/libYAHAL_msp432.a(gpio_msp432.cpp.o)
                0x000000000000335c                typeinfo for gpio_interface
 .rodata._ZTS14gpio_interface
                0x0000000000003364       0x11 /home/student/git/YAHAL/libYAHAL_msp432.a(gpio_msp432.cpp.o)
                0x0000000000003364                typeinfo name for gpio_interface
 *fill*         0x0000000000003375        0x1 
 .rodata._ZN3ADCL9ADC_8_BITE
                0x0000000000003376        0x2 /home/student/git/YAHAL/libYAHAL_msp432.a(adc14_msp432.cpp.o)
 .rodata._ZN3ADCL10ADC_10_BITE
                0x0000000000003378        0x2 /home/student/git/YAHAL/libYAHAL_msp432.a(adc14_msp432.cpp.o)
 .rodata._ZN3ADCL10ADC_12_BITE
                0x000000000000337a        0x2 /home/student/git/YAHAL/libYAHAL_msp432.a(adc14_msp432.cpp.o)
 .rodata._ZN3ADCL10ADC_14_BITE
                0x000000000000337c        0x2 /home/student/git/YAHAL/libYAHAL_msp432.a(adc14_msp432.cpp.o)
 .rodata._ZN3ADCL9BELOW_LOWE
                0x000000000000337e        0x2 /home/student/git/YAHAL/libYAHAL_msp432.a(adc14_msp432.cpp.o)
 .rodata._ZN3ADCL10ABOVE_HIGHE
                0x0000000000003380        0x2 /home/student/git/YAHAL/libYAHAL_msp432.a(adc14_msp432.cpp.o)
 .rodata._ZN3ADCL10WITHIN_WINE
                0x0000000000003382        0x2 /home/student/git/YAHAL/libYAHAL_msp432.a(adc14_msp432.cpp.o)
 .rodata._ZN4GPIOL5INPUTE
                0x0000000000003384        0x2 /home/student/git/YAHAL/libYAHAL_msp432.a(adc14_msp432.cpp.o)
 .rodata._ZN4GPIOL6OUTPUTE
                0x0000000000003386        0x2 /home/student/git/YAHAL/libYAHAL_msp432.a(adc14_msp432.cpp.o)
 .rodata._ZN4GPIOL17OUTPUT_OPEN_DRAINE
                0x0000000000003388        0x2 /home/student/git/YAHAL/libYAHAL_msp432.a(adc14_msp432.cpp.o)
 .rodata._ZN4GPIOL18OUTPUT_OPEN_SOURCEE
                0x000000000000338a        0x2 /home/student/git/YAHAL/libYAHAL_msp432.a(adc14_msp432.cpp.o)
 .rodata._ZN4GPIOL6PULLUPE
                0x000000000000338c        0x2 /home/student/git/YAHAL/libYAHAL_msp432.a(adc14_msp432.cpp.o)
 .rodata._ZN4GPIOL8PULLDOWNE
                0x000000000000338e        0x2 /home/student/git/YAHAL/libYAHAL_msp432.a(adc14_msp432.cpp.o)
 .rodata._ZN4GPIOL4SLOWE
                0x0000000000003390        0x2 /home/student/git/YAHAL/libYAHAL_msp432.a(adc14_msp432.cpp.o)
 .rodata._ZN4GPIOL4FASTE
                0x0000000000003392        0x2 /home/student/git/YAHAL/libYAHAL_msp432.a(adc14_msp432.cpp.o)
 .rodata._ZN4GPIOL9INIT_HIGHE
                0x0000000000003394        0x2 /home/student/git/YAHAL/libYAHAL_msp432.a(adc14_msp432.cpp.o)
 .rodata._ZN4GPIOL8INIT_LOWE
                0x0000000000003396        0x2 /home/student/git/YAHAL/libYAHAL_msp432.a(adc14_msp432.cpp.o)
 .rodata._ZN4GPIOL6RISINGE
                0x0000000000003398        0x2 /home/student/git/YAHAL/libYAHAL_msp432.a(adc14_msp432.cpp.o)
 .rodata._ZN4GPIOL7FALLINGE
                0x000000000000339a        0x2 /home/student/git/YAHAL/libYAHAL_msp432.a(adc14_msp432.cpp.o)
 .rodata._ZN4GPIOL10LEVEL_HIGHE
                0x000000000000339c        0x2 /home/student/git/YAHAL/libYAHAL_msp432.a(adc14_msp432.cpp.o)
 .rodata._ZN4GPIOL9LEVEL_LOWE
                0x000000000000339e        0x2 /home/student/git/YAHAL/libYAHAL_msp432.a(adc14_msp432.cpp.o)
 .rodata._ZTV12adc14_msp432
                0x00000000000033a0       0x24 /home/student/git/YAHAL/libYAHAL_msp432.a(adc14_msp432.cpp.o)
                0x00000000000033a0                vtable for adc14_msp432
 .rodata._ZTV13adc_interface
                0x00000000000033c4       0x24 /home/student/git/YAHAL/libYAHAL_msp432.a(adc14_msp432.cpp.o)
                0x00000000000033c4                vtable for adc_interface
 .rodata._ZTI12adc14_msp432
                0x00000000000033e8        0xc /home/student/git/YAHAL/libYAHAL_msp432.a(adc14_msp432.cpp.o)
                0x00000000000033e8                typeinfo for adc14_msp432
 .rodata._ZTS12adc14_msp432
                0x00000000000033f4        0xf /home/student/git/YAHAL/libYAHAL_msp432.a(adc14_msp432.cpp.o)
                0x00000000000033f4                typeinfo name for adc14_msp432
 *fill*         0x0000000000003403        0x1 
 .rodata._ZTI13adc_interface
                0x0000000000003404        0x8 /home/student/git/YAHAL/libYAHAL_msp432.a(adc14_msp432.cpp.o)
                0x0000000000003404                typeinfo for adc_interface
 .rodata._ZTS13adc_interface
                0x000000000000340c       0x10 /home/student/git/YAHAL/libYAHAL_msp432.a(adc14_msp432.cpp.o)
                0x000000000000340c                typeinfo name for adc_interface
 .rodata.__cxa_atexit_dummy
                0x000000000000341c        0x4 /opt/ti/ccs930/ccs/tools/compiler/gcc-arm-none-eabi-7-2017-q4-major/bin/../lib/gcc/arm-none-eabi/7.2.1/../../../../arm-none-eabi/lib/thumb/v7e-m/fpv4-sp/hard/libc_nano.a(lib_a-cxa_atexit.o)
                0x000000000000341c                __cxa_atexit_dummy
 .rodata._global_impure_ptr
                0x0000000000003420        0x4 /opt/ti/ccs930/ccs/tools/compiler/gcc-arm-none-eabi-7-2017-q4-major/bin/../lib/gcc/arm-none-eabi/7.2.1/../../../../arm-none-eabi/lib/thumb/v7e-m/fpv4-sp/hard/libc_nano.a(lib_a-impure.o)
                0x0000000000003420                _global_impure_ptr
 .rodata.__on_exit_args
                0x0000000000003424        0x4 /opt/ti/ccs930/ccs/tools/compiler/gcc-arm-none-eabi-7-2017-q4-major/bin/../lib/gcc/arm-none-eabi/7.2.1/../../../../arm-none-eabi/lib/thumb/v7e-m/fpv4-sp/hard/libc_nano.a(lib_a-on_exit_args.o)
                0x0000000000003424                __on_exit_args
 .rodata._ZTIN10__cxxabiv117__class_type_infoE
                0x0000000000003428        0xc /opt/ti/ccs930/ccs/tools/compiler/gcc-arm-none-eabi-7-2017-q4-major/bin/../lib/gcc/arm-none-eabi/7.2.1/../../../../arm-none-eabi/lib/thumb/v7e-m/fpv4-sp/hard/libsupc++_nano.a(class_type_info.o)
                0x0000000000003428                typeinfo for __cxxabiv1::__class_type_info
 .rodata._ZTSN10__cxxabiv117__class_type_infoE
                0x0000000000003434       0x22 /opt/ti/ccs930/ccs/tools/compiler/gcc-arm-none-eabi-7-2017-q4-major/bin/../lib/gcc/arm-none-eabi/7.2.1/../../../../arm-none-eabi/lib/thumb/v7e-m/fpv4-sp/hard/libsupc++_nano.a(class_type_info.o)
                0x0000000000003434                typeinfo name for __cxxabiv1::__class_type_info
 *fill*         0x0000000000003456        0x2 
 .rodata._ZTVN10__cxxabiv117__class_type_infoE
                0x0000000000003458       0x2c /opt/ti/ccs930/ccs/tools/compiler/gcc-arm-none-eabi-7-2017-q4-major/bin/../lib/gcc/arm-none-eabi/7.2.1/../../../../arm-none-eabi/lib/thumb/v7e-m/fpv4-sp/hard/libsupc++_nano.a(class_type_info.o)
                0x0000000000003458                vtable for __cxxabiv1::__class_type_info
 .rodata._ZTIN10__cxxabiv120__si_class_type_infoE
                0x0000000000003484        0xc /opt/ti/ccs930/ccs/tools/compiler/gcc-arm-none-eabi-7-2017-q4-major/bin/../lib/gcc/arm-none-eabi/7.2.1/../../../../arm-none-eabi/lib/thumb/v7e-m/fpv4-sp/hard/libsupc++_nano.a(si_class_type_info.o)
                0x0000000000003484                typeinfo for __cxxabiv1::__si_class_type_info
 .rodata._ZTSN10__cxxabiv120__si_class_type_infoE
                0x0000000000003490       0x25 /opt/ti/ccs930/ccs/tools/compiler/gcc-arm-none-eabi-7-2017-q4-major/bin/../lib/gcc/arm-none-eabi/7.2.1/../../../../arm-none-eabi/lib/thumb/v7e-m/fpv4-sp/hard/libsupc++_nano.a(si_class_type_info.o)
                0x0000000000003490                typeinfo name for __cxxabiv1::__si_class_type_info
 *fill*         0x00000000000034b5        0x3 
 .rodata._ZTVN10__cxxabiv120__si_class_type_infoE
                0x00000000000034b8       0x2c /opt/ti/ccs930/ccs/tools/compiler/gcc-arm-none-eabi-7-2017-q4-major/bin/../lib/gcc/arm-none-eabi/7.2.1/../../../../arm-none-eabi/lib/thumb/v7e-m/fpv4-sp/hard/libsupc++_nano.a(si_class_type_info.o)
                0x00000000000034b8                vtable for __cxxabiv1::__si_class_type_info
 .rodata._ZTISt9type_info
                0x00000000000034e4        0x8 /opt/ti/ccs930/ccs/tools/compiler/gcc-arm-none-eabi-7-2017-q4-major/bin/../lib/gcc/arm-none-eabi/7.2.1/../../../../arm-none-eabi/lib/thumb/v7e-m/fpv4-sp/hard/libsupc++_nano.a(tinfo.o)
                0x00000000000034e4                typeinfo for std::type_info
 .rodata._ZTSSt9type_info
                0x00000000000034ec        0xd /opt/ti/ccs930/ccs/tools/compiler/gcc-arm-none-eabi-7-2017-q4-major/bin/../lib/gcc/arm-none-eabi/7.2.1/../../../../arm-none-eabi/lib/thumb/v7e-m/fpv4-sp/hard/libsupc++_nano.a(tinfo.o)
                0x00000000000034ec                typeinfo name for std::type_info
 *fill*         0x00000000000034f9        0x3 
 .rodata._ZTVSt9type_info
                0x00000000000034fc       0x20 /opt/ti/ccs930/ccs/tools/compiler/gcc-arm-none-eabi-7-2017-q4-major/bin/../lib/gcc/arm-none-eabi/7.2.1/../../../../arm-none-eabi/lib/thumb/v7e-m/fpv4-sp/hard/libsupc++_nano.a(tinfo.o)
                0x00000000000034fc                vtable for std::type_info

.eh_frame       0x000000000000351c        0x4
 .eh_frame      0x000000000000351c        0x0 /opt/ti/ccs930/ccs/tools/compiler/gcc-arm-none-eabi-7-2017-q4-major/bin/../lib/gcc/arm-none-eabi/7.2.1/thumb/v7e-m/fpv4-sp/hard/crtbegin.o
 .eh_frame      0x000000000000351c        0x4 /opt/ti/ccs930/ccs/tools/compiler/gcc-arm-none-eabi-7-2017-q4-major/bin/../lib/gcc/arm-none-eabi/7.2.1/thumb/v7e-m/fpv4-sp/hard/crtend.o

.ARM.exidx      0x0000000000003520       0xc8
                0x0000000000003520                __exidx_start = .
 *(.ARM.exidx* .gnu.linkonce.armexidx.*)
 .ARM.exidx     0x0000000000003520        0x8 /opt/ti/ccs930/ccs/tools/compiler/gcc-arm-none-eabi-7-2017-q4-major/bin/../lib/gcc/arm-none-eabi/7.2.1/../../../../arm-none-eabi/lib/thumb/v7e-m/fpv4-sp/hard/crt0.o
 .ARM.exidx     0x0000000000003528       0x10 ./main.o
                                          0x8 (size before relaxing)
 .ARM.exidx     0x0000000000003538       0x78 /opt/ti/ccs930/ccs/tools/compiler/gcc-arm-none-eabi-7-2017-q4-major/bin/../lib/gcc/arm-none-eabi/7.2.1/thumb/v7e-m/fpv4-sp/hard/libgcc.a(unwind-arm.o)
                                         0xd8 (size before relaxing)
 .ARM.exidx     0x00000000000035b0       0x38 /opt/ti/ccs930/ccs/tools/compiler/gcc-arm-none-eabi-7-2017-q4-major/bin/../lib/gcc/arm-none-eabi/7.2.1/thumb/v7e-m/fpv4-sp/hard/libgcc.a(pr-support.o)
                                         0x48 (size before relaxing)
                0x00000000000035e8                __exidx_end = .

.ARM.extab      0x00000000000035e8       0x18
 *(.ARM.extab* .gnu.linkonce.armextab.*)
 .ARM.extab     0x00000000000035e8        0x0 /opt/ti/ccs930/ccs/tools/compiler/gcc-arm-none-eabi-7-2017-q4-major/bin/../lib/gcc/arm-none-eabi/7.2.1/../../../../arm-none-eabi/lib/thumb/v7e-m/fpv4-sp/hard/crt0.o
 .ARM.extab     0x00000000000035e8        0x0 ./main.o
 .ARM.extab     0x00000000000035e8        0x0 /opt/ti/ccs930/ccs/tools/compiler/gcc-arm-none-eabi-7-2017-q4-major/bin/../lib/gcc/arm-none-eabi/7.2.1/thumb/v7e-m/fpv4-sp/hard/libgcc.a(unwind-arm.o)
 .ARM.extab     0x00000000000035e8       0x18 /opt/ti/ccs930/ccs/tools/compiler/gcc-arm-none-eabi-7-2017-q4-major/bin/../lib/gcc/arm-none-eabi/7.2.1/thumb/v7e-m/fpv4-sp/hard/libgcc.a(pr-support.o)
                0x0000000000003600                __etext = .

.rel.dyn        0x0000000000003600        0x0
 .rel.iplt      0x0000000000003600        0x0 /opt/ti/ccs930/ccs/tools/compiler/gcc-arm-none-eabi-7-2017-q4-major/bin/../lib/gcc/arm-none-eabi/7.2.1/thumb/v7e-m/fpv4-sp/hard/crtbegin.o

.data           0x0000000020000000       0x9c load address 0x0000000000003600
                0x0000000000003600                __data_load__ = LOADADDR (.data)
                0x0000000020000000                __data_start__ = .
 *(.data)
 .data          0x0000000020000000        0x0 /opt/ti/ccs930/ccs/tools/compiler/gcc-arm-none-eabi-7-2017-q4-major/bin/../lib/gcc/arm-none-eabi/7.2.1/thumb/v7e-m/fpv4-sp/hard/crti.o
 .data          0x0000000020000000        0x4 /opt/ti/ccs930/ccs/tools/compiler/gcc-arm-none-eabi-7-2017-q4-major/bin/../lib/gcc/arm-none-eabi/7.2.1/thumb/v7e-m/fpv4-sp/hard/crtbegin.o
                0x0000000020000000                __dso_handle
 .data          0x0000000020000004        0x0 /opt/ti/ccs930/ccs/tools/compiler/gcc-arm-none-eabi-7-2017-q4-major/bin/../lib/gcc/arm-none-eabi/7.2.1/../../../../arm-none-eabi/lib/thumb/v7e-m/fpv4-sp/hard/crt0.o
 .data          0x0000000020000004        0x0 ./main.o
 .data          0x0000000020000004        0x0 ./startup_msp432p401r_gcc.o
 .data          0x0000000020000004        0x4 ./system_msp432p401r.o
                0x0000000020000004                SystemCoreClock
 .data          0x0000000020000008        0x0 /home/student/git/YAHAL/libYAHAL_msp432.a(gpio_msp432.cpp.o)
 .data          0x0000000020000008        0x0 /home/student/git/YAHAL/libYAHAL_msp432.a(adc14_msp432.cpp.o)
 .data          0x0000000020000008        0x0 /opt/ti/ccs930/ccs/tools/compiler/gcc-arm-none-eabi-7-2017-q4-major/bin/../lib/gcc/arm-none-eabi/7.2.1/thumb/v7e-m/fpv4-sp/hard/libgcc.a(unwind-arm.o)
 .data          0x0000000020000008        0x0 /opt/ti/ccs930/ccs/tools/compiler/gcc-arm-none-eabi-7-2017-q4-major/bin/../lib/gcc/arm-none-eabi/7.2.1/thumb/v7e-m/fpv4-sp/hard/libgcc.a(libunwind.o)
 .data          0x0000000020000008        0x0 /opt/ti/ccs930/ccs/tools/compiler/gcc-arm-none-eabi-7-2017-q4-major/bin/../lib/gcc/arm-none-eabi/7.2.1/thumb/v7e-m/fpv4-sp/hard/libgcc.a(pr-support.o)
 .data          0x0000000020000008        0x0 /opt/ti/ccs930/ccs/tools/compiler/gcc-arm-none-eabi-7-2017-q4-major/bin/../lib/gcc/arm-none-eabi/7.2.1/../../../../arm-none-eabi/lib/thumb/v7e-m/fpv4-sp/hard/libc_nano.a(lib_a-abort.o)
 .data          0x0000000020000008        0x0 /opt/ti/ccs930/ccs/tools/compiler/gcc-arm-none-eabi-7-2017-q4-major/bin/../lib/gcc/arm-none-eabi/7.2.1/../../../../arm-none-eabi/lib/thumb/v7e-m/fpv4-sp/hard/libc_nano.a(lib_a-aeabi_atexit.o)
 .data          0x0000000020000008        0x0 /opt/ti/ccs930/ccs/tools/compiler/gcc-arm-none-eabi-7-2017-q4-major/bin/../lib/gcc/arm-none-eabi/7.2.1/../../../../arm-none-eabi/lib/thumb/v7e-m/fpv4-sp/hard/libc_nano.a(lib_a-cxa_atexit.o)
 .data          0x0000000020000008        0x0 /opt/ti/ccs930/ccs/tools/compiler/gcc-arm-none-eabi-7-2017-q4-major/bin/../lib/gcc/arm-none-eabi/7.2.1/../../../../arm-none-eabi/lib/thumb/v7e-m/fpv4-sp/hard/libc_nano.a(lib_a-exit.o)
 .data          0x0000000020000008        0x0 /opt/ti/ccs930/ccs/tools/compiler/gcc-arm-none-eabi-7-2017-q4-major/bin/../lib/gcc/arm-none-eabi/7.2.1/../../../../arm-none-eabi/lib/thumb/v7e-m/fpv4-sp/hard/libc_nano.a(lib_a-impure.o)
 .data          0x0000000020000008        0x0 /opt/ti/ccs930/ccs/tools/compiler/gcc-arm-none-eabi-7-2017-q4-major/bin/../lib/gcc/arm-none-eabi/7.2.1/../../../../arm-none-eabi/lib/thumb/v7e-m/fpv4-sp/hard/libc_nano.a(lib_a-init.o)
 .data          0x0000000020000008        0x0 /opt/ti/ccs930/ccs/tools/compiler/gcc-arm-none-eabi-7-2017-q4-major/bin/../lib/gcc/arm-none-eabi/7.2.1/../../../../arm-none-eabi/lib/thumb/v7e-m/fpv4-sp/hard/libc_nano.a(lib_a-memcpy-stub.o)
 .data          0x0000000020000008        0x0 /opt/ti/ccs930/ccs/tools/compiler/gcc-arm-none-eabi-7-2017-q4-major/bin/../lib/gcc/arm-none-eabi/7.2.1/../../../../arm-none-eabi/lib/thumb/v7e-m/fpv4-sp/hard/libc_nano.a(lib_a-memset.o)
 .data          0x0000000020000008        0x0 /opt/ti/ccs930/ccs/tools/compiler/gcc-arm-none-eabi-7-2017-q4-major/bin/../lib/gcc/arm-none-eabi/7.2.1/../../../../arm-none-eabi/lib/thumb/v7e-m/fpv4-sp/hard/libc_nano.a(lib_a-on_exit_args.o)
 .data          0x0000000020000008        0x0 /opt/ti/ccs930/ccs/tools/compiler/gcc-arm-none-eabi-7-2017-q4-major/bin/../lib/gcc/arm-none-eabi/7.2.1/../../../../arm-none-eabi/lib/thumb/v7e-m/fpv4-sp/hard/libc_nano.a(lib_a-signal.o)
 .data          0x0000000020000008        0x0 /opt/ti/ccs930/ccs/tools/compiler/gcc-arm-none-eabi-7-2017-q4-major/bin/../lib/gcc/arm-none-eabi/7.2.1/../../../../arm-none-eabi/lib/thumb/v7e-m/fpv4-sp/hard/libc_nano.a(lib_a-signalr.o)
 .data          0x0000000020000008        0x0 /opt/ti/ccs930/ccs/tools/compiler/gcc-arm-none-eabi-7-2017-q4-major/bin/../lib/gcc/arm-none-eabi/7.2.1/../../../../arm-none-eabi/lib/thumb/v7e-m/fpv4-sp/hard/libc_nano.a(lib_a-nano-mallocr.o)
 .data          0x0000000020000008        0x0 /opt/ti/ccs930/ccs/tools/compiler/gcc-arm-none-eabi-7-2017-q4-major/bin/../lib/gcc/arm-none-eabi/7.2.1/../../../../arm-none-eabi/lib/thumb/v7e-m/fpv4-sp/hard/libc_nano.a(lib_a-reent.o)
 .data          0x0000000020000008        0x0 /opt/ti/ccs930/ccs/tools/compiler/gcc-arm-none-eabi-7-2017-q4-major/bin/../lib/gcc/arm-none-eabi/7.2.1/../../../../arm-none-eabi/lib/thumb/v7e-m/fpv4-sp/hard/libc_nano.a(lib_a-sbrkr.o)
 .data          0x0000000020000008        0x0 /opt/ti/ccs930/ccs/tools/compiler/gcc-arm-none-eabi-7-2017-q4-major/bin/../lib/gcc/arm-none-eabi/7.2.1/../../../../arm-none-eabi/lib/thumb/v7e-m/fpv4-sp/hard/libc_nano.a(lib_a-mlock.o)
 .data          0x0000000020000008        0x0 /opt/ti/ccs930/ccs/tools/compiler/gcc-arm-none-eabi-7-2017-q4-major/bin/../lib/gcc/arm-none-eabi/7.2.1/../../../../arm-none-eabi/lib/thumb/v7e-m/fpv4-sp/hard/libc_nano.a(lib_a-nano-freer.o)
 .data          0x0000000020000008        0x0 /opt/ti/ccs930/ccs/tools/compiler/gcc-arm-none-eabi-7-2017-q4-major/bin/../lib/gcc/arm-none-eabi/7.2.1/../../../../arm-none-eabi/lib/thumb/v7e-m/fpv4-sp/hard/libsupc++_nano.a(class_type_info.o)
 .data          0x0000000020000008        0x0 /opt/ti/ccs930/ccs/tools/compiler/gcc-arm-none-eabi-7-2017-q4-major/bin/../lib/gcc/arm-none-eabi/7.2.1/../../../../arm-none-eabi/lib/thumb/v7e-m/fpv4-sp/hard/libsupc++_nano.a(del_op.o)
 .data          0x0000000020000008        0x0 /opt/ti/ccs930/ccs/tools/compiler/gcc-arm-none-eabi-7-2017-q4-major/bin/../lib/gcc/arm-none-eabi/7.2.1/../../../../arm-none-eabi/lib/thumb/v7e-m/fpv4-sp/hard/libsupc++_nano.a(del_ops.o)
 .data          0x0000000020000008        0x0 /opt/ti/ccs930/ccs/tools/compiler/gcc-arm-none-eabi-7-2017-q4-major/bin/../lib/gcc/arm-none-eabi/7.2.1/../../../../arm-none-eabi/lib/thumb/v7e-m/fpv4-sp/hard/libsupc++_nano.a(pure.o)
 .data          0x0000000020000008        0x0 /opt/ti/ccs930/ccs/tools/compiler/gcc-arm-none-eabi-7-2017-q4-major/bin/../lib/gcc/arm-none-eabi/7.2.1/../../../../arm-none-eabi/lib/thumb/v7e-m/fpv4-sp/hard/libsupc++_nano.a(si_class_type_info.o)
 .data          0x0000000020000008        0x0 /opt/ti/ccs930/ccs/tools/compiler/gcc-arm-none-eabi-7-2017-q4-major/bin/../lib/gcc/arm-none-eabi/7.2.1/../../../../arm-none-eabi/lib/thumb/v7e-m/fpv4-sp/hard/libsupc++_nano.a(tinfo.o)
 .data          0x0000000020000008        0x0 /opt/ti/ccs930/ccs/tools/compiler/gcc-arm-none-eabi-7-2017-q4-major/bin/../lib/gcc/arm-none-eabi/7.2.1/../../../../arm-none-eabi/lib/thumb/v7e-m/fpv4-sp/hard/libsupc++_nano.a(eh_terminate.o)
 .data          0x0000000020000008        0x0 /opt/ti/ccs930/ccs/tools/compiler/gcc-arm-none-eabi-7-2017-q4-major/bin/../lib/gcc/arm-none-eabi/7.2.1/../../../../arm-none-eabi/lib/thumb/v7e-m/fpv4-sp/hard/libsupc++_nano.a(eh_unex_handler.o)
 .data          0x0000000020000008        0x0 /opt/ti/ccs930/ccs/tools/compiler/gcc-arm-none-eabi-7-2017-q4-major/bin/../lib/gcc/arm-none-eabi/7.2.1/../../../../arm-none-eabi/lib/thumb/v7e-m/fpv4-sp/hard/libsupc++_nano.a(eh_term_handler.o)
 .data          0x0000000020000008        0x0 /opt/ti/ccs930/ccs/tools/compiler/gcc-arm-none-eabi-7-2017-q4-major/bin/../lib/gcc/arm-none-eabi/7.2.1/../../../../arm-none-eabi/lib/thumb/v7e-m/fpv4-sp/hard/libnosys.a(getpid.o)
 .data          0x0000000020000008        0x0 /opt/ti/ccs930/ccs/tools/compiler/gcc-arm-none-eabi-7-2017-q4-major/bin/../lib/gcc/arm-none-eabi/7.2.1/../../../../arm-none-eabi/lib/thumb/v7e-m/fpv4-sp/hard/libnosys.a(kill.o)
 .data          0x0000000020000008        0x0 /opt/ti/ccs930/ccs/tools/compiler/gcc-arm-none-eabi-7-2017-q4-major/bin/../lib/gcc/arm-none-eabi/7.2.1/../../../../arm-none-eabi/lib/thumb/v7e-m/fpv4-sp/hard/libnosys.a(sbrk.o)
 .data          0x0000000020000008        0x0 /opt/ti/ccs930/ccs/tools/compiler/gcc-arm-none-eabi-7-2017-q4-major/bin/../lib/gcc/arm-none-eabi/7.2.1/../../../../arm-none-eabi/lib/thumb/v7e-m/fpv4-sp/hard/libnosys.a(_exit.o)
 .data          0x0000000020000008        0x0 /opt/ti/ccs930/ccs/tools/compiler/gcc-arm-none-eabi-7-2017-q4-major/bin/../lib/gcc/arm-none-eabi/7.2.1/../../../../arm-none-eabi/lib/thumb/v7e-m/fpv4-sp/hard/libc_nano.a(lib_a-malloc.o)
 .data          0x0000000020000008        0x0 /opt/ti/ccs930/ccs/tools/compiler/gcc-arm-none-eabi-7-2017-q4-major/bin/../lib/gcc/arm-none-eabi/7.2.1/../../../../arm-none-eabi/lib/thumb/v7e-m/fpv4-sp/hard/libc_nano.a(lib_a-strcmp.o)
 .data          0x0000000020000008        0x0 /opt/ti/ccs930/ccs/tools/compiler/gcc-arm-none-eabi-7-2017-q4-major/bin/../lib/gcc/arm-none-eabi/7.2.1/thumb/v7e-m/fpv4-sp/hard/crtend.o
 .data          0x0000000020000008        0x0 /opt/ti/ccs930/ccs/tools/compiler/gcc-arm-none-eabi-7-2017-q4-major/bin/../lib/gcc/arm-none-eabi/7.2.1/thumb/v7e-m/fpv4-sp/hard/crtn.o
 *(.data*)
 .data.port_base
                0x0000000020000008       0x28 /home/student/git/YAHAL/libYAHAL_msp432.a(gpio_msp432.cpp.o)
                0x0000000020000008                port_base
 .data._impure_ptr
                0x0000000020000030        0x4 /opt/ti/ccs930/ccs/tools/compiler/gcc-arm-none-eabi-7-2017-q4-major/bin/../lib/gcc/arm-none-eabi/7.2.1/../../../../arm-none-eabi/lib/thumb/v7e-m/fpv4-sp/hard/libc_nano.a(lib_a-impure.o)
                0x0000000020000030                _impure_ptr
 .data.impure_data
                0x0000000020000034       0x60 /opt/ti/ccs930/ccs/tools/compiler/gcc-arm-none-eabi-7-2017-q4-major/bin/../lib/gcc/arm-none-eabi/7.2.1/../../../../arm-none-eabi/lib/thumb/v7e-m/fpv4-sp/hard/libc_nano.a(lib_a-impure.o)
 .data._ZN10__cxxabiv120__unexpected_handlerE
                0x0000000020000094        0x4 /opt/ti/ccs930/ccs/tools/compiler/gcc-arm-none-eabi-7-2017-q4-major/bin/../lib/gcc/arm-none-eabi/7.2.1/../../../../arm-none-eabi/lib/thumb/v7e-m/fpv4-sp/hard/libsupc++_nano.a(eh_unex_handler.o)
                0x0000000020000094                __cxxabiv1::__unexpected_handler
 .data._ZN10__cxxabiv119__terminate_handlerE
                0x0000000020000098        0x4 /opt/ti/ccs930/ccs/tools/compiler/gcc-arm-none-eabi-7-2017-q4-major/bin/../lib/gcc/arm-none-eabi/7.2.1/../../../../arm-none-eabi/lib/thumb/v7e-m/fpv4-sp/hard/libsupc++_nano.a(eh_term_handler.o)
                0x0000000020000098                __cxxabiv1::__terminate_handler
                0x000000002000009c                . = ALIGN (0x4)
                0x000000002000009c                __data_end__ = .

.igot.plt       0x000000002000009c        0x0 load address 0x000000000000369c
 .igot.plt      0x000000002000009c        0x0 /opt/ti/ccs930/ccs/tools/compiler/gcc-arm-none-eabi-7-2017-q4-major/bin/../lib/gcc/arm-none-eabi/7.2.1/thumb/v7e-m/fpv4-sp/hard/crtbegin.o

.bss            0x000000002000009c      0x3c0
                0x000000002000009c                __bss_start__ = .
 *(.shbss)
 *(.bss)
 .bss           0x000000002000009c        0x0 /opt/ti/ccs930/ccs/tools/compiler/gcc-arm-none-eabi-7-2017-q4-major/bin/../lib/gcc/arm-none-eabi/7.2.1/thumb/v7e-m/fpv4-sp/hard/crti.o
 .bss           0x000000002000009c       0x1c /opt/ti/ccs930/ccs/tools/compiler/gcc-arm-none-eabi-7-2017-q4-major/bin/../lib/gcc/arm-none-eabi/7.2.1/thumb/v7e-m/fpv4-sp/hard/crtbegin.o
 .bss           0x00000000200000b8        0x0 /opt/ti/ccs930/ccs/tools/compiler/gcc-arm-none-eabi-7-2017-q4-major/bin/../lib/gcc/arm-none-eabi/7.2.1/../../../../arm-none-eabi/lib/thumb/v7e-m/fpv4-sp/hard/crt0.o
 .bss           0x00000000200000b8        0x0 ./main.o
 .bss           0x00000000200000b8        0x0 ./startup_msp432p401r_gcc.o
 .bss           0x00000000200000b8        0x0 ./system_msp432p401r.o
 .bss           0x00000000200000b8        0x0 /home/student/git/YAHAL/libYAHAL_msp432.a(gpio_msp432.cpp.o)
 .bss           0x00000000200000b8        0x0 /home/student/git/YAHAL/libYAHAL_msp432.a(adc14_msp432.cpp.o)
 .bss           0x00000000200000b8        0x0 /opt/ti/ccs930/ccs/tools/compiler/gcc-arm-none-eabi-7-2017-q4-major/bin/../lib/gcc/arm-none-eabi/7.2.1/thumb/v7e-m/fpv4-sp/hard/libgcc.a(unwind-arm.o)
 .bss           0x00000000200000b8        0x0 /opt/ti/ccs930/ccs/tools/compiler/gcc-arm-none-eabi-7-2017-q4-major/bin/../lib/gcc/arm-none-eabi/7.2.1/thumb/v7e-m/fpv4-sp/hard/libgcc.a(libunwind.o)
 .bss           0x00000000200000b8        0x0 /opt/ti/ccs930/ccs/tools/compiler/gcc-arm-none-eabi-7-2017-q4-major/bin/../lib/gcc/arm-none-eabi/7.2.1/thumb/v7e-m/fpv4-sp/hard/libgcc.a(pr-support.o)
 .bss           0x00000000200000b8        0x0 /opt/ti/ccs930/ccs/tools/compiler/gcc-arm-none-eabi-7-2017-q4-major/bin/../lib/gcc/arm-none-eabi/7.2.1/../../../../arm-none-eabi/lib/thumb/v7e-m/fpv4-sp/hard/libc_nano.a(lib_a-abort.o)
 .bss           0x00000000200000b8        0x0 /opt/ti/ccs930/ccs/tools/compiler/gcc-arm-none-eabi-7-2017-q4-major/bin/../lib/gcc/arm-none-eabi/7.2.1/../../../../arm-none-eabi/lib/thumb/v7e-m/fpv4-sp/hard/libc_nano.a(lib_a-aeabi_atexit.o)
 .bss           0x00000000200000b8        0x0 /opt/ti/ccs930/ccs/tools/compiler/gcc-arm-none-eabi-7-2017-q4-major/bin/../lib/gcc/arm-none-eabi/7.2.1/../../../../arm-none-eabi/lib/thumb/v7e-m/fpv4-sp/hard/libc_nano.a(lib_a-cxa_atexit.o)
 .bss           0x00000000200000b8        0x0 /opt/ti/ccs930/ccs/tools/compiler/gcc-arm-none-eabi-7-2017-q4-major/bin/../lib/gcc/arm-none-eabi/7.2.1/../../../../arm-none-eabi/lib/thumb/v7e-m/fpv4-sp/hard/libc_nano.a(lib_a-exit.o)
 .bss           0x00000000200000b8        0x0 /opt/ti/ccs930/ccs/tools/compiler/gcc-arm-none-eabi-7-2017-q4-major/bin/../lib/gcc/arm-none-eabi/7.2.1/../../../../arm-none-eabi/lib/thumb/v7e-m/fpv4-sp/hard/libc_nano.a(lib_a-impure.o)
 .bss           0x00000000200000b8        0x0 /opt/ti/ccs930/ccs/tools/compiler/gcc-arm-none-eabi-7-2017-q4-major/bin/../lib/gcc/arm-none-eabi/7.2.1/../../../../arm-none-eabi/lib/thumb/v7e-m/fpv4-sp/hard/libc_nano.a(lib_a-init.o)
 .bss           0x00000000200000b8        0x0 /opt/ti/ccs930/ccs/tools/compiler/gcc-arm-none-eabi-7-2017-q4-major/bin/../lib/gcc/arm-none-eabi/7.2.1/../../../../arm-none-eabi/lib/thumb/v7e-m/fpv4-sp/hard/libc_nano.a(lib_a-memcpy-stub.o)
 .bss           0x00000000200000b8        0x0 /opt/ti/ccs930/ccs/tools/compiler/gcc-arm-none-eabi-7-2017-q4-major/bin/../lib/gcc/arm-none-eabi/7.2.1/../../../../arm-none-eabi/lib/thumb/v7e-m/fpv4-sp/hard/libc_nano.a(lib_a-memset.o)
 .bss           0x00000000200000b8        0x0 /opt/ti/ccs930/ccs/tools/compiler/gcc-arm-none-eabi-7-2017-q4-major/bin/../lib/gcc/arm-none-eabi/7.2.1/../../../../arm-none-eabi/lib/thumb/v7e-m/fpv4-sp/hard/libc_nano.a(lib_a-on_exit_args.o)
 .bss           0x00000000200000b8        0x0 /opt/ti/ccs930/ccs/tools/compiler/gcc-arm-none-eabi-7-2017-q4-major/bin/../lib/gcc/arm-none-eabi/7.2.1/../../../../arm-none-eabi/lib/thumb/v7e-m/fpv4-sp/hard/libc_nano.a(lib_a-signal.o)
 .bss           0x00000000200000b8        0x0 /opt/ti/ccs930/ccs/tools/compiler/gcc-arm-none-eabi-7-2017-q4-major/bin/../lib/gcc/arm-none-eabi/7.2.1/../../../../arm-none-eabi/lib/thumb/v7e-m/fpv4-sp/hard/libc_nano.a(lib_a-signalr.o)
 .bss           0x00000000200000b8        0x0 /opt/ti/ccs930/ccs/tools/compiler/gcc-arm-none-eabi-7-2017-q4-major/bin/../lib/gcc/arm-none-eabi/7.2.1/../../../../arm-none-eabi/lib/thumb/v7e-m/fpv4-sp/hard/libc_nano.a(lib_a-nano-mallocr.o)
 .bss           0x00000000200000b8        0x0 /opt/ti/ccs930/ccs/tools/compiler/gcc-arm-none-eabi-7-2017-q4-major/bin/../lib/gcc/arm-none-eabi/7.2.1/../../../../arm-none-eabi/lib/thumb/v7e-m/fpv4-sp/hard/libc_nano.a(lib_a-reent.o)
 .bss           0x00000000200000b8        0x0 /opt/ti/ccs930/ccs/tools/compiler/gcc-arm-none-eabi-7-2017-q4-major/bin/../lib/gcc/arm-none-eabi/7.2.1/../../../../arm-none-eabi/lib/thumb/v7e-m/fpv4-sp/hard/libc_nano.a(lib_a-sbrkr.o)
 .bss           0x00000000200000b8        0x0 /opt/ti/ccs930/ccs/tools/compiler/gcc-arm-none-eabi-7-2017-q4-major/bin/../lib/gcc/arm-none-eabi/7.2.1/../../../../arm-none-eabi/lib/thumb/v7e-m/fpv4-sp/hard/libc_nano.a(lib_a-mlock.o)
 .bss           0x00000000200000b8        0x0 /opt/ti/ccs930/ccs/tools/compiler/gcc-arm-none-eabi-7-2017-q4-major/bin/../lib/gcc/arm-none-eabi/7.2.1/../../../../arm-none-eabi/lib/thumb/v7e-m/fpv4-sp/hard/libc_nano.a(lib_a-nano-freer.o)
 .bss           0x00000000200000b8        0x0 /opt/ti/ccs930/ccs/tools/compiler/gcc-arm-none-eabi-7-2017-q4-major/bin/../lib/gcc/arm-none-eabi/7.2.1/../../../../arm-none-eabi/lib/thumb/v7e-m/fpv4-sp/hard/libsupc++_nano.a(class_type_info.o)
 .bss           0x00000000200000b8        0x0 /opt/ti/ccs930/ccs/tools/compiler/gcc-arm-none-eabi-7-2017-q4-major/bin/../lib/gcc/arm-none-eabi/7.2.1/../../../../arm-none-eabi/lib/thumb/v7e-m/fpv4-sp/hard/libsupc++_nano.a(del_op.o)
 .bss           0x00000000200000b8        0x0 /opt/ti/ccs930/ccs/tools/compiler/gcc-arm-none-eabi-7-2017-q4-major/bin/../lib/gcc/arm-none-eabi/7.2.1/../../../../arm-none-eabi/lib/thumb/v7e-m/fpv4-sp/hard/libsupc++_nano.a(del_ops.o)
 .bss           0x00000000200000b8        0x0 /opt/ti/ccs930/ccs/tools/compiler/gcc-arm-none-eabi-7-2017-q4-major/bin/../lib/gcc/arm-none-eabi/7.2.1/../../../../arm-none-eabi/lib/thumb/v7e-m/fpv4-sp/hard/libsupc++_nano.a(pure.o)
 .bss           0x00000000200000b8        0x0 /opt/ti/ccs930/ccs/tools/compiler/gcc-arm-none-eabi-7-2017-q4-major/bin/../lib/gcc/arm-none-eabi/7.2.1/../../../../arm-none-eabi/lib/thumb/v7e-m/fpv4-sp/hard/libsupc++_nano.a(si_class_type_info.o)
 .bss           0x00000000200000b8        0x0 /opt/ti/ccs930/ccs/tools/compiler/gcc-arm-none-eabi-7-2017-q4-major/bin/../lib/gcc/arm-none-eabi/7.2.1/../../../../arm-none-eabi/lib/thumb/v7e-m/fpv4-sp/hard/libsupc++_nano.a(tinfo.o)
 .bss           0x00000000200000b8        0x0 /opt/ti/ccs930/ccs/tools/compiler/gcc-arm-none-eabi-7-2017-q4-major/bin/../lib/gcc/arm-none-eabi/7.2.1/../../../../arm-none-eabi/lib/thumb/v7e-m/fpv4-sp/hard/libsupc++_nano.a(eh_terminate.o)
 .bss           0x00000000200000b8        0x0 /opt/ti/ccs930/ccs/tools/compiler/gcc-arm-none-eabi-7-2017-q4-major/bin/../lib/gcc/arm-none-eabi/7.2.1/../../../../arm-none-eabi/lib/thumb/v7e-m/fpv4-sp/hard/libsupc++_nano.a(eh_unex_handler.o)
 .bss           0x00000000200000b8        0x0 /opt/ti/ccs930/ccs/tools/compiler/gcc-arm-none-eabi-7-2017-q4-major/bin/../lib/gcc/arm-none-eabi/7.2.1/../../../../arm-none-eabi/lib/thumb/v7e-m/fpv4-sp/hard/libsupc++_nano.a(eh_term_handler.o)
 .bss           0x00000000200000b8        0x0 /opt/ti/ccs930/ccs/tools/compiler/gcc-arm-none-eabi-7-2017-q4-major/bin/../lib/gcc/arm-none-eabi/7.2.1/../../../../arm-none-eabi/lib/thumb/v7e-m/fpv4-sp/hard/libnosys.a(getpid.o)
 .bss           0x00000000200000b8        0x0 /opt/ti/ccs930/ccs/tools/compiler/gcc-arm-none-eabi-7-2017-q4-major/bin/../lib/gcc/arm-none-eabi/7.2.1/../../../../arm-none-eabi/lib/thumb/v7e-m/fpv4-sp/hard/libnosys.a(kill.o)
 .bss           0x00000000200000b8        0x0 /opt/ti/ccs930/ccs/tools/compiler/gcc-arm-none-eabi-7-2017-q4-major/bin/../lib/gcc/arm-none-eabi/7.2.1/../../../../arm-none-eabi/lib/thumb/v7e-m/fpv4-sp/hard/libnosys.a(sbrk.o)
 .bss           0x00000000200000b8        0x0 /opt/ti/ccs930/ccs/tools/compiler/gcc-arm-none-eabi-7-2017-q4-major/bin/../lib/gcc/arm-none-eabi/7.2.1/../../../../arm-none-eabi/lib/thumb/v7e-m/fpv4-sp/hard/libnosys.a(_exit.o)
 .bss           0x00000000200000b8        0x0 /opt/ti/ccs930/ccs/tools/compiler/gcc-arm-none-eabi-7-2017-q4-major/bin/../lib/gcc/arm-none-eabi/7.2.1/../../../../arm-none-eabi/lib/thumb/v7e-m/fpv4-sp/hard/libc_nano.a(lib_a-malloc.o)
 .bss           0x00000000200000b8        0x0 /opt/ti/ccs930/ccs/tools/compiler/gcc-arm-none-eabi-7-2017-q4-major/bin/../lib/gcc/arm-none-eabi/7.2.1/../../../../arm-none-eabi/lib/thumb/v7e-m/fpv4-sp/hard/libc_nano.a(lib_a-strcmp.o)
 .bss           0x00000000200000b8        0x0 /opt/ti/ccs930/ccs/tools/compiler/gcc-arm-none-eabi-7-2017-q4-major/bin/../lib/gcc/arm-none-eabi/7.2.1/thumb/v7e-m/fpv4-sp/hard/crtend.o
 .bss           0x00000000200000b8        0x0 /opt/ti/ccs930/ccs/tools/compiler/gcc-arm-none-eabi-7-2017-q4-major/bin/../lib/gcc/arm-none-eabi/7.2.1/thumb/v7e-m/fpv4-sp/hard/crtn.o
 *(.bss.*)
 .bss._ZL17yahal_assert_file
                0x00000000200000b8        0x4 /home/student/git/YAHAL/libYAHAL_msp432.a(gpio_msp432.cpp.o)
 .bss._ZL17yahal_assert_line
                0x00000000200000bc        0x4 /home/student/git/YAHAL/libYAHAL_msp432.a(gpio_msp432.cpp.o)
 .bss._ZN11gpio_msp4324instE
                0x00000000200000c0      0x1dc /home/student/git/YAHAL/libYAHAL_msp432.a(gpio_msp432.cpp.o)
                0x00000000200000c0                gpio_msp432::inst
 .bss._ZL17yahal_assert_file
                0x000000002000029c        0x4 /home/student/git/YAHAL/libYAHAL_msp432.a(adc14_msp432.cpp.o)
 .bss._ZL17yahal_assert_line
                0x00000000200002a0        0x4 /home/student/git/YAHAL/libYAHAL_msp432.a(adc14_msp432.cpp.o)
 .bss._ZN12adc14_msp4324instE
                0x00000000200002a4       0xa0 /home/student/git/YAHAL/libYAHAL_msp432.a(adc14_msp432.cpp.o)
                0x00000000200002a4                adc14_msp432::inst
 .bss._on_exit_args_instance
                0x0000000020000344      0x108 /opt/ti/ccs930/ccs/tools/compiler/gcc-arm-none-eabi-7-2017-q4-major/bin/../lib/gcc/arm-none-eabi/7.2.1/../../../../arm-none-eabi/lib/thumb/v7e-m/fpv4-sp/hard/libc_nano.a(lib_a-on_exit_args.o)
 .bss.__malloc_free_list
                0x000000002000044c        0x4 /opt/ti/ccs930/ccs/tools/compiler/gcc-arm-none-eabi-7-2017-q4-major/bin/../lib/gcc/arm-none-eabi/7.2.1/../../../../arm-none-eabi/lib/thumb/v7e-m/fpv4-sp/hard/libc_nano.a(lib_a-nano-mallocr.o)
                0x000000002000044c                __malloc_free_list
 .bss.__malloc_sbrk_start
                0x0000000020000450        0x4 /opt/ti/ccs930/ccs/tools/compiler/gcc-arm-none-eabi-7-2017-q4-major/bin/../lib/gcc/arm-none-eabi/7.2.1/../../../../arm-none-eabi/lib/thumb/v7e-m/fpv4-sp/hard/libc_nano.a(lib_a-nano-mallocr.o)
                0x0000000020000450                __malloc_sbrk_start
 .bss.heap_end.5377
                0x0000000020000454        0x4 /opt/ti/ccs930/ccs/tools/compiler/gcc-arm-none-eabi-7-2017-q4-major/bin/../lib/gcc/arm-none-eabi/7.2.1/../../../../arm-none-eabi/lib/thumb/v7e-m/fpv4-sp/hard/libnosys.a(sbrk.o)
 *(COMMON)
 COMMON         0x0000000020000458        0x4 /opt/ti/ccs930/ccs/tools/compiler/gcc-arm-none-eabi-7-2017-q4-major/bin/../lib/gcc/arm-none-eabi/7.2.1/../../../../arm-none-eabi/lib/thumb/v7e-m/fpv4-sp/hard/libc_nano.a(lib_a-reent.o)
                0x0000000020000458                errno
                0x000000002000045c                . = ALIGN (0x4)
                0x000000002000045c                __bss_end__ = .

.heap           0x000000002000045c        0x0
                0x000000002000045c                __heap_start__ = .
                0x000000002000045c                end = __heap_start__
                0x000000002000045c                _end = end
                0x000000002000045c                __end = end
 *(.heap)
                0x000000002000045c                __heap_end__ = .
                0x000000002000045c                __HeapLimit = __heap_end__

.stack          0x0000000020000460        0x0
                0x0000000020000460                _stack = .
 *(.stack)
                0x0000000020010000                __StackTop = (ORIGIN (REGION_STACK) + LENGTH (REGION_STACK))
                0x0000000020010000                PROVIDE (__stack, __StackTop)
START GROUP
LOAD /home/student/git/YAHAL/libYAHAL_msp432.a
LOAD /opt/ti/ccs930/ccs/tools/compiler/gcc-arm-none-eabi-7-2017-q4-major/bin/../lib/gcc/arm-none-eabi/7.2.1/thumb/v7e-m/fpv4-sp/hard/libgcc.a
LOAD /opt/ti/ccs930/ccs/tools/compiler/gcc-arm-none-eabi-7-2017-q4-major/bin/../lib/gcc/arm-none-eabi/7.2.1/../../../../arm-none-eabi/lib/thumb/v7e-m/fpv4-sp/hard/libnosys.a
LOAD /opt/ti/ccs930/ccs/tools/compiler/gcc-arm-none-eabi-7-2017-q4-major/bin/../lib/gcc/arm-none-eabi/7.2.1/../../../../arm-none-eabi/lib/thumb/v7e-m/fpv4-sp/hard/libc_nano.a
LOAD /opt/ti/ccs930/ccs/tools/compiler/gcc-arm-none-eabi-7-2017-q4-major/bin/../lib/gcc/arm-none-eabi/7.2.1/../../../../arm-none-eabi/lib/thumb/v7e-m/fpv4-sp/hard/libsupc++_nano.a
END GROUP
START GROUP
LOAD /opt/ti/ccs930/ccs/tools/compiler/gcc-arm-none-eabi-7-2017-q4-major/bin/../lib/gcc/arm-none-eabi/7.2.1/thumb/v7e-m/fpv4-sp/hard/libgcc.a
LOAD /opt/ti/ccs930/ccs/tools/compiler/gcc-arm-none-eabi-7-2017-q4-major/bin/../lib/gcc/arm-none-eabi/7.2.1/../../../../arm-none-eabi/lib/thumb/v7e-m/fpv4-sp/hard/libg.a
LOAD /opt/ti/ccs930/ccs/tools/compiler/gcc-arm-none-eabi-7-2017-q4-major/bin/../lib/gcc/arm-none-eabi/7.2.1/../../../../arm-none-eabi/lib/thumb/v7e-m/fpv4-sp/hard/libc.a
END GROUP
LOAD /opt/ti/ccs930/ccs/tools/compiler/gcc-arm-none-eabi-7-2017-q4-major/bin/../lib/gcc/arm-none-eabi/7.2.1/thumb/v7e-m/fpv4-sp/hard/crtend.o
LOAD /opt/ti/ccs930/ccs/tools/compiler/gcc-arm-none-eabi-7-2017-q4-major/bin/../lib/gcc/arm-none-eabi/7.2.1/thumb/v7e-m/fpv4-sp/hard/crtn.o
OUTPUT(example_edumkII_timer_A_LEDs.out elf32-littlearm)

.ARM.attributes
                0x0000000000000000       0x30
 .ARM.attributes
                0x0000000000000000       0x22 /opt/ti/ccs930/ccs/tools/compiler/gcc-arm-none-eabi-7-2017-q4-major/bin/../lib/gcc/arm-none-eabi/7.2.1/thumb/v7e-m/fpv4-sp/hard/crti.o
 .ARM.attributes
                0x0000000000000022       0x34 /opt/ti/ccs930/ccs/tools/compiler/gcc-arm-none-eabi-7-2017-q4-major/bin/../lib/gcc/arm-none-eabi/7.2.1/thumb/v7e-m/fpv4-sp/hard/crtbegin.o
 .ARM.attributes