Archive member included to satisfy reference by file (symbol)

/home/student/git/YAHAL/libYAHAL_msp432.a(gpio_msp432.cpp.o)
                              ./main.o (gpio_msp432::inst)
/home/student/git/YAHAL/libYAHAL_msp432.a(adc14_msp432.cpp.o)
                              ./main.o (adc14_msp432::inst)
/home/student/git/YAHAL/libYAHAL_msp432.a(cpp_support.cpp.o)
                              /home/student/git/YAHAL/libYAHAL_msp432.a(gpio_msp432.cpp.o) (std::__throw_bad_function_call())
/opt/ti/ccs930/ccs/tools/compiler/gcc-arm-none-eabi-7-2017-q4-major/bin/../lib/gcc/arm-none-eabi/7.2.1/thumb/v7e-m/fpv4-sp/hard/libgcc.a(unwind-arm.o)
                              ./main.o (__aeabi_unwind_cpp_pr0)
/opt/ti/ccs930/ccs/tools/compiler/gcc-arm-none-eabi-7-2017-q4-major/bin/../lib/gcc/arm-none-eabi/7.2.1/thumb/v7e-m/fpv4-sp/hard/libgcc.a(libunwind.o)
                              /opt/ti/ccs930/ccs/tools/compiler/gcc-arm-none-eabi-7-2017-q4-major/bin/../lib/gcc/arm-none-eabi/7.2.1/thumb/v7e-m/fpv4-sp/hard/libgcc.a(unwind-arm.o) (restore_core_regs)
/opt/ti/ccs930/ccs/tools/compiler/gcc-arm-none-eabi-7-2017-q4-major/bin/../lib/gcc/arm-none-eabi/7.2.1/thumb/v7e-m/fpv4-sp/hard/libgcc.a(pr-support.o)
                              /opt/ti/ccs930/ccs/tools/compiler/gcc-arm-none-eabi-7-2017-q4-major/bin/../lib/gcc/arm-none-eabi/7.2.1/thumb/v7e-m/fpv4-sp/hard/libgcc.a(unwind-arm.o) (__gnu_unwind_execute)
/opt/ti/ccs930/ccs/tools/compiler/gcc-arm-none-eabi-7-2017-q4-major/bin/../lib/gcc/arm-none-eabi/7.2.1/../../../../arm-none-eabi/lib/thumb/v7e-m/fpv4-sp/hard/libc_nano.a(lib_a-abort.o)
                              /opt/ti/ccs930/ccs/tools/compiler/gcc-arm-none-eabi-7-2017-q4-major/bin/../lib/gcc/arm-none-eabi/7.2.1/thumb/v7e-m/fpv4-sp/hard/libgcc.a(unwind-arm.o) (abort)
/opt/ti/ccs930/ccs/tools/compiler/gcc-arm-none-eabi-7-2017-q4-major/bin/../lib/gcc/arm-none-eabi/7.2.1/../../../../arm-none-eabi/lib/thumb/v7e-m/fpv4-sp/hard/libc_nano.a(lib_a-aeabi_atexit.o)
                              /home/student/git/YAHAL/libYAHAL_msp432.a(gpio_msp432.cpp.o) (__aeabi_atexit)
/opt/ti/ccs930/ccs/tools/compiler/gcc-arm-none-eabi-7-2017-q4-major/bin/../lib/gcc/arm-none-eabi/7.2.1/../../../../arm-none-eabi/lib/thumb/v7e-m/fpv4-sp/hard/libc_nano.a(lib_a-cxa_atexit.o)
                              /opt/ti/ccs930/ccs/tools/compiler/gcc-arm-none-eabi-7-2017-q4-major/bin/../lib/gcc/arm-none-eabi/7.2.1/../../../../arm-none-eabi/lib/thumb/v7e-m/fpv4-sp/hard/libc_nano.a(lib_a-aeabi_atexit.o) (__cxa_atexit)
/opt/ti/ccs930/ccs/tools/compiler/gcc-arm-none-eabi-7-2017-q4-major/bin/../lib/gcc/arm-none-eabi/7.2.1/../../../../arm-none-eabi/lib/thumb/v7e-m/fpv4-sp/hard/libc_nano.a(lib_a-exit.o)
                              /opt/ti/ccs930/ccs/tools/compiler/gcc-arm-none-eabi-7-2017-q4-major/bin/../lib/gcc/arm-none-eabi/7.2.1/../../../../arm-none-eabi/lib/thumb/v7e-m/fpv4-sp/hard/crt0.o (exit)
/opt/ti/ccs930/ccs/tools/compiler/gcc-arm-none-eabi-7-2017-q4-major/bin/../lib/gcc/arm-none-eabi/7.2.1/../../../../arm-none-eabi/lib/thumb/v7e-m/fpv4-sp/hard/libc_nano.a(lib_a-impure.o)
                              /opt/ti/ccs930/ccs/tools/compiler/gcc-arm-none-eabi-7-2017-q4-major/bin/../lib/gcc/arm-none-eabi/7.2.1/../../../../arm-none-eabi/lib/thumb/v7e-m/fpv4-sp/hard/libc_nano.a(lib_a-exit.o) (_global_impure_ptr)
/opt/ti/ccs930/ccs/tools/compiler/gcc-arm-none-eabi-7-2017-q4-major/bin/../lib/gcc/arm-none-eabi/7.2.1/../../../../arm-none-eabi/lib/thumb/v7e-m/fpv4-sp/hard/libc_nano.a(lib_a-init.o)
                              /opt/ti/ccs930/ccs/tools/compiler/gcc-arm-none-eabi-7-2017-q4-major/bin/../lib/gcc/arm-none-eabi/7.2.1/../../../../arm-none-eabi/lib/thumb/v7e-m/fpv4-sp/hard/crt0.o (__libc_init_array)
/opt/ti/ccs930/ccs/tools/compiler/gcc-arm-none-eabi-7-2017-q4-major/bin/../lib/gcc/arm-none-eabi/7.2.1/../../../../arm-none-eabi/lib/thumb/v7e-m/fpv4-sp/hard/libc_nano.a(lib_a-memcpy-stub.o)
                              /opt/ti/ccs930/ccs/tools/compiler/gcc-arm-none-eabi-7-2017-q4-major/bin/../lib/gcc/arm-none-eabi/7.2.1/thumb/v7e-m/fpv4-sp/hard/libgcc.a(unwind-arm.o) (memcpy)
/opt/ti/ccs930/ccs/tools/compiler/gcc-arm-none-eabi-7-2017-q4-major/bin/../lib/gcc/arm-none-eabi/7.2.1/../../../../arm-none-eabi/lib/thumb/v7e-m/fpv4-sp/hard/libc_nano.a(lib_a-memset.o)
                              /opt/ti/ccs930/ccs/tools/compiler/gcc-arm-none-eabi-7-2017-q4-major/bin/../lib/gcc/arm-none-eabi/7.2.1/../../../../arm-none-eabi/lib/thumb/v7e-m/fpv4-sp/hard/crt0.o (memset)
/opt/ti/ccs930/ccs/tools/compiler/gcc-arm-none-eabi-7-2017-q4-major/bin/../lib/gcc/arm-none-eabi/7.2.1/../../../../arm-none-eabi/lib/thumb/v7e-m/fpv4-sp/hard/libc_nano.a(lib_a-on_exit_args.o)
                              /opt/ti/ccs930/ccs/tools/compiler/gcc-arm-none-eabi-7-2017-q4-major/bin/../lib/gcc/arm-none-eabi/7.2.1/../../../../arm-none-eabi/lib/thumb/v7e-m/fpv4-sp/hard/libc_nano.a(lib_a-cxa_atexit.o) (__on_exit_args)
[...]
Memory Configuration

Name             Origin             Length             Attributes
MAIN_FLASH       0x0000000000000000 0x0000000000040000 xr
INFO_FLASH       0x0000000000200000 0x0000000000004000 xr
SRAM_CODE        0x0000000001000000 0x0000000000010000 xrw
SRAM_DATA        0x0000000020000000 0x0000000000010000 rw
*default*        0x0000000000000000 0xffffffffffffffff

Linker script and memory map

LOAD /opt/ti/ccs930/ccs/tools/compiler/gcc-arm-none-eabi-7-2017-q4-major/bin/../lib/gcc/arm-none-eabi/7.2.1/thumb/v7e-m/fpv4-sp/hard/crti.o
LOAD /opt/ti/ccs930/ccs/tools/compiler/gcc-arm-none-eabi-7-2017-q4-major/bin/../lib/gcc/arm-none-eabi/7.2.1/thumb/v7e-m/fpv4-sp/hard/crtbegin.o
LOAD /opt/ti/ccs930/ccs/tools/compiler/gcc-arm-none-eabi-7-2017-q4-major/bin/../lib/gcc/arm-none-eabi/7.2.1/../../../../arm-none-eabi/lib/thumb/v7e-m/fpv4-sp/hard/crt0.o
LOAD ./main.o
LOAD ./startup_msp432p401r_gcc.o
LOAD ./system_msp432p401r.o
                0x0000000000000000                PROVIDE (_intvecs_base_address, DEFINED (_intvecs_base_address)?_intvecs_base_address:0x0)

.intvecs        0x0000000000000000       0xe4
 *(.intvecs)
 .intvecs       0x0000000000000000       0xe4 ./startup_msp432p401r_gcc.o
                0x0000000000000000                interruptVectors
                0x0000000000200000                PROVIDE (_mailbox_base_address, 0x200000)

.flashMailbox
 *(.flashMailbox)
                0x0000000000201000                PROVIDE (_tlv_base_address, 0x201000)

.tlvTable
 *(.tlvTable)
                0x0000000000202000                PROVIDE (_bsl_base_address, 0x202000)

.bslArea
 *(.bslArea)
                0x0000000020000000                PROVIDE (_vtable_base_address, DEFINED (_vtable_base_address)?_vtable_base_address:0x20000000)

.vtable
 *(.vtable)

.text           0x00000000000000e4     0x34d4
 CREATE_OBJECT_SYMBOLS
 *(.text)
 .text          0x00000000000000e4        0x0 /opt/ti/ccs930/ccs/tools/compiler/gcc-arm-none-eabi-7-2017-q4-major/bin/../lib/gcc/arm-none-eabi/7.2.1/thumb/v7e-m/fpv4-sp/hard/crti.o
 .text          0x00000000000000e4       0x40 /opt/ti/ccs930/ccs/tools/compiler/gcc-arm-none-eabi-7-2017-q4-major/bin/../lib/gcc/arm-none-eabi/7.2.1/thumb/v7e-m/fpv4-sp/hard/crtbegin.o
 .text          0x0000000000000124       0x74 /opt/ti/ccs930/ccs/tools/compiler/gcc-arm-none-eabi-7-2017-q4-major/bin/../lib/gcc/arm-none-eabi/7.2.1/../../../../arm-none-eabi/lib/thumb/v7e-m/fpv4-sp/hard/crt0.o
                0x0000000000000124                _mainCRTStartup
                0x0000000000000124                _start
 .text          0x0000000000000198       0x9c ./main.o
                0x0000000000000198                main
 .text          0x0000000000000234       0x30 ./startup_msp432p401r_gcc.o
                0x0000000000000234                CS_IRQHandler
                0x0000000000000234                DebugMon_Handler
                0x0000000000000234                AES256_IRQHandler
                0x0000000000000234                HardFault_Handler
                0x0000000000000234                SysTick_Handler
                0x0000000000000234                PendSV_Handler
                0x0000000000000234                NMI_Handler
                0x0000000000000234                RTC_C_IRQHandler
                0x0000000000000234                FPU_IRQHandler
                0x0000000000000234                TA3_0_IRQHandler
                0x0000000000000234                UsageFault_Handler
                0x0000000000000234                DMA_INT3_IRQHandler
                0x0000000000000234                TA2_0_IRQHandler
                0x0000000000000234                DMA_INT1_IRQHandler
                0x0000000000000234                WDT_A_IRQHandler
                0x0000000000000234                TA2_N_IRQHandler
                0x0000000000000234                TA1_0_IRQHandler
                0x0000000000000234                PSS_IRQHandler
                0x0000000000000234                DMA_INT2_IRQHandler
                0x0000000000000234                EUSCIA3_IRQHandler
                0x0000000000000234                DMA_INT0_IRQHandler
                0x0000000000000234                EUSCIB0_IRQHandler
                0x0000000000000234                Default_Handler
                0x0000000000000234                T32_INTC_IRQHandler
                0x0000000000000234                TA3_N_IRQHandler
                0x0000000000000234                TA0_0_IRQHandler
                0x0000000000000234                EUSCIA2_IRQHandler
                0x0000000000000234                MemManage_Handler
                0x0000000000000234                SVC_Handler
                0x0000000000000234                TA1_N_IRQHandler
                0x0000000000000234                EUSCIA1_IRQHandler
                0x0000000000000234                COMP_E1_IRQHandler
                0x0000000000000234                EUSCIB2_IRQHandler
                0x0000000000000234                FLCTL_IRQHandler
                0x0000000000000234                EUSCIB3_IRQHandler
                0x0000000000000234                T32_INT1_IRQHandler
                0x0000000000000234                DMA_ERR_IRQHandler
                0x0000000000000234                EUSCIA0_IRQHandler
                0x0000000000000234                BusFault_Handler
                0x0000000000000234                PCM_IRQHandler
                0x0000000000000234                TA0_N_IRQHandler
                0x0000000000000234                COMP_E0_IRQHandler
                0x0000000000000234                EUSCIB1_IRQHandler
                0x0000000000000234                T32_INT2_IRQHandler
                0x0000000000000236                Reset_Handler
 .text          0x0000000000000264      0x280 ./system_msp432p401r.o
                0x0000000000000264                SystemCoreClockUpdate
                0x0000000000000480                SystemInit
 .text          0x00000000000004e4        0x0 /home/student/git/YAHAL/libYAHAL_msp432.a(gpio_msp432.cpp.o)
 .text          0x00000000000004e4        0x0 /home/student/git/YAHAL/libYAHAL_msp432.a(adc14_msp432.cpp.o)
 .text          0x00000000000004e4        0x0 /home/student/git/YAHAL/libYAHAL_msp432.a(cpp_support.cpp.o)
 .text          0x00000000000004e4      0x9ec /opt/ti/ccs930/ccs/tools/compiler/gcc-arm-none-eabi-7-2017-q4-major/bin/../lib/gcc/arm-none-eabi/7.2.1/thumb/v7e-m/fpv4-sp/hard/libgcc.a(unwind-arm.o)
                0x0000000000000798                _Unwind_GetCFA
                0x000000000000079c                __gnu_Unwind_RaiseException
                0x00000000000007fc                __gnu_Unwind_ForcedUnwind
                0x0000000000000810                __gnu_Unwind_Resume
                0x0000000000000854                __gnu_Unwind_Resume_or_Rethrow
                0x0000000000000864                _Unwind_Complete
                0x0000000000000868                _Unwind_DeleteException
                0x0000000000000874                _Unwind_VRS_Get
                0x00000000000008b8                _Unwind_VRS_Set
                0x0000000000000900                __gnu_Unwind_Backtrace
                0x0000000000000c44                __aeabi_unwind_cpp_pr0
                0x0000000000000c48                __aeabi_unwind_cpp_pr1
                0x0000000000000c4c                __aeabi_unwind_cpp_pr2
                0x0000000000000c50                _Unwind_VRS_Pop
 .text          0x0000000000000ed0      0x1ac /opt/ti/ccs930/ccs/tools/compiler/gcc-arm-none-eabi-7-2017-q4-major/bin/../lib/gcc/arm-none-eabi/7.2.1/thumb/v7e-m/fpv4-sp/hard/libgcc.a(libunwind.o)
                0x0000000000000ed0                __restore_core_regs
                0x0000000000000ed0                restore_core_regs
                0x0000000000000ee8                __gnu_Unwind_Restore_VFP
                0x0000000000000ef0                __gnu_Unwind_Save_VFP
                0x0000000000000ef8                __gnu_Unwind_Restore_VFP_D
                0x0000000000000f00                __gnu_Unwind_Save_VFP_D
                0x0000000000000f08                __gnu_Unwind_Restore_VFP_D_16_to_31
                0x0000000000000f10                __gnu_Unwind_Save_VFP_D_16_to_31
                0x0000000000000f18                __gnu_Unwind_Restore_WMMXD
                0x0000000000000f5c                __gnu_Unwind_Save_WMMXD
                0x0000000000000fa0                __gnu_Unwind_Restore_WMMXC
                0x0000000000000fb4                __gnu_Unwind_Save_WMMXC
                0x0000000000000fc8                ___Unwind_RaiseException
                0x0000000000000fc8                _Unwind_RaiseException
                0x0000000000000fec                ___Unwind_Resume
                0x0000000000000fec                _Unwind_Resume
                0x0000000000001010                _Unwind_Resume_or_Rethrow
                0x0000000000001010                ___Unwind_Resume_or_Rethrow
                0x0000000000001034                ___Unwind_ForcedUnwind
                0x0000000000001034                _Unwind_ForcedUnwind
                0x0000000000001058                _Unwind_Backtrace
                0x0000000000001058                ___Unwind_Backtrace
 .text          0x000000000000107c      0x374 /opt/ti/ccs930/ccs/tools/compiler/gcc-arm-none-eabi-7-2017-q4-major/bin/../lib/gcc/arm-none-eabi/7.2.1/thumb/v7e-m/fpv4-sp/hard/libgcc.a(pr-support.o)
                0x00000000000010d4                __gnu_unwind_execute
                0x0000000000001398                __gnu_unwind_frame
                0x00000000000013c0                _Unwind_GetRegionStart
                0x00000000000013cc                _Unwind_GetLanguageSpecificData
                0x00000000000013e0                _Unwind_GetDataRelBase
                0x00000000000013e8                _Unwind_GetTextRelBase
 .text          0x00000000000013f0        0x0 /opt/ti/ccs930/ccs/tools/compiler/gcc-arm-none-eabi-7-2017-q4-major/bin/../lib/gcc/arm-none-eabi/7.2.1/../../../../arm-none-eabi/lib/thumb/v7e-m/fpv4-sp/hard/libc_nano.a(lib_a-abort.o)
 .text          0x00000000000013f0        0x0 /opt/ti/ccs930/ccs/tools/compiler/gcc-arm-none-eabi-7-2017-q4-major/bin/../lib/gcc/arm-none-eabi/7.2.1/../../../../arm-none-eabi/lib/thumb/v7e-m/fpv4-sp/hard/libc_nano.a(lib_a-aeabi_atexit.o)
 .text          0x00000000000013f0        0x0 /opt/ti/ccs930/ccs/tools/compiler/gcc-arm-none-eabi-7-2017-q4-major/bin/../lib/gcc/arm-none-eabi/7.2.1/../../../../arm-none-eabi/lib/thumb/v7e-m/fpv4-sp/hard/libc_nano.a(lib_a-cxa_atexit.o)
 .text          0x00000000000013f0        0x0 /opt/ti/ccs930/ccs/tools/compiler/gcc-arm-none-eabi-7-2017-q4-major/bin/../lib/gcc/arm-none-eabi/7.2.1/../../../../arm-none-eabi/lib/thumb/v7e-m/fpv4-sp/hard/libc_nano.a(lib_a-exit.o)
 .text          0x00000000000013f0        0x0 /opt/ti/ccs930/ccs/tools/compiler/gcc-arm-none-eabi-7-2017-q4-major/bin/../lib/gcc/arm-none-eabi/7.2.1/../../../../arm-none-eabi/lib/thumb/v7e-m/fpv4-sp/hard/libc_nano.a(lib_a-impure.o)
 .text          0x00000000000013f0        0x0 /opt/ti/ccs930/ccs/tools/compiler/gcc-arm-none-eabi-7-2017-q4-major/bin/../lib/gcc/arm-none-eabi/7.2.1/../../../../arm-none-eabi/lib/thumb/v7e-m/fpv4-sp/hard/libc_nano.a(lib_a-init.o)
 .text          0x00000000000013f0        0x0 /opt/ti/ccs930/ccs/tools/compiler/gcc-arm-none-eabi-7-2017-q4-major/bin/../lib/gcc/arm-none-eabi/7.2.1/../../../../arm-none-eabi/lib/thumb/v7e-m/fpv4-sp/hard/libc_nano.a(lib_a-memcpy-stub.o)
 .text          0x00000000000013f0        0x0 /opt/ti/ccs930/ccs/tools/compiler/gcc-arm-none-eabi-7-2017-q4-major/bin/../lib/gcc/arm-none-eabi/7.2.1/../../../../arm-none-eabi/lib/thumb/v7e-m/fpv4-sp/hard/libc_nano.a(lib_a-memset.o)
 .text          0x00000000000013f0        0x0 /opt/ti/ccs930/ccs/tools/compiler/gcc-arm-none-eabi-7-2017-q4-major/bin/../lib/gcc/arm-none-eabi/7.2.1/../../../../arm-none-eabi/lib/thumb/v7e-m/fpv4-sp/hard/libc_nano.a(lib_a-on_exit_args.o)
 .text          0x00000000000013f0        0x0 /opt/ti/ccs930/ccs/tools/compiler/gcc-arm-none-eabi-7-2017-q4-major/bin/../lib/gcc/arm-none-eabi/7.2.1/../../../../arm-none-eabi/lib/thumb/v7e-m/fpv4-sp/hard/libc_nano.a(lib_a-signal.o)
 .text          0x00000000000013f0        0x0 /opt/ti/ccs930/ccs/tools/compiler/gcc-arm-none-eabi-7-2017-q4-major/bin/../lib/gcc/arm-none-eabi/7.2.1/../../../../arm-none-eabi/lib/thumb/v7e-m/fpv4-sp/hard/libc_nano.a(lib_a-signalr.o)
 .text          0x00000000000013f0        0x0 /opt/ti/ccs930/ccs/tools/compiler/gcc-arm-none-eabi-7-2017-q4-major/bin/../lib/gcc/arm-none-eabi/7.2.1/../../../../arm-none-eabi/lib/thumb/v7e-m/fpv4-sp/hard/libc_nano.a(lib_a-nano-mallocr.o)
 .text          0x00000000000013f0        0x0 /opt/ti/ccs930/ccs/tools/compiler/gcc-arm-none-eabi-7-2017-q4-major/bin/../lib/gcc/arm-none-eabi/7.2.1/../../../../arm-none-eabi/lib/thumb/v7e-m/fpv4-sp/hard/libc_nano.a(lib_a-reent.o)
 .text          0x00000000000013f0        0x0 /opt/ti/ccs930/ccs/tools/compiler/gcc-arm-none-eabi-7-2017-q4-major/bin/../lib/gcc/arm-none-eabi/7.2.1/../../../../arm-none-eabi/lib/thumb/v7e-m/fpv4-sp/hard/libc_nano.a(lib_a-sbrkr.o)
 .text          0x00000000000013f0        0x0 /opt/ti/ccs930/ccs/tools/compiler/gcc-arm-none-eabi-7-2017-q4-major/bin/../lib/gcc/arm-none-eabi/7.2.1/../../../../arm-none-eabi/lib/thumb/v7e-m/fpv4-sp/hard/libc_nano.a(lib_a-mlock.o)
 .text          0x00000000000013f0        0x0 /opt/ti/ccs930/ccs/tools/compiler/gcc-arm-none-eabi-7-2017-q4-major/bin/../lib/gcc/arm-none-eabi/7.2.1/../../../../arm-none-eabi/lib/thumb/v7e-m/fpv4-sp/hard/libc_nano.a(lib_a-nano-freer.o)
 .text          0x00000000000013f0        0x0 /opt/ti/ccs930/ccs/tools/compiler/gcc-arm-none-eabi-7-2017-q4-major/bin/../lib/gcc/arm-none-eabi/7.2.1/../../../../arm-none-eabi/lib/thumb/v7e-m/fpv4-sp/hard/libsupc++_nano.a(class_type_info.o)
 .text          0x00000000000013f0        0x0 /opt/ti/ccs930/ccs/tools/compiler/gcc-arm-none-eabi-7-2017-q4-major/bin/../lib/gcc/arm-none-eabi/7.2.1/../../../../arm-none-eabi/lib/thumb/v7e-m/fpv4-sp/hard/libsupc++_nano.a(del_op.o)
 .text          0x00000000000013f0        0x0 /opt/ti/ccs930/ccs/tools/compiler/gcc-arm-none-eabi-7-2017-q4-major/bin/../lib/gcc/arm-none-eabi/7.2.1/../../../../arm-none-eabi/lib/thumb/v7e-m/fpv4-sp/hard/libsupc++_nano.a(del_ops.o)
 .text          0x00000000000013f0        0x0 /opt/ti/ccs930/ccs/tools/compiler/gcc-arm-none-eabi-7-2017-q4-major/bin/../lib/gcc/arm-none-eabi/7.2.1/../../../../arm-none-eabi/lib/thumb/v7e-m/fpv4-sp/hard/libsupc++_nano.a(pure.o)
 .text          0x00000000000013f0        0x0 /opt/ti/ccs930/ccs/tools/compiler/gcc-arm-none-eabi-7-2017-q4-major/bin/../lib/gcc/arm-none-eabi/7.2.1/../../../../arm-none-eabi/lib/thumb/v7e-m/fpv4-sp/hard/libsupc++_nano.a(si_class_type_info.o)
 .text          0x00000000000013f0        0x0 /opt/ti/ccs930/ccs/tools/compiler/gcc-arm-none-eabi-7-2017-q4-major/bin/../lib/gcc/arm-none-eabi/7.2.1/../../../../arm-none-eabi/lib/thumb/v7e-m/fpv4-sp/hard/libsupc++_nano.a(tinfo.o)
 .text          0x00000000000013f0        0x0 /opt/ti/ccs930/ccs/tools/compiler/gcc-arm-none-eabi-7-2017-q4-major/bin/../lib/gcc/arm-none-eabi/7.2.1/../../../../arm-none-eabi/lib/thumb/v7e-m/fpv4-sp/hard/libsupc++_nano.a(eh_terminate.o)
 .text          0x00000000000013f0        0x0 /opt/ti/ccs930/ccs/tools/compiler/gcc-arm-none-eabi-7-2017-q4-major/bin/../lib/gcc/arm-none-eabi/7.2.1/../../../../arm-none-eabi/lib/thumb/v7e-m/fpv4-sp/hard/libsupc++_nano.a(eh_unex_handler.o)
 .text          0x00000000000013f0        0x0 /opt/ti/ccs930/ccs/tools/compiler/gcc-arm-none-eabi-7-2017-q4-major/bin/../lib/gcc/arm-none-eabi/7.2.1/../../../../arm-none-eabi/lib/thumb/v7e-m/fpv4-sp/hard/libsupc++_nano.a(eh_term_handler.o)
 .text          0x00000000000013f0        0x0 /opt/ti/ccs930/ccs/tools/compiler/gcc-arm-none-eabi-7-2017-q4-major/bin/../lib/gcc/arm-none-eabi/7.2.1/../../../../arm-none-eabi/lib/thumb/v7e-m/fpv4-sp/hard/libnosys.a(getpid.o)
 .text          0x00000000000013f0        0x0 /opt/ti/ccs930/ccs/tools/compiler/gcc-arm-none-eabi-7-2017-q4-major/bin/../lib/gcc/arm-none-eabi/7.2.1/../../../../arm-none-eabi/lib/thumb/v7e-m/fpv4-sp/hard/libnosys.a(kill.o)
 .text          0x00000000000013f0        0x0 /opt/ti/ccs930/ccs/tools/compiler/gcc-arm-none-eabi-7-2017-q4-major/bin/../lib/gcc/arm-none-eabi/7.2.1/../../../../arm-none-eabi/lib/thumb/v7e-m/fpv4-sp/hard/libnosys.a(sbrk.o)
 .text          0x00000000000013f0        0x0 /opt/ti/ccs930/ccs/tools/compiler/gcc-arm-none-eabi-7-2017-q4-major/bin/../lib/gcc/arm-none-eabi/7.2.1/../../../../arm-none-eabi/lib/thumb/v7e-m/fpv4-sp/hard/libnosys.a(_exit.o)
 .text          0x00000000000013f0        0x0 /opt/ti/ccs930/ccs/tools/compiler/gcc-arm-none-eabi-7-2017-q4-major/bin/../lib/gcc/arm-none-eabi/7.2.1/../../../../arm-none-eabi/lib/thumb/v7e-m/fpv4-sp/hard/libc_nano.a(lib_a-malloc.o)
 .text          0x00000000000013f0       0x14 /opt/ti/ccs930/ccs/tools/compiler/gcc-arm-none-eabi-7-2017-q4-major/bin/../lib/gcc/arm-none-eabi/7.2.1/../../../../arm-none-eabi/lib/thumb/v7e-m/fpv4-sp/hard/libc_nano.a(lib_a-strcmp.o)
                0x00000000000013f0                strcmp
 .text          0x0000000000001404        0x0 /opt/ti/ccs930/ccs/tools/compiler/gcc-arm-none-eabi-7-2017-q4-major/bin/../lib/gcc/arm-none-eabi/7.2.1/thumb/v7e-m/fpv4-sp/hard/crtend.o
 .text          0x0000000000001404        0x0 /opt/ti/ccs930/ccs/tools/compiler/gcc-arm-none-eabi-7-2017-q4-major/bin/../lib/gcc/arm-none-eabi/7.2.1/thumb/v7e-m/fpv4-sp/hard/crtn.o
 *(.text.*)
 .text.__NVIC_EnableIRQ
                0x0000000000001404       0x3c /home/student/git/YAHAL/libYAHAL_msp432.a(gpio_msp432.cpp.o)
 .text._ZL20__gthread_key_deletei
                0x0000000000001440       0x16 /home/student/git/YAHAL/libYAHAL_msp432.a(gpio_msp432.cpp.o)
 .text._ZNSt14_Function_baseC2Ev
                0x0000000000001456       0x1c /home/student/git/YAHAL/libYAHAL_msp432.a(gpio_msp432.cpp.o)
                0x0000000000001456                std::_Function_base::_Function_base()
                0x0000000000001456                std::_Function_base::_Function_base()
 .text._ZNSt14_Function_baseD2Ev
                0x0000000000001472       0x26 /home/student/git/YAHAL/libYAHAL_msp432.a(gpio_msp432.cpp.o)
                0x0000000000001472                std::_Function_base::~_Function_base()
                0x0000000000001472                std::_Function_base::~_Function_base()
 .text._ZNKSt14_Function_base8_M_emptyEv
                0x0000000000001498       0x22 /home/student/git/YAHAL/libYAHAL_msp432.a(gpio_msp432.cpp.o)
                0x0000000000001498                std::_Function_base::_M_empty() const
 .text._ZNSt8functionIFvvEED2Ev
                0x00000000000014ba       0x1a /home/student/git/YAHAL/libYAHAL_msp432.a(gpio_msp432.cpp.o)
                0x00000000000014ba                std::function<void ()>::~function()
                0x00000000000014ba                std::function<void ()>::~function()
 .text._ZN14gpio_interfaceD2Ev
                0x00000000000014d4       0x20 /home/student/git/YAHAL/libYAHAL_msp432.a(gpio_msp432.cpp.o)
                0x00000000000014d4                gpio_interface::~gpio_interface()
                0x00000000000014d4                gpio_interface::~gpio_interface()
 .text._ZN14gpio_interfaceD0Ev
                0x00000000000014f4       0x1e /home/student/git/YAHAL/libYAHAL_msp432.a(gpio_msp432.cpp.o)
                0x00000000000014f4                gpio_interface::~gpio_interface()
 *fill*         0x0000000000001512        0x2 
 .text._ZN11gpio_msp432D2Ev
                0x0000000000001514       0x48 /home/student/git/YAHAL/libYAHAL_msp432.a(gpio_msp432.cpp.o)
                0x0000000000001514                gpio_msp432::~gpio_msp432()
                0x0000000000001514                gpio_msp432::~gpio_msp432()
 .text._ZN11gpio_msp432D0Ev
                0x000000000000155c       0x1e /home/student/git/YAHAL/libYAHAL_msp432.a(gpio_msp432.cpp.o)
                0x000000000000155c                gpio_msp432::~gpio_msp432()
 *fill*         0x000000000000157a        0x2 
 .text._ZN14gpio_interfaceC2Ev
                0x000000000000157c       0x20 /home/student/git/YAHAL/libYAHAL_msp432.a(gpio_msp432.cpp.o)
                0x000000000000157c                gpio_interface::gpio_interface()
                0x000000000000157c                gpio_interface::gpio_interface()
 .text._ZN11gpio_msp432C2Ev
                0x000000000000159c       0x54 /home/student/git/YAHAL/libYAHAL_msp432.a(gpio_msp432.cpp.o)
                0x000000000000159c                gpio_msp432::gpio_msp432()
                0x000000000000159c                gpio_msp432::gpio_msp432()
 .text._ZL17yahal_assert_funcv
                0x00000000000015f0       0x1c /home/student/git/YAHAL/libYAHAL_msp432.a(gpio_msp432.cpp.o)
 .text._ZN11gpio_msp4328gpioModeEtt
                0x000000000000160c       0x30 /home/student/git/YAHAL/libYAHAL_msp432.a(gpio_msp432.cpp.o)
                0x000000000000160c                gpio_msp432::gpioMode(unsigned short, unsigned short)
 .text._ZN11gpio_msp4328gpioReadEt
                0x000000000000163c       0x70 /home/student/git/YAHAL/libYAHAL_msp432.a(gpio_msp432.cpp.o)
                0x000000000000163c                gpio_msp432::gpioRead(unsigned short)
 .text._ZN11gpio_msp4329gpioWriteEtb
                0x00000000000016ac      0x1d8 /home/student/git/YAHAL/libYAHAL_msp432.a(gpio_msp432.cpp.o)
                0x00000000000016ac                gpio_msp432::gpioWrite(unsigned short, bool)
 .text._ZN11gpio_msp43210gpioToggleEt
                0x0000000000001884       0x7c /home/student/git/YAHAL/libYAHAL_msp432.a(gpio_msp432.cpp.o)
                0x0000000000001884                gpio_msp432::gpioToggle(unsigned short)
 .text._ZN11gpio_msp43213gpioAttachIrqEttSt8functionIFvvEE
                0x0000000000001900      0x16c /home/student/git/YAHAL/libYAHAL_msp432.a(gpio_msp432.cpp.o)
                0x0000000000001900                gpio_msp432::gpioAttachIrq(unsigned short, unsigned short, std::function<void ()>)
 .text._ZN11gpio_msp43213gpioDetachIrqEt
                0x0000000000001a6c       0x78 /home/student/git/YAHAL/libYAHAL_msp432.a(gpio_msp432.cpp.o)
                0x0000000000001a6c                gpio_msp432::gpioDetachIrq(unsigned short)
 .text._ZN11gpio_msp43213gpioEnableIrqEt
                0x0000000000001ae4       0x90 /home/student/git/YAHAL/libYAHAL_msp432.a(gpio_msp432.cpp.o)
                0x0000000000001ae4                gpio_msp432::gpioEnableIrq(unsigned short)
 .text._ZN11gpio_msp43214gpioDisableIrqEt
                0x0000000000001b74       0x68 /home/student/git/YAHAL/libYAHAL_msp432.a(gpio_msp432.cpp.o)
                0x0000000000001b74                gpio_msp432::gpioDisableIrq(unsigned short)
 .text._ZN11gpio_msp4329handleIrqEhh
                0x0000000000001bdc       0x90 /home/student/git/YAHAL/libYAHAL_msp432.a(gpio_msp432.cpp.o)
                0x0000000000001bdc                gpio_msp432::handleIrq(unsigned char, unsigned char)
 .text._ZN11gpio_msp4326setSELEth
                0x0000000000001c6c       0x94 /home/student/git/YAHAL/libYAHAL_msp432.a(gpio_msp432.cpp.o)
                0x0000000000001c6c                gpio_msp432::setSEL(unsigned short, unsigned char)
 .text._ZN11gpio_msp4327setModeEtt
                0x0000000000001d00      0x2f4 /home/student/git/YAHAL/libYAHAL_msp432.a(gpio_msp432.cpp.o)
                0x0000000000001d00                gpio_msp432::setMode(unsigned short, unsigned short)
 .text.PORT1_IRQHandler
                0x0000000000001ff4       0x44 /home/student/git/YAHAL/libYAHAL_msp432.a(gpio_msp432.cpp.o)
                0x0000000000001ff4                PORT1_IRQHandler
 .text.PORT2_IRQHandler
                0x0000000000002038       0x44 /home/student/git/YAHAL/libYAHAL_msp432.a(gpio_msp432.cpp.o)
                0x0000000000002038                PORT2_IRQHandler
 .text.PORT3_IRQHandler
                0x000000000000207c       0x44 /home/student/git/YAHAL/libYAHAL_msp432.a(gpio_msp432.cpp.o)
                0x000000000000207c                PORT3_IRQHandler
 .text.PORT4_IRQHandler
                0x00000000000020c0       0x44 /home/student/git/YAHAL/libYAHAL_msp432.a(gpio_msp432.cpp.o)
                0x00000000000020c0                PORT4_IRQHandler
 .text.PORT5_IRQHandler
                0x0000000000002104       0x44 /home/student/git/YAHAL/libYAHAL_msp432.a(gpio_msp432.cpp.o)
                0x0000000000002104                PORT5_IRQHandler
 .text.PORT6_IRQHandler
                0x0000000000002148       0x44 /home/student/git/YAHAL/libYAHAL_msp432.a(gpio_msp432.cpp.o)
                0x0000000000002148                PORT6_IRQHandler
 .text._ZNSt8functionIFvvEEC2ERKS1_
                0x000000000000218c       0x44 /home/student/git/YAHAL/libYAHAL_msp432.a(gpio_msp432.cpp.o)
                0x000000000000218c                std::function<void ()>::function(std::function<void ()> const&)
                0x000000000000218c                std::function<void ()>::function(std::function<void ()> const&)
 .text._ZNSt8functionIFvvEEC2Ev
                0x00000000000021d0       0x1a /home/student/git/YAHAL/libYAHAL_msp432.a(gpio_msp432.cpp.o)
                0x00000000000021d0                std::function<void ()>::function()
                0x00000000000021d0                std::function<void ()>::function()
 .text._ZNSt8functionIFvvEEaSERKS1_
                0x00000000000021ea       0x36 /home/student/git/YAHAL/libYAHAL_msp432.a(gpio_msp432.cpp.o)
                0x00000000000021ea                std::function<void ()>::operator=(std::function<void ()> const&)
 .text._ZNSt8functionIFvvEEaSEDn
                0x0000000000002220       0x34 /home/student/git/YAHAL/libYAHAL_msp432.a(gpio_msp432.cpp.o)
                0x0000000000002220                std::function<void ()>::operator=(decltype(nullptr))
 .text._ZNKSt8functionIFvvEEclEv
                0x0000000000002254       0x2c /home/student/git/YAHAL/libYAHAL_msp432.a(gpio_msp432.cpp.o)
                0x0000000000002254                std::function<void ()>::operator()() const
 .text._ZNKSt8functionIFvvEEcvbEv
                0x0000000000002280       0x20 /home/student/git/YAHAL/libYAHAL_msp432.a(gpio_msp432.cpp.o)
                0x0000000000002280                std::function<void ()>::operator bool() const
 .text._ZNSt8functionIFvvEE4swapERS1_
                0x00000000000022a0       0x42 /home/student/git/YAHAL/libYAHAL_msp432.a(gpio_msp432.cpp.o)
                0x00000000000022a0                std::function<void ()>::swap(std::function<void ()>&)
 .text._ZSt4moveIRSt9_Any_dataEONSt16remove_referenceIT_E4typeEOS3_
                0x00000000000022e2       0x16 /home/student/git/YAHAL/libYAHAL_msp432.a(gpio_msp432.cpp.o)
                0x00000000000022e2                std::remove_reference<std::_Any_data&>::type&& std::move<std::_Any_data&>(std::_Any_data&)
 .text._ZSt4swapISt9_Any_dataENSt9enable_ifIXsrSt6__and_IJSt6__not_ISt15__is_tuple_likeIT_EESt21is_move_constructibleIS5_ESt18is_move_assignableIS5_EEE5valueEvE4typeERS5_SF_
                0x00000000000022f8       0x4e /home/student/git/YAHAL/libYAHAL_msp432.a(gpio_msp432.cpp.o)
                0x00000000000022f8                std::enable_if<std::__and_<std::__not_<std::__is_tuple_like<std::_Any_data> >, std::is_move_constructible<std::_Any_data>, std::is_move_assignable<std::_Any_data> >::value, void>::type std::swap<std::_Any_data>(std::_Any_data&, std::_Any_data&)
 .text._ZSt4moveIRPFbRSt9_Any_dataRKS0_St18_Manager_operationEEONSt16remove_referenceIT_E4typeEOS9_
                0x0000000000002346       0x16 /home/student/git/YAHAL/libYAHAL_msp432.a(gpio_msp432.cpp.o)
                0x0000000000002346                std::remove_reference<bool (*&)(std::_Any_data&, std::_Any_data const&, std::_Manager_operation)>::type&& std::move<bool (*&)(std::_Any_data&, std::_Any_data const&, std::_Manager_operation)>(bool (*&)(std::_Any_data&, std::_Any_data const&, std::_Manager_operation))
 .text._ZSt4swapIPFbRSt9_Any_dataRKS0_St18_Manager_operationEENSt9enable_ifIXsrSt6__and_IJSt6__not_ISt15__is_tuple_likeIT_EESt21is_move_constructibleISB_ESt18is_move_assignableISB_EEE5valueEvE4typeERSB_SL_
                0x000000000000235c       0x3e /home/student/git/YAHAL/libYAHAL_msp432.a(gpio_msp432.cpp.o)
                0x000000000000235c                std::enable_if<std::__and_<std::__not_<std::__is_tuple_like<bool (*)(std::_Any_data&, std::_Any_data const&, std::_Manager_operation)> >, std::is_move_constructible<bool (*)(std::_Any_data&, std::_Any_data const&, std::_Manager_operation)>, std::is_move_assignable<bool (*)(std::_Any_data&, std::_Any_data const&, std::_Manager_operation)> >::value, void>::type std::swap<bool (*)(std::_Any_data&, std::_Any_data const&, std::_Manager_operation)>(bool (*&)(std::_Any_data&, std::_Any_data const&, std::_Manager_operation), bool (*&)(std::_Any_data&, std::_Any_data const&, std::_Manager_operation))
 .text._ZSt4moveIRPFvRKSt9_Any_dataEEONSt16remove_referenceIT_E4typeEOS7_
                0x000000000000239a       0x16 /home/student/git/YAHAL/libYAHAL_msp432.a(gpio_msp432.cpp.o)
                0x000000000000239a                std::remove_reference<void (*&)(std::_Any_data const&)>::type&& std::move<void (*&)(std::_Any_data const&)>(void (*&)(std::_Any_data const&))
 .text._ZSt4swapIPFvRKSt9_Any_dataEENSt9enable_ifIXsrSt6__and_IJSt6__not_ISt15__is_tuple_likeIT_EESt21is_move_constructibleIS9_ESt18is_move_assignableIS9_EEE5valueEvE4typeERS9_SJ_
                0x00000000000023b0       0x3e /home/student/git/YAHAL/libYAHAL_msp432.a(gpio_msp432.cpp.o)
                0x00000000000023b0                std::enable_if<std::__and_<std::__not_<std::__is_tuple_like<void (*)(std::_Any_data const&)> >, std::is_move_constructible<void (*)(std::_Any_data const&)>, std::is_move_assignable<void (*)(std::_Any_data const&)> >::value, void>::type std::swap<void (*)(std::_Any_data const&)>(void (*&)(std::_Any_data const&), void (*&)(std::_Any_data const&))
 *fill*         0x00000000000023ee        0x2 
 .text._Z41__static_initialization_and_destruction_0ii
                0x00000000000023f0       0x40 /home/student/git/YAHAL/libYAHAL_msp432.a(gpio_msp432.cpp.o)
 .text._GLOBAL__sub_I_port_base
                0x0000000000002430       0x10 /home/student/git/YAHAL/libYAHAL_msp432.a(gpio_msp432.cpp.o)
 .text.__NVIC_EnableIRQ
                0x0000000000002440       0x3c /home/student/git/YAHAL/libYAHAL_msp432.a(adc14_msp432.cpp.o)
 .text._ZL20__gthread_key_deletei
                0x000000000000247c       0x16 /home/student/git/YAHAL/libYAHAL_msp432.a(adc14_msp432.cpp.o)
 *fill*         0x0000000000002492        0x2 
 .text._ZL17yahal_assert_funcv
                0x0000000000002494       0x1c /home/student/git/YAHAL/libYAHAL_msp432.a(adc14_msp432.cpp.o)
 .text._ZN13adc_interfaceC2Ev
                0x00000000000024b0       0x20 /home/student/git/YAHAL/libYAHAL_msp432.a(adc14_msp432.cpp.o)
                0x00000000000024b0                adc_interface::adc_interface()
                0x00000000000024b0                adc_interface::adc_interface()
 .text._ZN13adc_interfaceD2Ev
                0x00000000000024d0       0x20 /home/student/git/YAHAL/libYAHAL_msp432.a(adc14_msp432.cpp.o)
                0x00000000000024d0                adc_interface::~adc_interface()
                0x00000000000024d0                adc_interface::~adc_interface()
 .text._ZN13adc_interfaceD0Ev
                0x00000000000024f0       0x1e /home/student/git/YAHAL/libYAHAL_msp432.a(adc14_msp432.cpp.o)
                0x00000000000024f0                adc_interface::~adc_interface()
 *fill*         0x000000000000250e        0x2 
 .text._ZN12adc14_msp432C2Ev
                0x0000000000002510       0xc0 /home/student/git/YAHAL/libYAHAL_msp432.a(adc14_msp432.cpp.o)
                0x0000000000002510                adc14_msp432::adc14_msp432()
                0x0000000000002510                adc14_msp432::adc14_msp432()
 .text._ZN12adc14_msp4327adcModeEht
                0x00000000000025d0       0xb0 /home/student/git/YAHAL/libYAHAL_msp432.a(adc14_msp432.cpp.o)
                0x00000000000025d0                adc14_msp432::adcMode(unsigned char, unsigned short)
 .text._ZN12adc14_msp4327getModeEh
                0x0000000000002680       0x44 /home/student/git/YAHAL/libYAHAL_msp432.a(adc14_msp432.cpp.o)
                0x0000000000002680                adc14_msp432::getMode(unsigned char)
 .text._ZN12adc14_msp43210adcReadRawEh
                0x00000000000026c4       0xd0 /home/student/git/YAHAL/libYAHAL_msp432.a(adc14_msp432.cpp.o)
                0x00000000000026c4                adc14_msp432::adcReadRaw(unsigned char)
 .text._ZN12adc14_msp43214adcReadVoltageEh
                0x0000000000002794       0x3e /home/student/git/YAHAL/libYAHAL_msp432.a(adc14_msp432.cpp.o)
                0x0000000000002794                adc14_msp432::adcReadVoltage(unsigned char)
 *fill*         0x00000000000027d2        0x2 
 .text._ZN12adc14_msp43212rawToVoltageEht
                0x00000000000027d4       0xe8 /home/student/git/YAHAL/libYAHAL_msp432.a(adc14_msp432.cpp.o)
                0x00000000000027d4                adc14_msp432::rawToVoltage(unsigned char, unsigned short)
 .text._ZN12adc14_msp43212adcSetupScanEt
                0x00000000000028bc       0x30 /home/student/git/YAHAL/libYAHAL_msp432.a(adc14_msp432.cpp.o)
                0x00000000000028bc                adc14_msp432::adcSetupScan(unsigned short)
 .text._ZN12adc14_msp43212adcStartScanEhh
                0x00000000000028ec       0xac /home/student/git/YAHAL/libYAHAL_msp432.a(adc14_msp432.cpp.o)
                0x00000000000028ec                adc14_msp432::adcStartScan(unsigned char, unsigned char)
 .text._ZN12adc14_msp43211adcStopScanEv
                0x0000000000002998       0x48 /home/student/git/YAHAL/libYAHAL_msp432.a(adc14_msp432.cpp.o)
                0x0000000000002998                adc14_msp432::adcStopScan()
 .text._ZN12adc14_msp43211adcReadScanEh
                0x00000000000029e0       0x48 /home/student/git/YAHAL/libYAHAL_msp432.a(adc14_msp432.cpp.o)
                0x00000000000029e0                adc14_msp432::adcReadScan(unsigned char)
 .text._ZN12adc14_msp43213attachScanIrqEhPFvttE
                0x0000000000002a28       0x68 /home/student/git/YAHAL/libYAHAL_msp432.a(adc14_msp432.cpp.o)
                0x0000000000002a28                adc14_msp432::attachScanIrq(unsigned char, void (*)(unsigned short, unsigned short))
 .text._ZN12adc14_msp43212attachWinIrqEhPFvttEttt
                0x0000000000002a90       0xf8 /home/student/git/YAHAL/libYAHAL_msp432.a(adc14_msp432.cpp.o)
                0x0000000000002a90                adc14_msp432::attachWinIrq(unsigned char, void (*)(unsigned short, unsigned short), unsigned short, unsigned short, unsigned short)
 .text._ZN12adc14_msp43214set_resolutionEt
                0x0000000000002b88       0xc8 /home/student/git/YAHAL/libYAHAL_msp432.a(adc14_msp432.cpp.o)
                0x0000000000002b88                adc14_msp432::set_resolution(unsigned short)
 .text._ZN12adc14_msp4329handleIrqEm
                0x0000000000002c50       0xec /home/student/git/YAHAL/libYAHAL_msp432.a(adc14_msp432.cpp.o)
                0x0000000000002c50                adc14_msp432::handleIrq(unsigned long)
 .text.ADC14_IRQHandler
                0x0000000000002d3c       0x28 /home/student/git/YAHAL/libYAHAL_msp432.a(adc14_msp432.cpp.o)
                0x0000000000002d3c                ADC14_IRQHandler
 .text._ZN12adc14_msp432D2Ev
                0x0000000000002d64       0x24 /home/student/git/YAHAL/libYAHAL_msp432.a(adc14_msp432.cpp.o)
                0x0000000000002d64                adc14_msp432::~adc14_msp432()
                0x0000000000002d64                adc14_msp432::~adc14_msp432()
 .text._ZN12adc14_msp432D0Ev
                0x0000000000002d88       0x1e /home/student/git/YAHAL/libYAHAL_msp432.a(adc14_msp432.cpp.o)
                0x0000000000002d88                adc14_msp432::~adc14_msp432()
 *fill*         0x0000000000002da6        0x2 
 .text._Z41__static_initialization_and_destruction_0ii
                0x0000000000002da8       0x40 /home/student/git/YAHAL/libYAHAL_msp432.a(adc14_msp432.cpp.o)
 .text._GLOBAL__sub_I__ZN12adc14_msp4324instE
                0x0000000000002de8       0x10 /home/student/git/YAHAL/libYAHAL_msp432.a(adc14_msp432.cpp.o)
 .text.__yahal_bad_function_call
                0x0000000000002df8        0x6 /home/student/git/YAHAL/libYAHAL_msp432.a(cpp_support.cpp.o)
                0x0000000000002df8                __yahal_bad_function_call
                0x0000000000002df8                std::__throw_bad_function_call()
 .text.abort    0x0000000000002dfe        0xe /opt/ti/ccs930/ccs/tools/compiler/gcc-arm-none-eabi-7-2017-q4-major/bin/../lib/gcc/arm-none-eabi/7.2.1/../../../../arm-none-eabi/lib/thumb/v7e-m/fpv4-sp/hard/libc_nano.a(lib_a-abort.o)
                0x0000000000002dfe                abort
 .text.__aeabi_atexit
                0x0000000000002e0c        0xa /opt/ti/ccs930/ccs/tools/compiler/gcc-arm-none-eabi-7-2017-q4-major/bin/../lib/gcc/arm-none-eabi/7.2.1/../../../../arm-none-eabi/lib/thumb/v7e-m/fpv4-sp/hard/libc_nano.a(lib_a-aeabi_atexit.o)
                0x0000000000002e0c                __aeabi_atexit
 *fill*         0x0000000000002e16        0x2 
 .text.__cxa_atexit
                0x0000000000002e18       0x1c /opt/ti/ccs930/ccs/tools/compiler/gcc-arm-none-eabi-7-2017-q4-major/bin/../lib/gcc/arm-none-eabi/7.2.1/../../../../arm-none-eabi/lib/thumb/v7e-m/fpv4-sp/hard/libc_nano.a(lib_a-cxa_atexit.o)
                0x0000000000002e18                __cxa_atexit
 .text.exit     0x0000000000002e34       0x28 /opt/ti/ccs930/ccs/tools/compiler/gcc-arm-none-eabi-7-2017-q4-major/bin/../lib/gcc/arm-none-eabi/7.2.1/../../../../arm-none-eabi/lib/thumb/v7e-m/fpv4-sp/hard/libc_nano.a(lib_a-exit.o)
                0x0000000000002e34                exit
 .text.__libc_init_array
                0x0000000000002e5c       0x48 /opt/ti/ccs930/ccs/tools/compiler/gcc-arm-none-eabi-7-2017-q4-major/bin/../lib/gcc/arm-none-eabi/7.2.1/../../../../arm-none-eabi/lib/thumb/v7e-m/fpv4-sp/hard/libc_nano.a(lib_a-init.o)
                0x0000000000002e5c                __libc_init_array
 .text.memcpy   0x0000000000002ea4       0x16 /opt/ti/ccs930/ccs/tools/compiler/gcc-arm-none-eabi-7-2017-q4-major/bin/../lib/gcc/arm-none-eabi/7.2.1/../../../../arm-none-eabi/lib/thumb/v7e-m/fpv4-sp/hard/libc_nano.a(lib_a-memcpy-stub.o)
                0x0000000000002ea4                memcpy
 .text.memset   0x0000000000002eba       0x10 /opt/ti/ccs930/ccs/tools/compiler/gcc-arm-none-eabi-7-2017-q4-major/bin/../lib/gcc/arm-none-eabi/7.2.1/../../../../arm-none-eabi/lib/thumb/v7e-m/fpv4-sp/hard/libc_nano.a(lib_a-memset.o)
                0x0000000000002eba                memset
 .text._init_signal_r
                0x0000000000002eca       0x28 /opt/ti/ccs930/ccs/tools/compiler/gcc-arm-none-eabi-7-2017-q4-major/bin/../lib/gcc/arm-none-eabi/7.2.1/../../../../arm-none-eabi/lib/thumb/v7e-m/fpv4-sp/hard/libc_nano.a(lib_a-signal.o)
                0x0000000000002eca                _init_signal_r
 .text._signal_r
                0x0000000000002ef2       0x30 /opt/ti/ccs930/ccs/tools/compiler/gcc-arm-none-eabi-7-2017-q4-major/bin/../lib/gcc/arm-none-eabi/7.2.1/../../../../arm-none-eabi/lib/thumb/v7e-m/fpv4-sp/hard/libc_nano.a(lib_a-signal.o)
                0x0000000000002ef2                _signal_r
 .text._raise_r
                0x0000000000002f22       0x50 /opt/ti/ccs930/ccs/tools/compiler/gcc-arm-none-eabi-7-2017-q4-major/bin/../lib/gcc/arm-none-eabi/7.2.1/../../../../arm-none-eabi/lib/thumb/v7e-m/fpv4-sp/hard/libc_nano.a(lib_a-signal.o)
                0x0000000000002f22                _raise_r
 .text.__sigtramp_r
                0x0000000000002f72       0x48 /opt/ti/ccs930/ccs/tools/compiler/gcc-arm-none-eabi-7-2017-q4-major/bin/../lib/gcc/arm-none-eabi/7.2.1/../../../../arm-none-eabi/lib/thumb/v7e-m/fpv4-sp/hard/libc_nano.a(lib_a-signal.o)
                0x0000000000002f72                __sigtramp_r
 *fill*         0x0000000000002fba        0x2 
 .text.raise    0x0000000000002fbc       0x10 /opt/ti/ccs930/ccs/tools/compiler/gcc-arm-none-eabi-7-2017-q4-major/bin/../lib/gcc/arm-none-eabi/7.2.1/../../../../arm-none-eabi/lib/thumb/v7e-m/fpv4-sp/hard/libc_nano.a(lib_a-signal.o)
                0x0000000000002fbc                raise
 .text.signal   0x0000000000002fcc       0x10 /opt/ti/ccs930/ccs/tools/compiler/gcc-arm-none-eabi-7-2017-q4-major/bin/../lib/gcc/arm-none-eabi/7.2.1/../../../../arm-none-eabi/lib/thumb/v7e-m/fpv4-sp/hard/libc_nano.a(lib_a-signal.o)
                0x0000000000002fcc                signal
 .text._init_signal
                0x0000000000002fdc        0xc /opt/ti/ccs930/ccs/tools/compiler/gcc-arm-none-eabi-7-2017-q4-major/bin/../lib/gcc/arm-none-eabi/7.2.1/../../../../arm-none-eabi/lib/thumb/v7e-m/fpv4-sp/hard/libc_nano.a(lib_a-signal.o)
                0x0000000000002fdc                _init_signal
 .text.__sigtramp
                0x0000000000002fe8       0x10 /opt/ti/ccs930/ccs/tools/compiler/gcc-arm-none-eabi-7-2017-q4-major/bin/../lib/gcc/arm-none-eabi/7.2.1/../../../../arm-none-eabi/lib/thumb/v7e-m/fpv4-sp/hard/libc_nano.a(lib_a-signal.o)
                0x0000000000002fe8                __sigtramp
 .text._kill_r  0x0000000000002ff8       0x24 /opt/ti/ccs930/ccs/tools/compiler/gcc-arm-none-eabi-7-2017-q4-major/bin/../lib/gcc/arm-none-eabi/7.2.1/../../../../arm-none-eabi/lib/thumb/v7e-m/fpv4-sp/hard/libc_nano.a(lib_a-signalr.o)
                0x0000000000002ff8                _kill_r
 .text._getpid_r
                0x000000000000301c        0x4 /opt/ti/ccs930/ccs/tools/compiler/gcc-arm-none-eabi-7-2017-q4-major/bin/../lib/gcc/arm-none-eabi/7.2.1/../../../../arm-none-eabi/lib/thumb/v7e-m/fpv4-sp/hard/libc_nano.a(lib_a-signalr.o)
                0x000000000000301c                _getpid_r
 .text._malloc_r
                0x0000000000003020       0xb4 /opt/ti/ccs930/ccs/tools/compiler/gcc-arm-none-eabi-7-2017-q4-major/bin/../lib/gcc/arm-none-eabi/7.2.1/../../../../arm-none-eabi/lib/thumb/v7e-m/fpv4-sp/hard/libc_nano.a(lib_a-nano-mallocr.o)
                0x0000000000003020                _malloc_r
 .text.cleanup_glue
                0x00000000000030d4       0x1a /opt/ti/ccs930/ccs/tools/compiler/gcc-arm-none-eabi-7-2017-q4-major/bin/../lib/gcc/arm-none-eabi/7.2.1/../../../../arm-none-eabi/lib/thumb/v7e-m/fpv4-sp/hard/libc_nano.a(lib_a-reent.o)
                0x00000000000030d4                cleanup_glue
 *fill*         0x00000000000030ee        0x2 
 .text._reclaim_reent
                0x00000000000030f0       0xb8 /opt/ti/ccs930/ccs/tools/compiler/gcc-arm-none-eabi-7-2017-q4-major/bin/../lib/gcc/arm-none-eabi/7.2.1/../../../../arm-none-eabi/lib/thumb/v7e-m/fpv4-sp/hard/libc_nano.a(lib_a-reent.o)
                0x00000000000030f0                _reclaim_reent
 .text._sbrk_r  0x00000000000031a8       0x20 /opt/ti/ccs930/ccs/tools/compiler/gcc-arm-none-eabi-7-2017-q4-major/bin/../lib/gcc/arm-none-eabi/7.2.1/../../../../arm-none-eabi/lib/thumb/v7e-m/fpv4-sp/hard/libc_nano.a(lib_a-sbrkr.o)
                0x00000000000031a8                _sbrk_r
 .text.__malloc_lock
                0x00000000000031c8        0x2 /opt/ti/ccs930/ccs/tools/compiler/gcc-arm-none-eabi-7-2017-q4-major/bin/../lib/gcc/arm-none-eabi/7.2.1/../../../../arm-none-eabi/lib/thumb/v7e-m/fpv4-sp/hard/libc_nano.a(lib_a-mlock.o)
                0x00000000000031c8                __malloc_lock
 .text.__malloc_unlock
                0x00000000000031ca        0x2 /opt/ti/ccs930/ccs/tools/compiler/gcc-arm-none-eabi-7-2017-q4-major/bin/../lib/gcc/arm-none-eabi/7.2.1/../../../../arm-none-eabi/lib/thumb/v7e-m/fpv4-sp/hard/libc_nano.a(lib_a-mlock.o)
                0x00000000000031ca                __malloc_unlock
 .text._free_r  0x00000000000031cc       0x9c /opt/ti/ccs930/ccs/tools/compiler/gcc-arm-none-eabi-7-2017-q4-major/bin/../lib/gcc/arm-none-eabi/7.2.1/../../../../arm-none-eabi/lib/thumb/v7e-m/fpv4-sp/hard/libc_nano.a(lib_a-nano-freer.o)
                0x00000000000031cc                _free_r
 .text._ZNK10__cxxabiv117__class_type_info11__do_upcastEPKS0_PPv
                0x0000000000003268       0x34 /opt/ti/ccs930/ccs/tools/compiler/gcc-arm-none-eabi-7-2017-q4-major/bin/../lib/gcc/arm-none-eabi/7.2.1/../../../../arm-none-eabi/lib/thumb/v7e-m/fpv4-sp/hard/libsupc++_nano.a(class_type_info.o)
                0x0000000000003268                __cxxabiv1::__class_type_info::__do_upcast(__cxxabiv1::__class_type_info const*, void**) const
 .text._ZNK10__cxxabiv117__class_type_info20__do_find_public_srcEiPKvPKS0_S2_
                0x000000000000329c        0xc /opt/ti/ccs930/ccs/tools/compiler/gcc-arm-none-eabi-7-2017-q4-major/bin/../lib/gcc/arm-none-eabi/7.2.1/../../../../arm-none-eabi/lib/thumb/v7e-m/fpv4-sp/hard/libsupc++_nano.a(class_type_info.o)
                0x000000000000329c                __cxxabiv1::__class_type_info::__do_find_public_src(int, void const*, __cxxabiv1::__class_type_info const*, void const*) const
 .text._ZN10__cxxabiv117__class_type_infoD2Ev
                0x00000000000032a8       0x14 /opt/ti/ccs930/ccs/tools/compiler/gcc-arm-none-eabi-7-2017-q4-major/bin/../lib/gcc/arm-none-eabi/7.2.1/../../../../arm-none-eabi/lib/thumb/v7e-m/fpv4-sp/hard/libsupc++_nano.a(class_type_info.o)
                0x00000000000032a8                __cxxabiv1::__class_type_info::~__class_type_info()
                0x00000000000032a8                __cxxabiv1::__class_type_info::~__class_type_info()
 .text._ZN10__cxxabiv117__class_type_infoD0Ev
                0x00000000000032bc       0x14 /opt/ti/ccs930/ccs/tools/compiler/gcc-arm-none-eabi-7-2017-q4-major/bin/../lib/gcc/arm-none-eabi/7.2.1/../../../../arm-none-eabi/lib/thumb/v7e-m/fpv4-sp/hard/libsupc++_nano.a(class_type_info.o)
                0x00000000000032bc                __cxxabiv1::__class_type_info::~__class_type_info()
 .text._ZNK10__cxxabiv117__class_type_info12__do_dyncastEiNS0_10__sub_kindEPKS0_PKvS3_S5_RNS0_16__dyncast_resultE
                0x00000000000032d0       0x3a /opt/ti/ccs930/ccs/tools/compiler/gcc-arm-none-eabi-7-2017-q4-major/bin/../lib/gcc/arm-none-eabi/7.2.1/../../../../arm-none-eabi/lib/thumb/v7e-m/fpv4-sp/hard/libsupc++_nano.a(class_type_info.o)
                0x00000000000032d0                __cxxabiv1::__class_type_info::__do_dyncast(int, __cxxabiv1::__class_type_info::__sub_kind, __cxxabiv1::__class_type_info const*, void const*, __cxxabiv1::__class_type_info const*, void const*, __cxxabiv1::__class_type_info::__dyncast_result&) const
 .text._ZNK10__cxxabiv117__class_type_info11__do_upcastEPKS0_PKvRNS0_15__upcast_resultE
                0x000000000000330a       0x18 /opt/ti/ccs930/ccs/tools/compiler/gcc-arm-none-eabi-7-2017-q4-major/bin/../lib/gcc/arm-none-eabi/7.2.1/../../../../arm-none-eabi/lib/thumb/v7e-m/fpv4-sp/hard/libsupc++_nano.a(class_type_info.o)
                0x000000000000330a                __cxxabiv1::__class_type_info::__do_upcast(__cxxabiv1::__class_type_info const*, void const*, __cxxabiv1::__class_type_info::__upcast_result&) const
 .text._ZNK10__cxxabiv117__class_type_info10__do_catchEPKSt9type_infoPPvj
                0x0000000000003322       0x2a /opt/ti/ccs930/ccs/tools/compiler/gcc-arm-none-eabi-7-2017-q4-major/bin/../lib/gcc/arm-none-eabi/7.2.1/../../../../arm-none-eabi/lib/thumb/v7e-m/fpv4-sp/hard/libsupc++_nano.a(class_type_info.o)
                0x0000000000003322                __cxxabiv1::__class_type_info::__do_catch(std::type_info const*, void**, unsigned int) const
 .text._ZdlPv   0x000000000000334c        0x4 /opt/ti/ccs930/ccs/tools/compiler/gcc-arm-none-eabi-7-2017-q4-major/bin/../lib/gcc/arm-none-eabi/7.2.1/../../../../arm-none-eabi/lib/thumb/v7e-m/fpv4-sp/hard/libsupc++_nano.a(del_op.o)
                0x000000000000334c                operator delete(void*)
 .text._ZdlPvj  0x0000000000003350        0x4 /opt/ti/ccs930/ccs/tools/compiler/gcc-arm-none-eabi-7-2017-q4-major/bin/../lib/gcc/arm-none-eabi/7.2.1/../../../../arm-none-eabi/lib/thumb/v7e-m/fpv4-sp/hard/libsupc++_nano.a(del_ops.o)
                0x0000000000003350                operator delete(void*, unsigned int)
 .text.__cxa_pure_virtual
                0x0000000000003354        0x6 /opt/ti/ccs930/ccs/tools/compiler/gcc-arm-none-eabi-7-2017-q4-major/bin/../lib/gcc/arm-none-eabi/7.2.1/../../../../arm-none-eabi/lib/thumb/v7e-m/fpv4-sp/hard/libsupc++_nano.a(pure.o)
                0x0000000000003354                __cxa_pure_virtual
 .text.__cxa_deleted_virtual
                0x000000000000335a        0x6 /opt/ti/ccs930/ccs/tools/compiler/gcc-arm-none-eabi-7-2017-q4-major/bin/../lib/gcc/arm-none-eabi/7.2.1/../../../../arm-none-eabi/lib/thumb/v7e-m/fpv4-sp/hard/libsupc++_nano.a(pure.o)
                0x000000000000335a                __cxa_deleted_virtual
 .text._ZN10__cxxabiv120__si_class_type_infoD2Ev
                0x0000000000003360       0x14 /opt/ti/ccs930/ccs/tools/compiler/gcc-arm-none-eabi-7-2017-q4-major/bin/../lib/gcc/arm-none-eabi/7.2.1/../../../../arm-none-eabi/lib/thumb/v7e-m/fpv4-sp/hard/libsupc++_nano.a(si_class_type_info.o)
                0x0000000000003360                __cxxabiv1::__si_class_type_info::~__si_class_type_info()
                0x0000000000003360                __cxxabiv1::__si_class_type_info::~__si_class_type_info()
 .text._ZN10__cxxabiv120__si_class_type_infoD0Ev
                0x0000000000003374       0x14 /opt/ti/ccs930/ccs/tools/compiler/gcc-arm-none-eabi-7-2017-q4-major/bin/../lib/gcc/arm-none-eabi/7.2.1/../../../../arm-none-eabi/lib/thumb/v7e-m/fpv4-sp/hard/libsupc++_nano.a(si_class_type_info.o)
                0x0000000000003374                __cxxabiv1::__si_class_type_info::~__si_class_type_info()
 .text._ZNK10__cxxabiv120__si_class_type_info20__do_find_public_srcEiPKvPKNS_17__class_type_infoES2_
                0x0000000000003388       0x38 /opt/ti/ccs930/ccs/tools/compiler/gcc-arm-none-eabi-7-2017-q4-major/bin/../lib/gcc/arm-none-eabi/7.2.1/../../../../arm-none-eabi/lib/thumb/v7e-m/fpv4-sp/hard/libsupc++_nano.a(si_class_type_info.o)
                0x0000000000003388                __cxxabiv1::__si_class_type_info::__do_find_public_src(int, void const*, __cxxabiv1::__class_type_info const*, void const*) const
 .text._ZNK10__cxxabiv120__si_class_type_info12__do_dyncastEiNS_17__class_type_info10__sub_kindEPKS1_PKvS4_S6_RNS1_16__dyncast_resultE
                0x00000000000033c0       0x74 /opt/ti/ccs930/ccs/tools/compiler/gcc-arm-none-eabi-7-2017-q4-major/bin/../lib/gcc/arm-none-eabi/7.2.1/../../../../arm-none-eabi/lib/thumb/v7e-m/fpv4-sp/hard/libsupc++_nano.a(si_class_type_info.o)
                0x00000000000033c0                __cxxabiv1::__si_class_type_info::__do_dyncast(int, __cxxabiv1::__class_type_info::__sub_kind, __cxxabiv1::__class_type_info const*, void const*, __cxxabiv1::__class_type_info const*, void const*, __cxxabiv1::__class_type_info::__dyncast_result&) const
 .text._ZNK10__cxxabiv120__si_class_type_info11__do_upcastEPKNS_17__class_type_infoEPKvRNS1_15__upcast_resultE
                0x0000000000003434       0x2a /opt/ti/ccs930/ccs/tools/compiler/gcc-arm-none-eabi-7-2017-q4-major/bin/../lib/gcc/arm-none-eabi/7.2.1/../../../../arm-none-eabi/lib/thumb/v7e-m/fpv4-sp/hard/libsupc++_nano.a(si_class_type_info.o)
                0x0000000000003434                __cxxabiv1::__si_class_type_info::__do_upcast(__cxxabiv1::__class_type_info const*, void const*, __cxxabiv1::__class_type_info::__upcast_result&) const
 .text._ZNSt9type_infoD2Ev
                0x000000000000345e        0x2 /opt/ti/ccs930/ccs/tools/compiler/gcc-arm-none-eabi-7-2017-q4-major/bin/../lib/gcc/arm-none-eabi/7.2.1/../../../../arm-none-eabi/lib/thumb/v7e-m/fpv4-sp/hard/libsupc++_nano.a(tinfo.o)
                0x000000000000345e                std::type_info::~type_info()
                0x000000000000345e                std::type_info::~type_info()
 .text._ZNKSt9type_info14__is_pointer_pEv
                0x0000000000003460        0x4 /opt/ti/ccs930/ccs/tools/compiler/gcc-arm-none-eabi-7-2017-q4-major/bin/../lib/gcc/arm-none-eabi/7.2.1/../../../../arm-none-eabi/lib/thumb/v7e-m/fpv4-sp/hard/libsupc++_nano.a(tinfo.o)
                0x0000000000003460                std::type_info::__is_function_p() const
                0x0000000000003460                std::type_info::__is_pointer_p() const
 .text._ZNKSt9type_info11__do_upcastEPKN10__cxxabiv117__class_type_infoEPPv
                0x0000000000003464        0x4 /opt/ti/ccs930/ccs/tools/compiler/gcc-arm-none-eabi-7-2017-q4-major/bin/../lib/gcc/arm-none-eabi/7.2.1/../../../../arm-none-eabi/lib/thumb/v7e-m/fpv4-sp/hard/libsupc++_nano.a(tinfo.o)
                0x0000000000003464                std::type_info::__do_upcast(__cxxabiv1::__class_type_info const*, void**) const
 .text._ZNSt9type_infoD0Ev
                0x0000000000003468        0xe /opt/ti/ccs930/ccs/tools/compiler/gcc-arm-none-eabi-7-2017-q4-major/bin/../lib/gcc/arm-none-eabi/7.2.1/../../../../arm-none-eabi/lib/thumb/v7e-m/fpv4-sp/hard/libsupc++_nano.a(tinfo.o)
                0x0000000000003468                std::type_info::~type_info()
 .text._ZNKSt9type_infoeqERKS_
                0x0000000000003476       0x2c /opt/ti/ccs930/ccs/tools/compiler/gcc-arm-none-eabi-7-2017-q4-major/bin/../lib/gcc/arm-none-eabi/7.2.1/../../../../arm-none-eabi/lib/thumb/v7e-m/fpv4-sp/hard/libsupc++_nano.a(tinfo.o)
                0x0000000000003476                std::type_info::operator==(std::type_info const&) const
 .text._ZNKSt9type_info10__do_catchEPKS_PPvj
                0x00000000000034a2        0x4 /opt/ti/ccs930/ccs/tools/compiler/gcc-arm-none-eabi-7-2017-q4-major/bin/../lib/gcc/arm-none-eabi/7.2.1/../../../../arm-none-eabi/lib/thumb/v7e-m/fpv4-sp/hard/libsupc++_nano.a(tinfo.o)
                0x00000000000034a2                std::type_info::__do_catch(std::type_info const*, void**, unsigned int) const
 .text._ZN10__cxxabiv111__terminateEPFvvE
                0x00000000000034a6        0x8 /opt/ti/ccs930/ccs/tools/compiler/gcc-arm-none-eabi-7-2017-q4-major/bin/../lib/gcc/arm-none-eabi/7.2.1/../../../../arm-none-eabi/lib/thumb/v7e-m/fpv4-sp/hard/libsupc++_nano.a(eh_terminate.o)
                0x00000000000034a6                __cxxabiv1::__terminate(void (*)())
 *fill*         0x00000000000034ae        0x2 
 .text._ZSt13set_terminatePFvvE
                0x00000000000034b0       0x20 /opt/ti/ccs930/ccs/tools/compiler/gcc-arm-none-eabi-7-2017-q4-major/bin/../lib/gcc/arm-none-eabi/7.2.1/../../../../arm-none-eabi/lib/thumb/v7e-m/fpv4-sp/hard/libsupc++_nano.a(eh_terminate.o)
                0x00000000000034b0                std::set_terminate(void (*)())
 .text._ZSt13get_terminatev
                0x00000000000034d0       0x10 /opt/ti/ccs930/ccs/tools/compiler/gcc-arm-none-eabi-7-2017-q4-major/bin/../lib/gcc/arm-none-eabi/7.2.1/../../../../arm-none-eabi/lib/thumb/v7e-m/fpv4-sp/hard/libsupc++_nano.a(eh_terminate.o)
                0x00000000000034d0                std::get_terminate()
 .text._ZSt9terminatev
                0x00000000000034e0        0xa /opt/ti/ccs930/ccs/tools/compiler/gcc-arm-none-eabi-7-2017-q4-major/bin/../lib/gcc/arm-none-eabi/7.2.1/../../../../arm-none-eabi/lib/thumb/v7e-m/fpv4-sp/hard/libsupc++_nano.a(eh_terminate.o)
                0x00000000000034e0                std::terminate()
 .text._ZN10__cxxabiv112__unexpectedEPFvvE
                0x00000000000034ea        0x8 /opt/ti/ccs930/ccs/tools/compiler/gcc-arm-none-eabi-7-2017-q4-major/bin/../lib/gcc/arm-none-eabi/7.2.1/../../../../arm-none-eabi/lib/thumb/v7e-m/fpv4-sp/hard/libsupc++_nano.a(eh_terminate.o)
                0x00000000000034ea                __cxxabiv1::__unexpected(void (*)())
 *fill*         0x00000000000034f2        0x2 
 .text._ZSt14set_unexpectedPFvvE
                0x00000000000034f4       0x20 /opt/ti/ccs930/ccs/tools/compiler/gcc-arm-none-eabi-7-2017-q4-major/bin/../lib/gcc/arm-none-eabi/7.2.1/../../../../arm-none-eabi/lib/thumb/v7e-m/fpv4-sp/hard/libsupc++_nano.a(eh_terminate.o)
                0x00000000000034f4                std::set_unexpected(void (*)())
 .text._ZSt14get_unexpectedv
                0x0000000000003514       0x10 /opt/ti/ccs930/ccs/tools/compiler/gcc-arm-none-eabi-7-2017-q4-major/bin/../lib/gcc/arm-none-eabi/7.2.1/../../../../arm-none-eabi/lib/thumb/v7e-m/fpv4-sp/hard/libsupc++_nano.a(eh_terminate.o)
                0x0000000000003514                std::get_unexpected()
 .text._ZSt10unexpectedv
                0x0000000000003524        0xa /opt/ti/ccs930/ccs/tools/compiler/gcc-arm-none-eabi-7-2017-q4-major/bin/../lib/gcc/arm-none-eabi/7.2.1/../../../../arm-none-eabi/lib/thumb/v7e-m/fpv4-sp/hard/libsupc++_nano.a(eh_terminate.o)
                0x0000000000003524                std::unexpected()
 *fill*         0x000000000000352e        0x2 
 .text._getpid  0x0000000000003530       0x10 /opt/ti/ccs930/ccs/tools/compiler/gcc-arm-none-eabi-7-2017-q4-major/bin/../lib/gcc/arm-none-eabi/7.2.1/../../../../arm-none-eabi/lib/thumb/v7e-m/fpv4-sp/hard/libnosys.a(getpid.o)
                0x0000000000003530                _getpid
 .text._kill    0x0000000000003540       0x10 /opt/ti/ccs930/ccs/tools/compiler/gcc-arm-none-eabi-7-2017-q4-major/bin/../lib/gcc/arm-none-eabi/7.2.1/../../../../arm-none-eabi/lib/thumb/v7e-m/fpv4-sp/hard/libnosys.a(kill.o)
                0x0000000000003540                _kill
 .text._sbrk    0x0000000000003550       0x1c /opt/ti/ccs930/ccs/tools/compiler/gcc-arm-none-eabi-7-2017-q4-major/bin/../lib/gcc/arm-none-eabi/7.2.1/../../../../arm-none-eabi/lib/thumb/v7e-m/fpv4-sp/hard/libnosys.a(sbrk.o)
                0x0000000000003550                _sbrk
 .text._exit    0x000000000000356c        0x4 /opt/ti/ccs930/ccs/tools/compiler/gcc-arm-none-eabi-7-2017-q4-major/bin/../lib/gcc/arm-none-eabi/7.2.1/../../../../arm-none-eabi/lib/thumb/v7e-m/fpv4-sp/hard/libnosys.a(_exit.o)
                0x000000000000356c                _exit
 .text.malloc   0x0000000000003570       0x10 /opt/ti/ccs930/ccs/tools/compiler/gcc-arm-none-eabi-7-2017-q4-major/bin/../lib/gcc/arm-none-eabi/7.2.1/../../../../arm-none-eabi/lib/thumb/v7e-m/fpv4-sp/hard/libc_nano.a(lib_a-malloc.o)
                0x0000000000003570                malloc
 .text.free     0x0000000000003580       0x10 /opt/ti/ccs930/ccs/tools/compiler/gcc-arm-none-eabi-7-2017-q4-major/bin/../lib/gcc/arm-none-eabi/7.2.1/../../../../arm-none-eabi/lib/thumb/v7e-m/fpv4-sp/hard/libc_nano.a(lib_a-malloc.o)
                0x0000000000003580                free
                0x0000000000003590                . = ALIGN (0x4)
 *(.ctors)
                0x0000000000003590                . = ALIGN (0x4)
 *(.dtors)
                0x0000000000003590                . = ALIGN (0x4)
                0x0000000000003590                __init_array_start = .
 *(.init_array*)
 .init_array    0x0000000000003590        0x4 /opt/ti/ccs930/ccs/tools/compiler/gcc-arm-none-eabi-7-2017-q4-major/bin/../lib/gcc/arm-none-eabi/7.2.1/thumb/v7e-m/fpv4-sp/hard/crtbegin.o
 .init_array    0x0000000000003594        0x4 /home/student/git/YAHAL/libYAHAL_msp432.a(gpio_msp432.cpp.o)
 .init_array    0x0000000000003598        0x4 /home/student/git/YAHAL/libYAHAL_msp432.a(adc14_msp432.cpp.o)
                0x000000000000359c                __init_array_end = .
 *(.init)
 .init          0x000000000000359c        0x4 /opt/ti/ccs930/ccs/tools/compiler/gcc-arm-none-eabi-7-2017-q4-major/bin/../lib/gcc/arm-none-eabi/7.2.1/thumb/v7e-m/fpv4-sp/hard/crti.o
                0x000000000000359c                _init
 .init          0x00000000000035a0        0x8 /opt/ti/ccs930/ccs/tools/compiler/gcc-arm-none-eabi-7-2017-q4-major/bin/../lib/gcc/arm-none-eabi/7.2.1/thumb/v7e-m/fpv4-sp/hard/crtn.o
 *(.fini*)
 .fini          0x00000000000035a8        0x4 /opt/ti/ccs930/ccs/tools/compiler/gcc-arm-none-eabi-7-2017-q4-major/bin/../lib/gcc/arm-none-eabi/7.2.1/thumb/v7e-m/fpv4-sp/hard/crti.o
                0x00000000000035a8                _fini
 .fini_array    0x00000000000035ac        0x4 /opt/ti/ccs930/ccs/tools/compiler/gcc-arm-none-eabi-7-2017-q4-major/bin/../lib/gcc/arm-none-eabi/7.2.1/thumb/v7e-m/fpv4-sp/hard/crtbegin.o
 .fini          0x00000000000035b0        0x8 /opt/ti/ccs930/ccs/tools/compiler/gcc-arm-none-eabi-7-2017-q4-major/bin/../lib/gcc/arm-none-eabi/7.2.1/thumb/v7e-m/fpv4-sp/hard/crtn.o

.glue_7         0x00000000000035b8        0x0
 .glue_7        0x00000000000035b8        0x0 linker stubs

.glue_7t        0x00000000000035b8        0x0
 .glue_7t       0x00000000000035b8        0x0 linker stubs

.vfp11_veneer   0x00000000000035b8        0x0
 .vfp11_veneer  0x00000000000035b8        0x0 linker stubs

.v4_bx          0x00000000000035b8        0x0
 .v4_bx         0x00000000000035b8        0x0 linker stubs

.iplt           0x00000000000035b8        0x0
 .iplt          0x00000000000035b8        0x0 /opt/ti/ccs930/ccs/tools/compiler/gcc-arm-none-eabi-7-2017-q4-major/bin/../lib/gcc/arm-none-eabi/7.2.1/thumb/v7e-m/fpv4-sp/hard/crtbegin.o

.rodata         0x00000000000035b8      0x2bc
 *(.rodata)
 .rodata        0x00000000000035b8       0x24 /home/student/git/YAHAL/libYAHAL_msp432.a(gpio_msp432.cpp.o)
 .rodata        0x00000000000035dc       0x25 /home/student/git/YAHAL/libYAHAL_msp432.a(adc14_msp432.cpp.o)
 *(.rodata.*)
 *fill*         0x0000000000003601        0x3 
 .rodata._ZStL19piecewise_construct
                0x0000000000003604        0x1 /home/student/git/YAHAL/libYAHAL_msp432.a(gpio_msp432.cpp.o)
 *fill*         0x0000000000003605        0x3 
 .rodata._ZStL13allocator_arg
                0x0000000000003608        0x1 /home/student/git/YAHAL/libYAHAL_msp432.a(gpio_msp432.cpp.o)
 *fill*         0x0000000000003609        0x3 
 .rodata._ZStL6ignore
                0x000000000000360c        0x1 /home/student/git/YAHAL/libYAHAL_msp432.a(gpio_msp432.cpp.o)
 *fill*         0x000000000000360d        0x1 
 .rodata._ZN4GPIOL5INPUTE
                0x000000000000360e        0x2 /home/student/git/YAHAL/libYAHAL_msp432.a(gpio_msp432.cpp.o)
 .rodata._ZN4GPIOL6OUTPUTE
                0x0000000000003610        0x2 /home/student/git/YAHAL/libYAHAL_msp432.a(gpio_msp432.cpp.o)
 .rodata._ZN4GPIOL17OUTPUT_OPEN_DRAINE
                0x0000000000003612        0x2 /home/student/git/YAHAL/libYAHAL_msp432.a(gpio_msp432.cpp.o)
 .rodata._ZN4GPIOL18OUTPUT_OPEN_SOURCEE
                0x0000000000003614        0x2 /home/student/git/YAHAL/libYAHAL_msp432.a(gpio_msp432.cpp.o)
 .rodata._ZN4GPIOL6PULLUPE
                0x0000000000003616        0x2 /home/student/git/YAHAL/libYAHAL_msp432.a(gpio_msp432.cpp.o)
 .rodata._ZN4GPIOL8PULLDOWNE
                0x0000000000003618        0x2 /home/student/git/YAHAL/libYAHAL_msp432.a(gpio_msp432.cpp.o)
 .rodata._ZN4GPIOL4SLOWE
                0x000000000000361a        0x2 /home/student/git/YAHAL/libYAHAL_msp432.a(gpio_msp432.cpp.o)
 .rodata._ZN4GPIOL4FASTE
                0x000000000000361c        0x2 /home/student/git/YAHAL/libYAHAL_msp432.a(gpio_msp432.cpp.o)
 .rodata._ZN4GPIOL9INIT_HIGHE
                0x000000000000361e        0x2 /home/student/git/YAHAL/libYAHAL_msp432.a(gpio_msp432.cpp.o)
 .rodata._ZN4GPIOL8INIT_LOWE
                0x0000000000003620        0x2 /home/student/git/YAHAL/libYAHAL_msp432.a(gpio_msp432.cpp.o)
 .rodata._ZN4GPIOL6RISINGE
                0x0000000000003622        0x2 /home/student/git/YAHAL/libYAHAL_msp432.a(gpio_msp432.cpp.o)
 .rodata._ZN4GPIOL7FALLINGE
                0x0000000000003624        0x2 /home/student/git/YAHAL/libYAHAL_msp432.a(gpio_msp432.cpp.o)
 .rodata._ZN4GPIOL10LEVEL_HIGHE
                0x0000000000003626        0x2 /home/student/git/YAHAL/libYAHAL_msp432.a(gpio_msp432.cpp.o)
 .rodata._ZN4GPIOL9LEVEL_LOWE
                0x0000000000003628        0x2 /home/student/git/YAHAL/libYAHAL_msp432.a(gpio_msp432.cpp.o)
 *fill*         0x000000000000362a        0x2 
 .rodata._ZTV11gpio_msp432
                0x000000000000362c       0x30 /home/student/git/YAHAL/libYAHAL_msp432.a(gpio_msp432.cpp.o)
                0x000000000000362c                vtable for gpio_msp432
 .rodata._ZTV14gpio_interface
                0x000000000000365c       0x30 /home/student/git/YAHAL/libYAHAL_msp432.a(gpio_msp432.cpp.o)
                0x000000000000365c                vtable for gpio_interface
 .rodata._ZTI11gpio_msp432
                0x000000000000368c        0xc /home/student/git/YAHAL/libYAHAL_msp432.a(gpio_msp432.cpp.o)
                0x000000000000368c                typeinfo for gpio_msp432
 .rodata._ZTS11gpio_msp432
                0x0000000000003698        0xe /home/student/git/YAHAL/libYAHAL_msp432.a(gpio_msp432.cpp.o)
                0x0000000000003698                typeinfo name for gpio_msp432
 *fill*         0x00000000000036a6        0x2 
 .rodata._ZTI14gpio_interface
                0x00000000000036a8        0x8 /home/student/git/YAHAL/libYAHAL_msp432.a(gpio_msp432.cpp.o)
                0x00000000000036a8                typeinfo for gpio_interface
 .rodata._ZTS14gpio_interface
                0x00000000000036b0       0x11 /home/student/git/YAHAL/libYAHAL_msp432.a(gpio_msp432.cpp.o)
                0x00000000000036b0                typeinfo name for gpio_interface
 *fill*         0x00000000000036c1        0x1 
 .rodata._ZN3ADCL9ADC_8_BITE
                0x00000000000036c2        0x2 /home/student/git/YAHAL/libYAHAL_msp432.a(adc14_msp432.cpp.o)
 .rodata._ZN3ADCL10ADC_10_BITE
                0x00000000000036c4        0x2 /home/student/git/YAHAL/libYAHAL_msp432.a(adc14_msp432.cpp.o)
 .rodata._ZN3ADCL10ADC_12_BITE
                0x00000000000036c6        0x2 /home/student/git/YAHAL/libYAHAL_msp432.a(adc14_msp432.cpp.o)
 .rodata._ZN3ADCL10ADC_14_BITE
                0x00000000000036c8        0x2 /home/student/git/YAHAL/libYAHAL_msp432.a(adc14_msp432.cpp.o)
 .rodata._ZN3ADCL9BELOW_LOWE
                0x00000000000036ca        0x2 /home/student/git/YAHAL/libYAHAL_msp432.a(adc14_msp432.cpp.o)
 .rodata._ZN3ADCL10ABOVE_HIGHE
                0x00000000000036cc        0x2 /home/student/git/YAHAL/libYAHAL_msp432.a(adc14_msp432.cpp.o)
 .rodata._ZN3ADCL10WITHIN_WINE
                0x00000000000036ce        0x2 /home/student/git/YAHAL/libYAHAL_msp432.a(adc14_msp432.cpp.o)
 .rodata._ZStL19piecewise_construct
                0x00000000000036d0        0x1 /home/student/git/YAHAL/libYAHAL_msp432.a(adc14_msp432.cpp.o)
 *fill*         0x00000000000036d1        0x3 
 .rodata._ZStL13allocator_arg
                0x00000000000036d4        0x1 /home/student/git/YAHAL/libYAHAL_msp432.a(adc14_msp432.cpp.o)
 *fill*         0x00000000000036d5        0x3 
 .rodata._ZStL6ignore
                0x00000000000036d8        0x1 /home/student/git/YAHAL/libYAHAL_msp432.a(adc14_msp432.cpp.o)
 *fill*         0x00000000000036d9        0x1 
 .rodata._ZN4GPIOL5INPUTE
                0x00000000000036da        0x2 /home/student/git/YAHAL/libYAHAL_msp432.a(adc14_msp432.cpp.o)
 .rodata._ZN4GPIOL6OUTPUTE
                0x00000000000036dc        0x2 /home/student/git/YAHAL/libYAHAL_msp432.a(adc14_msp432.cpp.o)
 .rodata._ZN4GPIOL17OUTPUT_OPEN_DRAINE
                0x00000000000036de        0x2 /home/student/git/YAHAL/libYAHAL_msp432.a(adc14_msp432.cpp.o)
 .rodata._ZN4GPIOL18OUTPUT_OPEN_SOURCEE
                0x00000000000036e0        0x2 /home/student/git/YAHAL/libYAHAL_msp432.a(adc14_msp432.cpp.o)
 .rodata._ZN4GPIOL6PULLUPE
                0x00000000000036e2        0x2 /home/student/git/YAHAL/libYAHAL_msp432.a(adc14_msp432.cpp.o)
 .rodata._ZN4GPIOL8PULLDOWNE
                0x00000000000036e4        0x2 /home/student/git/YAHAL/libYAHAL_msp432.a(adc14_msp432.cpp.o)
 .rodata._ZN4GPIOL4SLOWE
                0x00000000000036e6        0x2 /home/student/git/YAHAL/libYAHAL_msp432.a(adc14_msp432.cpp.o)
 .rodata._ZN4GPIOL4FASTE
                0x00000000000036e8        0x2 /home/student/git/YAHAL/libYAHAL_msp432.a(adc14_msp432.cpp.o)
 .rodata._ZN4GPIOL9INIT_HIGHE
                0x00000000000036ea        0x2 /home/student/git/YAHAL/libYAHAL_msp432.a(adc14_msp432.cpp.o)
 .rodata._ZN4GPIOL8INIT_LOWE
                0x00000000000036ec        0x2 /home/student/git/YAHAL/libYAHAL_msp432.a(adc14_msp432.cpp.o)
 .rodata._ZN4GPIOL6RISINGE
                0x00000000000036ee        0x2 /home/student/git/YAHAL/libYAHAL_msp432.a(adc14_msp432.cpp.o)
 .rodata._ZN4GPIOL7FALLINGE
                0x00000000000036f0        0x2 /home/student/git/YAHAL/libYAHAL_msp432.a(adc14_msp432.cpp.o)
 .rodata._ZN4GPIOL10LEVEL_HIGHE
                0x00000000000036f2        0x2 /home/student/git/YAHAL/libYAHAL_msp432.a(adc14_msp432.cpp.o)
 .rodata._ZN4GPIOL9LEVEL_LOWE
                0x00000000000036f4        0x2 /home/student/git/YAHAL/libYAHAL_msp432.a(adc14_msp432.cpp.o)
 *fill*         0x00000000000036f6        0x2 
 .rodata._ZTV12adc14_msp432
                0x00000000000036f8       0x24 /home/student/git/YAHAL/libYAHAL_msp432.a(adc14_msp432.cpp.o)
                0x00000000000036f8                vtable for adc14_msp432
 .rodata._ZTV13adc_interface
                0x000000000000371c       0x24 /home/student/git/YAHAL/libYAHAL_msp432.a(adc14_msp432.cpp.o)
                0x000000000000371c                vtable for adc_interface
 .rodata._ZTI12adc14_msp432
                0x0000000000003740        0xc /home/student/git/YAHAL/libYAHAL_msp432.a(adc14_msp432.cpp.o)
                0x0000000000003740                typeinfo for adc14_msp432
 .rodata._ZTS12adc14_msp432
                0x000000000000374c        0xf /home/student/git/YAHAL/libYAHAL_msp432.a(adc14_msp432.cpp.o)
                0x000000000000374c                typeinfo name for adc14_msp432
 *fill*         0x000000000000375b        0x1 
 .rodata._ZTI13adc_interface
                0x000000000000375c        0x8 /home/student/git/YAHAL/libYAHAL_msp432.a(adc14_msp432.cpp.o)
                0x000000000000375c                typeinfo for adc_interface
 .rodata._ZTS13adc_interface
                0x0000000000003764       0x10 /home/student/git/YAHAL/libYAHAL_msp432.a(adc14_msp432.cpp.o)
                0x0000000000003764                typeinfo name for adc_interface
 .rodata.__cxa_atexit_dummy
                0x0000000000003774        0x4 /opt/ti/ccs930/ccs/tools/compiler/gcc-arm-none-eabi-7-2017-q4-major/bin/../lib/gcc/arm-none-eabi/7.2.1/../../../../arm-none-eabi/lib/thumb/v7e-m/fpv4-sp/hard/libc_nano.a(lib_a-cxa_atexit.o)
                0x0000000000003774                __cxa_atexit_dummy
 .rodata._global_impure_ptr
                0x0000000000003778        0x4 /opt/ti/ccs930/ccs/tools/compiler/gcc-arm-none-eabi-7-2017-q4-major/bin/../lib/gcc/arm-none-eabi/7.2.1/../../../../arm-none-eabi/lib/thumb/v7e-m/fpv4-sp/hard/libc_nano.a(lib_a-impure.o)
                0x0000000000003778                _global_impure_ptr
 .rodata.__on_exit_args
                0x000000000000377c        0x4 /opt/ti/ccs930/ccs/tools/compiler/gcc-arm-none-eabi-7-2017-q4-major/bin/../lib/gcc/arm-none-eabi/7.2.1/../../../../arm-none-eabi/lib/thumb/v7e-m/fpv4-sp/hard/libc_nano.a(lib_a-on_exit_args.o)
                0x000000000000377c                __on_exit_args
 .rodata._ZTIN10__cxxabiv117__class_type_infoE
                0x0000000000003780        0xc /opt/ti/ccs930/ccs/tools/compiler/gcc-arm-none-eabi-7-2017-q4-major/bin/../lib/gcc/arm-none-eabi/7.2.1/../../../../arm-none-eabi/lib/thumb/v7e-m/fpv4-sp/hard/libsupc++_nano.a(class_type_info.o)
                0x0000000000003780                typeinfo for __cxxabiv1::__class_type_info
 .rodata._ZTSN10__cxxabiv117__class_type_infoE
                0x000000000000378c       0x22 /opt/ti/ccs930/ccs/tools/compiler/gcc-arm-none-eabi-7-2017-q4-major/bin/../lib/gcc/arm-none-eabi/7.2.1/../../../../arm-none-eabi/lib/thumb/v7e-m/fpv4-sp/hard/libsupc++_nano.a(class_type_info.o)
                0x000000000000378c                typeinfo name for __cxxabiv1::__class_type_info
 *fill*         0x00000000000037ae        0x2 
 .rodata._ZTVN10__cxxabiv117__class_type_infoE
                0x00000000000037b0       0x2c /opt/ti/ccs930/ccs/tools/compiler/gcc-arm-none-eabi-7-2017-q4-major/bin/../lib/gcc/arm-none-eabi/7.2.1/../../../../arm-none-eabi/lib/thumb/v7e-m/fpv4-sp/hard/libsupc++_nano.a(class_type_info.o)
                0x00000000000037b0                vtable for __cxxabiv1::__class_type_info
 .rodata._ZTIN10__cxxabiv120__si_class_type_infoE
                0x00000000000037dc        0xc /opt/ti/ccs930/ccs/tools/compiler/gcc-arm-none-eabi-7-2017-q4-major/bin/../lib/gcc/arm-none-eabi/7.2.1/../../../../arm-none-eabi/lib/thumb/v7e-m/fpv4-sp/hard/libsupc++_nano.a(si_class_type_info.o)
                0x00000000000037dc                typeinfo for __cxxabiv1::__si_class_type_info
 .rodata._ZTSN10__cxxabiv120__si_class_type_infoE
                0x00000000000037e8       0x25 /opt/ti/ccs930/ccs/tools/compiler/gcc-arm-none-eabi-7-2017-q4-major/bin/../lib/gcc/arm-none-eabi/7.2.1/../../../../arm-none-eabi/lib/thumb/v7e-m/fpv4-sp/hard/libsupc++_nano.a(si_class_type_info.o)
                0x00000000000037e8                typeinfo name for __cxxabiv1::__si_class_type_info
 *fill*         0x000000000000380d        0x3 
 .rodata._ZTVN10__cxxabiv120__si_class_type_infoE
                0x0000000000003810       0x2c /opt/ti/ccs930/ccs/tools/compiler/gcc-arm-none-eabi-7-2017-q4-major/bin/../lib/gcc/arm-none-eabi/7.2.1/../../../../arm-none-eabi/lib/thumb/v7e-m/fpv4-sp/hard/libsupc++_nano.a(si_class_type_info.o)
                0x0000000000003810                vtable for __cxxabiv1::__si_class_type_info
 .rodata._ZTISt9type_info
                0x000000000000383c        0x8 /opt/ti/ccs930/ccs/tools/compiler/gcc-arm-none-eabi-7-2017-q4-major/bin/../lib/gcc/arm-none-eabi/7.2.1/../../../../arm-none-eabi/lib/thumb/v7e-m/fpv4-sp/hard/libsupc++_nano.a(tinfo.o)
                0x000000000000383c                typeinfo for std::type_info
 .rodata._ZTSSt9type_info
                0x0000000000003844        0xd /opt/ti/ccs930/ccs/tools/compiler/gcc-arm-none-eabi-7-2017-q4-major/bin/../lib/gcc/arm-none-eabi/7.2.1/../../../../arm-none-eabi/lib/thumb/v7e-m/fpv4-sp/hard/libsupc++_nano.a(tinfo.o)
                0x0000000000003844                typeinfo name for std::type_info
 *fill*         0x0000000000003851        0x3 
 .rodata._ZTVSt9type_info
                0x0000000000003854       0x20 /opt/ti/ccs930/ccs/tools/compiler/gcc-arm-none-eabi-7-2017-q4-major/bin/../lib/gcc/arm-none-eabi/7.2.1/../../../../arm-none-eabi/lib/thumb/v7e-m/fpv4-sp/hard/libsupc++_nano.a(tinfo.o)
                0x0000000000003854                vtable for std::type_info

.eh_frame       0x0000000000003874        0x4
 .eh_frame      0x0000000000003874        0x0 /opt/ti/ccs930/ccs/tools/compiler/gcc-arm-none-eabi-7-2017-q4-major/bin/../lib/gcc/arm-none-eabi/7.2.1/thumb/v7e-m/fpv4-sp/hard/crtbegin.o
 .eh_frame      0x0000000000003874        0x4 /opt/ti/ccs930/ccs/tools/compiler/gcc-arm-none-eabi-7-2017-q4-major/bin/../lib/gcc/arm-none-eabi/7.2.1/thumb/v7e-m/fpv4-sp/hard/crtend.o

.ARM.exidx      0x0000000000003878       0xc8
                0x0000000000003878                __exidx_start = .
 *(.ARM.exidx* .gnu.linkonce.armexidx.*)
 .ARM.exidx     0x0000000000003878        0x8 /opt/ti/ccs930/ccs/tools/compiler/gcc-arm-none-eabi-7-2017-q4-major/bin/../lib/gcc/arm-none-eabi/7.2.1/../../../../arm-none-eabi/lib/thumb/v7e-m/fpv4-sp/hard/crt0.o
 .ARM.exidx     0x0000000000003880       0x10 ./main.o
                                          0x8 (size before relaxing)
 .ARM.exidx     0x0000000000003890       0x78 /opt/ti/ccs930/ccs/tools/compiler/gcc-arm-none-eabi-7-2017-q4-major/bin/../lib/gcc/arm-none-eabi/7.2.1/thumb/v7e-m/fpv4-sp/hard/libgcc.a(unwind-arm.o)
                                         0xd8 (size before relaxing)
 .ARM.exidx     0x0000000000003908       0x38 /opt/ti/ccs930/ccs/tools/compiler/gcc-arm-none-eabi-7-2017-q4-major/bin/../lib/gcc/arm-none-eabi/7.2.1/thumb/v7e-m/fpv4-sp/hard/libgcc.a(pr-support.o)
                                         0x48 (size before relaxing)
                0x0000000000003940                __exidx_end = .

.ARM.extab      0x0000000000003940       0x18
 *(.ARM.extab* .gnu.linkonce.armextab.*)
 .ARM.extab     0x0000000000003940        0x0 /opt/ti/ccs930/ccs/tools/compiler/gcc-arm-none-eabi-7-2017-q4-major/bin/../lib/gcc/arm-none-eabi/7.2.1/../../../../arm-none-eabi/lib/thumb/v7e-m/fpv4-sp/hard/crt0.o
 .ARM.extab     0x0000000000003940        0x0 ./main.o
 .ARM.extab     0x0000000000003940        0x0 /opt/ti/ccs930/ccs/tools/compiler/gcc-arm-none-eabi-7-2017-q4-major/bin/../lib/gcc/arm-none-eabi/7.2.1/thumb/v7e-m/fpv4-sp/hard/libgcc.a(unwind-arm.o)
 .ARM.extab     0x0000000000003940       0x18 /opt/ti/ccs930/ccs/tools/compiler/gcc-arm-none-eabi-7-2017-q4-major/bin/../lib/gcc/arm-none-eabi/7.2.1/thumb/v7e-m/fpv4-sp/hard/libgcc.a(pr-support.o)
                0x0000000000003958                __etext = .

.rel.dyn        0x0000000000003958        0x0
 .rel.iplt      0x0000000000003958        0x0 /opt/ti/ccs930/ccs/tools/compiler/gcc-arm-none-eabi-7-2017-q4-major/bin/../lib/gcc/arm-none-eabi/7.2.1/thumb/v7e-m/fpv4-sp/hard/crtbegin.o

.data           0x0000000020000000       0x9c load address 0x0000000000003958
                0x0000000000003958                __data_load__ = LOADADDR (.data)
                0x0000000020000000                __data_start__ = .
 *(.data)
 .data          0x0000000020000000        0x0 /opt/ti/ccs930/ccs/tools/compiler/gcc-arm-none-eabi-7-2017-q4-major/bin/../lib/gcc/arm-none-eabi/7.2.1/thumb/v7e-m/fpv4-sp/hard/crti.o
 .data          0x0000000020000000        0x4 /opt/ti/ccs930/ccs/tools/compiler/gcc-arm-none-eabi-7-2017-q4-major/bin/../lib/gcc/arm-none-eabi/7.2.1/thumb/v7e-m/fpv4-sp/hard/crtbegin.o
                0x0000000020000000                __dso_handle
 .data          0x0000000020000004        0x0 /opt/ti/ccs930/ccs/tools/compiler/gcc-arm-none-eabi-7-2017-q4-major/bin/../lib/gcc/arm-none-eabi/7.2.1/../../../../arm-none-eabi/lib/thumb/v7e-m/fpv4-sp/hard/crt0.o
 .data          0x0000000020000004        0x0 ./main.o
 .data          0x0000000020000004        0x0 ./startup_msp432p401r_gcc.o
 .data          0x0000000020000004        0x4 ./system_msp432p401r.o
                0x0000000020000004                SystemCoreClock
 .data          0x0000000020000008        0x0 /home/student/git/YAHAL/libYAHAL_msp432.a(gpio_msp432.cpp.o)
 .data          0x0000000020000008        0x0 /home/student/git/YAHAL/libYAHAL_msp432.a(adc14_msp432.cpp.o)
 .data          0x0000000020000008        0x0 /home/student/git/YAHAL/libYAHAL_msp432.a(cpp_support.cpp.o)
 .data          0x0000000020000008        0x0 /opt/ti/ccs930/ccs/tools/compiler/gcc-arm-none-eabi-7-2017-q4-major/bin/../lib/gcc/arm-none-eabi/7.2.1/thumb/v7e-m/fpv4-sp/hard/libgcc.a(unwind-arm.o)
 .data          0x0000000020000008        0x0 /opt/ti/ccs930/ccs/tools/compiler/gcc-arm-none-eabi-7-2017-q4-major/bin/../lib/gcc/arm-none-eabi/7.2.1/thumb/v7e-m/fpv4-sp/hard/libgcc.a(libunwind.o)
 .data          0x0000000020000008        0x0 /opt/ti/ccs930/ccs/tools/compiler/gcc-arm-none-eabi-7-2017-q4-major/bin/../lib/gcc/arm-none-eabi/7.2.1/thumb/v7e-m/fpv4-sp/hard/libgcc.a(pr-support.o)
 .data          0x0000000020000008        0x0 /opt/ti/ccs930/ccs/tools/compiler/gcc-arm-none-eabi-7-2017-q4-major/bin/../lib/gcc/arm-none-eabi/7.2.1/../../../../arm-none-eabi/lib/thumb/v7e-m/fpv4-sp/hard/libc_nano.a(lib_a-abort.o)
 .data          0x0000000020000008        0x0 /opt/ti/ccs930/ccs/tools/compiler/gcc-arm-none-eabi-7-2017-q4-major/bin/../lib/gcc/arm-none-eabi/7.2.1/../../../../arm-none-eabi/lib/thumb/v7e-m/fpv4-sp/hard/libc_nano.a(lib_a-aeabi_atexit.o)
 .data          0x0000000020000008        0x0 /opt/ti/ccs930/ccs/tools/compiler/gcc-arm-none-eabi-7-2017-q4-major/bin/../lib/gcc/arm-none-eabi/7.2.1/../../../../arm-none-eabi/lib/thumb/v7e-m/fpv4-sp/hard/libc_nano.a(lib_a-cxa_atexit.o)
 .data          0x0000000020000008        0x0 /opt/ti/ccs930/ccs/tools/compiler/gcc-arm-none-eabi-7-2017-q4-major/bin/../lib/gcc/arm-none-eabi/7.2.1/../../../../arm-none-eabi/lib/thumb/v7e-m/fpv4-sp/hard/libc_nano.a(lib_a-exit.o)
 .data          0x0000000020000008        0x0 /opt/ti/ccs930/ccs/tools/compiler/gcc-arm-none-eabi-7-2017-q4-major/bin/../lib/gcc/arm-none-eabi/7.2.1/../../../../arm-none-eabi/lib/thumb/v7e-m/fpv4-sp/hard/libc_nano.a(lib_a-impure.o)
 .data          0x0000000020000008        0x0 /opt/ti/ccs930/ccs/tools/compiler/gcc-arm-none-eabi-7-2017-q4-major/bin/../lib/gcc/arm-none-eabi/7.2.1/../../../../arm-none-eabi/lib/thumb/v7e-m/fpv4-sp/hard/libc_nano.a(lib_a-init.o)
 .data          0x0000000020000008        0x0 /opt/ti/ccs930/ccs/tools/compiler/gcc-arm-none-eabi-7-2017-q4-major/bin/../lib/gcc/arm-none-eabi/7.2.1/../../../../arm-none-eabi/lib/thumb/v7e-m/fpv4-sp/hard/libc_nano.a(lib_a-memcpy-stub.o)
 .data          0x0000000020000008        0x0 /opt/ti/ccs930/ccs/tools/compiler/gcc-arm-none-eabi-7-2017-q4-major/bin/../lib/gcc/arm-none-eabi/7.2.1/../../../../arm-none-eabi/lib/thumb/v7e-m/fpv4-sp/hard/libc_nano.a(lib_a-memset.o)
 .data          0x0000000020000008        0x0 /opt/ti/ccs930/ccs/tools/compiler/gcc-arm-none-eabi-7-2017-q4-major/bin/../lib/gcc/arm-none-eabi/7.2.1/../../../../arm-none-eabi/lib/thumb/v7e-m/fpv4-sp/hard/libc_nano.a(lib_a-on_exit_args.o)
 .data          0x0000000020000008        0x0 /opt/ti/ccs930/ccs/tools/compiler/gcc-arm-none-eabi-7-2017-q4-major/bin/../lib/gcc/arm-none-eabi/7.2.1/../../../../arm-none-eabi/lib/thumb/v7e-m/fpv4-sp/hard/libc_nano.a(lib_a-signal.o)
 .data          0x0000000020000008        0x0 /opt/ti/ccs930/ccs/tools/compiler/gcc-arm-none-eabi-7-2017-q4-major/bin/../lib/gcc/arm-none-eabi/7.2.1/../../../../arm-none-eabi/lib/thumb/v7e-m/fpv4-sp/hard/libc_nano.a(lib_a-signalr.o)
 .data          0x0000000020000008        0x0 /opt/ti/ccs930/ccs/tools/compiler/gcc-arm-none-eabi-7-2017-q4-major/bin/../lib/gcc/arm-none-eabi/7.2.1/../../../../arm-none-eabi/lib/thumb/v7e-m/fpv4-sp/hard/libc_nano.a(lib_a-nano-mallocr.o)
 .data          0x0000000020000008        0x0 /opt/ti/ccs930/ccs/tools/compiler/gcc-arm-none-eabi-7-2017-q4-major/bin/../lib/gcc/arm-none-eabi/7.2.1/../../../../arm-none-eabi/lib/thumb/v7e-m/fpv4-sp/hard/libc_nano.a(lib_a-reent.o)
 .data          0x0000000020000008        0x0 /opt/ti/ccs930/ccs/tools/compiler/gcc-arm-none-eabi-7-2017-q4-major/bin/../lib/gcc/arm-none-eabi/7.2.1/../../../../arm-none-eabi/lib/thumb/v7e-m/fpv4-sp/hard/libc_nano.a(lib_a-sbrkr.o)
 .data          0x0000000020000008        0x0 /opt/ti/ccs930/ccs/tools/compiler/gcc-arm-none-eabi-7-2017-q4-major/bin/../lib/gcc/arm-none-eabi/7.2.1/../../../../arm-none-eabi/lib/thumb/v7e-m/fpv4-sp/hard/libc_nano.a(lib_a-mlock.o)
 .data          0x0000000020000008        0x0 /opt/ti/ccs930/ccs/tools/compiler/gcc-arm-none-eabi-7-2017-q4-major/bin/../lib/gcc/arm-none-eabi/7.2.1/../../../../arm-none-eabi/lib/thumb/v7e-m/fpv4-sp/hard/libc_nano.a(lib_a-nano-freer.o)
 .data          0x0000000020000008        0x0 /opt/ti/ccs930/ccs/tools/compiler/gcc-arm-none-eabi-7-2017-q4-major/bin/../lib/gcc/arm-none-eabi/7.2.1/../../../../arm-none-eabi/lib/thumb/v7e-m/fpv4-sp/hard/libsupc++_nano.a(class_type_info.o)
 .data          0x0000000020000008        0x0 /opt/ti/ccs930/ccs/tools/compiler/gcc-arm-none-eabi-7-2017-q4-major/bin/../lib/gcc/arm-none-eabi/7.2.1/../../../../arm-none-eabi/lib/thumb/v7e-m/fpv4-sp/hard/libsupc++_nano.a(del_op.o)
 .data          0x0000000020000008        0x0 /opt/ti/ccs930/ccs/tools/compiler/gcc-arm-none-eabi-7-2017-q4-major/bin/../lib/gcc/arm-none-eabi/7.2.1/../../../../arm-none-eabi/lib/thumb/v7e-m/fpv4-sp/hard/libsupc++_nano.a(del_ops.o)
 .data          0x0000000020000008        0x0 /opt/ti/ccs930/ccs/tools/compiler/gcc-arm-none-eabi-7-2017-q4-major/bin/../lib/gcc/arm-none-eabi/7.2.1/../../../../arm-none-eabi/lib/thumb/v7e-m/fpv4-sp/hard/libsupc++_nano.a(pure.o)
 .data          0x0000000020000008        0x0 /opt/ti/ccs930/ccs/tools/compiler/gcc-arm-none-eabi-7-2017-q4-major/bin/../lib/gcc/arm-none-eabi/7.2.1/../../../../arm-none-eabi/lib/thumb/v7e-m/fpv4-sp/hard/libsupc++_nano.a(si_class_type_info.o)
 .data          0x0000000020000008        0x0 /opt/ti/ccs930/ccs/tools/compiler/gcc-arm-none-eabi-7-2017-q4-major/bin/../lib/gcc/arm-none-eabi/7.2.1/../../../../arm-none-eabi/lib/thumb/v7e-m/fpv4-sp/hard/libsupc++_nano.a(tinfo.o)
 .data          0x0000000020000008        0x0 /opt/ti/ccs930/ccs/tools/compiler/gcc-arm-none-eabi-7-2017-q4-major/bin/../lib/gcc/arm-none-eabi/7.2.1/../../../../arm-none-eabi/lib/thumb/v7e-m/fpv4-sp/hard/libsupc++_nano.a(eh_terminate.o)
 .data          0x0000000020000008        0x0 /opt/ti/ccs930/ccs/tools/compiler/gcc-arm-none-eabi-7-2017-q4-major/bin/../lib/gcc/arm-none-eabi/7.2.1/../../../../arm-none-eabi/lib/thumb/v7e-m/fpv4-sp/hard/libsupc++_nano.a(eh_unex_handler.o)
 .data          0x0000000020000008        0x0 /opt/ti/ccs930/ccs/tools/compiler/gcc-arm-none-eabi-7-2017-q4-major/bin/../lib/gcc/arm-none-eabi/7.2.1/../../../../arm-none-eabi/lib/thumb/v7e-m/fpv4-sp/hard/libsupc++_nano.a(eh_term_handler.o)
 .data          0x0000000020000008        0x0 /opt/ti/ccs930/ccs/tools/compiler/gcc-arm-none-eabi-7-2017-q4-major/bin/../lib/gcc/arm-none-eabi/7.2.1/../../../../arm-none-eabi/lib/thumb/v7e-m/fpv4-sp/hard/libnosys.a(getpid.o)
 .data          0x0000000020000008        0x0 /opt/ti/ccs930/ccs/tools/compiler/gcc-arm-none-eabi-7-2017-q4-major/bin/../lib/gcc/arm-none-eabi/7.2.1/../../../../arm-none-eabi/lib/thumb/v7e-m/fpv4-sp/hard/libnosys.a(kill.o)
 .data          0x0000000020000008        0x0 /opt/ti/ccs930/ccs/tools/compiler/gcc-arm-none-eabi-7-2017-q4-major/bin/../lib/gcc/arm-none-eabi/7.2.1/../../../../arm-none-eabi/lib/thumb/v7e-m/fpv4-sp/hard/libnosys.a(sbrk.o)
 .data          0x0000000020000008        0x0 /opt/ti/ccs930/ccs/tools/compiler/gcc-arm-none-eabi-7-2017-q4-major/bin/../lib/gcc/arm-none-eabi/7.2.1/../../../../arm-none-eabi/lib/thumb/v7e-m/fpv4-sp/hard/libnosys.a(_exit.o)
 .data          0x0000000020000008        0x0 /opt/ti/ccs930/ccs/tools/compiler/gcc-arm-none-eabi-7-2017-q4-major/bin/../lib/gcc/arm-none-eabi/7.2.1/../../../../arm-none-eabi/lib/thumb/v7e-m/fpv4-sp/hard/libc_nano.a(lib_a-malloc.o)
 .data          0x0000000020000008        0x0 /opt/ti/ccs930/ccs/tools/compiler/gcc-arm-none-eabi-7-2017-q4-major/bin/../lib/gcc/arm-none-eabi/7.2.1/../../../../arm-none-eabi/lib/thumb/v7e-m/fpv4-sp/hard/libc_nano.a(lib_a-strcmp.o)
 .data          0x0000000020000008        0x0 /opt/ti/ccs930/ccs/tools/compiler/gcc-arm-none-eabi-7-2017-q4-major/bin/../lib/gcc/arm-none-eabi/7.2.1/thumb/v7e-m/fpv4-sp/hard/crtend.o
 .data          0x0000000020000008        0x0 /opt/ti/ccs930/ccs/tools/compiler/gcc-arm-none-eabi-7-2017-q4-major/bin/../lib/gcc/arm-none-eabi/7.2.1/thumb/v7e-m/fpv4-sp/hard/crtn.o
 *(.data*)
 .data.port_base
                0x0000000020000008       0x28 /home/student/git/YAHAL/libYAHAL_msp432.a(gpio_msp432.cpp.o)
                0x0000000020000008                port_base
 .data._impure_ptr
                0x0000000020000030        0x4 /opt/ti/ccs930/ccs/tools/compiler/gcc-arm-none-eabi-7-2017-q4-major/bin/../lib/gcc/arm-none-eabi/7.2.1/../../../../arm-none-eabi/lib/thumb/v7e-m/fpv4-sp/hard/libc_nano.a(lib_a-impure.o)
                0x0000000020000030                _impure_ptr
 .data.impure_data
                0x0000000020000034       0x60 /opt/ti/ccs930/ccs/tools/compiler/gcc-arm-none-eabi-7-2017-q4-major/bin/../lib/gcc/arm-none-eabi/7.2.1/../../../../arm-none-eabi/lib/thumb/v7e-m/fpv4-sp/hard/libc_nano.a(lib_a-impure.o)
 .data._ZN10__cxxabiv120__unexpected_handlerE
                0x0000000020000094        0x4 /opt/ti/ccs930/ccs/tools/compiler/gcc-arm-none-eabi-7-2017-q4-major/bin/../lib/gcc/arm-none-eabi/7.2.1/../../../../arm-none-eabi/lib/thumb/v7e-m/fpv4-sp/hard/libsupc++_nano.a(eh_unex_handler.o)
                0x0000000020000094                __cxxabiv1::__unexpected_handler
 .data._ZN10__cxxabiv119__terminate_handlerE
                0x0000000020000098        0x4 /opt/ti/ccs930/ccs/tools/compiler/gcc-arm-none-eabi-7-2017-q4-major/bin/../lib/gcc/arm-none-eabi/7.2.1/../../../../arm-none-eabi/lib/thumb/v7e-m/fpv4-sp/hard/libsupc++_nano.a(eh_term_handler.o)
                0x0000000020000098                __cxxabiv1::__terminate_handler
                0x000000002000009c                . = ALIGN (0x4)
                0x000000002000009c                __data_end__ = .

.igot.plt       0x000000002000009c        0x0 load address 0x00000000000039f4
 .igot.plt      0x000000002000009c        0x0 /opt/ti/ccs930/ccs/tools/compiler/gcc-arm-none-eabi-7-2017-q4-major/bin/../lib/gcc/arm-none-eabi/7.2.1/thumb/v7e-m/fpv4-sp/hard/crtbegin.o

.bss            0x000000002000009c      0x600
                0x000000002000009c                __bss_start__ = .
 *(.shbss)
 *(.bss)
 .bss           0x000000002000009c        0x0 /opt/ti/ccs930/ccs/tools/compiler/gcc-arm-none-eabi-7-2017-q4-major/bin/../lib/gcc/arm-none-eabi/7.2.1/thumb/v7e-m/fpv4-sp/hard/crti.o
 .bss           0x000000002000009c       0x1c /opt/ti/ccs930/ccs/tools/compiler/gcc-arm-none-eabi-7-2017-q4-major/bin/../lib/gcc/arm-none-eabi/7.2.1/thumb/v7e-m/fpv4-sp/hard/crtbegin.o
 .bss           0x00000000200000b8        0x0 /opt/ti/ccs930/ccs/tools/compiler/gcc-arm-none-eabi-7-2017-q4-major/bin/../lib/gcc/arm-none-eabi/7.2.1/../../../../arm-none-eabi/lib/thumb/v7e-m/fpv4-sp/hard/crt0.o
 .bss           0x00000000200000b8        0x0 ./main.o
 .bss           0x00000000200000b8        0x0 ./startup_msp432p401r_gcc.o
 .bss           0x00000000200000b8        0x0 ./system_msp432p401r.o
 .bss           0x00000000200000b8        0x0 /home/student/git/YAHAL/libYAHAL_msp432.a(gpio_msp432.cpp.o)
 .bss           0x00000000200000b8        0x0 /home/student/git/YAHAL/libYAHAL_msp432.a(adc14_msp432.cpp.o)
 .bss           0x00000000200000b8        0x0 /home/student/git/YAHAL/libYAHAL_msp432.a(cpp_support.cpp.o)
 .bss           0x00000000200000b8        0x0 /opt/ti/ccs930/ccs/tools/compiler/gcc-arm-none-eabi-7-2017-q4-major/bin/../lib/gcc/arm-none-eabi/7.2.1/thumb/v7e-m/fpv4-sp/hard/libgcc.a(unwind-arm.o)
 .bss           0x00000000200000b8        0x0 /opt/ti/ccs930/ccs/tools/compiler/gcc-arm-none-eabi-7-2017-q4-major/bin/../lib/gcc/arm-none-eabi/7.2.1/thumb/v7e-m/fpv4-sp/hard/libgcc.a(libunwind.o)
 .bss           0x00000000200000b8        0x0 /opt/ti/ccs930/ccs/tools/compiler/gcc-arm-none-eabi-7-2017-q4-major/bin/../lib/gcc/arm-none-eabi/7.2.1/thumb/v7e-m/fpv4-sp/hard/libgcc.a(pr-support.o)
 .bss           0x00000000200000b8        0x0 /opt/ti/ccs930/ccs/tools/compiler/gcc-arm-none-eabi-7-2017-q4-major/bin/../lib/gcc/arm-none-eabi/7.2.1/../../../../arm-none-eabi/lib/thumb/v7e-m/fpv4-sp/hard/libc_nano.a(lib_a-abort.o)
 .bss           0x00000000200000b8        0x0 /opt/ti/ccs930/ccs/tools/compiler/gcc-arm-none-eabi-7-2017-q4-major/bin/../lib/gcc/arm-none-eabi/7.2.1/../../../../arm-none-eabi/lib/thumb/v7e-m/fpv4-sp/hard/libc_nano.a(lib_a-aeabi_atexit.o)
 .bss           0x00000000200000b8        0x0 /opt/ti/ccs930/ccs/tools/compiler/gcc-arm-none-eabi-7-2017-q4-major/bin/../lib/gcc/arm-none-eabi/7.2.1/../../../../arm-none-eabi/lib/thumb/v7e-m/fpv4-sp/hard/libc_nano.a(lib_a-cxa_atexit.o)
 .bss           0x00000000200000b8        0x0 /opt/ti/ccs930/ccs/tools/compiler/gcc-arm-none-eabi-7-2017-q4-major/bin/../lib/gcc/arm-none-eabi/7.2.1/../../../../arm-none-eabi/lib/thumb/v7e-m/fpv4-sp/hard/libc_nano.a(lib_a-exit.o)
 .bss           0x00000000200000b8        0x0 /opt/ti/ccs930/ccs/tools/compiler/gcc-arm-none-eabi-7-2017-q4-major/bin/../lib/gcc/arm-none-eabi/7.2.1/../../../../arm-none-eabi/lib/thumb/v7e-m/fpv4-sp/hard/libc_nano.a(lib_a-impure.o)
 .bss           0x00000000200000b8        0x0 /opt/ti/ccs930/ccs/tools/compiler/gcc-arm-none-eabi-7-2017-q4-major/bin/../lib/gcc/arm-none-eabi/7.2.1/../../../../arm-none-eabi/lib/thumb/v7e-m/fpv4-sp/hard/libc_nano.a(lib_a-init.o)
 .bss           0x00000000200000b8        0x0 /opt/ti/ccs930/ccs/tools/compiler/gcc-arm-none-eabi-7-2017-q4-major/bin/../lib/gcc/arm-none-eabi/7.2.1/../../../../arm-none-eabi/lib/thumb/v7e-m/fpv4-sp/hard/libc_nano.a(lib_a-memcpy-stub.o)
 .bss           0x00000000200000b8        0x0 /opt/ti/ccs930/ccs/tools/compiler/gcc-arm-none-eabi-7-2017-q4-major/bin/../lib/gcc/arm-none-eabi/7.2.1/../../../../arm-none-eabi/lib/thumb/v7e-m/fpv4-sp/hard/libc_nano.a(lib_a-memset.o)
 .bss           0x00000000200000b8        0x0 /opt/ti/ccs930/ccs/tools/compiler/gcc-arm-none-eabi-7-2017-q4-major/bin/../lib/gcc/arm-none-eabi/7.2.1/../../../../arm-none-eabi/lib/thumb/v7e-m/fpv4-sp/hard/libc_nano.a(lib_a-on_exit_args.o)
 .bss           0x00000000200000b8        0x0 /opt/ti/ccs930/ccs/tools/compiler/gcc-arm-none-eabi-7-2017-q4-major/bin/../lib/gcc/arm-none-eabi/7.2.1/../../../../arm-none-eabi/lib/thumb/v7e-m/fpv4-sp/hard/libc_nano.a(lib_a-signal.o)
 .bss           0x00000000200000b8        0x0 /opt/ti/ccs930/ccs/tools/compiler/gcc-arm-none-eabi-7-2017-q4-major/bin/../lib/gcc/arm-none-eabi/7.2.1/../../../../arm-none-eabi/lib/thumb/v7e-m/fpv4-sp/hard/libc_nano.a(lib_a-signalr.o)
 .bss           0x00000000200000b8        0x0 /opt/ti/ccs930/ccs/tools/compiler/gcc-arm-none-eabi-7-2017-q4-major/bin/../lib/gcc/arm-none-eabi/7.2.1/../../../../arm-none-eabi/lib/thumb/v7e-m/fpv4-sp/hard/libc_nano.a(lib_a-nano-mallocr.o)
 .bss           0x00000000200000b8        0x0 /opt/ti/ccs930/ccs/tools/compiler/gcc-arm-none-eabi-7-2017-q4-major/bin/../lib/gcc/arm-none-eabi/7.2.1/../../../../arm-none-eabi/lib/thumb/v7e-m/fpv4-sp/hard/libc_nano.a(lib_a-reent.o)
 .bss           0x00000000200000b8        0x0 /opt/ti/ccs930/ccs/tools/compiler/gcc-arm-none-eabi-7-2017-q4-major/bin/../lib/gcc/arm-none-eabi/7.2.1/../../../../arm-none-eabi/lib/thumb/v7e-m/fpv4-sp/hard/libc_nano.a(lib_a-sbrkr.o)
 .bss           0x00000000200000b8        0x0 /opt/ti/ccs930/ccs/tools/compiler/gcc-arm-none-eabi-7-2017-q4-major/bin/../lib/gcc/arm-none-eabi/7.2.1/../../../../arm-none-eabi/lib/thumb/v7e-m/fpv4-sp/hard/libc_nano.a(lib_a-mlock.o)
 .bss           0x00000000200000b8        0x0 /opt/ti/ccs930/ccs/tools/compiler/gcc-arm-none-eabi-7-2017-q4-major/bin/../lib/gcc/arm-none-eabi/7.2.1/../../../../arm-none-eabi/lib/thumb/v7e-m/fpv4-sp/hard/libc_nano.a(lib_a-nano-freer.o)
 .bss           0x00000000200000b8        0x0 /opt/ti/ccs930/ccs/tools/compiler/gcc-arm-none-eabi-7-2017-q4-major/bin/../lib/gcc/arm-none-eabi/7.2.1/../../../../arm-none-eabi/lib/thumb/v7e-m/fpv4-sp/hard/libsupc++_nano.a(class_type_info.o)
 .bss           0x00000000200000b8        0x0 /opt/ti/ccs930/ccs/tools/compiler/gcc-arm-none-eabi-7-2017-q4-major/bin/../lib/gcc/arm-none-eabi/7.2.1/../../../../arm-none-eabi/lib/thumb/v7e-m/fpv4-sp/hard/libsupc++_nano.a(del_op.o)