Archive member included to satisfy reference by file (symbol)

/home/student/git/YAHAL/libYAHAL_msp432.a(spi_msp432.cpp.o)
                              ./main.o (spi_msp432::spi_msp432(EUSCI_B_SPI_Type*, gpio_pin&, bool, unsigned short))
/home/student/git/YAHAL/libYAHAL_msp432.a(gpio_msp432.cpp.o)
                              ./main.o (gpio_msp432::inst)
/home/student/git/YAHAL/libYAHAL_msp432.a(irq_dispatcher.cpp.o)
                              /home/student/git/YAHAL/libYAHAL_msp432.a(spi_msp432.cpp.o) (irq_dispatcher::link_in())
/home/student/git/YAHAL/libYAHAL_msp432.a(adc14_msp432.cpp.o)
                              ./main.o (adc14_msp432::inst)
/home/student/git/YAHAL/libYAHAL_msp432.a(ssd2119_drv.cpp.o)
                              ./main.o (ssd2119_drv::Kentec_K350QVG)
/home/student/git/YAHAL/libYAHAL_msp432.a(uGUI.cpp.o)
                              ./main.o (uGUI::uGUI(lcd_interface&))
/home/student/git/YAHAL/libYAHAL_msp432.a(font_6x10.cpp.o)
                              ./main.o (FONT_6X10)
/home/student/git/YAHAL/libYAHAL_msp432.a(font_5x8.cpp.o)
                              ./main.o (FONT_5X8)
/home/student/git/YAHAL/libYAHAL_msp432.a(font_6x8.cpp.o)
                              ./main.o (FONT_6X8)
/home/student/git/YAHAL/libYAHAL_msp432.a(font_8x12.cpp.o)
                              ./main.o (FONT_8X12)
/home/student/git/YAHAL/libYAHAL_msp432.a(font_5x12.cpp.o)
                              ./main.o (FONT_5X12)
/home/student/git/YAHAL/libYAHAL_msp432.a(font_7x12.cpp.o)
                              ./main.o (FONT_7X12)
/home/student/git/YAHAL/libYAHAL_msp432.a(font_4x6.cpp.o)
                              ./main.o (FONT_4X6)
/home/student/git/YAHAL/libYAHAL_msp432.a(cpp_support.cpp.o)
                              /home/student/git/YAHAL/libYAHAL_msp432.a(spi_msp432.cpp.o) (std::__throw_bad_function_call())
/opt/ti/ccs930/ccs/tools/compiler/gcc-arm-none-eabi-7-2017-q4-major/bin/../lib/gcc/arm-none-eabi/7.2.1/thumb/v7e-m/fpv4-sp/hard/libgcc.a(unwind-arm.o)
                              ./main.o (__aeabi_unwind_cpp_pr0)
/opt/ti/ccs930/ccs/tools/compiler/gcc-arm-none-eabi-7-2017-q4-major/bin/../lib/gcc/arm-none-eabi/7.2.1/thumb/v7e-m/fpv4-sp/hard/libgcc.a(libunwind.o)
                              /opt/ti/ccs930/ccs/tools/compiler/gcc-arm-none-eabi-7-2017-q4-major/bin/../lib/gcc/arm-none-eabi/7.2.1/thumb/v7e-m/fpv4-sp/hard/libgcc.a(unwind-arm.o) (restore_core_regs)
/opt/ti/ccs930/ccs/tools/compiler/gcc-arm-none-eabi-7-2017-q4-major/bin/../lib/gcc/arm-none-eabi/7.2.1/thumb/v7e-m/fpv4-sp/hard/libgcc.a(pr-support.o)
                              /opt/ti/ccs930/ccs/tools/compiler/gcc-arm-none-eabi-7-2017-q4-major/bin/../lib/gcc/arm-none-eabi/7.2.1/thumb/v7e-m/fpv4-sp/hard/libgcc.a(unwind-arm.o) (__gnu_unwind_execute)
/opt/ti/ccs930/ccs/tools/compiler/gcc-arm-none-eabi-7-2017-q4-major/bin/../lib/gcc/arm-none-eabi/7.2.1/../../../../arm-none-eabi/lib/thumb/v7e-m/fpv4-sp/hard/libc_nano.a(lib_a-abort.o)
                              /opt/ti/ccs930/ccs/tools/compiler/gcc-arm-none-eabi-7-2017-q4-major/bin/../lib/gcc/arm-none-eabi/7.2.1/thumb/v7e-m/fpv4-sp/hard/libgcc.a(unwind-arm.o) (abort)
/opt/ti/ccs930/ccs/tools/compiler/gcc-arm-none-eabi-7-2017-q4-major/bin/../lib/gcc/arm-none-eabi/7.2.1/../../../../arm-none-eabi/lib/thumb/v7e-m/fpv4-sp/hard/libc_nano.a(lib_a-aeabi_atexit.o)
                              /home/student/git/YAHAL/libYAHAL_msp432.a(spi_msp432.cpp.o) (__aeabi_atexit)
/opt/ti/ccs930/ccs/tools/compiler/gcc-arm-none-eabi-7-2017-q4-major/bin/../lib/gcc/arm-none-eabi/7.2.1/../../../../arm-none-eabi/lib/thumb/v7e-m/fpv4-sp/hard/libc_nano.a(lib_a-cxa_atexit.o)
                              /opt/ti/ccs930/ccs/tools/compiler/gcc-arm-none-eabi-7-2017-q4-major/bin/../lib/gcc/arm-none-eabi/7.2.1/../../../../arm-none-eabi/lib/thumb/v7e-m/fpv4-sp/hard/libc_nano.a(lib_a-aeabi_atexit.o) (__cxa_atexit)
/opt/ti/ccs930/ccs/tools/compiler/gcc-arm-none-eabi-7-2017-q4-major/bin/../lib/gcc/arm-none-eabi/7.2.1/../../../../arm-none-eabi/lib/thumb/v7e-m/fpv4-sp/hard/libc_nano.a(lib_a-exit.o)
                              /opt/ti/ccs930/ccs/tools/compiler/gcc-arm-none-eabi-7-2017-q4-major/bin/../lib/gcc/arm-none-eabi/7.2.1/../../../../arm-none-eabi/lib/thumb/v7e-m/fpv4-sp/hard/crt0.o (exit)
/opt/ti/ccs930/ccs/tools/compiler/gcc-arm-none-eabi-7-2017-q4-major/bin/../lib/gcc/arm-none-eabi/7.2.1/../../../../arm-none-eabi/lib/thumb/v7e-m/fpv4-sp/hard/libc_nano.a(lib_a-impure.o)
                              /opt/ti/ccs930/ccs/tools/compiler/gcc-arm-none-eabi-7-2017-q4-major/bin/../lib/gcc/arm-none-eabi/7.2.1/../../../../arm-none-eabi/lib/thumb/v7e-m/fpv4-sp/hard/libc_nano.a(lib_a-exit.o) (_global_impure_ptr)
/opt/ti/ccs930/ccs/tools/compiler/gcc-arm-none-eabi-7-2017-q4-major/bin/../lib/gcc/arm-none-eabi/7.2.1/../../../../arm-none-eabi/lib/thumb/v7e-m/fpv4-sp/hard/libc_nano.a(lib_a-init.o)
[...]
Memory Configuration

Name             Origin             Length             Attributes
MAIN_FLASH       0x0000000000000000 0x0000000000040000 xr
INFO_FLASH       0x0000000000200000 0x0000000000004000 xr
SRAM_CODE        0x0000000001000000 0x0000000000010000 xrw
SRAM_DATA        0x0000000020000000 0x0000000000010000 rw
*default*        0x0000000000000000 0xffffffffffffffff

Linker script and memory map

LOAD /opt/ti/ccs930/ccs/tools/compiler/gcc-arm-none-eabi-7-2017-q4-major/bin/../lib/gcc/arm-none-eabi/7.2.1/thumb/v7e-m/fpv4-sp/hard/crti.o
LOAD /opt/ti/ccs930/ccs/tools/compiler/gcc-arm-none-eabi-7-2017-q4-major/bin/../lib/gcc/arm-none-eabi/7.2.1/thumb/v7e-m/fpv4-sp/hard/crtbegin.o
LOAD /opt/ti/ccs930/ccs/tools/compiler/gcc-arm-none-eabi-7-2017-q4-major/bin/../lib/gcc/arm-none-eabi/7.2.1/../../../../arm-none-eabi/lib/thumb/v7e-m/fpv4-sp/hard/crt0.o
LOAD ./main.o
LOAD ./startup_msp432p401r_gcc.o
LOAD ./system_msp432p401r.o
                0x0000000000000000                PROVIDE (_intvecs_base_address, DEFINED (_intvecs_base_address)?_intvecs_base_address:0x0)

.intvecs        0x0000000000000000       0xe4
 *(.intvecs)
 .intvecs       0x0000000000000000       0xe4 ./startup_msp432p401r_gcc.o
                0x0000000000000000                interruptVectors
                0x0000000000200000                PROVIDE (_mailbox_base_address, 0x200000)

.flashMailbox
 *(.flashMailbox)
                0x0000000000201000                PROVIDE (_tlv_base_address, 0x201000)

.tlvTable
 *(.tlvTable)
                0x0000000000202000                PROVIDE (_bsl_base_address, 0x202000)

.bslArea
 *(.bslArea)
                0x0000000020000000                PROVIDE (_vtable_base_address, DEFINED (_vtable_base_address)?_vtable_base_address:0x20000000)

.vtable
 *(.vtable)

.text           0x00000000000000e4     0xb424
 CREATE_OBJECT_SYMBOLS
 *(.text)
 .text          0x00000000000000e4        0x0 /opt/ti/ccs930/ccs/tools/compiler/gcc-arm-none-eabi-7-2017-q4-major/bin/../lib/gcc/arm-none-eabi/7.2.1/thumb/v7e-m/fpv4-sp/hard/crti.o
 .text          0x00000000000000e4       0x40 /opt/ti/ccs930/ccs/tools/compiler/gcc-arm-none-eabi-7-2017-q4-major/bin/../lib/gcc/arm-none-eabi/7.2.1/thumb/v7e-m/fpv4-sp/hard/crtbegin.o
 .text          0x0000000000000124       0x74 /opt/ti/ccs930/ccs/tools/compiler/gcc-arm-none-eabi-7-2017-q4-major/bin/../lib/gcc/arm-none-eabi/7.2.1/../../../../arm-none-eabi/lib/thumb/v7e-m/fpv4-sp/hard/crt0.o
                0x0000000000000124                _mainCRTStartup
                0x0000000000000124                _start
 .text          0x0000000000000198      0x4a4 ./main.o
                0x0000000000000198                main
 .text          0x000000000000063c       0x30 ./startup_msp432p401r_gcc.o
                0x000000000000063c                CS_IRQHandler
                0x000000000000063c                DebugMon_Handler
                0x000000000000063c                AES256_IRQHandler
                0x000000000000063c                HardFault_Handler
                0x000000000000063c                SysTick_Handler
                0x000000000000063c                PendSV_Handler
                0x000000000000063c                NMI_Handler
                0x000000000000063c                RTC_C_IRQHandler
                0x000000000000063c                FPU_IRQHandler
                0x000000000000063c                TA3_0_IRQHandler
                0x000000000000063c                UsageFault_Handler
                0x000000000000063c                DMA_INT3_IRQHandler
                0x000000000000063c                TA2_0_IRQHandler
                0x000000000000063c                DMA_INT1_IRQHandler
                0x000000000000063c                WDT_A_IRQHandler
                0x000000000000063c                TA2_N_IRQHandler
                0x000000000000063c                TA1_0_IRQHandler
                0x000000000000063c                PSS_IRQHandler
                0x000000000000063c                DMA_INT2_IRQHandler
                0x000000000000063c                DMA_INT0_IRQHandler
                0x000000000000063c                Default_Handler
                0x000000000000063c                T32_INTC_IRQHandler
                0x000000000000063c                TA3_N_IRQHandler
                0x000000000000063c                TA0_0_IRQHandler
                0x000000000000063c                MemManage_Handler
                0x000000000000063c                SVC_Handler
                0x000000000000063c                TA1_N_IRQHandler
                0x000000000000063c                COMP_E1_IRQHandler
                0x000000000000063c                FLCTL_IRQHandler
                0x000000000000063c                T32_INT1_IRQHandler
                0x000000000000063c                DMA_ERR_IRQHandler
                0x000000000000063c                BusFault_Handler
                0x000000000000063c                PCM_IRQHandler
                0x000000000000063c                TA0_N_IRQHandler
                0x000000000000063c                COMP_E0_IRQHandler
                0x000000000000063c                T32_INT2_IRQHandler
                0x000000000000063e                Reset_Handler
 .text          0x000000000000066c      0x2b8 ./system_msp432p401r.o
                0x000000000000066c                SystemCoreClockUpdate
                0x0000000000000888                SystemInit
 .text          0x0000000000000924        0x0 /home/student/git/YAHAL/libYAHAL_msp432.a(spi_msp432.cpp.o)
 .text          0x0000000000000924        0x0 /home/student/git/YAHAL/libYAHAL_msp432.a(gpio_msp432.cpp.o)
 .text          0x0000000000000924        0x0 /home/student/git/YAHAL/libYAHAL_msp432.a(irq_dispatcher.cpp.o)
 .text          0x0000000000000924        0x0 /home/student/git/YAHAL/libYAHAL_msp432.a(adc14_msp432.cpp.o)
 .text          0x0000000000000924        0x0 /home/student/git/YAHAL/libYAHAL_msp432.a(ssd2119_drv.cpp.o)
 .text          0x0000000000000924        0x0 /home/student/git/YAHAL/libYAHAL_msp432.a(uGUI.cpp.o)
 .text          0x0000000000000924        0x0 /home/student/git/YAHAL/libYAHAL_msp432.a(font_6x10.cpp.o)
 .text          0x0000000000000924        0x0 /home/student/git/YAHAL/libYAHAL_msp432.a(font_5x8.cpp.o)
 .text          0x0000000000000924        0x0 /home/student/git/YAHAL/libYAHAL_msp432.a(font_6x8.cpp.o)
 .text          0x0000000000000924        0x0 /home/student/git/YAHAL/libYAHAL_msp432.a(font_8x12.cpp.o)
 .text          0x0000000000000924        0x0 /home/student/git/YAHAL/libYAHAL_msp432.a(font_5x12.cpp.o)
 .text          0x0000000000000924        0x0 /home/student/git/YAHAL/libYAHAL_msp432.a(font_7x12.cpp.o)
 .text          0x0000000000000924        0x0 /home/student/git/YAHAL/libYAHAL_msp432.a(font_4x6.cpp.o)
 .text          0x0000000000000924        0x0 /home/student/git/YAHAL/libYAHAL_msp432.a(cpp_support.cpp.o)
 .text          0x0000000000000924      0x9ec /opt/ti/ccs930/ccs/tools/compiler/gcc-arm-none-eabi-7-2017-q4-major/bin/../lib/gcc/arm-none-eabi/7.2.1/thumb/v7e-m/fpv4-sp/hard/libgcc.a(unwind-arm.o)
                0x0000000000000bd8                _Unwind_GetCFA
                0x0000000000000bdc                __gnu_Unwind_RaiseException
                0x0000000000000c3c                __gnu_Unwind_ForcedUnwind
                0x0000000000000c50                __gnu_Unwind_Resume
                0x0000000000000c94                __gnu_Unwind_Resume_or_Rethrow
                0x0000000000000ca4                _Unwind_Complete
                0x0000000000000ca8                _Unwind_DeleteException
                0x0000000000000cb4                _Unwind_VRS_Get
                0x0000000000000cf8                _Unwind_VRS_Set
                0x0000000000000d40                __gnu_Unwind_Backtrace
                0x0000000000001084                __aeabi_unwind_cpp_pr0
                0x0000000000001088                __aeabi_unwind_cpp_pr1
                0x000000000000108c                __aeabi_unwind_cpp_pr2
                0x0000000000001090                _Unwind_VRS_Pop
 .text          0x0000000000001310      0x1ac /opt/ti/ccs930/ccs/tools/compiler/gcc-arm-none-eabi-7-2017-q4-major/bin/../lib/gcc/arm-none-eabi/7.2.1/thumb/v7e-m/fpv4-sp/hard/libgcc.a(libunwind.o)
                0x0000000000001310                __restore_core_regs
                0x0000000000001310                restore_core_regs
                0x0000000000001328                __gnu_Unwind_Restore_VFP
                0x0000000000001330                __gnu_Unwind_Save_VFP
                0x0000000000001338                __gnu_Unwind_Restore_VFP_D
                0x0000000000001340                __gnu_Unwind_Save_VFP_D
                0x0000000000001348                __gnu_Unwind_Restore_VFP_D_16_to_31
                0x0000000000001350                __gnu_Unwind_Save_VFP_D_16_to_31
                0x0000000000001358                __gnu_Unwind_Restore_WMMXD
                0x000000000000139c                __gnu_Unwind_Save_WMMXD
                0x00000000000013e0                __gnu_Unwind_Restore_WMMXC
                0x00000000000013f4                __gnu_Unwind_Save_WMMXC
                0x0000000000001408                ___Unwind_RaiseException
                0x0000000000001408                _Unwind_RaiseException
                0x000000000000142c                ___Unwind_Resume
                0x000000000000142c                _Unwind_Resume
                0x0000000000001450                _Unwind_Resume_or_Rethrow
                0x0000000000001450                ___Unwind_Resume_or_Rethrow
                0x0000000000001474                ___Unwind_ForcedUnwind
                0x0000000000001474                _Unwind_ForcedUnwind
                0x0000000000001498                _Unwind_Backtrace
                0x0000000000001498                ___Unwind_Backtrace
 .text          0x00000000000014bc      0x374 /opt/ti/ccs930/ccs/tools/compiler/gcc-arm-none-eabi-7-2017-q4-major/bin/../lib/gcc/arm-none-eabi/7.2.1/thumb/v7e-m/fpv4-sp/hard/libgcc.a(pr-support.o)
                0x0000000000001514                __gnu_unwind_execute
                0x00000000000017d8                __gnu_unwind_frame
                0x0000000000001800                _Unwind_GetRegionStart
                0x000000000000180c                _Unwind_GetLanguageSpecificData
                0x0000000000001820                _Unwind_GetDataRelBase
                0x0000000000001828                _Unwind_GetTextRelBase
 .text          0x0000000000001830        0x0 /opt/ti/ccs930/ccs/tools/compiler/gcc-arm-none-eabi-7-2017-q4-major/bin/../lib/gcc/arm-none-eabi/7.2.1/../../../../arm-none-eabi/lib/thumb/v7e-m/fpv4-sp/hard/libc_nano.a(lib_a-abort.o)
 .text          0x0000000000001830        0x0 /opt/ti/ccs930/ccs/tools/compiler/gcc-arm-none-eabi-7-2017-q4-major/bin/../lib/gcc/arm-none-eabi/7.2.1/../../../../arm-none-eabi/lib/thumb/v7e-m/fpv4-sp/hard/libc_nano.a(lib_a-aeabi_atexit.o)
 .text          0x0000000000001830        0x0 /opt/ti/ccs930/ccs/tools/compiler/gcc-arm-none-eabi-7-2017-q4-major/bin/../lib/gcc/arm-none-eabi/7.2.1/../../../../arm-none-eabi/lib/thumb/v7e-m/fpv4-sp/hard/libc_nano.a(lib_a-cxa_atexit.o)
 .text          0x0000000000001830        0x0 /opt/ti/ccs930/ccs/tools/compiler/gcc-arm-none-eabi-7-2017-q4-major/bin/../lib/gcc/arm-none-eabi/7.2.1/../../../../arm-none-eabi/lib/thumb/v7e-m/fpv4-sp/hard/libc_nano.a(lib_a-exit.o)
 .text          0x0000000000001830        0x0 /opt/ti/ccs930/ccs/tools/compiler/gcc-arm-none-eabi-7-2017-q4-major/bin/../lib/gcc/arm-none-eabi/7.2.1/../../../../arm-none-eabi/lib/thumb/v7e-m/fpv4-sp/hard/libc_nano.a(lib_a-impure.o)
 .text          0x0000000000001830        0x0 /opt/ti/ccs930/ccs/tools/compiler/gcc-arm-none-eabi-7-2017-q4-major/bin/../lib/gcc/arm-none-eabi/7.2.1/../../../../arm-none-eabi/lib/thumb/v7e-m/fpv4-sp/hard/libc_nano.a(lib_a-init.o)
 .text          0x0000000000001830        0x0 /opt/ti/ccs930/ccs/tools/compiler/gcc-arm-none-eabi-7-2017-q4-major/bin/../lib/gcc/arm-none-eabi/7.2.1/../../../../arm-none-eabi/lib/thumb/v7e-m/fpv4-sp/hard/libc_nano.a(lib_a-memcpy-stub.o)
 .text          0x0000000000001830        0x0 /opt/ti/ccs930/ccs/tools/compiler/gcc-arm-none-eabi-7-2017-q4-major/bin/../lib/gcc/arm-none-eabi/7.2.1/../../../../arm-none-eabi/lib/thumb/v7e-m/fpv4-sp/hard/libc_nano.a(lib_a-memset.o)
 .text          0x0000000000001830        0x0 /opt/ti/ccs930/ccs/tools/compiler/gcc-arm-none-eabi-7-2017-q4-major/bin/../lib/gcc/arm-none-eabi/7.2.1/../../../../arm-none-eabi/lib/thumb/v7e-m/fpv4-sp/hard/libc_nano.a(lib_a-on_exit_args.o)
 .text          0x0000000000001830        0x0 /opt/ti/ccs930/ccs/tools/compiler/gcc-arm-none-eabi-7-2017-q4-major/bin/../lib/gcc/arm-none-eabi/7.2.1/../../../../arm-none-eabi/lib/thumb/v7e-m/fpv4-sp/hard/libc_nano.a(lib_a-rand.o)
 .text          0x0000000000001830        0x0 /opt/ti/ccs930/ccs/tools/compiler/gcc-arm-none-eabi-7-2017-q4-major/bin/../lib/gcc/arm-none-eabi/7.2.1/../../../../arm-none-eabi/lib/thumb/v7e-m/fpv4-sp/hard/libc_nano.a(lib_a-signal.o)
 .text          0x0000000000001830        0x0 /opt/ti/ccs930/ccs/tools/compiler/gcc-arm-none-eabi-7-2017-q4-major/bin/../lib/gcc/arm-none-eabi/7.2.1/../../../../arm-none-eabi/lib/thumb/v7e-m/fpv4-sp/hard/libc_nano.a(lib_a-signalr.o)
 .text          0x0000000000001830        0x0 /opt/ti/ccs930/ccs/tools/compiler/gcc-arm-none-eabi-7-2017-q4-major/bin/../lib/gcc/arm-none-eabi/7.2.1/../../../../arm-none-eabi/lib/thumb/v7e-m/fpv4-sp/hard/libc_nano.a(lib_a-malloc.o)
 .text          0x0000000000001830        0x0 /opt/ti/ccs930/ccs/tools/compiler/gcc-arm-none-eabi-7-2017-q4-major/bin/../lib/gcc/arm-none-eabi/7.2.1/../../../../arm-none-eabi/lib/thumb/v7e-m/fpv4-sp/hard/libc_nano.a(lib_a-nano-freer.o)
 .text          0x0000000000001830        0x0 /opt/ti/ccs930/ccs/tools/compiler/gcc-arm-none-eabi-7-2017-q4-major/bin/../lib/gcc/arm-none-eabi/7.2.1/../../../../arm-none-eabi/lib/thumb/v7e-m/fpv4-sp/hard/libc_nano.a(lib_a-nano-mallocr.o)
 .text          0x0000000000001830        0x0 /opt/ti/ccs930/ccs/tools/compiler/gcc-arm-none-eabi-7-2017-q4-major/bin/../lib/gcc/arm-none-eabi/7.2.1/../../../../arm-none-eabi/lib/thumb/v7e-m/fpv4-sp/hard/libc_nano.a(lib_a-reent.o)
 .text          0x0000000000001830        0x0 /opt/ti/ccs930/ccs/tools/compiler/gcc-arm-none-eabi-7-2017-q4-major/bin/../lib/gcc/arm-none-eabi/7.2.1/../../../../arm-none-eabi/lib/thumb/v7e-m/fpv4-sp/hard/libc_nano.a(lib_a-sbrkr.o)
 .text          0x0000000000001830        0x0 /opt/ti/ccs930/ccs/tools/compiler/gcc-arm-none-eabi-7-2017-q4-major/bin/../lib/gcc/arm-none-eabi/7.2.1/../../../../arm-none-eabi/lib/thumb/v7e-m/fpv4-sp/hard/libc_nano.a(lib_a-mlock.o)
 .text          0x0000000000001830        0x0 /opt/ti/ccs930/ccs/tools/compiler/gcc-arm-none-eabi-7-2017-q4-major/bin/../lib/gcc/arm-none-eabi/7.2.1/../../../../arm-none-eabi/lib/thumb/v7e-m/fpv4-sp/hard/libsupc++_nano.a(class_type_info.o)
 .text          0x0000000000001830        0x0 /opt/ti/ccs930/ccs/tools/compiler/gcc-arm-none-eabi-7-2017-q4-major/bin/../lib/gcc/arm-none-eabi/7.2.1/../../../../arm-none-eabi/lib/thumb/v7e-m/fpv4-sp/hard/libsupc++_nano.a(del_ops.o)
 .text          0x0000000000001830        0x0 /opt/ti/ccs930/ccs/tools/compiler/gcc-arm-none-eabi-7-2017-q4-major/bin/../lib/gcc/arm-none-eabi/7.2.1/../../../../arm-none-eabi/lib/thumb/v7e-m/fpv4-sp/hard/libsupc++_nano.a(eh_arm.o)
 .text          0x0000000000001830        0x0 /opt/ti/ccs930/ccs/tools/compiler/gcc-arm-none-eabi-7-2017-q4-major/bin/../lib/gcc/arm-none-eabi/7.2.1/../../../../arm-none-eabi/lib/thumb/v7e-m/fpv4-sp/hard/libsupc++_nano.a(eh_exception.o)
 .text          0x0000000000001830        0x0 /opt/ti/ccs930/ccs/tools/compiler/gcc-arm-none-eabi-7-2017-q4-major/bin/../lib/gcc/arm-none-eabi/7.2.1/../../../../arm-none-eabi/lib/thumb/v7e-m/fpv4-sp/hard/libsupc++_nano.a(eh_globals.o)
 .text          0x0000000000001830        0x0 /opt/ti/ccs930/ccs/tools/compiler/gcc-arm-none-eabi-7-2017-q4-major/bin/../lib/gcc/arm-none-eabi/7.2.1/../../../../arm-none-eabi/lib/thumb/v7e-m/fpv4-sp/hard/libsupc++_nano.a(eh_personality.o)
 .text          0x0000000000001830        0x0 /opt/ti/ccs930/ccs/tools/compiler/gcc-arm-none-eabi-7-2017-q4-major/bin/../lib/gcc/arm-none-eabi/7.2.1/../../../../arm-none-eabi/lib/thumb/v7e-m/fpv4-sp/hard/libsupc++_nano.a(eh_terminate.o)
 .text          0x0000000000001830        0x0 /opt/ti/ccs930/ccs/tools/compiler/gcc-arm-none-eabi-7-2017-q4-major/bin/../lib/gcc/arm-none-eabi/7.2.1/../../../../arm-none-eabi/lib/thumb/v7e-m/fpv4-sp/hard/libsupc++_nano.a(eh_unex_handler.o)
 .text          0x0000000000001830        0x0 /opt/ti/ccs930/ccs/tools/compiler/gcc-arm-none-eabi-7-2017-q4-major/bin/../lib/gcc/arm-none-eabi/7.2.1/../../../../arm-none-eabi/lib/thumb/v7e-m/fpv4-sp/hard/libsupc++_nano.a(pure.o)
 .text          0x0000000000001830        0x0 /opt/ti/ccs930/ccs/tools/compiler/gcc-arm-none-eabi-7-2017-q4-major/bin/../lib/gcc/arm-none-eabi/7.2.1/../../../../arm-none-eabi/lib/thumb/v7e-m/fpv4-sp/hard/libsupc++_nano.a(si_class_type_info.o)
 .text          0x0000000000001830        0x0 /opt/ti/ccs930/ccs/tools/compiler/gcc-arm-none-eabi-7-2017-q4-major/bin/../lib/gcc/arm-none-eabi/7.2.1/../../../../arm-none-eabi/lib/thumb/v7e-m/fpv4-sp/hard/libsupc++_nano.a(tinfo.o)
 .text          0x0000000000001830        0x0 /opt/ti/ccs930/ccs/tools/compiler/gcc-arm-none-eabi-7-2017-q4-major/bin/../lib/gcc/arm-none-eabi/7.2.1/../../../../arm-none-eabi/lib/thumb/v7e-m/fpv4-sp/hard/libsupc++_nano.a(del_op.o)
 .text          0x0000000000001830        0x0 /opt/ti/ccs930/ccs/tools/compiler/gcc-arm-none-eabi-7-2017-q4-major/bin/../lib/gcc/arm-none-eabi/7.2.1/../../../../arm-none-eabi/lib/thumb/v7e-m/fpv4-sp/hard/libsupc++_nano.a(eh_call.o)
 .text          0x0000000000001830        0x0 /opt/ti/ccs930/ccs/tools/compiler/gcc-arm-none-eabi-7-2017-q4-major/bin/../lib/gcc/arm-none-eabi/7.2.1/../../../../arm-none-eabi/lib/thumb/v7e-m/fpv4-sp/hard/libsupc++_nano.a(eh_catch.o)
 .text          0x0000000000001830        0x0 /opt/ti/ccs930/ccs/tools/compiler/gcc-arm-none-eabi-7-2017-q4-major/bin/../lib/gcc/arm-none-eabi/7.2.1/../../../../arm-none-eabi/lib/thumb/v7e-m/fpv4-sp/hard/libsupc++_nano.a(eh_term_handler.o)
 .text          0x0000000000001830        0x0 /opt/ti/ccs930/ccs/tools/compiler/gcc-arm-none-eabi-7-2017-q4-major/bin/../lib/gcc/arm-none-eabi/7.2.1/../../../../arm-none-eabi/lib/thumb/v7e-m/fpv4-sp/hard/libnosys.a(getpid.o)
 .text          0x0000000000001830        0x0 /opt/ti/ccs930/ccs/tools/compiler/gcc-arm-none-eabi-7-2017-q4-major/bin/../lib/gcc/arm-none-eabi/7.2.1/../../../../arm-none-eabi/lib/thumb/v7e-m/fpv4-sp/hard/libnosys.a(kill.o)
 .text          0x0000000000001830        0x0 /opt/ti/ccs930/ccs/tools/compiler/gcc-arm-none-eabi-7-2017-q4-major/bin/../lib/gcc/arm-none-eabi/7.2.1/../../../../arm-none-eabi/lib/thumb/v7e-m/fpv4-sp/hard/libnosys.a(sbrk.o)
 .text          0x0000000000001830        0x0 /opt/ti/ccs930/ccs/tools/compiler/gcc-arm-none-eabi-7-2017-q4-major/bin/../lib/gcc/arm-none-eabi/7.2.1/../../../../arm-none-eabi/lib/thumb/v7e-m/fpv4-sp/hard/libnosys.a(_exit.o)
 .text          0x0000000000001830       0x14 /opt/ti/ccs930/ccs/tools/compiler/gcc-arm-none-eabi-7-2017-q4-major/bin/../lib/gcc/arm-none-eabi/7.2.1/../../../../arm-none-eabi/lib/thumb/v7e-m/fpv4-sp/hard/libc_nano.a(lib_a-strcmp.o)
                0x0000000000001830                strcmp
 .text          0x0000000000001844        0x0 /opt/ti/ccs930/ccs/tools/compiler/gcc-arm-none-eabi-7-2017-q4-major/bin/../lib/gcc/arm-none-eabi/7.2.1/thumb/v7e-m/fpv4-sp/hard/crtend.o
 .text          0x0000000000001844        0x0 /opt/ti/ccs930/ccs/tools/compiler/gcc-arm-none-eabi-7-2017-q4-major/bin/../lib/gcc/arm-none-eabi/7.2.1/thumb/v7e-m/fpv4-sp/hard/crtn.o
 *(.text.*)
 .text._ZN5Touch9calibrateEv
                0x0000000000001844      0x99c ./main.o
                0x0000000000001844                Touch::calibrate()
 .text._ZL20__gthread_key_deletei
                0x00000000000021e0       0x16 /home/student/git/YAHAL/libYAHAL_msp432.a(spi_msp432.cpp.o)
 .text._ZNSt14_Function_baseC2Ev
                0x00000000000021f6       0x1c /home/student/git/YAHAL/libYAHAL_msp432.a(spi_msp432.cpp.o)
                0x00000000000021f6                std::_Function_base::_Function_base()
                0x00000000000021f6                std::_Function_base::_Function_base()
 .text._ZNSt14_Function_baseD2Ev
                0x0000000000002212       0x26 /home/student/git/YAHAL/libYAHAL_msp432.a(spi_msp432.cpp.o)
                0x0000000000002212                std::_Function_base::~_Function_base()
                0x0000000000002212                std::_Function_base::~_Function_base()
 .text._ZNKSt14_Function_base8_M_emptyEv
                0x0000000000002238       0x22 /home/student/git/YAHAL/libYAHAL_msp432.a(spi_msp432.cpp.o)
                0x0000000000002238                std::_Function_base::_M_empty() const
 .text._ZN8gpio_pinC2ER14gpio_interface
                0x000000000000225a       0x24 /home/student/git/YAHAL/libYAHAL_msp432.a(spi_msp432.cpp.o)
                0x000000000000225a                gpio_pin::gpio_pin(gpio_interface&)
                0x000000000000225a                gpio_pin::gpio_pin(gpio_interface&)
 .text._ZN8gpio_pin7setGpioEt
                0x000000000000227e       0x1e /home/student/git/YAHAL/libYAHAL_msp432.a(spi_msp432.cpp.o)
                0x000000000000227e                gpio_pin::setGpio(unsigned short)
 .text._ZN8gpio_pin8gpioModeEt
                0x000000000000229c       0x28 /home/student/git/YAHAL/libYAHAL_msp432.a(spi_msp432.cpp.o)
                0x000000000000229c                gpio_pin::gpioMode(unsigned short)
 .text._ZN8gpio_pin8gpioReadEv
                0x00000000000022c4       0x28 /home/student/git/YAHAL/libYAHAL_msp432.a(spi_msp432.cpp.o)
                0x00000000000022c4                gpio_pin::gpioRead()
 .text._ZN8gpio_pin9gpioWriteEb
                0x00000000000022ec       0x2a /home/student/git/YAHAL/libYAHAL_msp432.a(spi_msp432.cpp.o)
                0x00000000000022ec                gpio_pin::gpioWrite(bool)
 *fill*         0x0000000000002316        0x2 
 .text._ZN15gpio_msp432_pinC2Ev
                0x0000000000002318       0x20 /home/student/git/YAHAL/libYAHAL_msp432.a(spi_msp432.cpp.o)
                0x0000000000002318                gpio_msp432_pin::gpio_msp432_pin()
                0x0000000000002318                gpio_msp432_pin::gpio_msp432_pin()
 .text._ZN15gpio_msp432_pin6setSELEh
                0x0000000000002338       0x28 /home/student/git/YAHAL/libYAHAL_msp432.a(spi_msp432.cpp.o)
                0x0000000000002338                gpio_msp432_pin::setSEL(unsigned char)
 .text._ZN15gpio_msp432_pin7setModeEt
                0x0000000000002360       0x28 /home/student/git/YAHAL/libYAHAL_msp432.a(spi_msp432.cpp.o)
                0x0000000000002360                gpio_msp432_pin::setMode(unsigned short)
 .text.__NVIC_EnableIRQ
                0x0000000000002388       0x40 /home/student/git/YAHAL/libYAHAL_msp432.a(spi_msp432.cpp.o)
 .text._ZL17yahal_assert_funcv
                0x00000000000023c8       0x1c /home/student/git/YAHAL/libYAHAL_msp432.a(spi_msp432.cpp.o)
 .text._ZN13spi_interfaceC2Ev
                0x00000000000023e4       0x20 /home/student/git/YAHAL/libYAHAL_msp432.a(spi_msp432.cpp.o)
                0x00000000000023e4                spi_interface::spi_interface()
                0x00000000000023e4                spi_interface::spi_interface()
 .text._ZN13spi_interfaceD2Ev
                0x0000000000002404       0x20 /home/student/git/YAHAL/libYAHAL_msp432.a(spi_msp432.cpp.o)
                0x0000000000002404                spi_interface::~spi_interface()
                0x0000000000002404                spi_interface::~spi_interface()
 .text._ZN13spi_interfaceD0Ev
                0x0000000000002424       0x20 /home/student/git/YAHAL/libYAHAL_msp432.a(spi_msp432.cpp.o)
                0x0000000000002424                spi_interface::~spi_interface()
 .text._ZN10spi_msp432C2EP16EUSCI_A_SPI_TypeR8gpio_pinbt
                0x0000000000002444      0x1d4 /home/student/git/YAHAL/libYAHAL_msp432.a(spi_msp432.cpp.o)
                0x0000000000002444                spi_msp432::spi_msp432(EUSCI_A_SPI_Type*, gpio_pin&, bool, unsigned short)
                0x0000000000002444                spi_msp432::spi_msp432(EUSCI_A_SPI_Type*, gpio_pin&, bool, unsigned short)
 .text._ZN10spi_msp432C2EP16EUSCI_B_SPI_TypeR8gpio_pinbt
                0x0000000000002618      0x1d0 /home/student/git/YAHAL/libYAHAL_msp432.a(spi_msp432.cpp.o)
                0x0000000000002618                spi_msp432::spi_msp432(EUSCI_B_SPI_Type*, gpio_pin&, bool, unsigned short)
                0x0000000000002618                spi_msp432::spi_msp432(EUSCI_B_SPI_Type*, gpio_pin&, bool, unsigned short)
 .text._ZN10spi_msp432D2Ev
                0x00000000000027e8       0x48 /home/student/git/YAHAL/libYAHAL_msp432.a(spi_msp432.cpp.o)
                0x00000000000027e8                spi_msp432::~spi_msp432()
                0x00000000000027e8                spi_msp432::~spi_msp432()
 .text._ZN10spi_msp432D0Ev
                0x0000000000002830       0x20 /home/student/git/YAHAL/libYAHAL_msp432.a(spi_msp432.cpp.o)
                0x0000000000002830                spi_msp432::~spi_msp432()
 .text._ZN10spi_msp43210initializeEv
                0x0000000000002850      0x112 /home/student/git/YAHAL/libYAHAL_msp432.a(spi_msp432.cpp.o)
                0x0000000000002850                spi_msp432::initialize()
 .text._ZN10spi_msp4327spiTxRxEPKhPht
                0x0000000000002962      0x120 /home/student/git/YAHAL/libYAHAL_msp432.a(spi_msp432.cpp.o)
                0x0000000000002962                spi_msp432::spiTxRx(unsigned char const*, unsigned char*, unsigned short)
 .text._ZN10spi_msp4325spiTxEPKht
                0x0000000000002a82       0xe4 /home/student/git/YAHAL/libYAHAL_msp432.a(spi_msp432.cpp.o)
                0x0000000000002a82                spi_msp432::spiTx(unsigned char const*, unsigned short)
 .text._ZN10spi_msp4325spiRxEhPht
                0x0000000000002b66      0x120 /home/student/git/YAHAL/libYAHAL_msp432.a(spi_msp432.cpp.o)
                0x0000000000002b66                spi_msp432::spiRx(unsigned char, unsigned char*, unsigned short)
 *fill*         0x0000000000002c86        0x2 
 .text._ZN10spi_msp4328setSpeedEm
                0x0000000000002c88       0x3c /home/student/git/YAHAL/libYAHAL_msp432.a(spi_msp432.cpp.o)
                0x0000000000002c88                spi_msp432::setSpeed(unsigned long)
 .text._ZN10spi_msp43210generateCSEb
                0x0000000000002cc4       0x2e /home/student/git/YAHAL/libYAHAL_msp432.a(spi_msp432.cpp.o)
                0x0000000000002cc4                spi_msp432::generateCS(bool)
 .text._ZN10spi_msp4325setCSEb
                0x0000000000002cf2       0x36 /home/student/git/YAHAL/libYAHAL_msp432.a(spi_msp432.cpp.o)
                0x0000000000002cf2                spi_msp432::setCS(bool)
 .text._ZN10spi_msp43214spiAttachRxIrqESt8functionIFvhEE
                0x0000000000002d28       0x40 /home/student/git/YAHAL/libYAHAL_msp432.a(spi_msp432.cpp.o)
                0x0000000000002d28                spi_msp432::spiAttachRxIrq(std::function<void (unsigned char)>)
 .text.EUSCIA0_SPI_IRQHandler
                0x0000000000002d68       0x20 /home/student/git/YAHAL/libYAHAL_msp432.a(spi_msp432.cpp.o)
                0x0000000000002d68                EUSCIA0_SPI_IRQHandler
 .text.EUSCIA1_SPI_IRQHandler
                0x0000000000002d88       0x20 /home/student/git/YAHAL/libYAHAL_msp432.a(spi_msp432.cpp.o)
                0x0000000000002d88                EUSCIA1_SPI_IRQHandler
 .text.EUSCIA2_SPI_IRQHandler
                0x0000000000002da8       0x20 /home/student/git/YAHAL/libYAHAL_msp432.a(spi_msp432.cpp.o)
                0x0000000000002da8                EUSCIA2_SPI_IRQHandler
 .text.EUSCIA3_SPI_IRQHandler
                0x0000000000002dc8       0x20 /home/student/git/YAHAL/libYAHAL_msp432.a(spi_msp432.cpp.o)
                0x0000000000002dc8                EUSCIA3_SPI_IRQHandler
 .text.EUSCIB0_SPI_IRQHandler
                0x0000000000002de8       0x20 /home/student/git/YAHAL/libYAHAL_msp432.a(spi_msp432.cpp.o)
                0x0000000000002de8                EUSCIB0_SPI_IRQHandler
 .text.EUSCIB1_SPI_IRQHandler
                0x0000000000002e08       0x20 /home/student/git/YAHAL/libYAHAL_msp432.a(spi_msp432.cpp.o)
                0x0000000000002e08                EUSCIB1_SPI_IRQHandler
 .text.EUSCIB2_SPI_IRQHandler
                0x0000000000002e28       0x20 /home/student/git/YAHAL/libYAHAL_msp432.a(spi_msp432.cpp.o)
                0x0000000000002e28                EUSCIB2_SPI_IRQHandler
 .text.EUSCIB3_SPI_IRQHandler
                0x0000000000002e48       0x20 /home/student/git/YAHAL/libYAHAL_msp432.a(spi_msp432.cpp.o)
                0x0000000000002e48                EUSCIB3_SPI_IRQHandler
 .text._ZNSt8functionIFvhEEC2Ev
                0x0000000000002e68       0x1a /home/student/git/YAHAL/libYAHAL_msp432.a(spi_msp432.cpp.o)
                0x0000000000002e68                std::function<void (unsigned char)>::function()
                0x0000000000002e68                std::function<void (unsigned char)>::function()
 .text._ZNSt8functionIFvhEED2Ev
                0x0000000000002e82       0x1a /home/student/git/YAHAL/libYAHAL_msp432.a(spi_msp432.cpp.o)
                0x0000000000002e82                std::function<void (unsigned char)>::~function()
                0x0000000000002e82                std::function<void (unsigned char)>::~function()
 .text._ZNSt8functionIFvhEEaSERKS1_
                0x0000000000002e9c       0x36 /home/student/git/YAHAL/libYAHAL_msp432.a(spi_msp432.cpp.o)
                0x0000000000002e9c                std::function<void (unsigned char)>::operator=(std::function<void (unsigned char)> const&)
 .text._ZNKSt8functionIFvhEEclEh
                0x0000000000002ed2       0x3c /home/student/git/YAHAL/libYAHAL_msp432.a(spi_msp432.cpp.o)
                0x0000000000002ed2                std::function<void (unsigned char)>::operator()(unsigned char) const
 .text._ZNSt8functionIFvhEEC2ERKS1_
                0x0000000000002f0e       0x44 /home/student/git/YAHAL/libYAHAL_msp432.a(spi_msp432.cpp.o)
                0x0000000000002f0e                std::function<void (unsigned char)>::function(std::function<void (unsigned char)> const&)
                0x0000000000002f0e                std::function<void (unsigned char)>::function(std::function<void (unsigned char)> const&)
 .text._ZNSt8functionIFvhEE4swapERS1_
                0x0000000000002f52       0x42 /home/student/git/YAHAL/libYAHAL_msp432.a(spi_msp432.cpp.o)
                0x0000000000002f52                std::function<void (unsigned char)>::swap(std::function<void (unsigned char)>&)
 .text._ZSt7forwardIhEOT_RNSt16remove_referenceIS0_E4typeE
                0x0000000000002f94       0x16 /home/student/git/YAHAL/libYAHAL_msp432.a(spi_msp432.cpp.o)
                0x0000000000002f94                unsigned char&& std::forward<unsigned char>(std::remove_reference<unsigned char>::type&)
 .text._ZNKSt8functionIFvhEEcvbEv
                0x0000000000002faa       0x20 /home/student/git/YAHAL/libYAHAL_msp432.a(spi_msp432.cpp.o)
                0x0000000000002faa                std::function<void (unsigned char)>::operator bool() const
 .text._ZSt4moveIRSt9_Any_dataEONSt16remove_referenceIT_E4typeEOS3_
                0x0000000000002fca       0x16 /home/student/git/YAHAL/libYAHAL_msp432.a(spi_msp432.cpp.o)
                0x0000000000002fca                std::remove_reference<std::_Any_data&>::type&& std::move<std::_Any_data&>(std::_Any_data&)
 .text._ZSt4swapISt9_Any_dataENSt9enable_ifIXsrSt6__and_IJSt6__not_ISt15__is_tuple_likeIT_EESt21is_move_constructibleIS5_ESt18is_move_assignableIS5_EEE5valueEvE4typeERS5_SF_
                0x0000000000002fe0       0x4e /home/student/git/YAHAL/libYAHAL_msp432.a(spi_msp432.cpp.o)
                0x0000000000002fe0                std::enable_if<std::__and_<std::__not_<std::__is_tuple_like<std::_Any_data> >, std::is_move_constructible<std::_Any_data>, std::is_move_assignable<std::_Any_data> >::value, void>::type std::swap<std::_Any_data>(std::_Any_data&, std::_Any_data&)
 .text._ZSt4moveIRPFbRSt9_Any_dataRKS0_St18_Manager_operationEEONSt16remove_referenceIT_E4typeEOS9_
                0x000000000000302e       0x16 /home/student/git/YAHAL/libYAHAL_msp432.a(spi_msp432.cpp.o)
                0x000000000000302e                std::remove_reference<bool (*&)(std::_Any_data&, std::_Any_data const&, std::_Manager_operation)>::type&& std::move<bool (*&)(std::_Any_data&, std::_Any_data const&, std::_Manager_operation)>(bool (*&)(std::_Any_data&, std::_Any_data const&, std::_Manager_operation))
 .text._ZSt4swapIPFbRSt9_Any_dataRKS0_St18_Manager_operationEENSt9enable_ifIXsrSt6__and_IJSt6__not_ISt15__is_tuple_likeIT_EESt21is_move_constructibleISB_ESt18is_move_assignableISB_EEE5valueEvE4typeERSB_SL_
                0x0000000000003044       0x3e /home/student/git/YAHAL/libYAHAL_msp432.a(spi_msp432.cpp.o)
                0x0000000000003044                std::enable_if<std::__and_<std::__not_<std::__is_tuple_like<bool (*)(std::_Any_data&, std::_Any_data const&, std::_Manager_operation)> >, std::is_move_constructible<bool (*)(std::_Any_data&, std::_Any_data const&, std::_Manager_operation)>, std::is_move_assignable<bool (*)(std::_Any_data&, std::_Any_data const&, std::_Manager_operation)> >::value, void>::type std::swap<bool (*)(std::_Any_data&, std::_Any_data const&, std::_Manager_operation)>(bool (*&)(std::_Any_data&, std::_Any_data const&, std::_Manager_operation), bool (*&)(std::_Any_data&, std::_Any_data const&, std::_Manager_operation))
 .text._ZSt4moveIRPFvRKSt9_Any_dataOhEEONSt16remove_referenceIT_E4typeEOS8_
                0x0000000000003082       0x16 /home/student/git/YAHAL/libYAHAL_msp432.a(spi_msp432.cpp.o)
                0x0000000000003082                std::remove_reference<void (*&)(std::_Any_data const&, unsigned char&&)>::type&& std::move<void (*&)(std::_Any_data const&, unsigned char&&)>(void (*&)(std::_Any_data const&, unsigned char&&))
 .text._ZSt4swapIPFvRKSt9_Any_dataOhEENSt9enable_ifIXsrSt6__and_IJSt6__not_ISt15__is_tuple_likeIT_EESt21is_move_constructibleISA_ESt18is_move_assignableISA_EEE5valueEvE4typeERSA_SK_
                0x0000000000003098       0x3e /home/student/git/YAHAL/libYAHAL_msp432.a(spi_msp432.cpp.o)
                0x0000000000003098                std::enable_if<std::__and_<std::__not_<std::__is_tuple_like<void (*)(std::_Any_data const&, unsigned char&&)> >, std::is_move_constructible<void (*)(std::_Any_data const&, unsigned char&&)>, std::is_move_assignable<void (*)(std::_Any_data const&, unsigned char&&)> >::value, void>::type std::swap<void (*)(std::_Any_data const&, unsigned char&&)>(void (*&)(std::_Any_data const&, unsigned char&&), void (*&)(std::_Any_data const&, unsigned char&&))
 *fill*         0x00000000000030d6        0x2 
 .text.__tcf_0  0x00000000000030d8       0x28 /home/student/git/YAHAL/libYAHAL_msp432.a(spi_msp432.cpp.o)
 .text._Z41__static_initialization_and_destruction_0ii
                0x0000000000003100       0x60 /home/student/git/YAHAL/libYAHAL_msp432.a(spi_msp432.cpp.o)
 .text._GLOBAL__sub_I_SPI_CLK
                0x0000000000003160       0x10 /home/student/git/YAHAL/libYAHAL_msp432.a(spi_msp432.cpp.o)
 .text.__NVIC_EnableIRQ
                0x0000000000003170       0x40 /home/student/git/YAHAL/libYAHAL_msp432.a(gpio_msp432.cpp.o)
 .text._ZL20__gthread_key_deletei
                0x00000000000031b0       0x16 /home/student/git/YAHAL/libYAHAL_msp432.a(gpio_msp432.cpp.o)
 .text._ZNSt8functionIFvvEED2Ev
                0x00000000000031c6       0x1a /home/student/git/YAHAL/libYAHAL_msp432.a(gpio_msp432.cpp.o)
                0x00000000000031c6                std::function<void ()>::~function()
                0x00000000000031c6                std::function<void ()>::~function()
 .text._ZN14gpio_interfaceD2Ev
                0x00000000000031e0       0x20 /home/student/git/YAHAL/libYAHAL_msp432.a(gpio_msp432.cpp.o)
                0x00000000000031e0                gpio_interface::~gpio_interface()
                0x00000000000031e0                gpio_interface::~gpio_interface()
 .text._ZN14gpio_interfaceD0Ev
                0x0000000000003200       0x20 /home/student/git/YAHAL/libYAHAL_msp432.a(gpio_msp432.cpp.o)
                0x0000000000003200                gpio_interface::~gpio_interface()
 .text._ZN11gpio_msp432D2Ev
                0x0000000000003220       0x48 /home/student/git/YAHAL/libYAHAL_msp432.a(gpio_msp432.cpp.o)
                0x0000000000003220                gpio_msp432::~gpio_msp432()
                0x0000000000003220                gpio_msp432::~gpio_msp432()
 .text._ZN11gpio_msp432D0Ev
                0x0000000000003268       0x22 /home/student/git/YAHAL/libYAHAL_msp432.a(gpio_msp432.cpp.o)
                0x0000000000003268                gpio_msp432::~gpio_msp432()
 *fill*         0x000000000000328a        0x2 
 .text._ZN14gpio_interfaceC2Ev
                0x000000000000328c       0x20 /home/student/git/YAHAL/libYAHAL_msp432.a(gpio_msp432.cpp.o)
                0x000000000000328c                gpio_interface::gpio_interface()
                0x000000000000328c                gpio_interface::gpio_interface()
 .text._ZN11gpio_msp432C2Ev
                0x00000000000032ac       0x54 /home/student/git/YAHAL/libYAHAL_msp432.a(gpio_msp432.cpp.o)
                0x00000000000032ac                gpio_msp432::gpio_msp432()
                0x00000000000032ac                gpio_msp432::gpio_msp432()
 .text._ZL17yahal_assert_funcv
                0x0000000000003300       0x1c /home/student/git/YAHAL/libYAHAL_msp432.a(gpio_msp432.cpp.o)
 .text._ZN11gpio_msp4328gpioModeEtt
                0x000000000000331c       0x30 /home/student/git/YAHAL/libYAHAL_msp432.a(gpio_msp432.cpp.o)
                0x000000000000331c                gpio_msp432::gpioMode(unsigned short, unsigned short)
 .text._ZN11gpio_msp4328gpioReadEt
                0x000000000000334c       0x70 /home/student/git/YAHAL/libYAHAL_msp432.a(gpio_msp432.cpp.o)
                0x000000000000334c                gpio_msp432::gpioRead(unsigned short)
 .text._ZN11gpio_msp4329gpioWriteEtb
                0x00000000000033bc      0x1d8 /home/student/git/YAHAL/libYAHAL_msp432.a(gpio_msp432.cpp.o)
                0x00000000000033bc                gpio_msp432::gpioWrite(unsigned short, bool)
 .text._ZN11gpio_msp43210gpioToggleEt
                0x0000000000003594       0x80 /home/student/git/YAHAL/libYAHAL_msp432.a(gpio_msp432.cpp.o)
                0x0000000000003594                gpio_msp432::gpioToggle(unsigned short)
 .text._ZN11gpio_msp43213gpioAttachIrqEttSt8functionIFvvEE
                0x0000000000003614      0x16c /home/student/git/YAHAL/libYAHAL_msp432.a(gpio_msp432.cpp.o)
                0x0000000000003614                gpio_msp432::gpioAttachIrq(unsigned short, unsigned short, std::function<void ()>)
 .text._ZN11gpio_msp43213gpioDetachIrqEt
                0x0000000000003780       0x78 /home/student/git/YAHAL/libYAHAL_msp432.a(gpio_msp432.cpp.o)
                0x0000000000003780                gpio_msp432::gpioDetachIrq(unsigned short)
 .text._ZN11gpio_msp43213gpioEnableIrqEt
                0x00000000000037f8       0x90 /home/student/git/YAHAL/libYAHAL_msp432.a(gpio_msp432.cpp.o)
                0x00000000000037f8                gpio_msp432::gpioEnableIrq(unsigned short)
 .text._ZN11gpio_msp43214gpioDisableIrqEt
                0x0000000000003888       0x68 /home/student/git/YAHAL/libYAHAL_msp432.a(gpio_msp432.cpp.o)
                0x0000000000003888                gpio_msp432::gpioDisableIrq(unsigned short)
 .text._ZN11gpio_msp4329handleIrqEhh
                0x00000000000038f0       0x90 /home/student/git/YAHAL/libYAHAL_msp432.a(gpio_msp432.cpp.o)
                0x00000000000038f0                gpio_msp432::handleIrq(unsigned char, unsigned char)
 .text._ZN11gpio_msp4326setSELEth
                0x0000000000003980       0x94 /home/student/git/YAHAL/libYAHAL_msp432.a(gpio_msp432.cpp.o)
                0x0000000000003980                gpio_msp432::setSEL(unsigned short, unsigned char)
 .text._ZN11gpio_msp4327setModeEtt
                0x0000000000003a14      0x2f4 /home/student/git/YAHAL/libYAHAL_msp432.a(gpio_msp432.cpp.o)
                0x0000000000003a14                gpio_msp432::setMode(unsigned short, unsigned short)
 .text.PORT1_IRQHandler
                0x0000000000003d08       0x44 /home/student/git/YAHAL/libYAHAL_msp432.a(gpio_msp432.cpp.o)
                0x0000000000003d08                PORT1_IRQHandler
 .text.PORT2_IRQHandler
                0x0000000000003d4c       0x44 /home/student/git/YAHAL/libYAHAL_msp432.a(gpio_msp432.cpp.o)
                0x0000000000003d4c                PORT2_IRQHandler
 .text.PORT3_IRQHandler
                0x0000000000003d90       0x44 /home/student/git/YAHAL/libYAHAL_msp432.a(gpio_msp432.cpp.o)
                0x0000000000003d90                PORT3_IRQHandler
 .text.PORT4_IRQHandler
                0x0000000000003dd4       0x44 /home/student/git/YAHAL/libYAHAL_msp432.a(gpio_msp432.cpp.o)
                0x0000000000003dd4                PORT4_IRQHandler
 .text.PORT5_IRQHandler
                0x0000000000003e18       0x44 /home/student/git/YAHAL/libYAHAL_msp432.a(gpio_msp432.cpp.o)
                0x0000000000003e18                PORT5_IRQHandler
 .text.PORT6_IRQHandler
                0x0000000000003e5c       0x44 /home/student/git/YAHAL/libYAHAL_msp432.a(gpio_msp432.cpp.o)
                0x0000000000003e5c                PORT6_IRQHandler
 .text._ZNSt8functionIFvvEEC2ERKS1_
                0x0000000000003ea0       0x44 /home/student/git/YAHAL/libYAHAL_msp432.a(gpio_msp432.cpp.o)
                0x0000000000003ea0                std::function<void ()>::function(std::function<void ()> const&)
                0x0000000000003ea0                std::function<void ()>::function(std::function<void ()> const&)
 .text._ZNSt8functionIFvvEEC2Ev
                0x0000000000003ee4       0x1a /home/student/git/YAHAL/libYAHAL_msp432.a(gpio_msp432.cpp.o)
                0x0000000000003ee4                std::function<void ()>::function()
                0x0000000000003ee4                std::function<void ()>::function()
 .text._ZNSt8functionIFvvEEaSERKS1_
                0x0000000000003efe       0x36 /home/student/git/YAHAL/libYAHAL_msp432.a(gpio_msp432.cpp.o)
                0x0000000000003efe                std::function<void ()>::operator=(std::function<void ()> const&)
 .text._ZNSt8functionIFvvEEaSEDn
                0x0000000000003f34       0x34 /home/student/git/YAHAL/libYAHAL_msp432.a(gpio_msp432.cpp.o)
                0x0000000000003f34                std::function<void ()>::operator=(decltype(nullptr))
 .text._ZNKSt8functionIFvvEEclEv
                0x0000000000003f68       0x2c /home/student/git/YAHAL/libYAHAL_msp432.a(gpio_msp432.cpp.o)
                0x0000000000003f68                std::function<void ()>::operator()() const
 .text._ZNKSt8functionIFvvEEcvbEv
                0x0000000000003f94       0x20 /home/student/git/YAHAL/libYAHAL_msp432.a(gpio_msp432.cpp.o)
                0x0000000000003f94                std::function<void ()>::operator bool() const
 .text._ZNSt8functionIFvvEE4swapERS1_
                0x0000000000003fb4       0x42 /home/student/git/YAHAL/libYAHAL_msp432.a(gpio_msp432.cpp.o)
                0x0000000000003fb4                std::function<void ()>::swap(std::function<void ()>&)
 .text._ZSt4moveIRPFvRKSt9_Any_dataEEONSt16remove_referenceIT_E4typeEOS7_
                0x0000000000003ff6       0x16 /home/student/git/YAHAL/libYAHAL_msp432.a(gpio_msp432.cpp.o)
                0x0000000000003ff6                std::remove_reference<void (*&)(std::_Any_data const&)>::type&& std::move<void (*&)(std::_Any_data const&)>(void (*&)(std::_Any_data const&))
 .text._ZSt4swapIPFvRKSt9_Any_dataEENSt9enable_ifIXsrSt6__and_IJSt6__not_ISt15__is_tuple_likeIT_EESt21is_move_constructibleIS9_ESt18is_move_assignableIS9_EEE5valueEvE4typeERS9_SJ_
                0x000000000000400c       0x3e /home/student/git/YAHAL/libYAHAL_msp432.a(gpio_msp432.cpp.o)
                0x000000000000400c                std::enable_if<std::__and_<std::__not_<std::__is_tuple_like<void (*)(std::_Any_data const&)> >, std::is_move_constructible<void (*)(std::_Any_data const&)>, std::is_move_assignable<void (*)(std::_Any_data const&)> >::value, void>::type std::swap<void (*)(std::_Any_data const&)>(void (*&)(std::_Any_data const&), void (*&)(std::_Any_data const&))
 *fill*         0x000000000000404a        0x2 
 .text._Z41__static_initialization_and_destruction_0ii
                0x000000000000404c       0x40 /home/student/git/YAHAL/libYAHAL_msp432.a(gpio_msp432.cpp.o)
 .text._GLOBAL__sub_I_port_base
                0x000000000000408c       0x10 /home/student/git/YAHAL/libYAHAL_msp432.a(gpio_msp432.cpp.o)
 .text._ZN14irq_dispatcher7link_inEv
                0x000000000000409c        0xe /home/student/git/YAHAL/libYAHAL_msp432.a(irq_dispatcher.cpp.o)
                0x000000000000409c                irq_dispatcher::link_in()
 .text.Default_EUSCI_Handler
                0x00000000000040aa        0x6 /home/student/git/YAHAL/libYAHAL_msp432.a(irq_dispatcher.cpp.o)
                0x00000000000040aa                EUSCIB0_I2C_IRQHandler
                0x00000000000040aa                EUSCIA3_UART_IRQHandler
                0x00000000000040aa                EUSCIA0_UART_IRQHandler
                0x00000000000040aa                EUSCIB2_I2C_IRQHandler
                0x00000000000040aa                Default_EUSCI_Handler
                0x00000000000040aa                EUSCIB1_I2C_IRQHandler
                0x00000000000040aa                EUSCIB3_I2C_IRQHandler
                0x00000000000040aa                EUSCIA1_UART_IRQHandler
                0x00000000000040aa                EUSCIA2_UART_IRQHandler
 .text.EUSCIA0_IRQHandler
                0x00000000000040b0       0x30 /home/student/git/YAHAL/libYAHAL_msp432.a(irq_dispatcher.cpp.o)
                0x00000000000040b0                EUSCIA0_IRQHandler
 .text.EUSCIA1_IRQHandler
                0x00000000000040e0       0x30 /home/student/git/YAHAL/libYAHAL_msp432.a(irq_dispatcher.cpp.o)
                0x00000000000040e0                EUSCIA1_IRQHandler
 .text.EUSCIA2_IRQHandler
                0x0000000000004110       0x30 /home/student/git/YAHAL/libYAHAL_msp432.a(irq_dispatcher.cpp.o)
                0x0000000000004110                EUSCIA2_IRQHandler
 .text.EUSCIA3_IRQHandler
                0x0000000000004140       0x30 /home/student/git/YAHAL/libYAHAL_msp432.a(irq_dispatcher.cpp.o)
                0x0000000000004140                EUSCIA3_IRQHandler
 .text.EUSCIB0_IRQHandler
                0x0000000000004170       0x30 /home/student/git/YAHAL/libYAHAL_msp432.a(irq_dispatcher.cpp.o)
                0x0000000000004170                EUSCIB0_IRQHandler
 .text.EUSCIB1_IRQHandler
                0x00000000000041a0       0x30 /home/student/git/YAHAL/libYAHAL_msp432.a(irq_dispatcher.cpp.o)
                0x00000000000041a0                EUSCIB1_IRQHandler
 .text.EUSCIB2_IRQHandler
                0x00000000000041d0       0x30 /home/student/git/YAHAL/libYAHAL_msp432.a(irq_dispatcher.cpp.o)
                0x00000000000041d0                EUSCIB2_IRQHandler
 .text.EUSCIB3_IRQHandler
                0x0000000000004200       0x30 /home/student/git/YAHAL/libYAHAL_msp432.a(irq_dispatcher.cpp.o)
                0x0000000000004200                EUSCIB3_IRQHandler
 .text.__NVIC_EnableIRQ
                0x0000000000004230       0x40 /home/student/git/YAHAL/libYAHAL_msp432.a(adc14_msp432.cpp.o)
 .text._ZL20__gthread_key_deletei
                0x0000000000004270       0x16 /home/student/git/YAHAL/libYAHAL_msp432.a(adc14_msp432.cpp.o)
 *fill*         0x0000000000004286        0x2 
 .text._ZL17yahal_assert_funcv
                0x0000000000004288       0x1c /home/student/git/YAHAL/libYAHAL_msp432.a(adc14_msp432.cpp.o)
 .text._ZN13adc_interfaceC2Ev
                0x00000000000042a4       0x20 /home/student/git/YAHAL/libYAHAL_msp432.a(adc14_msp432.cpp.o)
                0x00000000000042a4                adc_interface::adc_interface()
                0x00000000000042a4                adc_interface::adc_interface()
 .text._ZN13adc_interfaceD2Ev
                0x00000000000042c4       0x20 /home/student/git/YAHAL/libYAHAL_msp432.a(adc14_msp432.cpp.o)
                0x00000000000042c4                adc_interface::~adc_interface()
                0x00000000000042c4                adc_interface::~adc_interface()
 .text._ZN13adc_interfaceD0Ev
                0x00000000000042e4       0x20 /home/student/git/YAHAL/libYAHAL_msp432.a(adc14_msp432.cpp.o)
                0x00000000000042e4                adc_interface::~adc_interface()
 .text._ZN12adc14_msp432C2Ev
                0x0000000000004304       0xc0 /home/student/git/YAHAL/libYAHAL_msp432.a(adc14_msp432.cpp.o)
                0x0000000000004304                adc14_msp432::adc14_msp432()
                0x0000000000004304                adc14_msp432::adc14_msp432()
 .text._ZN12adc14_msp4327adcModeEht
                0x00000000000043c4       0xb4 /home/student/git/YAHAL/libYAHAL_msp432.a(adc14_msp432.cpp.o)
                0x00000000000043c4                adc14_msp432::adcMode(unsigned char, unsigned short)
 .text._ZN12adc14_msp4327getModeEh
                0x0000000000004478       0x44 /home/student/git/YAHAL/libYAHAL_msp432.a(adc14_msp432.cpp.o)
                0x0000000000004478                adc14_msp432::getMode(unsigned char)
 .text._ZN12adc14_msp43210adcReadRawEh
                0x00000000000044bc       0xd0 /home/student/git/YAHAL/libYAHAL_msp432.a(adc14_msp432.cpp.o)
                0x00000000000044bc                adc14_msp432::adcReadRaw(unsigned char)
 .text._ZN12adc14_msp43214adcReadVoltageEh
                0x000000000000458c       0x3e /home/student/git/YAHAL/libYAHAL_msp432.a(adc14_msp432.cpp.o)
                0x000000000000458c                adc14_msp432::adcReadVoltage(unsigned char)
 *fill*         0x00000000000045ca        0x2 
 .text._ZN12adc14_msp43212rawToVoltageEht
                0x00000000000045cc       0xe8 /home/student/git/YAHAL/libYAHAL_msp432.a(adc14_msp432.cpp.o)
                0x00000000000045cc                adc14_msp432::rawToVoltage(unsigned char, unsigned short)
 .text._ZN12adc14_msp43212adcSetupScanEt
                0x00000000000046b4       0x30 /home/student/git/YAHAL/libYAHAL_msp432.a(adc14_msp432.cpp.o)
                0x00000000000046b4                adc14_msp432::adcSetupScan(unsigned short)
 .text._ZN12adc14_msp43212adcStartScanEhh
                0x00000000000046e4       0xac /home/student/git/YAHAL/libYAHAL_msp432.a(adc14_msp432.cpp.o)
                0x00000000000046e4                adc14_msp432::adcStartScan(unsigned char, unsigned char)
 .text._ZN12adc14_msp43211adcStopScanEv
                0x0000000000004790       0x48 /home/student/git/YAHAL/libYAHAL_msp432.a(adc14_msp432.cpp.o)
                0x0000000000004790                adc14_msp432::adcStopScan()
 .text._ZN12adc14_msp43211adcReadScanEh
                0x00000000000047d8       0x48 /home/student/git/YAHAL/libYAHAL_msp432.a(adc14_msp432.cpp.o)
                0x00000000000047d8                adc14_msp432::adcReadScan(unsigned char)
 .text._ZN12adc14_msp43213attachScanIrqEhPFvttE
                0x0000000000004820       0x68 /home/student/git/YAHAL/libYAHAL_msp432.a(adc14_msp432.cpp.o)
                0x0000000000004820                adc14_msp432::attachScanIrq(unsigned char, void (*)(unsigned short, unsigned short))
 .text._ZN12adc14_msp43212attachWinIrqEhPFvttEttt
                0x0000000000004888       0xf8 /home/student/git/YAHAL/libYAHAL_msp432.a(adc14_msp432.cpp.o)
                0x0000000000004888                adc14_msp432::attachWinIrq(unsigned char, void (*)(unsigned short, unsigned short), unsigned short, unsigned short, unsigned short)
 .text._ZN12adc14_msp43214set_resolutionEt
                0x0000000000004980       0xc8 /home/student/git/YAHAL/libYAHAL_msp432.a(adc14_msp432.cpp.o)
                0x0000000000004980                adc14_msp432::set_resolution(unsigned short)
 .text._ZN12adc14_msp4329handleIrqEm
                0x0000000000004a48       0xec /home/student/git/YAHAL/libYAHAL_msp432.a(adc14_msp432.cpp.o)
                0x0000000000004a48                adc14_msp432::handleIrq(unsigned long)
 .text.ADC14_IRQHandler
                0x0000000000004b34       0x28 /home/student/git/YAHAL/libYAHAL_msp432.a(adc14_msp432.cpp.o)
                0x0000000000004b34                ADC14_IRQHandler
 .text._ZN12adc14_msp432D2Ev
                0x0000000000004b5c       0x24 /home/student/git/YAHAL/libYAHAL_msp432.a(adc14_msp432.cpp.o)
                0x0000000000004b5c                adc14_msp432::~adc14_msp432()
                0x0000000000004b5c                adc14_msp432::~adc14_msp432()
 .text._ZN12adc14_msp432D0Ev
                0x0000000000004b80       0x20 /home/student/git/YAHAL/libYAHAL_msp432.a(adc14_msp432.cpp.o)
                0x0000000000004b80                adc14_msp432::~adc14_msp432()
 .text._Z41__static_initialization_and_destruction_0ii
                0x0000000000004ba0       0x40 /home/student/git/YAHAL/libYAHAL_msp432.a(adc14_msp432.cpp.o)
 .text._GLOBAL__sub_I__ZN12adc14_msp4324instE
                0x0000000000004be0       0x10 /home/student/git/YAHAL/libYAHAL_msp432.a(adc14_msp432.cpp.o)
 .text._ZL20__gthread_key_deletei
                0x0000000000004bf0       0x16 /home/student/git/YAHAL/libYAHAL_msp432.a(ssd2119_drv.cpp.o)
 *fill*         0x0000000000004c06        0x2 
 .text._ZL17yahal_assert_funcv
                0x0000000000004c08       0x1c /home/student/git/YAHAL/libYAHAL_msp432.a(ssd2119_drv.cpp.o)
 .text._ZN13lcd_interface12convertColorEmm
                0x0000000000004c24       0x78 /home/student/git/YAHAL/libYAHAL_msp432.a(ssd2119_drv.cpp.o)
                0x0000000000004c24                lcd_interface::convertColor(unsigned long, unsigned long)
 .text._ZN11ssd2119_drv6configC2Ett
                0x0000000000004c9c       0x2a /home/student/git/YAHAL/libYAHAL_msp432.a(ssd2119_drv.cpp.o)
                0x0000000000004c9c                ssd2119_drv::config::config(unsigned short, unsigned short)
                0x0000000000004c9c                ssd2119_drv::config::config(unsigned short, unsigned short)
 *fill*         0x0000000000004cc6        0x2 
 .text._ZN12pixel_streamC2Ev
                0x0000000000004cc8       0x20 /home/student/git/YAHAL/libYAHAL_msp432.a(ssd2119_drv.cpp.o)
                0x0000000000004cc8                pixel_stream::pixel_stream()
                0x0000000000004cc8                pixel_stream::pixel_stream()
 .text._ZN18pixel_stream_constC2Em
                0x0000000000004ce8       0x2c /home/student/git/YAHAL/libYAHAL_msp432.a(ssd2119_drv.cpp.o)
                0x0000000000004ce8                pixel_stream_const::pixel_stream_const(unsigned long)
                0x0000000000004ce8                pixel_stream_const::pixel_stream_const(unsigned long)
 .text._ZN18pixel_stream_const12getColorTypeEv
                0x0000000000004d14       0x1c /home/student/git/YAHAL/libYAHAL_msp432.a(ssd2119_drv.cpp.o)
                0x0000000000004d14                pixel_stream_const::getColorType()
 .text._ZN18pixel_stream_const7getNextEv
                0x0000000000004d30       0x18 /home/student/git/YAHAL/libYAHAL_msp432.a(ssd2119_drv.cpp.o)
                0x0000000000004d30                pixel_stream_const::getNext()
 .text._ZN18pixel_stream_const5resetEv
                0x0000000000004d48       0x14 /home/student/git/YAHAL/libYAHAL_msp432.a(ssd2119_drv.cpp.o)
                0x0000000000004d48                pixel_stream_const::reset()
 .text._Z5delayi
                0x0000000000004d5c       0x3a /home/student/git/YAHAL/libYAHAL_msp432.a(ssd2119_drv.cpp.o)
                0x0000000000004d5c                delay(int)
 *fill*         0x0000000000004d96        0x2 
 .text._ZN13lcd_interfaceC2Ev
                0x0000000000004d98       0x20 /home/student/git/YAHAL/libYAHAL_msp432.a(ssd2119_drv.cpp.o)
                0x0000000000004d98                lcd_interface::lcd_interface()
                0x0000000000004d98                lcd_interface::lcd_interface()
 .text._ZN13lcd_interfaceD2Ev
                0x0000000000004db8       0x20 /home/student/git/YAHAL/libYAHAL_msp432.a(ssd2119_drv.cpp.o)
                0x0000000000004db8                lcd_interface::~lcd_interface()
                0x0000000000004db8                lcd_interface::~lcd_interface()
 .text._ZN13lcd_interfaceD0Ev
                0x0000000000004dd8       0x20 /home/student/git/YAHAL/libYAHAL_msp432.a(ssd2119_drv.cpp.o)
                0x0000000000004dd8                lcd_interface::~lcd_interface()
 .text._ZN11ssd2119_drvC2ER13spi_interfaceR8gpio_pinS3_RNS_6configEP15mutex_interface
                0x0000000000004df8      0x1d8 /home/student/git/YAHAL/libYAHAL_msp432.a(ssd2119_drv.cpp.o)
                0x0000000000004df8                ssd2119_drv::ssd2119_drv(spi_interface&, gpio_pin&, gpio_pin&, ssd2119_drv::config&, mutex_interface*)
                0x0000000000004df8                ssd2119_drv::ssd2119_drv(spi_interface&, gpio_pin&, gpio_pin&, ssd2119_drv::config&, mutex_interface*)
 .text._ZN11ssd2119_drvD2Ev
                0x0000000000004fd0       0x24 /home/student/git/YAHAL/libYAHAL_msp432.a(ssd2119_drv.cpp.o)
                0x0000000000004fd0                ssd2119_drv::~ssd2119_drv()
                0x0000000000004fd0                ssd2119_drv::~ssd2119_drv()
 .text._ZN11ssd2119_drvD0Ev
                0x0000000000004ff4       0x22 /home/student/git/YAHAL/libYAHAL_msp432.a(ssd2119_drv.cpp.o)
                0x0000000000004ff4                ssd2119_drv::~ssd2119_drv()
 .text._ZN11ssd2119_drv8getSizeXEv
                0x0000000000005016       0x1c /home/student/git/YAHAL/libYAHAL_msp432.a(ssd2119_drv.cpp.o)
                0x0000000000005016                ssd2119_drv::getSizeX()
 .text._ZN11ssd2119_drv8getSizeYEv
                0x0000000000005032       0x1c /home/student/git/YAHAL/libYAHAL_msp432.a(ssd2119_drv.cpp.o)
                0x0000000000005032                ssd2119_drv::getSizeY()
 .text._ZN11ssd2119_drv9drawPixelEttm
                0x000000000000504e       0xcc /home/student/git/YAHAL/libYAHAL_msp432.a(ssd2119_drv.cpp.o)
                0x000000000000504e                ssd2119_drv::drawPixel(unsigned short, unsigned short, unsigned long)
 .text._ZN11ssd2119_drv9drawHLineEtttm
                0x000000000000511a       0xf6 /home/student/git/YAHAL/libYAHAL_msp432.a(ssd2119_drv.cpp.o)
                0x000000000000511a                ssd2119_drv::drawHLine(unsigned short, unsigned short, unsigned short, unsigned long)
 .text._ZN11ssd2119_drv9drawVLineEtttm
                0x0000000000005210       0xf6 /home/student/git/YAHAL/libYAHAL_msp432.a(ssd2119_drv.cpp.o)
                0x0000000000005210                ssd2119_drv::drawVLine(unsigned short, unsigned short, unsigned short, unsigned long)
 .text._ZN11ssd2119_drv8drawAreaEttttR12pixel_stream
                0x0000000000005306      0x134 /home/student/git/YAHAL/libYAHAL_msp432.a(ssd2119_drv.cpp.o)
                0x0000000000005306                ssd2119_drv::drawArea(unsigned short, unsigned short, unsigned short, unsigned short, pixel_stream&)
 .text._ZN11ssd2119_drv8fillAreaEttttm
                0x000000000000543a       0x66 /home/student/git/YAHAL/libYAHAL_msp432.a(ssd2119_drv.cpp.o)
                0x000000000000543a                ssd2119_drv::fillArea(unsigned short, unsigned short, unsigned short, unsigned short, unsigned long)
 .text._ZN11ssd2119_drv11clearScreenEm
                0x00000000000054a0       0x48 /home/student/git/YAHAL/libYAHAL_msp432.a(ssd2119_drv.cpp.o)
                0x00000000000054a0                ssd2119_drv::clearScreen(unsigned long)
 .text._ZN11ssd2119_drv13setCursorLtoREtt
                0x00000000000054e8       0x52 /home/student/git/YAHAL/libYAHAL_msp432.a(ssd2119_drv.cpp.o)
                0x00000000000054e8                ssd2119_drv::setCursorLtoR(unsigned short, unsigned short)
 .text._ZN11ssd2119_drv13setCursorTtoBEtt
                0x000000000000553a       0x52 /home/student/git/YAHAL/libYAHAL_msp432.a(ssd2119_drv.cpp.o)
                0x000000000000553a                ssd2119_drv::setCursorTtoB(unsigned short, unsigned short)
 .text._ZN11ssd2119_drv15writeDataBufferEi
                0x000000000000558c       0x2e /home/student/git/YAHAL/libYAHAL_msp432.a(ssd2119_drv.cpp.o)
                0x000000000000558c                ssd2119_drv::writeDataBuffer(int)
 .text._ZN11ssd2119_drv12writeCommandEh
                0x00000000000055ba       0x48 /home/student/git/YAHAL/libYAHAL_msp432.a(ssd2119_drv.cpp.o)
                0x00000000000055ba                ssd2119_drv::writeCommand(unsigned char)
 .text._ZN11ssd2119_drv12writeCmdDataEht
                0x0000000000005602       0x6c /home/student/git/YAHAL/libYAHAL_msp432.a(ssd2119_drv.cpp.o)
                0x0000000000005602                ssd2119_drv::writeCmdData(unsigned char, unsigned short)
 *fill*         0x000000000000566e        0x2 
 .text._ZN18pixel_stream_constD2Ev
                0x0000000000005670       0x20 /home/student/git/YAHAL/libYAHAL_msp432.a(ssd2119_drv.cpp.o)
                0x0000000000005670                pixel_stream_const::~pixel_stream_const()
                0x0000000000005670                pixel_stream_const::~pixel_stream_const()
 .text._ZN18pixel_stream_constD0Ev
                0x0000000000005690       0x20 /home/student/git/YAHAL/libYAHAL_msp432.a(ssd2119_drv.cpp.o)
                0x0000000000005690                pixel_stream_const::~pixel_stream_const()
 .text._Z41__static_initialization_and_destruction_0ii
                0x00000000000056b0       0x34 /home/student/git/YAHAL/libYAHAL_msp432.a(ssd2119_drv.cpp.o)
 .text._GLOBAL__sub_I__ZN11ssd2119_drv14Kentec_K350QVGE
                0x00000000000056e4       0x10 /home/student/git/YAHAL/libYAHAL_msp432.a(ssd2119_drv.cpp.o)
 .text._ZL17yahal_assert_funcv
                0x00000000000056f4       0x1c /home/student/git/YAHAL/libYAHAL_msp432.a(uGUI.cpp.o)
 .text._ZN19pixel_stream_rgb565C2EPKtj
                0x0000000000005710       0x3c /home/student/git/YAHAL/libYAHAL_msp432.a(uGUI.cpp.o)
                0x0000000000005710                pixel_stream_rgb565::pixel_stream_rgb565(unsigned short const*, unsigned int)
                0x0000000000005710                pixel_stream_rgb565::pixel_stream_rgb565(unsigned short const*, unsigned int)
 .text._ZN19pixel_stream_rgb565D2Ev
                0x000000000000574c       0x20 /home/student/git/YAHAL/libYAHAL_msp432.a(uGUI.cpp.o)
                0x000000000000574c                pixel_stream_rgb565::~pixel_stream_rgb565()
                0x000000000000574c                pixel_stream_rgb565::~pixel_stream_rgb565()
 .text._ZN19pixel_stream_rgb565D0Ev
                0x000000000000576c       0x20 /home/student/git/YAHAL/libYAHAL_msp432.a(uGUI.cpp.o)
                0x000000000000576c                pixel_stream_rgb565::~pixel_stream_rgb565()
 .text._ZN19pixel_stream_rgb56512getColorTypeEv
                0x000000000000578c       0x18 /home/student/git/YAHAL/libYAHAL_msp432.a(uGUI.cpp.o)
                0x000000000000578c                pixel_stream_rgb565::getColorType()
 .text._ZN19pixel_stream_rgb5657getNextEv
                0x00000000000057a4       0x2c /home/student/git/YAHAL/libYAHAL_msp432.a(uGUI.cpp.o)
                0x00000000000057a4                pixel_stream_rgb565::getNext()
 .text._ZN19pixel_stream_rgb5655resetEv
                0x00000000000057d0       0x1a /home/student/git/YAHAL/libYAHAL_msp432.a(uGUI.cpp.o)
                0x00000000000057d0                pixel_stream_rgb565::reset()
 *fill*         0x00000000000057ea        0x2 
 .text._ZN4uGUIC2ER13lcd_interface
                0x00000000000057ec       0xf0 /home/student/git/YAHAL/libYAHAL_msp432.a(uGUI.cpp.o)
                0x00000000000057ec                uGUI::uGUI(lcd_interface&)
                0x00000000000057ec                uGUI::uGUI(lcd_interface&)
 .text._ZN4uGUI10FontSelectEPKNS_4FONTE
                0x00000000000058dc       0x32 /home/student/git/YAHAL/libYAHAL_msp432.a(uGUI.cpp.o)
                0x00000000000058dc                uGUI::FontSelect(uGUI::FONT const*)
 .text._ZN4uGUI10FillScreenEm
                0x000000000000590e       0x40 /home/student/git/YAHAL/libYAHAL_msp432.a(uGUI.cpp.o)
                0x000000000000590e                uGUI::FillScreen(unsigned long)
 .text._ZN4uGUI9FillFrameEssssm
                0x000000000000594e       0x74 /home/student/git/YAHAL/libYAHAL_msp432.a(uGUI.cpp.o)
                0x000000000000594e                uGUI::FillFrame(short, short, short, short, unsigned long)
 .text._ZN4uGUI14FillRoundFrameEsssssm
                0x00000000000059c2      0x248 /home/student/git/YAHAL/libYAHAL_msp432.a(uGUI.cpp.o)
                0x00000000000059c2                uGUI::FillRoundFrame(short, short, short, short, short, unsigned long)
 .text._ZN4uGUI8DrawMeshEssssm
                0x0000000000005c0a       0x9c /home/student/git/YAHAL/libYAHAL_msp432.a(uGUI.cpp.o)
                0x0000000000005c0a                uGUI::DrawMesh(short, short, short, short, unsigned long)
 .text._ZN4uGUI9DrawFrameEssssm
                0x0000000000005ca6       0x9a /home/student/git/YAHAL/libYAHAL_msp432.a(uGUI.cpp.o)
                0x0000000000005ca6                uGUI::DrawFrame(short, short, short, short, unsigned long)
 .text._ZN4uGUI14DrawRoundFrameEsssssm
                0x0000000000005d40      0x1c0 /home/student/git/YAHAL/libYAHAL_msp432.a(uGUI.cpp.o)
                0x0000000000005d40                uGUI::DrawRoundFrame(short, short, short, short, short, unsigned long)
 .text._ZN4uGUI9DrawPixelEssm
                0x0000000000005f00       0x30 /home/student/git/YAHAL/libYAHAL_msp432.a(uGUI.cpp.o)
                0x0000000000005f00                uGUI::DrawPixel(short, short, unsigned long)
 .text._ZN4uGUI10DrawCircleEsssm
                0x0000000000005f30      0x1d4 /home/student/git/YAHAL/libYAHAL_msp432.a(uGUI.cpp.o)
                0x0000000000005f30                uGUI::DrawCircle(short, short, short, unsigned long)
 .text._ZN4uGUI10FillCircleEsssm
                0x0000000000006104      0x1c4 /home/student/git/YAHAL/libYAHAL_msp432.a(uGUI.cpp.o)
                0x0000000000006104                uGUI::FillCircle(short, short, short, unsigned long)
 .text._ZN4uGUI7DrawArcEssshm
                0x00000000000062c8      0x230 /home/student/git/YAHAL/libYAHAL_msp432.a(uGUI.cpp.o)
                0x00000000000062c8                uGUI::DrawArc(short, short, short, unsigned char, unsigned long)
 .text._ZN4uGUI8DrawLineEssssm
                0x00000000000064f8      0x1fe /home/student/git/YAHAL/libYAHAL_msp432.a(uGUI.cpp.o)
                0x00000000000064f8                uGUI::DrawLine(short, short, short, short, unsigned long)
 *fill*         0x00000000000066f6        0x2 
 .text._ZN4uGUI7PutCharEcssmmb
                0x00000000000066f8      0x250 /home/student/git/YAHAL/libYAHAL_msp432.a(uGUI.cpp.o)
                0x00000000000066f8                uGUI::PutChar(char, short, short, unsigned long, unsigned long, bool)
 .text._ZN4uGUI9PutStringEssPKcb
                0x0000000000006948       0xdc /home/student/git/YAHAL/libYAHAL_msp432.a(uGUI.cpp.o)
                0x0000000000006948                uGUI::PutString(short, short, char const*, bool)
 .text._ZN4uGUI16ConsolePutStringEPc
                0x0000000000006a24      0x134 /home/student/git/YAHAL/libYAHAL_msp432.a(uGUI.cpp.o)
                0x0000000000006a24                uGUI::ConsolePutString(char*)
 .text._ZN4uGUI14ConsoleSetAreaEssss
                0x0000000000006b58       0x3e /home/student/git/YAHAL/libYAHAL_msp432.a(uGUI.cpp.o)
                0x0000000000006b58                uGUI::ConsoleSetArea(short, short, short, short)
 .text._ZN4uGUI19ConsoleSetForecolorEm
                0x0000000000006b96       0x1c /home/student/git/YAHAL/libYAHAL_msp432.a(uGUI.cpp.o)
                0x0000000000006b96                uGUI::ConsoleSetForecolor(unsigned long)
 .text._ZN4uGUI19ConsoleSetBackcolorEm
                0x0000000000006bb2       0x1c /home/student/git/YAHAL/libYAHAL_msp432.a(uGUI.cpp.o)
                0x0000000000006bb2                uGUI::ConsoleSetBackcolor(unsigned long)
 .text._ZN4uGUI12SetForecolorEm
                0x0000000000006bce       0x1c /home/student/git/YAHAL/libYAHAL_msp432.a(uGUI.cpp.o)
                0x0000000000006bce                uGUI::SetForecolor(unsigned long)
 .text._ZN4uGUI12SetBackcolorEm
                0x0000000000006bea       0x1c /home/student/git/YAHAL/libYAHAL_msp432.a(uGUI.cpp.o)
                0x0000000000006bea                uGUI::SetBackcolor(unsigned long)
 .text._ZN4uGUI7GetXDimEv
                0x0000000000006c06       0x1a /home/student/git/YAHAL/libYAHAL_msp432.a(uGUI.cpp.o)
                0x0000000000006c06                uGUI::GetXDim()
 .text._ZN4uGUI7GetYDimEv
                0x0000000000006c20       0x1a /home/student/git/YAHAL/libYAHAL_msp432.a(uGUI.cpp.o)
                0x0000000000006c20                uGUI::GetYDim()
 .text._ZN4uGUI13FontSetHSpaceEt
                0x0000000000006c3a       0x22 /home/student/git/YAHAL/libYAHAL_msp432.a(uGUI.cpp.o)
                0x0000000000006c3a                uGUI::FontSetHSpace(unsigned short)
 .text._ZN4uGUI13FontSetVSpaceEt
                0x0000000000006c5c       0x22 /home/student/git/YAHAL/libYAHAL_msp432.a(uGUI.cpp.o)
                0x0000000000006c5c                uGUI::FontSetVSpace(unsigned short)
 *fill*         0x0000000000006c7e        0x2 
 .text._ZN4uGUI8_PutTextEPNS_4TEXTE
                0x0000000000006c80      0x430 /home/student/git/YAHAL/libYAHAL_msp432.a(uGUI.cpp.o)
                0x0000000000006c80                uGUI::_PutText(uGUI::TEXT*)
 .text._ZN4uGUI14_GetFreeObjectEPNS_6WINDOWE
                0x00000000000070b0       0x5c /home/student/git/YAHAL/libYAHAL_msp432.a(uGUI.cpp.o)
                0x00000000000070b0                uGUI::_GetFreeObject(uGUI::WINDOW*)
 .text._ZN4uGUI13_SearchObjectEPNS_6WINDOWEhh
                0x000000000000710c       0x7c /home/student/git/YAHAL/libYAHAL_msp432.a(uGUI.cpp.o)
                0x000000000000710c                uGUI::_SearchObject(uGUI::WINDOW*, unsigned char, unsigned char)
 .text._ZN4uGUI13_DeleteObjectEPNS_6WINDOWEhh
                0x0000000000007188       0x86 /home/student/git/YAHAL/libYAHAL_msp432.a(uGUI.cpp.o)
                0x0000000000007188                uGUI::_DeleteObject(uGUI::WINDOW*, unsigned char, unsigned char)
 .text._ZN4uGUI17_ProcessTouchDataEPNS_6WINDOWE
                0x000000000000720e      0x174 /home/student/git/YAHAL/libYAHAL_msp432.a(uGUI.cpp.o)
                0x000000000000720e                uGUI::_ProcessTouchData(uGUI::WINDOW*)
 .text._ZN4uGUI14_UpdateObjectsEPNS_6WINDOWE
                0x0000000000007382       0x96 /home/student/git/YAHAL/libYAHAL_msp432.a(uGUI.cpp.o)
                0x0000000000007382                uGUI::_UpdateObjects(uGUI::WINDOW*)
 .text._ZN4uGUI13_HandleEventsEPNS_6WINDOWE
                0x0000000000007418       0x90 /home/student/git/YAHAL/libYAHAL_msp432.a(uGUI.cpp.o)
                0x0000000000007418                uGUI::_HandleEvents(uGUI::WINDOW*)
 .text._ZN4uGUI16_DrawObjectFrameEssssPm
                0x00000000000074a8      0x280 /home/student/git/YAHAL/libYAHAL_msp432.a(uGUI.cpp.o)
                0x00000000000074a8                uGUI::_DrawObjectFrame(short, short, short, short, unsigned long*)
 .text._ZN4uGUI6UpdateEv
                0x0000000000007728      0x144 /home/student/git/YAHAL/libYAHAL_msp432.a(uGUI.cpp.o)
                0x0000000000007728                uGUI::Update()
 .text._ZN4uGUI13WaitForUpdateEv
                0x000000000000786c       0x44 /home/student/git/YAHAL/libYAHAL_msp432.a(uGUI.cpp.o)
                0x000000000000786c                uGUI::WaitForUpdate()
 .text._ZN4uGUI7DrawBMPEssPNS_3BMPE
                0x00000000000078b0       0x9c /home/student/git/YAHAL/libYAHAL_msp432.a(uGUI.cpp.o)
                0x00000000000078b0                uGUI::DrawBMP(short, short, uGUI::BMP*)
 .text._ZN4uGUI11TouchUpdateEssh
                0x000000000000794c       0x38 /home/student/git/YAHAL/libYAHAL_msp432.a(uGUI.cpp.o)
                0x000000000000794c                uGUI::TouchUpdate(short, short, unsigned char)
 .text._ZN4uGUI12WindowCreateEPNS_6WINDOWEPNS_6OBJECTEhPFvPNS_7MESSAGEEE
                0x0000000000007984      0x10c /home/student/git/YAHAL/libYAHAL_msp432.a(uGUI.cpp.o)
                0x0000000000007984                uGUI::WindowCreate(uGUI::WINDOW*, uGUI::OBJECT*, unsigned char, void (*)(uGUI::MESSAGE*))
 .text._ZN4uGUI12WindowDeleteEPNS_6WINDOWE
                0x0000000000007a90       0x76 /home/student/git/YAHAL/libYAHAL_msp432.a(uGUI.cpp.o)
                0x0000000000007a90                uGUI::WindowDelete(uGUI::WINDOW*)
 .text._ZN4uGUI10WindowShowEPNS_6WINDOWE
                0x0000000000007b06       0x46 /home/student/git/YAHAL/libYAHAL_msp432.a(uGUI.cpp.o)
                0x0000000000007b06                uGUI::WindowShow(uGUI::WINDOW*)
 .text._ZN4uGUI10WindowHideEPNS_6WINDOWE
                0x0000000000007b4c       0xc8 /home/student/git/YAHAL/libYAHAL_msp432.a(uGUI.cpp.o)
                0x0000000000007b4c                uGUI::WindowHide(uGUI::WINDOW*)
 .text._ZN4uGUI12WindowResizeEPNS_6WINDOWEssss
                0x0000000000007c14      0x1ec /home/student/git/YAHAL/libYAHAL_msp432.a(uGUI.cpp.o)
                0x0000000000007c14                uGUI::WindowResize(uGUI::WINDOW*, short, short, short, short)
 .text._ZN4uGUI11WindowAlertEPNS_6WINDOWE
                0x0000000000007e00       0x6c /home/student/git/YAHAL/libYAHAL_msp432.a(uGUI.cpp.o)
                0x0000000000007e00                uGUI::WindowAlert(uGUI::WINDOW*)
 .text._ZN4uGUI18WindowSetForeColorEPNS_6WINDOWEm
                0x0000000000007e6c       0x46 /home/student/git/YAHAL/libYAHAL_msp432.a(uGUI.cpp.o)
                0x0000000000007e6c                uGUI::WindowSetForeColor(uGUI::WINDOW*, unsigned long)
 .text._ZN4uGUI18WindowSetBackColorEPNS_6WINDOWEm
                0x0000000000007eb2       0x46 /home/student/git/YAHAL/libYAHAL_msp432.a(uGUI.cpp.o)
                0x0000000000007eb2                uGUI::WindowSetBackColor(uGUI::WINDOW*, unsigned long)
 .text._ZN4uGUI23WindowSetTitleTextColorEPNS_6WINDOWEm
                0x0000000000007ef8       0x46 /home/student/git/YAHAL/libYAHAL_msp432.a(uGUI.cpp.o)
                0x0000000000007ef8                uGUI::WindowSetTitleTextColor(uGUI::WINDOW*, unsigned long)
 .text._ZN4uGUI19WindowSetTitleColorEPNS_6WINDOWEm
                0x0000000000007f3e       0x46 /home/student/git/YAHAL/libYAHAL_msp432.a(uGUI.cpp.o)
                0x0000000000007f3e                uGUI::WindowSetTitleColor(uGUI::WINDOW*, unsigned long)
 .text._ZN4uGUI31WindowSetTitleInactiveTextColorEPNS_6WINDOWEm
                0x0000000000007f84       0x46 /home/student/git/YAHAL/libYAHAL_msp432.a(uGUI.cpp.o)
                0x0000000000007f84                uGUI::WindowSetTitleInactiveTextColor(uGUI::WINDOW*, unsigned long)
 .text._ZN4uGUI27WindowSetTitleInactiveColorEPNS_6WINDOWEm
                0x0000000000007fca       0x46 /home/student/git/YAHAL/libYAHAL_msp432.a(uGUI.cpp.o)
                0x0000000000007fca                uGUI::WindowSetTitleInactiveColor(uGUI::WINDOW*, unsigned long)
 .text._ZN4uGUI18WindowSetTitleTextEPNS_6WINDOWEPc
                0x0000000000008010       0x46 /home/student/git/YAHAL/libYAHAL_msp432.a(uGUI.cpp.o)
                0x0000000000008010                uGUI::WindowSetTitleText(uGUI::WINDOW*, char*)
 .text._ZN4uGUI22WindowSetTitleTextFontEPNS_6WINDOWEPKNS_4FONTE
                0x0000000000008056       0x7a /home/student/git/YAHAL/libYAHAL_msp432.a(uGUI.cpp.o)
                0x0000000000008056                uGUI::WindowSetTitleTextFont(uGUI::WINDOW*, uGUI::FONT const*)
 .text._ZN4uGUI24WindowSetTitleTextHSpaceEPNS_6WINDOWEa
                0x00000000000080d0       0x4a /home/student/git/YAHAL/libYAHAL_msp432.a(uGUI.cpp.o)
                0x00000000000080d0                uGUI::WindowSetTitleTextHSpace(uGUI::WINDOW*, signed char)
 .text._ZN4uGUI24WindowSetTitleTextVSpaceEPNS_6WINDOWEa
                0x000000000000811a       0x4a /home/student/git/YAHAL/libYAHAL_msp432.a(uGUI.cpp.o)
                0x000000000000811a                uGUI::WindowSetTitleTextVSpace(uGUI::WINDOW*, signed char)
 .text._ZN4uGUI27WindowSetTitleTextAlignmentEPNS_6WINDOWEh
                0x0000000000008164       0x4a /home/student/git/YAHAL/libYAHAL_msp432.a(uGUI.cpp.o)
                0x0000000000008164                uGUI::WindowSetTitleTextAlignment(uGUI::WINDOW*, unsigned char)
 .text._ZN4uGUI20WindowSetTitleHeightEPNS_6WINDOWEh
                0x00000000000081ae       0x58 /home/student/git/YAHAL/libYAHAL_msp432.a(uGUI.cpp.o)
                0x00000000000081ae                uGUI::WindowSetTitleHeight(uGUI::WINDOW*, unsigned char)
 .text._ZN4uGUI15WindowSetXStartEPNS_6WINDOWEs
                0x0000000000008206       0x76 /home/student/git/YAHAL/libYAHAL_msp432.a(uGUI.cpp.o)
                0x0000000000008206                uGUI::WindowSetXStart(uGUI::WINDOW*, short)
 .text._ZN4uGUI15WindowSetYStartEPNS_6WINDOWEs
                0x000000000000827c       0x76 /home/student/git/YAHAL/libYAHAL_msp432.a(uGUI.cpp.o)
                0x000000000000827c                uGUI::WindowSetYStart(uGUI::WINDOW*, short)
 .text._ZN4uGUI13WindowSetXEndEPNS_6WINDOWEs
                0x00000000000082f2       0x76 /home/student/git/YAHAL/libYAHAL_msp432.a(uGUI.cpp.o)
                0x00000000000082f2                uGUI::WindowSetXEnd(uGUI::WINDOW*, short)
 .text._ZN4uGUI13WindowSetYEndEPNS_6WINDOWEs
                0x0000000000008368       0x76 /home/student/git/YAHAL/libYAHAL_msp432.a(uGUI.cpp.o)
                0x0000000000008368                uGUI::WindowSetYEnd(uGUI::WINDOW*, short)
 .text._ZN4uGUI14WindowSetStyleEPNS_6WINDOWEh
                0x00000000000083de       0x92 /home/student/git/YAHAL/libYAHAL_msp432.a(uGUI.cpp.o)
                0x00000000000083de                uGUI::WindowSetStyle(uGUI::WINDOW*, unsigned char)
 .text._ZN4uGUI18WindowGetForeColorEPNS_6WINDOWE
                0x0000000000008470       0x34 /home/student/git/YAHAL/libYAHAL_msp432.a(uGUI.cpp.o)
                0x0000000000008470                uGUI::WindowGetForeColor(uGUI::WINDOW*)
 .text._ZN4uGUI18WindowGetBackColorEPNS_6WINDOWE
                0x00000000000084a4       0x34 /home/student/git/YAHAL/libYAHAL_msp432.a(uGUI.cpp.o)
                0x00000000000084a4                uGUI::WindowGetBackColor(uGUI::WINDOW*)
 .text._ZN4uGUI23WindowGetTitleTextColorEPNS_6WINDOWE
                0x00000000000084d8       0x34 /home/student/git/YAHAL/libYAHAL_msp432.a(uGUI.cpp.o)
                0x00000000000084d8                uGUI::WindowGetTitleTextColor(uGUI::WINDOW*)
 .text._ZN4uGUI19WindowGetTitleColorEPNS_6WINDOWE
                0x000000000000850c       0x34 /home/student/git/YAHAL/libYAHAL_msp432.a(uGUI.cpp.o)
                0x000000000000850c                uGUI::WindowGetTitleColor(uGUI::WINDOW*)
 .text._ZN4uGUI31WindowGetTitleInactiveTextColorEPNS_6WINDOWE
                0x0000000000008540       0x34 /home/student/git/YAHAL/libYAHAL_msp432.a(uGUI.cpp.o)
                0x0000000000008540                uGUI::WindowGetTitleInactiveTextColor(uGUI::WINDOW*)
 .text._ZN4uGUI27WindowGetTitleInactiveColorEPNS_6WINDOWE
                0x0000000000008574       0x34 /home/student/git/YAHAL/libYAHAL_msp432.a(uGUI.cpp.o)
                0x0000000000008574                uGUI::WindowGetTitleInactiveColor(uGUI::WINDOW*)
 .text._ZN4uGUI18WindowGetTitleTextEPNS_6WINDOWE
                0x00000000000085a8       0x34 /home/student/git/YAHAL/libYAHAL_msp432.a(uGUI.cpp.o)
                0x00000000000085a8                uGUI::WindowGetTitleText(uGUI::WINDOW*)
 .text._ZN4uGUI22WindowGetTitleTextFontEPNS_6WINDOWE
                0x00000000000085dc       0x34 /home/student/git/YAHAL/libYAHAL_msp432.a(uGUI.cpp.o)
                0x00000000000085dc                uGUI::WindowGetTitleTextFont(uGUI::WINDOW*)
 .text._ZN4uGUI24WindowGetTitleTextHSpaceEPNS_6WINDOWE
                0x0000000000008610       0x38 /home/student/git/YAHAL/libYAHAL_msp432.a(uGUI.cpp.o)
                0x0000000000008610                uGUI::WindowGetTitleTextHSpace(uGUI::WINDOW*)
 .text._ZN4uGUI24WindowGetTitleTextVSpaceEPNS_6WINDOWE
                0x0000000000008648       0x38 /home/student/git/YAHAL/libYAHAL_msp432.a(uGUI.cpp.o)
                0x0000000000008648                uGUI::WindowGetTitleTextVSpace(uGUI::WINDOW*)
 .text._ZN4uGUI27WindowGetTitleTextAlignmentEPNS_6WINDOWE
                0x0000000000008680       0x36 /home/student/git/YAHAL/libYAHAL_msp432.a(uGUI.cpp.o)
                0x0000000000008680                uGUI::WindowGetTitleTextAlignment(uGUI::WINDOW*)
 .text._ZN4uGUI20WindowGetTitleHeightEPNS_6WINDOWE
                0x00000000000086b6       0x36 /home/student/git/YAHAL/libYAHAL_msp432.a(uGUI.cpp.o)
                0x00000000000086b6                uGUI::WindowGetTitleHeight(uGUI::WINDOW*)
 .text._ZN4uGUI15WindowGetXStartEPNS_6WINDOWE
                0x00000000000086ec       0x38 /home/student/git/YAHAL/libYAHAL_msp432.a(uGUI.cpp.o)
                0x00000000000086ec                uGUI::WindowGetXStart(uGUI::WINDOW*)
 .text._ZN4uGUI15WindowGetYStartEPNS_6WINDOWE
                0x0000000000008724       0x38 /home/student/git/YAHAL/libYAHAL_msp432.a(uGUI.cpp.o)
                0x0000000000008724                uGUI::WindowGetYStart(uGUI::WINDOW*)
 .text._ZN4uGUI13WindowGetXEndEPNS_6WINDOWE
                0x000000000000875c       0x38 /home/student/git/YAHAL/libYAHAL_msp432.a(uGUI.cpp.o)
                0x000000000000875c                uGUI::WindowGetXEnd(uGUI::WINDOW*)
 .text._ZN4uGUI13WindowGetYEndEPNS_6WINDOWE
                0x0000000000008794       0x38 /home/student/git/YAHAL/libYAHAL_msp432.a(uGUI.cpp.o)
                0x0000000000008794                uGUI::WindowGetYEnd(uGUI::WINDOW*)
 .text._ZN4uGUI14WindowGetStyleEPNS_6WINDOWE
                0x00000000000087cc       0x34 /home/student/git/YAHAL/libYAHAL_msp432.a(uGUI.cpp.o)
                0x00000000000087cc                uGUI::WindowGetStyle(uGUI::WINDOW*)
 .text._ZN4uGUI13WindowGetAreaEPNS_6WINDOWEPNS_4AREAE
                0x0000000000008800       0xd8 /home/student/git/YAHAL/libYAHAL_msp432.a(uGUI.cpp.o)
                0x0000000000008800                uGUI::WindowGetArea(uGUI::WINDOW*, uGUI::AREA*)
 .text._ZN4uGUI19WindowGetInnerWidthEPNS_6WINDOWE
                0x00000000000088d8       0x66 /home/student/git/YAHAL/libYAHAL_msp432.a(uGUI.cpp.o)
                0x00000000000088d8                uGUI::WindowGetInnerWidth(uGUI::WINDOW*)
 .text._ZN4uGUI19WindowGetOuterWidthEPNS_6WINDOWE
                0x000000000000893e       0x52 /home/student/git/YAHAL/libYAHAL_msp432.a(uGUI.cpp.o)
                0x000000000000893e                uGUI::WindowGetOuterWidth(uGUI::WINDOW*)
 .text._ZN4uGUI20WindowGetInnerHeightEPNS_6WINDOWE
                0x0000000000008990       0x82 /home/student/git/YAHAL/libYAHAL_msp432.a(uGUI.cpp.o)
                0x0000000000008990                uGUI::WindowGetInnerHeight(uGUI::WINDOW*)
 .text._ZN4uGUI20WindowGetOuterHeightEPNS_6WINDOWE
                0x0000000000008a12       0x52 /home/student/git/YAHAL/libYAHAL_msp432.a(uGUI.cpp.o)
                0x0000000000008a12                uGUI::WindowGetOuterHeight(uGUI::WINDOW*)
 .text._ZN4uGUI4AREAC2Ev
                0x0000000000008a64       0x2e /home/student/git/YAHAL/libYAHAL_msp432.a(uGUI.cpp.o)
                0x0000000000008a64                uGUI::AREA::AREA()
                0x0000000000008a64                uGUI::AREA::AREA()
 .text._ZN4uGUI4TEXTC2Ev
                0x0000000000008a92       0x1c /home/student/git/YAHAL/libYAHAL_msp432.a(uGUI.cpp.o)
                0x0000000000008a92                uGUI::TEXT::TEXT()
                0x0000000000008a92                uGUI::TEXT::TEXT()
 *fill*         0x0000000000008aae        0x2 
 .text._ZN4uGUI16_WindowDrawTitleEPNS_6WINDOWE
                0x0000000000008ab0      0x16c /home/student/git/YAHAL/libYAHAL_msp432.a(uGUI.cpp.o)
                0x0000000000008ab0                uGUI::_WindowDrawTitle(uGUI::WINDOW*)
 .text._ZN4uGUI13_WindowUpdateEPNS_6WINDOWE
                0x0000000000008c1c      0x184 /home/student/git/YAHAL/libYAHAL_msp432.a(uGUI.cpp.o)
                0x0000000000008c1c                uGUI::_WindowUpdate(uGUI::WINDOW*)
 .text._ZN4uGUI12_WindowClearEPNS_6WINDOWE
                0x0000000000008da0       0xa0 /home/student/git/YAHAL/libYAHAL_msp432.a(uGUI.cpp.o)
                0x0000000000008da0                uGUI::_WindowClear(uGUI::WINDOW*)
 .text._ZN4uGUI12ButtonCreateEPNS_6WINDOWEPNS_6BUTTONEhssss
                0x0000000000008e40       0xe8 /home/student/git/YAHAL/libYAHAL_msp432.a(uGUI.cpp.o)
                0x0000000000008e40                uGUI::ButtonCreate(uGUI::WINDOW*, uGUI::BUTTON*, unsigned char, short, short, short, short)
 .text._ZN4uGUI12ButtonDeleteEPNS_6WINDOWEh
                0x0000000000008f28       0x24 /home/student/git/YAHAL/libYAHAL_msp432.a(uGUI.cpp.o)
                0x0000000000008f28                uGUI::ButtonDelete(uGUI::WINDOW*, unsigned char)
 .text._ZN4uGUI10ButtonShowEPNS_6WINDOWEh
                0x0000000000008f4c       0x52 /home/student/git/YAHAL/libYAHAL_msp432.a(uGUI.cpp.o)
                0x0000000000008f4c                uGUI::ButtonShow(uGUI::WINDOW*, unsigned char)
 .text._ZN4uGUI10ButtonHideEPNS_6WINDOWEh
                0x0000000000008f9e       0x76 /home/student/git/YAHAL/libYAHAL_msp432.a(uGUI.cpp.o)
                0x0000000000008f9e                uGUI::ButtonHide(uGUI::WINDOW*, unsigned char)
 .text._ZN4uGUI18ButtonSetForeColorEPNS_6WINDOWEhm
                0x0000000000009014       0x56 /home/student/git/YAHAL/libYAHAL_msp432.a(uGUI.cpp.o)
                0x0000000000009014                uGUI::ButtonSetForeColor(uGUI::WINDOW*, unsigned char, unsigned long)
 .text._ZN4uGUI18ButtonSetBackColorEPNS_6WINDOWEhm
                0x000000000000906a       0x56 /home/student/git/YAHAL/libYAHAL_msp432.a(uGUI.cpp.o)
                0x000000000000906a                uGUI::ButtonSetBackColor(uGUI::WINDOW*, unsigned char, unsigned long)
 .text._ZN4uGUI27ButtonSetAlternateForeColorEPNS_6WINDOWEhm
                0x00000000000090c0       0x56 /home/student/git/YAHAL/libYAHAL_msp432.a(uGUI.cpp.o)
                0x00000000000090c0                uGUI::ButtonSetAlternateForeColor(uGUI::WINDOW*, unsigned char, unsigned long)
 .text._ZN4uGUI27ButtonSetAlternateBackColorEPNS_6WINDOWEhm
                0x0000000000009116       0x56 /home/student/git/YAHAL/libYAHAL_msp432.a(uGUI.cpp.o)
                0x0000000000009116                uGUI::ButtonSetAlternateBackColor(uGUI::WINDOW*, unsigned char, unsigned long)
 .text._ZN4uGUI13ButtonSetTextEPNS_6WINDOWEhPc
                0x000000000000916c       0x56 /home/student/git/YAHAL/libYAHAL_msp432.a(uGUI.cpp.o)
                0x000000000000916c                uGUI::ButtonSetText(uGUI::WINDOW*, unsigned char, char*)
 .text._ZN4uGUI13ButtonSetFontEPNS_6WINDOWEhPKNS_4FONTE
                0x00000000000091c2       0x56 /home/student/git/YAHAL/libYAHAL_msp432.a(uGUI.cpp.o)
                0x00000000000091c2                uGUI::ButtonSetFont(uGUI::WINDOW*, unsigned char, uGUI::FONT const*)
 .text._ZN4uGUI14ButtonSetStyleEPNS_6WINDOWEhh
                0x0000000000009218       0xdc /home/student/git/YAHAL/libYAHAL_msp432.a(uGUI.cpp.o)
                0x0000000000009218                uGUI::ButtonSetStyle(uGUI::WINDOW*, unsigned char, unsigned char)
 .text._ZN4uGUI18ButtonGetForeColorEPNS_6WINDOWEh
                0x00000000000092f4       0x44 /home/student/git/YAHAL/libYAHAL_msp432.a(uGUI.cpp.o)
                0x00000000000092f4                uGUI::ButtonGetForeColor(uGUI::WINDOW*, unsigned char)
 .text._ZN4uGUI18ButtonGetBackColorEPNS_6WINDOWEh
                0x0000000000009338       0x44 /home/student/git/YAHAL/libYAHAL_msp432.a(uGUI.cpp.o)
                0x0000000000009338                uGUI::ButtonGetBackColor(uGUI::WINDOW*, unsigned char)
 .text._ZN4uGUI27ButtonGetAlternateForeColorEPNS_6WINDOWEh
                0x000000000000937c       0x44 /home/student/git/YAHAL/libYAHAL_msp432.a(uGUI.cpp.o)
                0x000000000000937c                uGUI::ButtonGetAlternateForeColor(uGUI::WINDOW*, unsigned char)
 .text._ZN4uGUI27ButtonGetAlternateBackColorEPNS_6WINDOWEh
                0x00000000000093c0       0x44 /home/student/git/YAHAL/libYAHAL_msp432.a(uGUI.cpp.o)
                0x00000000000093c0                uGUI::ButtonGetAlternateBackColor(uGUI::WINDOW*, unsigned char)
 .text._ZN4uGUI13ButtonGetTextEPNS_6WINDOWEh
                0x0000000000009404       0x44 /home/student/git/YAHAL/libYAHAL_msp432.a(uGUI.cpp.o)
                0x0000000000009404                uGUI::ButtonGetText(uGUI::WINDOW*, unsigned char)
 .text._ZN4uGUI13ButtonGetFontEPNS_6WINDOWEh
                0x0000000000009448       0x44 /home/student/git/YAHAL/libYAHAL_msp432.a(uGUI.cpp.o)
                0x0000000000009448                uGUI::ButtonGetFont(uGUI::WINDOW*, unsigned char)
 .text._ZN4uGUI14ButtonGetStyleEPNS_6WINDOWEh
                0x000000000000948c       0x44 /home/student/git/YAHAL/libYAHAL_msp432.a(uGUI.cpp.o)
                0x000000000000948c                uGUI::ButtonGetStyle(uGUI::WINDOW*, unsigned char)
 .text._ZN4uGUI13_ButtonUpdateEPS_PNS_6WINDOWEPNS_6OBJECTE
                0x00000000000094d0      0x398 /home/student/git/YAHAL/libYAHAL_msp432.a(uGUI.cpp.o)
                0x00000000000094d0                uGUI::_ButtonUpdate(uGUI*, uGUI::WINDOW*, uGUI::OBJECT*)
 .text._ZN4uGUI13TextboxCreateEPNS_6WINDOWEPNS_7TEXTBOXEhssss
                0x0000000000009868       0xe0 /home/student/git/YAHAL/libYAHAL_msp432.a(uGUI.cpp.o)
                0x0000000000009868                uGUI::TextboxCreate(uGUI::WINDOW*, uGUI::TEXTBOX*, unsigned char, short, short, short, short)
 .text._ZN4uGUI13TextboxDeleteEPNS_6WINDOWEh
                0x0000000000009948       0x24 /home/student/git/YAHAL/libYAHAL_msp432.a(uGUI.cpp.o)
                0x0000000000009948                uGUI::TextboxDelete(uGUI::WINDOW*, unsigned char)
 .text._ZN4uGUI11TextboxShowEPNS_6WINDOWEh
                0x000000000000996c       0x52 /home/student/git/YAHAL/libYAHAL_msp432.a(uGUI.cpp.o)
                0x000000000000996c                uGUI::TextboxShow(uGUI::WINDOW*, unsigned char)
 .text._ZN4uGUI11TextboxHideEPNS_6WINDOWEh
                0x00000000000099be       0x52 /home/student/git/YAHAL/libYAHAL_msp432.a(uGUI.cpp.o)
                0x00000000000099be                uGUI::TextboxHide(uGUI::WINDOW*, unsigned char)
 .text._ZN4uGUI19TextboxSetForeColorEPNS_6WINDOWEhm
                0x0000000000009a10       0x56 /home/student/git/YAHAL/libYAHAL_msp432.a(uGUI.cpp.o)
                0x0000000000009a10                uGUI::TextboxSetForeColor(uGUI::WINDOW*, unsigned char, unsigned long)
 .text._ZN4uGUI19TextboxSetBackColorEPNS_6WINDOWEhm
                0x0000000000009a66       0x56 /home/student/git/YAHAL/libYAHAL_msp432.a(uGUI.cpp.o)
                0x0000000000009a66                uGUI::TextboxSetBackColor(uGUI::WINDOW*, unsigned char, unsigned long)
 .text._ZN4uGUI14TextboxSetTextEPNS_6WINDOWEhPc
                0x0000000000009abc       0x56 /home/student/git/YAHAL/libYAHAL_msp432.a(uGUI.cpp.o)
                0x0000000000009abc                uGUI::TextboxSetText(uGUI::WINDOW*, unsigned char, char*)
 .text._ZN4uGUI14TextboxSetFontEPNS_6WINDOWEhPKNS_4FONTE
                0x0000000000009b12       0x56 /home/student/git/YAHAL/libYAHAL_msp432.a(uGUI.cpp.o)
                0x0000000000009b12                uGUI::TextboxSetFont(uGUI::WINDOW*, unsigned char, uGUI::FONT const*)
 .text._ZN4uGUI16TextboxSetHSpaceEPNS_6WINDOWEha
                0x0000000000009b68       0x5c /home/student/git/YAHAL/libYAHAL_msp432.a(uGUI.cpp.o)
                0x0000000000009b68                uGUI::TextboxSetHSpace(uGUI::WINDOW*, unsigned char, signed char)
 .text._ZN4uGUI16TextboxSetVSpaceEPNS_6WINDOWEha
                0x0000000000009bc4       0x5c /home/student/git/YAHAL/libYAHAL_msp432.a(uGUI.cpp.o)
                0x0000000000009bc4                uGUI::TextboxSetVSpace(uGUI::WINDOW*, unsigned char, signed char)
 .text._ZN4uGUI19TextboxSetAlignmentEPNS_6WINDOWEhh
                0x0000000000009c20       0x5c /home/student/git/YAHAL/libYAHAL_msp432.a(uGUI.cpp.o)
                0x0000000000009c20                uGUI::TextboxSetAlignment(uGUI::WINDOW*, unsigned char, unsigned char)
 .text._ZN4uGUI19TextboxGetForeColorEPNS_6WINDOWEh
                0x0000000000009c7c       0x44 /home/student/git/YAHAL/libYAHAL_msp432.a(uGUI.cpp.o)
                0x0000000000009c7c                uGUI::TextboxGetForeColor(uGUI::WINDOW*, unsigned char)
 .text._ZN4uGUI19TextboxGetBackColorEPNS_6WINDOWEh
                0x0000000000009cc0       0x44 /home/student/git/YAHAL/libYAHAL_msp432.a(uGUI.cpp.o)
                0x0000000000009cc0                uGUI::TextboxGetBackColor(uGUI::WINDOW*, unsigned char)
 .text._ZN4uGUI14TextboxGetTextEPNS_6WINDOWEh
                0x0000000000009d04       0x44 /home/student/git/YAHAL/libYAHAL_msp432.a(uGUI.cpp.o)
                0x0000000000009d04                uGUI::TextboxGetText(uGUI::WINDOW*, unsigned char)
 .text._ZN4uGUI14TextboxGetFontEPNS_6WINDOWEh
                0x0000000000009d48       0x44 /home/student/git/YAHAL/libYAHAL_msp432.a(uGUI.cpp.o)
                0x0000000000009d48                uGUI::TextboxGetFont(uGUI::WINDOW*, unsigned char)
 .text._ZN4uGUI16TextboxGetHSpaceEPNS_6WINDOWEh
                0x0000000000009d8c       0x46 /home/student/git/YAHAL/libYAHAL_msp432.a(uGUI.cpp.o)
                0x0000000000009d8c                uGUI::TextboxGetHSpace(uGUI::WINDOW*, unsigned char)
 .text._ZN4uGUI16TextboxGetVSpaceEPNS_6WINDOWEh
                0x0000000000009dd2       0x46 /home/student/git/YAHAL/libYAHAL_msp432.a(uGUI.cpp.o)
                0x0000000000009dd2                uGUI::TextboxGetVSpace(uGUI::WINDOW*, unsigned char)
 .text._ZN4uGUI19TextboxGetAlignmentEPNS_6WINDOWEh
                0x0000000000009e18       0x44 /home/student/git/YAHAL/libYAHAL_msp432.a(uGUI.cpp.o)